mi300x-01:401:1402 [4] NCCL INFO Channel 21/0 : 4[85000] -> 12[85000] [send] via NET/Socket/6 comm 0x3cfb3580 nRanks 16
mi300x-01:401:1402 [4] NCCL INFO Channel 28/0 : 4[85000] -> 12[85000] [send] via NET/Socket/4 comm 0x3cfb3580 nRanks 16
mi300x-01:401:1402 [4] NCCL INFO Channel 29/0 : 4[85000] -> 12[85000] [send] via NET/Socket/6 comm 0x3cfb3580 nRanks 16
mi300x-01:401:1402 [4] NCCL INFO Channel 02/0 : 4[85000] -> 0[5000] via P2P/IPC comm 0x3cfb3580 nRanks 16
mi300x-01:398:1401 [1] NCCL INFO Channel 21/0 : 1[26000] -> 7[e5000] via P2P/IPC comm 0x3cfb43a0 nRanks 16
mi300x-01:397:1398 [0] NCCL INFO Channel 12/0 : 0[5000] -> 5[a6000] via P2P/IPC comm 0x3cfa57e0 nRanks 16
mi300x-01:401:1402 [4] NCCL INFO Channel 03/0 : 4[85000] -> 0[5000] via P2P/IPC comm 0x3cfb3580 nRanks 16
mi300x-01:398:1401 [1] NCCL INFO Channel 28/0 : 1[26000] -> 7[e5000] via P2P/IPC comm 0x3cfb43a0 nRanks 16
mi300x-01:397:1398 [0] NCCL INFO Channel 13/0 : 0[5000] -> 5[a6000] via P2P/IPC comm 0x3cfa57e0 nRanks 16
mi300x-01:401:1402 [4] NCCL INFO Channel 06/0 : 4[85000] -> 0[5000] via P2P/IPC comm 0x3cfb3580 nRanks 16
mi300x-01:398:1401 [1] NCCL INFO Channel 29/0 : 1[26000] -> 7[e5000] via P2P/IPC comm 0x3cfb43a0 nRanks 16
mi300x-01:397:1398 [0] NCCL INFO Channel 20/0 : 0[5000] -> 5[a6000] via P2P/IPC comm 0x3cfa57e0 nRanks 16
mi300x-01:401:1402 [4] NCCL INFO Channel 07/0 : 4[85000] -> 0[5000] via P2P/IPC comm 0x3cfb3580 nRanks 16
mi300x-01:397:1398 [0] NCCL INFO Channel 21/0 : 0[5000] -> 5[a6000] via P2P/IPC comm 0x3cfa57e0 nRanks 16
mi300x-01:401:1402 [4] NCCL INFO Channel 10/0 : 4[85000] -> 0[5000] via P2P/IPC comm 0x3cfb3580 nRanks 16
mi300x-01:397:1398 [0] NCCL INFO Channel 28/0 : 0[5000] -> 5[a6000] via P2P/IPC comm 0x3cfa57e0 nRanks 16
mi300x-01:401:1402 [4] NCCL INFO Channel 11/0 : 4[85000] -> 0[5000] via P2P/IPC comm 0x3cfb3580 nRanks 16
mi300x-01:404:1405 [7] NCCL INFO Channel 02/0 : 7[e5000] -> 0[5000] via P2P/IPC comm 0x3cfa0c70 nRanks 16
mi300x-01:397:1398 [0] NCCL INFO Channel 29/0 : 0[5000] -> 5[a6000] via P2P/IPC comm 0x3cfa57e0 nRanks 16
mi300x-01:401:1402 [4] NCCL INFO Channel 14/0 : 4[85000] -> 0[5000] via P2P/IPC comm 0x3cfb3580 nRanks 16
mi300x-01:404:1405 [7] NCCL INFO Channel 03/0 : 7[e5000] -> 0[5000] via P2P/IPC comm 0x3cfa0c70 nRanks 16
mi300x-01:402:1400 [5] NCCL INFO Channel 04/0 : 5[a6000] -> 0[5000] via P2P/IPC comm 0x3cfaa980 nRanks 16
mi300x-01:397:1398 [0] NCCL INFO Channel 00/0 : 8[5000] -> 0[5000] [receive] via NET/Socket/0 comm 0x3cfa57e0 nRanks 16
mi300x-01:397:1398 [0] NCCL INFO Channel 01/0 : 8[5000] -> 0[5000] [receive] via NET/Socket/2 comm 0x3cfa57e0 nRanks 16
mi300x-01:397:1398 [0] NCCL INFO Channel 08/0 : 8[5000] -> 0[5000] [receive] via NET/Socket/0 comm 0x3cfa57e0 nRanks 16
mi300x-01:397:1398 [0] NCCL INFO Channel 09/0 : 8[5000] -> 0[5000] [receive] via NET/Socket/2 comm 0x3cfa57e0 nRanks 16
mi300x-01:397:1398 [0] NCCL INFO Channel 16/0 : 8[5000] -> 0[5000] [receive] via NET/Socket/0 comm 0x3cfa57e0 nRanks 16
mi300x-01:401:1402 [4] NCCL INFO Channel 15/0 : 4[85000] -> 0[5000] via P2P/IPC comm 0x3cfb3580 nRanks 16
mi300x-01:397:1398 [0] NCCL INFO Channel 17/0 : 8[5000] -> 0[5000] [receive] via NET/Socket/2 comm 0x3cfa57e0 nRanks 16
mi300x-01:404:1405 [7] NCCL INFO Channel 10/0 : 7[e5000] -> 0[5000] via P2P/IPC comm 0x3cfa0c70 nRanks 16
mi300x-01:397:1398 [0] NCCL INFO Channel 24/0 : 8[5000] -> 0[5000] [receive] via NET/Socket/0 comm 0x3cfa57e0 nRanks 16
mi300x-01:397:1398 [0] NCCL INFO Channel 25/0 : 8[5000] -> 0[5000] [receive] via NET/Socket/2 comm 0x3cfa57e0 nRanks 16
mi300x-01:397:1398 [0] NCCL INFO Channel 00/0 : 0[5000] -> 8[5000] [send] via NET/Socket/0 comm 0x3cfa57e0 nRanks 16
mi300x-01:402:1400 [5] NCCL INFO Channel 05/0 : 5[a6000] -> 0[5000] via P2P/IPC comm 0x3cfaa980 nRanks 16
mi300x-01:401:1402 [4] NCCL INFO Channel 18/0 : 4[85000] -> 0[5000] via P2P/IPC comm 0x3cfb3580 nRanks 16
mi300x-01:397:1398 [0] NCCL INFO Channel 01/0 : 0[5000] -> 8[5000] [send] via NET/Socket/2 comm 0x3cfa57e0 nRanks 16
mi300x-01:404:1405 [7] NCCL INFO Channel 11/0 : 7[e5000] -> 0[5000] via P2P/IPC comm 0x3cfa0c70 nRanks 16
mi300x-01:397:1398 [0] NCCL INFO Channel 08/0 : 0[5000] -> 8[5000] [send] via NET/Socket/0 comm 0x3cfa57e0 nRanks 16
mi300x-01:397:1398 [0] NCCL INFO Channel 09/0 : 0[5000] -> 8[5000] [send] via NET/Socket/2 comm 0x3cfa57e0 nRanks 16
mi300x-01:397:1398 [0] NCCL INFO Channel 16/0 : 0[5000] -> 8[5000] [send] via NET/Socket/0 comm 0x3cfa57e0 nRanks 16
mi300x-01:402:1400 [5] NCCL INFO Channel 12/0 : 5[a6000] -> 0[5000] via P2P/IPC comm 0x3cfaa980 nRanks 16
mi300x-01:397:1398 [0] NCCL INFO Channel 17/0 : 0[5000] -> 8[5000] [send] via NET/Socket/2 comm 0x3cfa57e0 nRanks 16
mi300x-01:397:1398 [0] NCCL INFO Channel 24/0 : 0[5000] -> 8[5000] [send] via NET/Socket/0 comm 0x3cfa57e0 nRanks 16
mi300x-01:397:1398 [0] NCCL INFO Channel 25/0 : 0[5000] -> 8[5000] [send] via NET/Socket/2 comm 0x3cfa57e0 nRanks 16
mi300x-01:404:1405 [7] NCCL INFO Channel 18/0 : 7[e5000] -> 0[5000] via P2P/IPC comm 0x3cfa0c70 nRanks 16
mi300x-01:401:1402 [4] NCCL INFO Channel 19/0 : 4[85000] -> 0[5000] via P2P/IPC comm 0x3cfb3580 nRanks 16
mi300x-01:402:1400 [5] NCCL INFO Channel 13/0 : 5[a6000] -> 0[5000] via P2P/IPC comm 0x3cfaa980 nRanks 16
mi300x-01:404:1405 [7] NCCL INFO Channel 19/0 : 7[e5000] -> 0[5000] via P2P/IPC comm 0x3cfa0c70 nRanks 16
mi300x-01:401:1402 [4] NCCL INFO Channel 22/0 : 4[85000] -> 0[5000] via P2P/IPC comm 0x3cfb3580 nRanks 16
mi300x-01:402:1400 [5] NCCL INFO Channel 20/0 : 5[a6000] -> 0[5000] via P2P/IPC comm 0x3cfaa980 nRanks 16
mi300x-01:404:1405 [7] NCCL INFO Channel 26/0 : 7[e5000] -> 0[5000] via P2P/IPC comm 0x3cfa0c70 nRanks 16
mi300x-01:404:1405 [7] NCCL INFO Channel 27/0 : 7[e5000] -> 0[5000] via P2P/IPC comm 0x3cfa0c70 nRanks 16
mi300x-01:401:1402 [4] NCCL INFO Channel 23/0 : 4[85000] -> 0[5000] via P2P/IPC comm 0x3cfb3580 nRanks 16
mi300x-01:402:1400 [5] NCCL INFO Channel 21/0 : 5[a6000] -> 0[5000] via P2P/IPC comm 0x3cfaa980 nRanks 16
mi300x-01:401:1402 [4] NCCL INFO Channel 26/0 : 4[85000] -> 0[5000] via P2P/IPC comm 0x3cfb3580 nRanks 16
mi300x-01:402:1400 [5] NCCL INFO Channel 28/0 : 5[a6000] -> 0[5000] via P2P/IPC comm 0x3cfaa980 nRanks 16
mi300x-01:401:1402 [4] NCCL INFO Channel 27/0 : 4[85000] -> 0[5000] via P2P/IPC comm 0x3cfb3580 nRanks 16
mi300x-01:401:1402 [4] NCCL INFO Channel 30/0 : 4[85000] -> 0[5000] via P2P/IPC comm 0x3cfb3580 nRanks 16
mi300x-01:401:1402 [4] NCCL INFO Channel 31/0 : 4[85000] -> 0[5000] via P2P/IPC comm 0x3cfb3580 nRanks 16
mi300x-01:402:1400 [5] NCCL INFO Channel 29/0 : 5[a6000] -> 0[5000] via P2P/IPC comm 0x3cfaa980 nRanks 16
mi300x-01:404:1405 [7] NCCL INFO Channel 04/0 : 7[e5000] -> 1[26000] via P2P/IPC comm 0x3cfa0c70 nRanks 16
mi300x-01:404:1405 [7] NCCL INFO Channel 05/0 : 7[e5000] -> 1[26000] via P2P/IPC comm 0x3cfa0c70 nRanks 16
mi300x-01:404:1405 [7] NCCL INFO Channel 12/0 : 7[e5000] -> 1[26000] via P2P/IPC comm 0x3cfa0c70 nRanks 16
mi300x-01:404:1405 [7] NCCL INFO Channel 13/0 : 7[e5000] -> 1[26000] via P2P/IPC comm 0x3cfa0c70 nRanks 16
mi300x-01:404:1405 [7] NCCL INFO Channel 20/0 : 7[e5000] -> 1[26000] via P2P/IPC comm 0x3cfa0c70 nRanks 16
mi300x-01:404:1405 [7] NCCL INFO Channel 21/0 : 7[e5000] -> 1[26000] via P2P/IPC comm 0x3cfa0c70 nRanks 16
mi300x-01:404:1405 [7] NCCL INFO Channel 28/0 : 7[e5000] -> 1[26000] via P2P/IPC comm 0x3cfa0c70 nRanks 16
mi300x-01:404:1405 [7] NCCL INFO Channel 29/0 : 7[e5000] -> 1[26000] via P2P/IPC comm 0x3cfa0c70 nRanks 16
mi300x-01:402:1400 [5] NCCL INFO Channel 04/0 : 5[a6000] -> 1[26000] via P2P/IPC comm 0x3cfaa980 nRanks 16
mi300x-01:404:1405 [7] NCCL INFO Channel 06/0 : 7[e5000] -> 2[46000] via P2P/IPC comm 0x3cfa0c70 nRanks 16
mi300x-01:402:1400 [5] NCCL INFO Channel 07/0 : 5[a6000] -> 1[26000] via P2P/IPC comm 0x3cfaa980 nRanks 16
mi300x-01:404:1405 [7] NCCL INFO Channel 07/0 : 7[e5000] -> 2[46000] via P2P/IPC comm 0x3cfa0c70 nRanks 16
mi300x-01:402:1400 [5] NCCL INFO Channel 12/0 : 5[a6000] -> 1[26000] via P2P/IPC comm 0x3cfaa980 nRanks 16
mi300x-01:404:1405 [7] NCCL INFO Channel 14/0 : 7[e5000] -> 2[46000] via P2P/IPC comm 0x3cfa0c70 nRanks 16
mi300x-01:402:1400 [5] NCCL INFO Channel 15/0 : 5[a6000] -> 1[26000] via P2P/IPC comm 0x3cfaa980 nRanks 16
mi300x-01:404:1405 [7] NCCL INFO Channel 15/0 : 7[e5000] -> 2[46000] via P2P/IPC comm 0x3cfa0c70 nRanks 16
mi300x-01:402:1400 [5] NCCL INFO Channel 20/0 : 5[a6000] -> 1[26000] via P2P/IPC comm 0x3cfaa980 nRanks 16
mi300x-01:404:1405 [7] NCCL INFO Channel 22/0 : 7[e5000] -> 2[46000] via P2P/IPC comm 0x3cfa0c70 nRanks 16
mi300x-01:402:1400 [5] NCCL INFO Channel 23/0 : 5[a6000] -> 1[26000] via P2P/IPC comm 0x3cfaa980 nRanks 16
mi300x-01:404:1405 [7] NCCL INFO Channel 23/0 : 7[e5000] -> 2[46000] via P2P/IPC comm 0x3cfa0c70 nRanks 16
mi300x-01:402:1400 [5] NCCL INFO Channel 28/0 : 5[a6000] -> 1[26000] via P2P/IPC comm 0x3cfaa980 nRanks 16
mi300x-01:404:1405 [7] NCCL INFO Channel 30/0 : 7[e5000] -> 2[46000] via P2P/IPC comm 0x3cfa0c70 nRanks 16
mi300x-01:402:1400 [5] NCCL INFO Channel 31/0 : 5[a6000] -> 1[26000] via P2P/IPC comm 0x3cfaa980 nRanks 16
mi300x-01:404:1405 [7] NCCL INFO Channel 31/0 : 7[e5000] -> 2[46000] via P2P/IPC comm 0x3cfa0c70 nRanks 16
mi300x-01:404:1405 [7] NCCL INFO Channel 06/0 : 7[e5000] -> 3[65000] via P2P/IPC comm 0x3cfa0c70 nRanks 16
mi300x-01:404:1405 [7] NCCL INFO Channel 07/0 : 7[e5000] -> 3[65000] via P2P/IPC comm 0x3cfa0c70 nRanks 16
mi300x-01:404:1405 [7] NCCL INFO Channel 14/0 : 7[e5000] -> 3[65000] via P2P/IPC comm 0x3cfa0c70 nRanks 16
mi300x-01:404:1405 [7] NCCL INFO Channel 15/0 : 7[e5000] -> 3[65000] via P2P/IPC comm 0x3cfa0c70 nRanks 16
mi300x-01:404:1405 [7] NCCL INFO Channel 22/0 : 7[e5000] -> 3[65000] via P2P/IPC comm 0x3cfa0c70 nRanks 16
mi300x-01:399:1399 [2] NCCL INFO Channel 04/0 : 2[46000] -> 0[5000] via P2P/IPC comm 0x3cfa0510 nRanks 16
mi300x-01:403:1403 [6] NCCL INFO Channel 04/0 : 6[c6000] -> 3[65000] via P2P/IPC comm 0x3cf8d7d0 nRanks 16
mi300x-01:404:1405 [7] NCCL INFO Channel 23/0 : 7[e5000] -> 3[65000] via P2P/IPC comm 0x3cfa0c70 nRanks 16
mi300x-01:399:1399 [2] NCCL INFO Channel 05/0 : 2[46000] -> 0[5000] via P2P/IPC comm 0x3cfa0510 nRanks 16
mi300x-01:403:1403 [6] NCCL INFO Channel 05/0 : 6[c6000] -> 3[65000] via P2P/IPC comm 0x3cf8d7d0 nRanks 16
mi300x-01:404:1405 [7] NCCL INFO Channel 30/0 : 7[e5000] -> 3[65000] via P2P/IPC comm 0x3cfa0c70 nRanks 16
mi300x-01:399:1399 [2] NCCL INFO Channel 12/0 : 2[46000] -> 0[5000] via P2P/IPC comm 0x3cfa0510 nRanks 16
mi300x-01:403:1403 [6] NCCL INFO Channel 12/0 : 6[c6000] -> 3[65000] via P2P/IPC comm 0x3cf8d7d0 nRanks 16
mi300x-01:404:1405 [7] NCCL INFO Channel 31/0 : 7[e5000] -> 3[65000] via P2P/IPC comm 0x3cfa0c70 nRanks 16
mi300x-01:399:1399 [2] NCCL INFO Channel 13/0 : 2[46000] -> 0[5000] via P2P/IPC comm 0x3cfa0510 nRanks 16
mi300x-01:403:1403 [6] NCCL INFO Channel 13/0 : 6[c6000] -> 3[65000] via P2P/IPC comm 0x3cf8d7d0 nRanks 16
mi300x-01:404:1405 [7] NCCL INFO Channel 04/0 : 7[e5000] -> 4[85000] via P2P/IPC comm 0x3cfa0c70 nRanks 16
mi300x-01:399:1399 [2] NCCL INFO Channel 20/0 : 2[46000] -> 0[5000] via P2P/IPC comm 0x3cfa0510 nRanks 16
mi300x-01:403:1403 [6] NCCL INFO Channel 20/0 : 6[c6000] -> 3[65000] via P2P/IPC comm 0x3cf8d7d0 nRanks 16
mi300x-01:404:1405 [7] NCCL INFO Channel 05/0 : 7[e5000] -> 4[85000] via P2P/IPC comm 0x3cfa0c70 nRanks 16
mi300x-01:402:1400 [5] NCCL INFO Channel 02/0 : 5[a6000] -> 3[65000] via P2P/IPC comm 0x3cfaa980 nRanks 16
mi300x-01:399:1399 [2] NCCL INFO Channel 21/0 : 2[46000] -> 0[5000] via P2P/IPC comm 0x3cfa0510 nRanks 16
mi300x-01:404:1405 [7] NCCL INFO Channel 12/0 : 7[e5000] -> 4[85000] via P2P/IPC comm 0x3cfa0c70 nRanks 16
mi300x-01:402:1400 [5] NCCL INFO Channel 03/0 : 5[a6000] -> 3[65000] via P2P/IPC comm 0x3cfaa980 nRanks 16
mi300x-01:403:1403 [6] NCCL INFO Channel 21/0 : 6[c6000] -> 3[65000] via P2P/IPC comm 0x3cf8d7d0 nRanks 16
mi300x-01:404:1405 [7] NCCL INFO Channel 13/0 : 7[e5000] -> 4[85000] via P2P/IPC comm 0x3cfa0c70 nRanks 16
mi300x-01:403:1403 [6] NCCL INFO Channel 28/0 : 6[c6000] -> 3[65000] via P2P/IPC comm 0x3cf8d7d0 nRanks 16
mi300x-01:402:1400 [5] NCCL INFO Channel 10/0 : 5[a6000] -> 3[65000] via P2P/IPC comm 0x3cfaa980 nRanks 16
mi300x-01:404:1405 [7] NCCL INFO Channel 20/0 : 7[e5000] -> 4[85000] via P2P/IPC comm 0x3cfa0c70 nRanks 16
mi300x-01:399:1399 [2] NCCL INFO Channel 28/0 : 2[46000] -> 0[5000] via P2P/IPC comm 0x3cfa0510 nRanks 16
mi300x-01:403:1403 [6] NCCL INFO Channel 29/0 : 6[c6000] -> 3[65000] via P2P/IPC comm 0x3cf8d7d0 nRanks 16
mi300x-01:402:1400 [5] NCCL INFO Channel 11/0 : 5[a6000] -> 3[65000] via P2P/IPC comm 0x3cfaa980 nRanks 16
mi300x-01:404:1405 [7] NCCL INFO Channel 21/0 : 7[e5000] -> 4[85000] via P2P/IPC comm 0x3cfa0c70 nRanks 16
mi300x-01:399:1399 [2] NCCL INFO Channel 29/0 : 2[46000] -> 0[5000] via P2P/IPC comm 0x3cfa0510 nRanks 16
mi300x-01:402:1400 [5] NCCL INFO Channel 18/0 : 5[a6000] -> 3[65000] via P2P/IPC comm 0x3cfaa980 nRanks 16
mi300x-01:404:1405 [7] NCCL INFO Channel 28/0 : 7[e5000] -> 4[85000] via P2P/IPC comm 0x3cfa0c70 nRanks 16
mi300x-01:402:1400 [5] NCCL INFO Channel 19/0 : 5[a6000] -> 3[65000] via P2P/IPC comm 0x3cfaa980 nRanks 16
mi300x-01:404:1405 [7] NCCL INFO Channel 29/0 : 7[e5000] -> 4[85000] via P2P/IPC comm 0x3cfa0c70 nRanks 16
mi300x-01:402:1400 [5] NCCL INFO Channel 26/0 : 5[a6000] -> 3[65000] via P2P/IPC comm 0x3cfaa980 nRanks 16
mi300x-01:402:1400 [5] NCCL INFO Channel 27/0 : 5[a6000] -> 3[65000] via P2P/IPC comm 0x3cfaa980 nRanks 16
mi300x-01:400:1404 [3] NCCL INFO Channel 06/0 : 3[65000] -> 0[5000] via P2P/IPC comm 0x3cf92390 nRanks 16
mi300x-01:401:1402 [4] NCCL INFO Channel 06/0 : 4[85000] -> 1[26000] via P2P/IPC comm 0x3cfb3580 nRanks 16
mi300x-01:400:1404 [3] NCCL INFO Channel 07/0 : 3[65000] -> 0[5000] via P2P/IPC comm 0x3cf92390 nRanks 16
mi300x-01:401:1402 [4] NCCL INFO Channel 07/0 : 4[85000] -> 1[26000] via P2P/IPC comm 0x3cfb3580 nRanks 16
mi300x-01:400:1404 [3] NCCL INFO Channel 14/0 : 3[65000] -> 0[5000] via P2P/IPC comm 0x3cf92390 nRanks 16
mi300x-01:401:1402 [4] NCCL INFO Channel 14/0 : 4[85000] -> 1[26000] via P2P/IPC comm 0x3cfb3580 nRanks 16
mi300x-01:400:1404 [3] NCCL INFO Channel 15/0 : 3[65000] -> 0[5000] via P2P/IPC comm 0x3cf92390 nRanks 16
mi300x-01:401:1402 [4] NCCL INFO Channel 15/0 : 4[85000] -> 1[26000] via P2P/IPC comm 0x3cfb3580 nRanks 16
mi300x-01:400:1404 [3] NCCL INFO Channel 22/0 : 3[65000] -> 0[5000] via P2P/IPC comm 0x3cf92390 nRanks 16
mi300x-01:401:1402 [4] NCCL INFO Channel 22/0 : 4[85000] -> 1[26000] via P2P/IPC comm 0x3cfb3580 nRanks 16
mi300x-01:400:1404 [3] NCCL INFO Channel 23/0 : 3[65000] -> 0[5000] via P2P/IPC comm 0x3cf92390 nRanks 16
mi300x-01:401:1402 [4] NCCL INFO Channel 23/0 : 4[85000] -> 1[26000] via P2P/IPC comm 0x3cfb3580 nRanks 16
mi300x-01:400:1404 [3] NCCL INFO Channel 30/0 : 3[65000] -> 0[5000] via P2P/IPC comm 0x3cf92390 nRanks 16
mi300x-01:401:1402 [4] NCCL INFO Channel 30/0 : 4[85000] -> 1[26000] via P2P/IPC comm 0x3cfb3580 nRanks 16
mi300x-01:400:1404 [3] NCCL INFO Channel 31/0 : 3[65000] -> 0[5000] via P2P/IPC comm 0x3cf92390 nRanks 16
mi300x-01:401:1402 [4] NCCL INFO Channel 31/0 : 4[85000] -> 1[26000] via P2P/IPC comm 0x3cfb3580 nRanks 16
mi300x-01:403:1403 [6] NCCL INFO Channel 02/0 : 6[c6000] -> 4[85000] via P2P/IPC comm 0x3cf8d7d0 nRanks 16
mi300x-01:404:1405 [7] NCCL INFO Channel 02/0 : 7[e5000] -> 5[a6000] via P2P/IPC comm 0x3cfa0c70 nRanks 16
mi300x-01:403:1403 [6] NCCL INFO Channel 03/0 : 6[c6000] -> 4[85000] via P2P/IPC comm 0x3cf8d7d0 nRanks 16
mi300x-01:404:1405 [7] NCCL INFO Channel 03/0 : 7[e5000] -> 5[a6000] via P2P/IPC comm 0x3cfa0c70 nRanks 16
mi300x-01:403:1403 [6] NCCL INFO Channel 10/0 : 6[c6000] -> 4[85000] via P2P/IPC comm 0x3cf8d7d0 nRanks 16
mi300x-01:404:1405 [7] NCCL INFO Channel 10/0 : 7[e5000] -> 5[a6000] via P2P/IPC comm 0x3cfa0c70 nRanks 16
mi300x-01:403:1403 [6] NCCL INFO Channel 11/0 : 6[c6000] -> 4[85000] via P2P/IPC comm 0x3cf8d7d0 nRanks 16
mi300x-01:404:1405 [7] NCCL INFO Channel 11/0 : 7[e5000] -> 5[a6000] via P2P/IPC comm 0x3cfa0c70 nRanks 16
mi300x-01:403:1403 [6] NCCL INFO Channel 18/0 : 6[c6000] -> 4[85000] via P2P/IPC comm 0x3cf8d7d0 nRanks 16
mi300x-01:404:1405 [7] NCCL INFO Channel 18/0 : 7[e5000] -> 5[a6000] via P2P/IPC comm 0x3cfa0c70 nRanks 16
mi300x-01:403:1403 [6] NCCL INFO Channel 19/0 : 6[c6000] -> 4[85000] via P2P/IPC comm 0x3cf8d7d0 nRanks 16
mi300x-01:404:1405 [7] NCCL INFO Channel 19/0 : 7[e5000] -> 5[a6000] via P2P/IPC comm 0x3cfa0c70 nRanks 16
mi300x-01:403:1403 [6] NCCL INFO Channel 26/0 : 6[c6000] -> 4[85000] via P2P/IPC comm 0x3cf8d7d0 nRanks 16
mi300x-01:404:1405 [7] NCCL INFO Channel 26/0 : 7[e5000] -> 5[a6000] via P2P/IPC comm 0x3cfa0c70 nRanks 16
mi300x-01:403:1403 [6] NCCL INFO Channel 27/0 : 6[c6000] -> 4[85000] via P2P/IPC comm 0x3cf8d7d0 nRanks 16
mi300x-01:404:1405 [7] NCCL INFO Channel 27/0 : 7[e5000] -> 5[a6000] via P2P/IPC comm 0x3cfa0c70 nRanks 16
mi300x-01:400:1404 [3] NCCL INFO Channel 02/0 : 3[65000] -> 1[26000] via P2P/IPC comm 0x3cf92390 nRanks 16
mi300x-01:399:1399 [2] NCCL INFO Channel 03/0 : 2[46000] -> 1[26000] via P2P/IPC comm 0x3cfa0510 nRanks 16
mi300x-01:403:1403 [6] NCCL INFO Channel 06/0 : 6[c6000] -> 5[a6000] via P2P/IPC comm 0x3cf8d7d0 nRanks 16
mi300x-01:400:1404 [3] NCCL INFO Channel 10/0 : 3[65000] -> 1[26000] via P2P/IPC comm 0x3cf92390 nRanks 16
mi300x-01:399:1399 [2] NCCL INFO Channel 11/0 : 2[46000] -> 1[26000] via P2P/IPC comm 0x3cfa0510 nRanks 16
mi300x-01:403:1403 [6] NCCL INFO Channel 07/0 : 6[c6000] -> 5[a6000] via P2P/IPC comm 0x3cf8d7d0 nRanks 16
mi300x-01:400:1404 [3] NCCL INFO Channel 18/0 : 3[65000] -> 1[26000] via P2P/IPC comm 0x3cf92390 nRanks 16
mi300x-01:403:1403 [6] NCCL INFO Channel 14/0 : 6[c6000] -> 5[a6000] via P2P/IPC comm 0x3cf8d7d0 nRanks 16
mi300x-01:399:1399 [2] NCCL INFO Channel 19/0 : 2[46000] -> 1[26000] via P2P/IPC comm 0x3cfa0510 nRanks 16
mi300x-01:400:1404 [3] NCCL INFO Channel 26/0 : 3[65000] -> 1[26000] via P2P/IPC comm 0x3cf92390 nRanks 16
mi300x-01:403:1403 [6] NCCL INFO Channel 15/0 : 6[c6000] -> 5[a6000] via P2P/IPC comm 0x3cf8d7d0 nRanks 16
mi300x-01:399:1399 [2] NCCL INFO Channel 27/0 : 2[46000] -> 1[26000] via P2P/IPC comm 0x3cfa0510 nRanks 16
mi300x-01:403:1403 [6] NCCL INFO Channel 22/0 : 6[c6000] -> 5[a6000] via P2P/IPC comm 0x3cf8d7d0 nRanks 16
mi300x-01:403:1403 [6] NCCL INFO Channel 23/0 : 6[c6000] -> 5[a6000] via P2P/IPC comm 0x3cf8d7d0 nRanks 16
mi300x-01:403:1403 [6] NCCL INFO Channel 30/0 : 6[c6000] -> 5[a6000] via P2P/IPC comm 0x3cf8d7d0 nRanks 16
mi300x-01:403:1403 [6] NCCL INFO Channel 31/0 : 6[c6000] -> 5[a6000] via P2P/IPC comm 0x3cf8d7d0 nRanks 16
mi300x-01:398:1401 [1] NCCL INFO Channel 00/0 : 1[26000] -> 0[5000] via P2P/IPC comm 0x3cfb43a0 nRanks 16
mi300x-01:398:1401 [1] NCCL INFO Channel 01/0 : 1[26000] -> 0[5000] via P2P/IPC comm 0x3cfb43a0 nRanks 16
mi300x-01:398:1401 [1] NCCL INFO Channel 08/0 : 1[26000] -> 0[5000] via P2P/IPC comm 0x3cfb43a0 nRanks 16
mi300x-01:398:1401 [1] NCCL INFO Channel 09/0 : 1[26000] -> 0[5000] via P2P/IPC comm 0x3cfb43a0 nRanks 16
mi300x-01:398:1401 [1] NCCL INFO Channel 16/0 : 1[26000] -> 0[5000] via P2P/IPC comm 0x3cfb43a0 nRanks 16
mi300x-01:398:1401 [1] NCCL INFO Channel 17/0 : 1[26000] -> 0[5000] via P2P/IPC comm 0x3cfb43a0 nRanks 16
mi300x-01:398:1401 [1] NCCL INFO Channel 24/0 : 1[26000] -> 0[5000] via P2P/IPC comm 0x3cfb43a0 nRanks 16
mi300x-01:398:1401 [1] NCCL INFO Channel 25/0 : 1[26000] -> 0[5000] via P2P/IPC comm 0x3cfb43a0 nRanks 16
mi300x-01:404:1405 [7] NCCL INFO Connected all trees
mi300x-01:401:1402 [4] NCCL INFO Connected all trees
mi300x-01:397:1398 [0] NCCL INFO Connected all trees
mi300x-01:400:1404 [3] NCCL INFO Connected all trees
mi300x-01:399:1399 [2] NCCL INFO Connected all trees
mi300x-01:403:1403 [6] NCCL INFO Connected all trees
mi300x-01:398:1401 [1] NCCL INFO Connected all trees
mi300x-01:402:1400 [5] NCCL INFO Connected all trees
mi300x-01:404:1405 [7] NCCL INFO threadThresholds 8/8/64 | 128/8/64 | 256 | 256
mi300x-01:404:1405 [7] NCCL INFO 32 coll channels, 32 collnet channels, 0 nvls channels, 32 p2p channels, 4 p2p channels per peer
mi300x-01:401:1402 [4] NCCL INFO threadThresholds 8/8/64 | 128/8/64 | 256 | 256
mi300x-01:401:1402 [4] NCCL INFO 32 coll channels, 32 collnet channels, 0 nvls channels, 32 p2p channels, 4 p2p channels per peer
mi300x-01:399:1399 [2] NCCL INFO threadThresholds 8/8/64 | 128/8/64 | 256 | 256
mi300x-01:399:1399 [2] NCCL INFO 32 coll channels, 32 collnet channels, 0 nvls channels, 32 p2p channels, 4 p2p channels per peer
mi300x-01:403:1403 [6] NCCL INFO threadThresholds 8/8/64 | 128/8/64 | 256 | 256
mi300x-01:403:1403 [6] NCCL INFO 32 coll channels, 32 collnet channels, 0 nvls channels, 32 p2p channels, 4 p2p channels per peer
mi300x-01:400:1404 [3] NCCL INFO threadThresholds 8/8/64 | 128/8/64 | 256 | 256
mi300x-01:400:1404 [3] NCCL INFO 32 coll channels, 32 collnet channels, 0 nvls channels, 32 p2p channels, 4 p2p channels per peer
mi300x-01:402:1400 [5] NCCL INFO threadThresholds 8/8/64 | 128/8/64 | 256 | 256
mi300x-01:402:1400 [5] NCCL INFO 32 coll channels, 32 collnet channels, 0 nvls channels, 32 p2p channels, 4 p2p channels per peer
mi300x-01:398:1401 [1] NCCL INFO threadThresholds 8/8/64 | 128/8/64 | 256 | 256
mi300x-01:398:1401 [1] NCCL INFO 32 coll channels, 32 collnet channels, 0 nvls channels, 32 p2p channels, 4 p2p channels per peer
mi300x-01:397:1398 [0] NCCL INFO threadThresholds 8/8/64 | 128/8/64 | 256 | 256
mi300x-01:397:1398 [0] NCCL INFO 32 coll channels, 32 collnet channels, 0 nvls channels, 32 p2p channels, 4 p2p channels per peer
mi300x-01:397:1398 [0] NCCL INFO CC Off, Multi-GPU CC Off, workFifoBytes 1048576

mi300x-01:404:1405 [7] /longer_pathname_so_that_rpms_can_support_packaging_the_debug_info_for_all_os_profiles/src/out/ubuntu-22.04/22.04/build/rccl/hipify/src/init.cc:1954 NCCL WARN MSCCL++: Cannot enable MSCCL++; environment is not MSCCL compatible

mi300x-01:402:1400 [5] /longer_pathname_so_that_rpms_can_support_packaging_the_debug_info_for_all_os_profiles/src/out/ubuntu-22.04/22.04/build/rccl/hipify/src/init.cc:1954 NCCL WARN MSCCL++: Cannot enable MSCCL++; environment is not MSCCL compatible

mi300x-01:400:1404 [3] /longer_pathname_so_that_rpms_can_support_packaging_the_debug_info_for_all_os_profiles/src/out/ubuntu-22.04/22.04/build/rccl/hipify/src/init.cc:1954 NCCL WARN MSCCL++: Cannot enable MSCCL++; environment is not MSCCL compatible

mi300x-01:403:1403 [6] /longer_pathname_so_that_rpms_can_support_packaging_the_debug_info_for_all_os_profiles/src/out/ubuntu-22.04/22.04/build/rccl/hipify/src/init.cc:1954 NCCL WARN MSCCL++: Cannot enable MSCCL++; environment is not MSCCL compatible

mi300x-01:399:1399 [2] /longer_pathname_so_that_rpms_can_support_packaging_the_debug_info_for_all_os_profiles/src/out/ubuntu-22.04/22.04/build/rccl/hipify/src/init.cc:1954 NCCL WARN MSCCL++: Cannot enable MSCCL++; environment is not MSCCL compatible

mi300x-01:398:1401 [1] /longer_pathname_so_that_rpms_can_support_packaging_the_debug_info_for_all_os_profiles/src/out/ubuntu-22.04/22.04/build/rccl/hipify/src/init.cc:1954 NCCL WARN MSCCL++: Cannot enable MSCCL++; environment is not MSCCL compatible

mi300x-01:401:1402 [4] /longer_pathname_so_that_rpms_can_support_packaging_the_debug_info_for_all_os_profiles/src/out/ubuntu-22.04/22.04/build/rccl/hipify/src/init.cc:1954 NCCL WARN MSCCL++: Cannot enable MSCCL++; environment is not MSCCL compatible

mi300x-01:397:1398 [0] /longer_pathname_so_that_rpms_can_support_packaging_the_debug_info_for_all_os_profiles/src/out/ubuntu-22.04/22.04/build/rccl/hipify/src/init.cc:1954 NCCL WARN MSCCL++: Cannot enable MSCCL++; environment is not MSCCL compatible
mi300x-01:404:1405 [7] NCCL INFO TUNER/Plugin: Could not find: librccl-tuner.so librccl-net.so. Using internal tuner plugin.
mi300x-01:402:1400 [5] NCCL INFO TUNER/Plugin: Could not find: librccl-tuner.so librccl-net.so. Using internal tuner plugin.
mi300x-01:404:1405 [7] NCCL INFO ncclCommInitRank comm 0x3cfa0c70 rank 7 nranks 16 cudaDev 7 nvmlDev 7 busId e5000 commId 0xc8ca64ce8511a0ba localSize 384 used 708428115 bytes on core 213 - Init COMPLETE
mi300x-01:402:1400 [5] NCCL INFO ncclCommInitRank comm 0x3cfaa980 rank 5 nranks 16 cudaDev 5 nvmlDev 5 busId a6000 commId 0xc8ca64ce8511a0ba localSize 384 used 749846871 bytes on core 116 - Init COMPLETE
mi300x-01:404:1405 [7] NCCL INFO Init timings: rank 7 nranks 16 total 2.12 (kernels 0.08, bootstrap 0.17, allgathers 0.00, topo 0.90, graphs 0.41, connections 0.55, rest 0.00)
mi300x-01:403:1403 [6] NCCL INFO TUNER/Plugin: Could not find: librccl-tuner.so librccl-net.so. Using internal tuner plugin.
mi300x-01:402:1400 [5] NCCL INFO Init timings: rank 5 nranks 16 total 2.15 (kernels 0.11, bootstrap 0.17, allgathers 0.07, topo 0.83, graphs 0.41, connections 0.56, rest 0.00)
mi300x-01:403:1403 [6] NCCL INFO ncclCommInitRank comm 0x3cf8d7d0 rank 6 nranks 16 cudaDev 6 nvmlDev 6 busId c6000 commId 0xc8ca64ce8511a0ba localSize 384 used 667533643 bytes on core 91 - Init COMPLETE
mi300x-01:400:1404 [3] NCCL INFO TUNER/Plugin: Could not find: librccl-tuner.so librccl-net.so. Using internal tuner plugin.
mi300x-01:401:1402 [4] NCCL INFO TUNER/Plugin: Could not find: librccl-tuner.so librccl-net.so. Using internal tuner plugin.
mi300x-01:400:1404 [3] NCCL INFO ncclCommInitRank comm 0x3cf92390 rank 3 nranks 16 cudaDev 3 nvmlDev 3 busId 65000 commId 0xc8ca64ce8511a0ba localSize 384 used 682213723 bytes on core 0 - Init COMPLETE
mi300x-01:401:1402 [4] NCCL INFO ncclCommInitRank comm 0x3cfb3580 rank 4 nranks 16 cudaDev 4 nvmlDev 4 busId 85000 commId 0xc8ca64ce8511a0ba localSize 384 used 735166791 bytes on core 121 - Init COMPLETE
mi300x-01:399:1399 [2] NCCL INFO TUNER/Plugin: Could not find: librccl-tuner.so librccl-net.so. Using internal tuner plugin.
mi300x-01:403:1403 [6] NCCL INFO Init timings: rank 6 nranks 16 total 2.15 (kernels 0.11, bootstrap 0.17, allgathers 0.03, topo 0.87, graphs 0.41, connections 0.56, rest 0.00)
mi300x-01:397:1398 [0] NCCL INFO TUNER/Plugin: Could not find: librccl-tuner.so librccl-net.so. Using internal tuner plugin.
mi300x-01:400:1404 [3] NCCL INFO Init timings: rank 3 nranks 16 total 2.12 (kernels 0.08, bootstrap 0.17, allgathers 0.07, topo 0.82, graphs 0.42, connections 0.56, rest 0.00)
mi300x-01:398:1401 [1] NCCL INFO TUNER/Plugin: Could not find: librccl-tuner.so librccl-net.so. Using internal tuner plugin.
mi300x-01:399:1399 [2] NCCL INFO ncclCommInitRank comm 0x3cfa0510 rank 2 nranks 16 cudaDev 2 nvmlDev 2 busId 46000 commId 0xc8ca64ce8511a0ba localSize 384 used 667533643 bytes on core 191 - Init COMPLETE
mi300x-01:401:1402 [4] NCCL INFO Init timings: rank 4 nranks 16 total 2.15 (kernels 0.11, bootstrap 0.17, allgathers 0.12, topo 0.78, graphs 0.41, connections 0.56, rest 0.00)
mi300x-01:397:1398 [0] NCCL INFO ncclCommInitRank comm 0x3cfa57e0 rank 0 nranks 16 cudaDev 0 nvmlDev 0 busId 5000 commId 0xc8ca64ce8511a0ba localSize 384 used 735691075 bytes on core 157 - Init COMPLETE
mi300x-01:398:1401 [1] NCCL INFO ncclCommInitRank comm 0x3cfb43a0 rank 1 nranks 16 cudaDev 1 nvmlDev 1 busId 26000 commId 0xc8ca64ce8511a0ba localSize 384 used 725205331 bytes on core 176 - Init COMPLETE
mi300x-01:399:1399 [2] NCCL INFO Init timings: rank 2 nranks 16 total 2.15 (kernels 0.11, bootstrap 0.17, allgathers 0.04, topo 0.86, graphs 0.41, connections 0.56, rest 0.00)
mi300x-01:397:1398 [0] NCCL INFO Init timings: rank 0 nranks 16 total 2.15 (kernels 0.12, bootstrap 0.16, allgathers 0.00, topo 0.90, graphs 0.41, connections 0.56, rest 0.00)
mi300x-01:398:1401 [1] NCCL INFO Init timings: rank 1 nranks 16 total 2.15 (kernels 0.12, bootstrap 0.16, allgathers 0.02, topo 0.88, graphs 0.41, connections 0.56, rest 0.00)
Loading distributed checkpoint with TensorStoreLoadShardedStrategy
Loading distributed checkpoint directly on the GPU
> building indices for blendable datasets ...
 > sample ratios:
   dataset 0, input: 1, achieved: 1
:::MLLOG {"namespace": "", "time_ms": 1759986958714, "event_type": "POINT_IN_TIME", "key": "cache_clear", "value": true, "metadata": {"file": "/workspace/src/callbacks/custom_callbacks.py", "lineno": 278}}
:::MLLOG {"namespace": "", "time_ms": 1759986958716, "event_type": "INTERVAL_START", "key": "init_start", "value": null, "metadata": {"file": "/workspace/src/callbacks/custom_callbacks.py", "lineno": 279}}
:::MLLOG {"namespace": "", "time_ms": 1759986958716, "event_type": "POINT_IN_TIME", "key": "submission_benchmark", "value": "llama2_70b_lora", "metadata": {"file": "/workspace/src/callbacks/custom_callbacks.py", "lineno": 280}}
:::MLLOG {"namespace": "", "time_ms": 1759986958717, "event_type": "POINT_IN_TIME", "key": "submission_org", "value": "MangoBoost", "metadata": {"file": "/workspace/src/callbacks/custom_callbacks.py", "lineno": 280}}
:::MLLOG {"namespace": "", "time_ms": 1759986958717, "event_type": "POINT_IN_TIME", "key": "submission_division", "value": "closed", "metadata": {"file": "/workspace/src/callbacks/custom_callbacks.py", "lineno": 280}}
:::MLLOG {"namespace": "", "time_ms": 1759986958717, "event_type": "POINT_IN_TIME", "key": "submission_status", "value": "onprem", "metadata": {"file": "/workspace/src/callbacks/custom_callbacks.py", "lineno": 280}}
:::MLLOG {"namespace": "", "time_ms": 1759986958717, "event_type": "POINT_IN_TIME", "key": "submission_platform", "value": "2xMI300X", "metadata": {"file": "/workspace/src/callbacks/custom_callbacks.py", "lineno": 280}}
:::MLLOG {"namespace": "", "time_ms": 1759986958717, "event_type": "POINT_IN_TIME", "key": "seed", "value": 21776, "metadata": {"file": "/workspace/src/callbacks/custom_callbacks.py", "lineno": 283}}
:::MLLOG {"namespace": "", "time_ms": 1759986958717, "event_type": "POINT_IN_TIME", "key": "global_batch_size", "value": 8, "metadata": {"file": "/workspace/src/callbacks/custom_callbacks.py", "lineno": 289}}
:::MLLOG {"namespace": "", "time_ms": 1759986959204, "event_type": "POINT_IN_TIME", "key": "train_samples", "value": 3901, "metadata": {"file": "/workspace/src/callbacks/custom_callbacks.py", "lineno": 294}}
:::MLLOG {"namespace": "", "time_ms": 1759986959219, "event_type": "POINT_IN_TIME", "key": "eval_samples", "value": 173, "metadata": {"file": "/workspace/src/callbacks/custom_callbacks.py", "lineno": 298}}
:::MLLOG {"namespace": "", "time_ms": 1759986959220, "event_type": "POINT_IN_TIME", "key": "opt_learning_rate_warmup_factor", "value": 0.0, "metadata": {"file": "/workspace/src/callbacks/custom_callbacks.py", "lineno": 302}}
:::MLLOG {"namespace": "", "time_ms": 1759986959220, "event_type": "POINT_IN_TIME", "key": "opt_adamw_weight_decay", "value": 0.0001, "metadata": {"file": "/workspace/src/callbacks/custom_callbacks.py", "lineno": 306}}
:::MLLOG {"namespace": "", "time_ms": 1759986959220, "event_type": "POINT_IN_TIME", "key": "opt_gradient_clip_norm", "value": 0.3, "metadata": {"file": "/workspace/src/callbacks/custom_callbacks.py", "lineno": 310}}
:::MLLOG {"namespace": "", "time_ms": 1759986959220, "event_type": "POINT_IN_TIME", "key": "gradient_accumulation_steps", "value": 1, "metadata": {"file": "/workspace/src/callbacks/custom_callbacks.py", "lineno": 315}}
:::MLLOG {"namespace": "", "time_ms": 1759986959220, "event_type": "POINT_IN_TIME", "key": "opt_learning_rate_training_steps", "value": 700, "metadata": {"file": "/workspace/src/callbacks/custom_callbacks.py", "lineno": 316}}
:::MLLOG {"namespace": "", "time_ms": 1759986959220, "event_type": "POINT_IN_TIME", "key": "opt_base_learning_rate", "value": 0.0005, "metadata": {"file": "/workspace/src/callbacks/custom_callbacks.py", "lineno": 319}}
:::MLLOG {"namespace": "", "time_ms": 1759986959220, "event_type": "POINT_IN_TIME", "key": "lora_rank", "value": 16, "metadata": {"file": "/workspace/src/callbacks/custom_callbacks.py", "lineno": 320}}
:::MLLOG {"namespace": "", "time_ms": 1759986959220, "event_type": "POINT_IN_TIME", "key": "lora_alpha", "value": 32, "metadata": {"file": "/workspace/src/callbacks/custom_callbacks.py", "lineno": 323}}
mi300x-01:401:401 [4] NCCL INFO Kernel version: 5.15.0-113-generic
mi300x-01:401:401 [4] NCCL INFO Kernel version: 5.15.0-113-generic
mi300x-01:401:401 [4] NCCL INFO Comm config Blocking set to 1
mi300x-01:401:3371 [4] NCCL INFO Using network Socket
mi300x-01:401:3371 [4] NCCL INFO [node_id = 3; gpu_id = 23018; unique_id = 644790493291576379; location_id = 9728; bdf = 9728; domain = 0; partition = 0], 
mi300x-01:401:3371 [4] NCCL INFO [node_id = 4; gpu_id = 29122; unique_id = 3215663133726981328; location_id = 17920; bdf = 17920; domain = 0; partition = 0], 
mi300x-01:401:3371 [4] NCCL INFO [node_id = 5; gpu_id = 22683; unique_id = 8864042241711292136; location_id = 25856; bdf = 25856; domain = 0; partition = 0], 
mi300x-01:401:3371 [4] NCCL INFO [node_id = 2; gpu_id = 28851; unique_id = 11388078476087105620; location_id = 1280; bdf = 1280; domain = 0; partition = 0], 
mi300x-01:401:3371 [4] NCCL INFO [node_id = 8; gpu_id = 53667; unique_id = 12980883725215846229; location_id = 50688; bdf = 50688; domain = 0; partition = 0], 
mi300x-01:401:3371 [4] NCCL INFO [node_id = 6; gpu_id = 53458; unique_id = 14180679964433427195; location_id = 34048; bdf = 34048; domain = 0; partition = 0], 
mi300x-01:401:3371 [4] NCCL INFO [node_id = 9; gpu_id = 63738; unique_id = 14214011618938632570; location_id = 58624; bdf = 58624; domain = 0; partition = 0], 
mi300x-01:401:3371 [4] NCCL INFO [node_id = 7; gpu_id = 63883; unique_id = 15956530834995328450; location_id = 42496; bdf = 42496; domain = 0; partition = 0], 
mi300x-01:401:3371 [4] NCCL INFO initialized internal alternative rsmi functionality
mi300x-01:402:402 [5] NCCL INFO Kernel version: 5.15.0-113-generic
mi300x-01:402:402 [5] NCCL INFO Comm config Blocking set to 1
mi300x-01:402:3372 [5] NCCL INFO Using network Socket
mi300x-01:402:3372 [5] NCCL INFO [node_id = 3; gpu_id = 23018; unique_id = 644790493291576379; location_id = 9728; bdf = 9728; domain = 0; partition = 0], 
mi300x-01:402:3372 [5] NCCL INFO [node_id = 4; gpu_id = 29122; unique_id = 3215663133726981328; location_id = 17920; bdf = 17920; domain = 0; partition = 0], 
mi300x-01:402:3372 [5] NCCL INFO [node_id = 5; gpu_id = 22683; unique_id = 8864042241711292136; location_id = 25856; bdf = 25856; domain = 0; partition = 0], 
mi300x-01:402:3372 [5] NCCL INFO [node_id = 2; gpu_id = 28851; unique_id = 11388078476087105620; location_id = 1280; bdf = 1280; domain = 0; partition = 0], 
mi300x-01:402:3372 [5] NCCL INFO [node_id = 8; gpu_id = 53667; unique_id = 12980883725215846229; location_id = 50688; bdf = 50688; domain = 0; partition = 0], 
mi300x-01:402:3372 [5] NCCL INFO [node_id = 6; gpu_id = 53458; unique_id = 14180679964433427195; location_id = 34048; bdf = 34048; domain = 0; partition = 0], 
mi300x-01:402:3372 [5] NCCL INFO [node_id = 9; gpu_id = 63738; unique_id = 14214011618938632570; location_id = 58624; bdf = 58624; domain = 0; partition = 0], 
mi300x-01:402:3372 [5] NCCL INFO [node_id = 7; gpu_id = 63883; unique_id = 15956530834995328450; location_id = 42496; bdf = 42496; domain = 0; partition = 0], 
mi300x-01:402:3372 [5] NCCL INFO initialized internal alternative rsmi functionality
mi300x-01:402:3372 [5] NCCL INFO ncclCommInitRank comm 0x6dec1bd0 rank 1 nranks 2 cudaDev 5 nvmlDev 5 busId a6000 commId 0xb7e1e14a0b5d39c - Init START
mi300x-01:401:3371 [4] NCCL INFO ncclCommInitRank comm 0x6e0d8170 rank 0 nranks 2 cudaDev 4 nvmlDev 4 busId 85000 commId 0xb7e1e14a0b5d39c - Init START
mi300x-01:402:3372 [5] NCCL INFO initialized internal alternative rsmi functionality
mi300x-01:401:3371 [4] NCCL INFO initialized internal alternative rsmi functionality
mi300x-01:403:403 [6] NCCL INFO Kernel version: 5.15.0-113-generic
mi300x-01:403:403 [6] NCCL INFO Kernel version: 5.15.0-113-generic
mi300x-01:403:403 [6] NCCL INFO Comm config Blocking set to 1
mi300x-01:403:3374 [6] NCCL INFO Using network Socket
mi300x-01:401:3371 [4] NCCL INFO Setting affinity for GPU 4 to ffffffff,ffffffff,00000000,00000000,ffffffff,ffffffff,00000000,00000000
mi300x-01:402:3372 [5] NCCL INFO Setting affinity for GPU 5 to ffffffff,ffffffff,00000000,00000000,ffffffff,ffffffff,00000000,00000000
mi300x-01:401:3371 [4] NCCL INFO comm 0x6e0d8170 rank 0 nRanks 2 nNodes 1 localRanks 2 localRank 0 MNNVL 0
mi300x-01:402:3372 [5] NCCL INFO comm 0x6dec1bd0 rank 1 nRanks 2 nNodes 1 localRanks 2 localRank 1 MNNVL 0
mi300x-01:401:3371 [4] NCCL INFO Channel 00/32 :    0   1
mi300x-01:401:3371 [4] NCCL INFO Channel 01/32 :    0   1
mi300x-01:401:3371 [4] NCCL INFO Channel 02/32 :    0   1
mi300x-01:401:3371 [4] NCCL INFO Channel 03/32 :    0   1
mi300x-01:401:3371 [4] NCCL INFO Channel 04/32 :    0   1
mi300x-01:401:3371 [4] NCCL INFO Channel 05/32 :    0   1
mi300x-01:401:3371 [4] NCCL INFO Channel 06/32 :    0   1
mi300x-01:401:3371 [4] NCCL INFO Channel 07/32 :    0   1
mi300x-01:402:3372 [5] NCCL INFO Trees [0] -1/-1/-1->1->0 [1] 0/-1/-1->1->-1 [2] -1/-1/-1->1->0 [3] 0/-1/-1->1->-1 [4] -1/-1/-1->1->0 [5] 0/-1/-1->1->-1 [6] -1/-1/-1->1->0 [7] 0/-1/-1->1->-1 [8] -1/-1/-1->1->0 [9] 0/-1/-1->1->-1 [10] -1/-1/-1->1->0 [11] 0/-1/-1->1->-1 [12] -1/-1/-1->1->0 [13] 0/-1/-1->1->-1 [14] -1/-1/-1->1->0 [15] 0/-1/-1->1->-1 [16] -1/-1/-1->1->0 [17] 0/-1/-1->1->-1 [18] -1/-1/-1->1->0 [19] 0/-1/-1->1->-1 [20] -1/-1/-1->1->0 [21] 0/-1/-1->1->-1 [22] -1/-1/-1->1->0 [23] 0/-1/-1->1->-1 [24] -1/-1/-1->1->0 [25] 0/-1/-1->1->-1 [26] -1/-1/-1->1->0 [27] 0/-1/-1->1->-1 [28] -1/-1/-1->1->0 [29] 0/-1/-1->1->-1 [30] -1/-1/-1->1->0 [31] 0/-1/-1->1->-1 comm 0x6dec1bd0 nRanks 02 busId a6000
mi300x-01:401:3371 [4] NCCL INFO Channel 08/32 :    0   1
mi300x-01:401:3371 [4] NCCL INFO Channel 09/32 :    0   1
mi300x-01:402:3372 [5] NCCL INFO P2P Chunksize set to 524288
mi300x-01:401:3371 [4] NCCL INFO Channel 10/32 :    0   1
mi300x-01:401:3371 [4] NCCL INFO Channel 11/32 :    0   1
mi300x-01:401:3371 [4] NCCL INFO Channel 12/32 :    0   1
mi300x-01:401:3371 [4] NCCL INFO Channel 13/32 :    0   1
mi300x-01:401:3371 [4] NCCL INFO Channel 14/32 :    0   1
mi300x-01:401:3371 [4] NCCL INFO Channel 15/32 :    0   1
mi300x-01:401:3371 [4] NCCL INFO Channel 16/32 :    0   1
mi300x-01:401:3371 [4] NCCL INFO Channel 17/32 :    0   1
mi300x-01:401:3371 [4] NCCL INFO Channel 18/32 :    0   1
mi300x-01:401:3371 [4] NCCL INFO Channel 19/32 :    0   1
mi300x-01:401:3371 [4] NCCL INFO Channel 20/32 :    0   1
mi300x-01:401:3371 [4] NCCL INFO Channel 21/32 :    0   1
mi300x-01:401:3371 [4] NCCL INFO Channel 22/32 :    0   1
mi300x-01:401:3371 [4] NCCL INFO Channel 23/32 :    0   1
mi300x-01:401:3371 [4] NCCL INFO Channel 24/32 :    0   1
mi300x-01:401:3371 [4] NCCL INFO Channel 25/32 :    0   1
mi300x-01:401:3371 [4] NCCL INFO Channel 26/32 :    0   1
mi300x-01:401:3371 [4] NCCL INFO Channel 27/32 :    0   1
mi300x-01:401:3371 [4] NCCL INFO Channel 28/32 :    0   1
mi300x-01:401:3371 [4] NCCL INFO Channel 29/32 :    0   1
mi300x-01:401:3371 [4] NCCL INFO Channel 30/32 :    0   1
mi300x-01:401:3371 [4] NCCL INFO Channel 31/32 :    0   1
mi300x-01:401:3371 [4] NCCL INFO Trees [0] 1/-1/-1->0->-1 [1] -1/-1/-1->0->1 [2] 1/-1/-1->0->-1 [3] -1/-1/-1->0->1 [4] 1/-1/-1->0->-1 [5] -1/-1/-1->0->1 [6] 1/-1/-1->0->-1 [7] -1/-1/-1->0->1 [8] 1/-1/-1->0->-1 [9] -1/-1/-1->0->1 [10] 1/-1/-1->0->-1 [11] -1/-1/-1->0->1 [12] 1/-1/-1->0->-1 [13] -1/-1/-1->0->1 [14] 1/-1/-1->0->-1 [15] -1/-1/-1->0->1 [16] 1/-1/-1->0->-1 [17] -1/-1/-1->0->1 [18] 1/-1/-1->0->-1 [19] -1/-1/-1->0->1 [20] 1/-1/-1->0->-1 [21] -1/-1/-1->0->1 [22] 1/-1/-1->0->-1 [23] -1/-1/-1->0->1 [24] 1/-1/-1->0->-1 [25] -1/-1/-1->0->1 [26] 1/-1/-1->0->-1 [27] -1/-1/-1->0->1 [28] 1/-1/-1->0->-1 [29] -1/-1/-1->0->1 [30] 1/-1/-1->0->-1 [31] -1/-1/-1->0->1 comm 0x6e0d8170 nRanks 02 busId 85000
mi300x-01:401:3371 [4] NCCL INFO P2P Chunksize set to 524288
mi300x-01:403:3374 [6] NCCL INFO [node_id = 3; gpu_id = 23018; unique_id = 644790493291576379; location_id = 9728; bdf = 9728; domain = 0; partition = 0], 
mi300x-01:403:3374 [6] NCCL INFO [node_id = 4; gpu_id = 29122; unique_id = 3215663133726981328; location_id = 17920; bdf = 17920; domain = 0; partition = 0], 
mi300x-01:403:3374 [6] NCCL INFO [node_id = 5; gpu_id = 22683; unique_id = 8864042241711292136; location_id = 25856; bdf = 25856; domain = 0; partition = 0], 
mi300x-01:403:3374 [6] NCCL INFO [node_id = 2; gpu_id = 28851; unique_id = 11388078476087105620; location_id = 1280; bdf = 1280; domain = 0; partition = 0], 
mi300x-01:403:3374 [6] NCCL INFO [node_id = 8; gpu_id = 53667; unique_id = 12980883725215846229; location_id = 50688; bdf = 50688; domain = 0; partition = 0], 
mi300x-01:403:3374 [6] NCCL INFO [node_id = 6; gpu_id = 53458; unique_id = 14180679964433427195; location_id = 34048; bdf = 34048; domain = 0; partition = 0], 
mi300x-01:403:3374 [6] NCCL INFO [node_id = 9; gpu_id = 63738; unique_id = 14214011618938632570; location_id = 58624; bdf = 58624; domain = 0; partition = 0], 
mi300x-01:403:3374 [6] NCCL INFO [node_id = 7; gpu_id = 63883; unique_id = 15956530834995328450; location_id = 42496; bdf = 42496; domain = 0; partition = 0], 
mi300x-01:403:3374 [6] NCCL INFO initialized internal alternative rsmi functionality
mi300x-01:401:3371 [4] NCCL INFO Channel 00/0 : 0[85000] -> 1[a6000] via P2P/IPC comm 0x6e0d8170 nRanks 02
mi300x-01:402:3372 [5] NCCL INFO Channel 00/0 : 1[a6000] -> 0[85000] via P2P/IPC comm 0x6dec1bd0 nRanks 02
mi300x-01:401:3371 [4] NCCL INFO Channel 01/0 : 0[85000] -> 1[a6000] via P2P/IPC comm 0x6e0d8170 nRanks 02
mi300x-01:402:3372 [5] NCCL INFO Channel 01/0 : 1[a6000] -> 0[85000] via P2P/IPC comm 0x6dec1bd0 nRanks 02
mi300x-01:401:3371 [4] NCCL INFO Channel 02/0 : 0[85000] -> 1[a6000] via P2P/IPC comm 0x6e0d8170 nRanks 02
mi300x-01:402:3372 [5] NCCL INFO Channel 02/0 : 1[a6000] -> 0[85000] via P2P/IPC comm 0x6dec1bd0 nRanks 02
mi300x-01:401:3371 [4] NCCL INFO Channel 03/0 : 0[85000] -> 1[a6000] via P2P/IPC comm 0x6e0d8170 nRanks 02
mi300x-01:402:3372 [5] NCCL INFO Channel 03/0 : 1[a6000] -> 0[85000] via P2P/IPC comm 0x6dec1bd0 nRanks 02
mi300x-01:401:3371 [4] NCCL INFO Channel 04/0 : 0[85000] -> 1[a6000] via P2P/IPC comm 0x6e0d8170 nRanks 02
mi300x-01:402:3372 [5] NCCL INFO Channel 04/0 : 1[a6000] -> 0[85000] via P2P/IPC comm 0x6dec1bd0 nRanks 02
mi300x-01:401:3371 [4] NCCL INFO Channel 05/0 : 0[85000] -> 1[a6000] via P2P/IPC comm 0x6e0d8170 nRanks 02
mi300x-01:402:3372 [5] NCCL INFO Channel 05/0 : 1[a6000] -> 0[85000] via P2P/IPC comm 0x6dec1bd0 nRanks 02
mi300x-01:401:3371 [4] NCCL INFO Channel 06/0 : 0[85000] -> 1[a6000] via P2P/IPC comm 0x6e0d8170 nRanks 02
mi300x-01:402:3372 [5] NCCL INFO Channel 06/0 : 1[a6000] -> 0[85000] via P2P/IPC comm 0x6dec1bd0 nRanks 02
mi300x-01:401:3371 [4] NCCL INFO Channel 07/0 : 0[85000] -> 1[a6000] via P2P/IPC comm 0x6e0d8170 nRanks 02
mi300x-01:402:3372 [5] NCCL INFO Channel 07/0 : 1[a6000] -> 0[85000] via P2P/IPC comm 0x6dec1bd0 nRanks 02
mi300x-01:401:3371 [4] NCCL INFO Channel 08/0 : 0[85000] -> 1[a6000] via P2P/IPC comm 0x6e0d8170 nRanks 02
mi300x-01:402:3372 [5] NCCL INFO Channel 08/0 : 1[a6000] -> 0[85000] via P2P/IPC comm 0x6dec1bd0 nRanks 02
mi300x-01:401:3371 [4] NCCL INFO Channel 09/0 : 0[85000] -> 1[a6000] via P2P/IPC comm 0x6e0d8170 nRanks 02
mi300x-01:402:3372 [5] NCCL INFO Channel 09/0 : 1[a6000] -> 0[85000] via P2P/IPC comm 0x6dec1bd0 nRanks 02
mi300x-01:401:3371 [4] NCCL INFO Channel 10/0 : 0[85000] -> 1[a6000] via P2P/IPC comm 0x6e0d8170 nRanks 02
mi300x-01:402:3372 [5] NCCL INFO Channel 10/0 : 1[a6000] -> 0[85000] via P2P/IPC comm 0x6dec1bd0 nRanks 02
mi300x-01:401:3371 [4] NCCL INFO Channel 11/0 : 0[85000] -> 1[a6000] via P2P/IPC comm 0x6e0d8170 nRanks 02
mi300x-01:402:3372 [5] NCCL INFO Channel 11/0 : 1[a6000] -> 0[85000] via P2P/IPC comm 0x6dec1bd0 nRanks 02
mi300x-01:401:3371 [4] NCCL INFO Channel 12/0 : 0[85000] -> 1[a6000] via P2P/IPC comm 0x6e0d8170 nRanks 02
mi300x-01:402:3372 [5] NCCL INFO Channel 12/0 : 1[a6000] -> 0[85000] via P2P/IPC comm 0x6dec1bd0 nRanks 02
mi300x-01:401:3371 [4] NCCL INFO Channel 13/0 : 0[85000] -> 1[a6000] via P2P/IPC comm 0x6e0d8170 nRanks 02
mi300x-01:402:3372 [5] NCCL INFO Channel 13/0 : 1[a6000] -> 0[85000] via P2P/IPC comm 0x6dec1bd0 nRanks 02
mi300x-01:401:3371 [4] NCCL INFO Channel 14/0 : 0[85000] -> 1[a6000] via P2P/IPC comm 0x6e0d8170 nRanks 02
mi300x-01:402:3372 [5] NCCL INFO Channel 14/0 : 1[a6000] -> 0[85000] via P2P/IPC comm 0x6dec1bd0 nRanks 02
mi300x-01:401:3371 [4] NCCL INFO Channel 15/0 : 0[85000] -> 1[a6000] via P2P/IPC comm 0x6e0d8170 nRanks 02
mi300x-01:402:3372 [5] NCCL INFO Channel 15/0 : 1[a6000] -> 0[85000] via P2P/IPC comm 0x6dec1bd0 nRanks 02
mi300x-01:401:3371 [4] NCCL INFO Channel 16/0 : 0[85000] -> 1[a6000] via P2P/IPC comm 0x6e0d8170 nRanks 02
mi300x-01:402:3372 [5] NCCL INFO Channel 16/0 : 1[a6000] -> 0[85000] via P2P/IPC comm 0x6dec1bd0 nRanks 02
mi300x-01:401:3371 [4] NCCL INFO Channel 17/0 : 0[85000] -> 1[a6000] via P2P/IPC comm 0x6e0d8170 nRanks 02
mi300x-01:402:3372 [5] NCCL INFO Channel 17/0 : 1[a6000] -> 0[85000] via P2P/IPC comm 0x6dec1bd0 nRanks 02
mi300x-01:401:3371 [4] NCCL INFO Channel 18/0 : 0[85000] -> 1[a6000] via P2P/IPC comm 0x6e0d8170 nRanks 02
mi300x-01:402:3372 [5] NCCL INFO Channel 18/0 : 1[a6000] -> 0[85000] via P2P/IPC comm 0x6dec1bd0 nRanks 02
mi300x-01:401:3371 [4] NCCL INFO Channel 19/0 : 0[85000] -> 1[a6000] via P2P/IPC comm 0x6e0d8170 nRanks 02
mi300x-01:402:3372 [5] NCCL INFO Channel 19/0 : 1[a6000] -> 0[85000] via P2P/IPC comm 0x6dec1bd0 nRanks 02
mi300x-01:401:3371 [4] NCCL INFO Channel 20/0 : 0[85000] -> 1[a6000] via P2P/IPC comm 0x6e0d8170 nRanks 02
mi300x-01:402:3372 [5] NCCL INFO Channel 20/0 : 1[a6000] -> 0[85000] via P2P/IPC comm 0x6dec1bd0 nRanks 02
mi300x-01:401:3371 [4] NCCL INFO Channel 21/0 : 0[85000] -> 1[a6000] via P2P/IPC comm 0x6e0d8170 nRanks 02
mi300x-01:402:3372 [5] NCCL INFO Channel 21/0 : 1[a6000] -> 0[85000] via P2P/IPC comm 0x6dec1bd0 nRanks 02
mi300x-01:401:3371 [4] NCCL INFO Channel 22/0 : 0[85000] -> 1[a6000] via P2P/IPC comm 0x6e0d8170 nRanks 02
mi300x-01:402:3372 [5] NCCL INFO Channel 22/0 : 1[a6000] -> 0[85000] via P2P/IPC comm 0x6dec1bd0 nRanks 02
mi300x-01:401:3371 [4] NCCL INFO Channel 23/0 : 0[85000] -> 1[a6000] via P2P/IPC comm 0x6e0d8170 nRanks 02
mi300x-01:402:3372 [5] NCCL INFO Channel 23/0 : 1[a6000] -> 0[85000] via P2P/IPC comm 0x6dec1bd0 nRanks 02
mi300x-01:401:3371 [4] NCCL INFO Channel 24/0 : 0[85000] -> 1[a6000] via P2P/IPC comm 0x6e0d8170 nRanks 02
mi300x-01:402:3372 [5] NCCL INFO Channel 24/0 : 1[a6000] -> 0[85000] via P2P/IPC comm 0x6dec1bd0 nRanks 02
mi300x-01:401:3371 [4] NCCL INFO Channel 25/0 : 0[85000] -> 1[a6000] via P2P/IPC comm 0x6e0d8170 nRanks 02
mi300x-01:402:3372 [5] NCCL INFO Channel 25/0 : 1[a6000] -> 0[85000] via P2P/IPC comm 0x6dec1bd0 nRanks 02
mi300x-01:401:3371 [4] NCCL INFO Channel 26/0 : 0[85000] -> 1[a6000] via P2P/IPC comm 0x6e0d8170 nRanks 02
mi300x-01:402:3372 [5] NCCL INFO Channel 26/0 : 1[a6000] -> 0[85000] via P2P/IPC comm 0x6dec1bd0 nRanks 02
mi300x-01:401:3371 [4] NCCL INFO Channel 27/0 : 0[85000] -> 1[a6000] via P2P/IPC comm 0x6e0d8170 nRanks 02
mi300x-01:402:3372 [5] NCCL INFO Channel 27/0 : 1[a6000] -> 0[85000] via P2P/IPC comm 0x6dec1bd0 nRanks 02
mi300x-01:401:3371 [4] NCCL INFO Channel 28/0 : 0[85000] -> 1[a6000] via P2P/IPC comm 0x6e0d8170 nRanks 02
mi300x-01:402:3372 [5] NCCL INFO Channel 28/0 : 1[a6000] -> 0[85000] via P2P/IPC comm 0x6dec1bd0 nRanks 02
mi300x-01:401:3371 [4] NCCL INFO Channel 29/0 : 0[85000] -> 1[a6000] via P2P/IPC comm 0x6e0d8170 nRanks 02
mi300x-01:402:3372 [5] NCCL INFO Channel 29/0 : 1[a6000] -> 0[85000] via P2P/IPC comm 0x6dec1bd0 nRanks 02
mi300x-01:401:3371 [4] NCCL INFO Channel 30/0 : 0[85000] -> 1[a6000] via P2P/IPC comm 0x6e0d8170 nRanks 02
mi300x-01:402:3372 [5] NCCL INFO Channel 30/0 : 1[a6000] -> 0[85000] via P2P/IPC comm 0x6dec1bd0 nRanks 02
mi300x-01:401:3371 [4] NCCL INFO Channel 31/0 : 0[85000] -> 1[a6000] via P2P/IPC comm 0x6e0d8170 nRanks 02
mi300x-01:402:3372 [5] NCCL INFO Channel 31/0 : 1[a6000] -> 0[85000] via P2P/IPC comm 0x6dec1bd0 nRanks 02
mi300x-01:401:3371 [4] NCCL INFO Connected all rings
mi300x-01:402:3372 [5] NCCL INFO Connected all rings
mi300x-01:401:3371 [4] NCCL INFO Connected all trees
mi300x-01:402:3372 [5] NCCL INFO Connected all trees
mi300x-01:401:3371 [4] NCCL INFO threadThresholds 8/8/64 | 16/8/64 | 256 | 256
mi300x-01:401:3371 [4] NCCL INFO 32 coll channels, 32 collnet channels, 0 nvls channels, 32 p2p channels, 8 p2p channels per peer
mi300x-01:401:3371 [4] NCCL INFO CC Off, Multi-GPU CC Off, workFifoBytes 1048576
mi300x-01:404:404 [7] NCCL INFO Kernel version: 5.15.0-113-generic
mi300x-01:402:3372 [5] NCCL INFO threadThresholds 8/8/64 | 16/8/64 | 256 | 256
mi300x-01:402:3372 [5] NCCL INFO 32 coll channels, 32 collnet channels, 0 nvls channels, 32 p2p channels, 8 p2p channels per peer
mi300x-01:404:404 [7] NCCL INFO Comm config Blocking set to 1
mi300x-01:404:3381 [7] NCCL INFO Using network Socket
mi300x-01:404:3381 [7] NCCL INFO [node_id = 3; gpu_id = 23018; unique_id = 644790493291576379; location_id = 9728; bdf = 9728; domain = 0; partition = 0], 
mi300x-01:404:3381 [7] NCCL INFO [node_id = 4; gpu_id = 29122; unique_id = 3215663133726981328; location_id = 17920; bdf = 17920; domain = 0; partition = 0], 
mi300x-01:404:3381 [7] NCCL INFO [node_id = 5; gpu_id = 22683; unique_id = 8864042241711292136; location_id = 25856; bdf = 25856; domain = 0; partition = 0], 
mi300x-01:404:3381 [7] NCCL INFO [node_id = 2; gpu_id = 28851; unique_id = 11388078476087105620; location_id = 1280; bdf = 1280; domain = 0; partition = 0], 
mi300x-01:404:3381 [7] NCCL INFO [node_id = 8; gpu_id = 53667; unique_id = 12980883725215846229; location_id = 50688; bdf = 50688; domain = 0; partition = 0], 
mi300x-01:404:3381 [7] NCCL INFO [node_id = 6; gpu_id = 53458; unique_id = 14180679964433427195; location_id = 34048; bdf = 34048; domain = 0; partition = 0], 
mi300x-01:404:3381 [7] NCCL INFO [node_id = 9; gpu_id = 63738; unique_id = 14214011618938632570; location_id = 58624; bdf = 58624; domain = 0; partition = 0], 
