mi300x-01:400:3442 [1] NCCL INFO Channel 15/1 : 1[26000] -> 0[5000] via P2P/IPC comm 0x6e0429c0 nRanks 02
mi300x-01:399:3443 [0] NCCL INFO Channel 15/1 : 0[5000] -> 1[26000] via P2P/IPC comm 0x6de3d580 nRanks 02

mi300x-01:406:3412 [7] /longer_pathname_so_that_rpms_can_support_packaging_the_debug_info_for_all_os_profiles/src/out/ubuntu-22.04/22.04/build/rccl/hipify/src/init.cc:1954 NCCL WARN MSCCL++: Cannot enable MSCCL++; environment is not MSCCL compatible
mi300x-01:406:3412 [7] NCCL INFO ncclCommInitRank comm 0x6dfe7170 rank 1 nranks 2 cudaDev 7 nvmlDev 7 busId e5000 commId 0x395570d67576ecac localSize 384 used 1271694262 bytes on core 74 - Init COMPLETE
mi300x-01:406:3412 [7] NCCL INFO Init timings: rank 1 nranks 2 total 0.42 (kernels 0.00, bootstrap 0.02, allgathers 0.09, topo 0.14, graphs 0.00, connections 0.12, rest 0.06)

mi300x-01:405:3411 [6] /longer_pathname_so_that_rpms_can_support_packaging_the_debug_info_for_all_os_profiles/src/out/ubuntu-22.04/22.04/build/rccl/hipify/src/init.cc:1954 NCCL WARN MSCCL++: Cannot enable MSCCL++; environment is not MSCCL compatible
mi300x-01:405:3411 [6] NCCL INFO ncclCommInitRank comm 0x6de3cee0 rank 0 nranks 2 cudaDev 6 nvmlDev 6 busId c6000 commId 0x395570d67576ecac localSize 384 used 1238664114 bytes on core 64 - Init COMPLETE
mi300x-01:405:3411 [6] NCCL INFO Init timings: rank 0 nranks 2 total 0.42 (kernels 0.00, bootstrap 0.02, allgathers 0.09, topo 0.14, graphs 0.00, connections 0.12, rest 0.06)
mi300x-01:406:3446 [7] NCCL INFO Channel 08/1 : 1[e5000] -> 0[c6000] via P2P/IPC comm 0x6dfe7170 nRanks 02
mi300x-01:406:3446 [7] NCCL INFO Channel 09/1 : 1[e5000] -> 0[c6000] via P2P/IPC comm 0x6dfe7170 nRanks 02
mi300x-01:406:3446 [7] NCCL INFO Channel 10/1 : 1[e5000] -> 0[c6000] via P2P/IPC comm 0x6dfe7170 nRanks 02
mi300x-01:405:3447 [6] NCCL INFO Channel 08/1 : 0[c6000] -> 1[e5000] via P2P/IPC comm 0x6de3cee0 nRanks 02
mi300x-01:406:3446 [7] NCCL INFO Channel 11/1 : 1[e5000] -> 0[c6000] via P2P/IPC comm 0x6dfe7170 nRanks 02
mi300x-01:405:3447 [6] NCCL INFO Channel 09/1 : 0[c6000] -> 1[e5000] via P2P/IPC comm 0x6de3cee0 nRanks 02
mi300x-01:406:3446 [7] NCCL INFO Channel 12/1 : 1[e5000] -> 0[c6000] via P2P/IPC comm 0x6dfe7170 nRanks 02
mi300x-01:405:3447 [6] NCCL INFO Channel 10/1 : 0[c6000] -> 1[e5000] via P2P/IPC comm 0x6de3cee0 nRanks 02
mi300x-01:406:3446 [7] NCCL INFO Channel 13/1 : 1[e5000] -> 0[c6000] via P2P/IPC comm 0x6dfe7170 nRanks 02
mi300x-01:405:3447 [6] NCCL INFO Channel 11/1 : 0[c6000] -> 1[e5000] via P2P/IPC comm 0x6de3cee0 nRanks 02
mi300x-01:406:3446 [7] NCCL INFO Channel 14/1 : 1[e5000] -> 0[c6000] via P2P/IPC comm 0x6dfe7170 nRanks 02
mi300x-01:405:3447 [6] NCCL INFO Channel 12/1 : 0[c6000] -> 1[e5000] via P2P/IPC comm 0x6de3cee0 nRanks 02
mi300x-01:406:3446 [7] NCCL INFO Channel 15/1 : 1[e5000] -> 0[c6000] via P2P/IPC comm 0x6dfe7170 nRanks 02
mi300x-01:405:3447 [6] NCCL INFO Channel 13/1 : 0[c6000] -> 1[e5000] via P2P/IPC comm 0x6de3cee0 nRanks 02
mi300x-01:405:3447 [6] NCCL INFO Channel 14/1 : 0[c6000] -> 1[e5000] via P2P/IPC comm 0x6de3cee0 nRanks 02
mi300x-01:405:3447 [6] NCCL INFO Channel 15/1 : 0[c6000] -> 1[e5000] via P2P/IPC comm 0x6de3cee0 nRanks 02
mi300x-01:399:399 [0] NCCL INFO Kernel version: 5.15.0-113-generic
mi300x-01:399:399 [0] NCCL INFO Kernel version: 5.15.0-113-generic
mi300x-01:399:399 [0] NCCL INFO Comm config Blocking set to 1
mi300x-01:404:404 [5] NCCL INFO Kernel version: 5.15.0-113-generic
mi300x-01:402:402 [3] NCCL INFO Kernel version: 5.15.0-113-generic
mi300x-01:403:403 [4] NCCL INFO Kernel version: 5.15.0-113-generic
mi300x-01:401:401 [2] NCCL INFO Kernel version: 5.15.0-113-generic
mi300x-01:400:400 [1] NCCL INFO Kernel version: 5.15.0-113-generic
mi300x-01:399:7092 [0] NCCL INFO Using network Socket
mi300x-01:400:400 [1] NCCL INFO Comm config Blocking set to 1
mi300x-01:402:402 [3] NCCL INFO Comm config Blocking set to 1
mi300x-01:400:7093 [1] NCCL INFO Using network Socket
mi300x-01:403:403 [4] NCCL INFO Comm config Blocking set to 1
mi300x-01:402:7094 [3] NCCL INFO Using network Socket
mi300x-01:401:401 [2] NCCL INFO Comm config Blocking set to 1
mi300x-01:404:404 [5] NCCL INFO Comm config Blocking set to 1
mi300x-01:403:7095 [4] NCCL INFO Using network Socket
mi300x-01:401:7096 [2] NCCL INFO Using network Socket
mi300x-01:404:7097 [5] NCCL INFO Using network Socket
mi300x-01:399:7092 [0] NCCL INFO [node_id = 3; gpu_id = 23018; unique_id = 644790493291576379; location_id = 9728; bdf = 9728; domain = 0; partition = 0], 
mi300x-01:399:7092 [0] NCCL INFO [node_id = 4; gpu_id = 29122; unique_id = 3215663133726981328; location_id = 17920; bdf = 17920; domain = 0; partition = 0], 
mi300x-01:399:7092 [0] NCCL INFO [node_id = 5; gpu_id = 22683; unique_id = 8864042241711292136; location_id = 25856; bdf = 25856; domain = 0; partition = 0], 
mi300x-01:399:7092 [0] NCCL INFO [node_id = 2; gpu_id = 28851; unique_id = 11388078476087105620; location_id = 1280; bdf = 1280; domain = 0; partition = 0], 
mi300x-01:399:7092 [0] NCCL INFO [node_id = 8; gpu_id = 53667; unique_id = 12980883725215846229; location_id = 50688; bdf = 50688; domain = 0; partition = 0], 
mi300x-01:399:7092 [0] NCCL INFO [node_id = 6; gpu_id = 53458; unique_id = 14180679964433427195; location_id = 34048; bdf = 34048; domain = 0; partition = 0], 
mi300x-01:399:7092 [0] NCCL INFO [node_id = 9; gpu_id = 63738; unique_id = 14214011618938632570; location_id = 58624; bdf = 58624; domain = 0; partition = 0], 
mi300x-01:399:7092 [0] NCCL INFO [node_id = 7; gpu_id = 63883; unique_id = 15956530834995328450; location_id = 42496; bdf = 42496; domain = 0; partition = 0], 
mi300x-01:402:7094 [3] NCCL INFO [node_id = 3; gpu_id = 23018; unique_id = 644790493291576379; location_id = 9728; bdf = 9728; domain = 0; partition = 0], 
mi300x-01:402:7094 [3] NCCL INFO [node_id = 4; gpu_id = 29122; unique_id = 3215663133726981328; location_id = 17920; bdf = 17920; domain = 0; partition = 0], 
mi300x-01:402:7094 [3] NCCL INFO [node_id = 5; gpu_id = 22683; unique_id = 8864042241711292136; location_id = 25856; bdf = 25856; domain = 0; partition = 0], 
mi300x-01:402:7094 [3] NCCL INFO [node_id = 2; gpu_id = 28851; unique_id = 11388078476087105620; location_id = 1280; bdf = 1280; domain = 0; partition = 0], 
mi300x-01:402:7094 [3] NCCL INFO [node_id = 8; gpu_id = 53667; unique_id = 12980883725215846229; location_id = 50688; bdf = 50688; domain = 0; partition = 0], 
mi300x-01:402:7094 [3] NCCL INFO [node_id = 6; gpu_id = 53458; unique_id = 14180679964433427195; location_id = 34048; bdf = 34048; domain = 0; partition = 0], 
mi300x-01:400:7093 [1] NCCL INFO [node_id = 3; gpu_id = 23018; unique_id = 644790493291576379; location_id = 9728; bdf = 9728; domain = 0; partition = 0], 
mi300x-01:402:7094 [3] NCCL INFO [node_id = 9; gpu_id = 63738; unique_id = 14214011618938632570; location_id = 58624; bdf = 58624; domain = 0; partition = 0], 
mi300x-01:402:7094 [3] NCCL INFO [node_id = 7; gpu_id = 63883; unique_id = 15956530834995328450; location_id = 42496; bdf = 42496; domain = 0; partition = 0], 
mi300x-01:400:7093 [1] NCCL INFO [node_id = 4; gpu_id = 29122; unique_id = 3215663133726981328; location_id = 17920; bdf = 17920; domain = 0; partition = 0], 
mi300x-01:400:7093 [1] NCCL INFO [node_id = 5; gpu_id = 22683; unique_id = 8864042241711292136; location_id = 25856; bdf = 25856; domain = 0; partition = 0], 
mi300x-01:400:7093 [1] NCCL INFO [node_id = 2; gpu_id = 28851; unique_id = 11388078476087105620; location_id = 1280; bdf = 1280; domain = 0; partition = 0], 
mi300x-01:400:7093 [1] NCCL INFO [node_id = 8; gpu_id = 53667; unique_id = 12980883725215846229; location_id = 50688; bdf = 50688; domain = 0; partition = 0], 
mi300x-01:400:7093 [1] NCCL INFO [node_id = 6; gpu_id = 53458; unique_id = 14180679964433427195; location_id = 34048; bdf = 34048; domain = 0; partition = 0], 
mi300x-01:400:7093 [1] NCCL INFO [node_id = 9; gpu_id = 63738; unique_id = 14214011618938632570; location_id = 58624; bdf = 58624; domain = 0; partition = 0], 
mi300x-01:400:7093 [1] NCCL INFO [node_id = 7; gpu_id = 63883; unique_id = 15956530834995328450; location_id = 42496; bdf = 42496; domain = 0; partition = 0], 
mi300x-01:403:7095 [4] NCCL INFO [node_id = 3; gpu_id = 23018; unique_id = 644790493291576379; location_id = 9728; bdf = 9728; domain = 0; partition = 0], 
mi300x-01:403:7095 [4] NCCL INFO [node_id = 4; gpu_id = 29122; unique_id = 3215663133726981328; location_id = 17920; bdf = 17920; domain = 0; partition = 0], 
mi300x-01:403:7095 [4] NCCL INFO [node_id = 5; gpu_id = 22683; unique_id = 8864042241711292136; location_id = 25856; bdf = 25856; domain = 0; partition = 0], 
mi300x-01:403:7095 [4] NCCL INFO [node_id = 2; gpu_id = 28851; unique_id = 11388078476087105620; location_id = 1280; bdf = 1280; domain = 0; partition = 0], 
mi300x-01:403:7095 [4] NCCL INFO [node_id = 8; gpu_id = 53667; unique_id = 12980883725215846229; location_id = 50688; bdf = 50688; domain = 0; partition = 0], 
mi300x-01:403:7095 [4] NCCL INFO [node_id = 6; gpu_id = 53458; unique_id = 14180679964433427195; location_id = 34048; bdf = 34048; domain = 0; partition = 0], 
mi300x-01:403:7095 [4] NCCL INFO [node_id = 9; gpu_id = 63738; unique_id = 14214011618938632570; location_id = 58624; bdf = 58624; domain = 0; partition = 0], 
mi300x-01:401:7096 [2] NCCL INFO [node_id = 3; gpu_id = 23018; unique_id = 644790493291576379; location_id = 9728; bdf = 9728; domain = 0; partition = 0], 
mi300x-01:403:7095 [4] NCCL INFO [node_id = 7; gpu_id = 63883; unique_id = 15956530834995328450; location_id = 42496; bdf = 42496; domain = 0; partition = 0], 
mi300x-01:401:7096 [2] NCCL INFO [node_id = 4; gpu_id = 29122; unique_id = 3215663133726981328; location_id = 17920; bdf = 17920; domain = 0; partition = 0], 
mi300x-01:401:7096 [2] NCCL INFO [node_id = 5; gpu_id = 22683; unique_id = 8864042241711292136; location_id = 25856; bdf = 25856; domain = 0; partition = 0], 
mi300x-01:401:7096 [2] NCCL INFO [node_id = 2; gpu_id = 28851; unique_id = 11388078476087105620; location_id = 1280; bdf = 1280; domain = 0; partition = 0], 
mi300x-01:401:7096 [2] NCCL INFO [node_id = 8; gpu_id = 53667; unique_id = 12980883725215846229; location_id = 50688; bdf = 50688; domain = 0; partition = 0], 
mi300x-01:401:7096 [2] NCCL INFO [node_id = 6; gpu_id = 53458; unique_id = 14180679964433427195; location_id = 34048; bdf = 34048; domain = 0; partition = 0], 
mi300x-01:401:7096 [2] NCCL INFO [node_id = 9; gpu_id = 63738; unique_id = 14214011618938632570; location_id = 58624; bdf = 58624; domain = 0; partition = 0], 
mi300x-01:401:7096 [2] NCCL INFO [node_id = 7; gpu_id = 63883; unique_id = 15956530834995328450; location_id = 42496; bdf = 42496; domain = 0; partition = 0], 
mi300x-01:404:7097 [5] NCCL INFO [node_id = 3; gpu_id = 23018; unique_id = 644790493291576379; location_id = 9728; bdf = 9728; domain = 0; partition = 0], 
mi300x-01:404:7097 [5] NCCL INFO [node_id = 4; gpu_id = 29122; unique_id = 3215663133726981328; location_id = 17920; bdf = 17920; domain = 0; partition = 0], 
mi300x-01:404:7097 [5] NCCL INFO [node_id = 5; gpu_id = 22683; unique_id = 8864042241711292136; location_id = 25856; bdf = 25856; domain = 0; partition = 0], 
mi300x-01:404:7097 [5] NCCL INFO [node_id = 2; gpu_id = 28851; unique_id = 11388078476087105620; location_id = 1280; bdf = 1280; domain = 0; partition = 0], 
mi300x-01:404:7097 [5] NCCL INFO [node_id = 8; gpu_id = 53667; unique_id = 12980883725215846229; location_id = 50688; bdf = 50688; domain = 0; partition = 0], 
mi300x-01:404:7097 [5] NCCL INFO [node_id = 6; gpu_id = 53458; unique_id = 14180679964433427195; location_id = 34048; bdf = 34048; domain = 0; partition = 0], 
mi300x-01:404:7097 [5] NCCL INFO [node_id = 9; gpu_id = 63738; unique_id = 14214011618938632570; location_id = 58624; bdf = 58624; domain = 0; partition = 0], 
mi300x-01:404:7097 [5] NCCL INFO [node_id = 7; gpu_id = 63883; unique_id = 15956530834995328450; location_id = 42496; bdf = 42496; domain = 0; partition = 0], 
mi300x-01:406:406 [7] NCCL INFO Kernel version: 5.15.0-113-generic
mi300x-01:406:406 [7] NCCL INFO Comm config Blocking set to 1
mi300x-01:406:7098 [7] NCCL INFO Using network Socket
mi300x-01:399:7092 [0] NCCL INFO initialized internal alternative rsmi functionality
mi300x-01:406:7098 [7] NCCL INFO [node_id = 3; gpu_id = 23018; unique_id = 644790493291576379; location_id = 9728; bdf = 9728; domain = 0; partition = 0], 
mi300x-01:406:7098 [7] NCCL INFO [node_id = 4; gpu_id = 29122; unique_id = 3215663133726981328; location_id = 17920; bdf = 17920; domain = 0; partition = 0], 
mi300x-01:406:7098 [7] NCCL INFO [node_id = 5; gpu_id = 22683; unique_id = 8864042241711292136; location_id = 25856; bdf = 25856; domain = 0; partition = 0], 
mi300x-01:406:7098 [7] NCCL INFO [node_id = 2; gpu_id = 28851; unique_id = 11388078476087105620; location_id = 1280; bdf = 1280; domain = 0; partition = 0], 
mi300x-01:406:7098 [7] NCCL INFO [node_id = 8; gpu_id = 53667; unique_id = 12980883725215846229; location_id = 50688; bdf = 50688; domain = 0; partition = 0], 
mi300x-01:406:7098 [7] NCCL INFO [node_id = 6; gpu_id = 53458; unique_id = 14180679964433427195; location_id = 34048; bdf = 34048; domain = 0; partition = 0], 
mi300x-01:406:7098 [7] NCCL INFO [node_id = 9; gpu_id = 63738; unique_id = 14214011618938632570; location_id = 58624; bdf = 58624; domain = 0; partition = 0], 
mi300x-01:406:7098 [7] NCCL INFO [node_id = 7; gpu_id = 63883; unique_id = 15956530834995328450; location_id = 42496; bdf = 42496; domain = 0; partition = 0], 
mi300x-01:402:7094 [3] NCCL INFO initialized internal alternative rsmi functionality
mi300x-01:400:7093 [1] NCCL INFO initialized internal alternative rsmi functionality
mi300x-01:401:7096 [2] NCCL INFO initialized internal alternative rsmi functionality
mi300x-01:404:7097 [5] NCCL INFO initialized internal alternative rsmi functionality
mi300x-01:403:7095 [4] NCCL INFO initialized internal alternative rsmi functionality
mi300x-01:406:7098 [7] NCCL INFO initialized internal alternative rsmi functionality
mi300x-01:405:405 [6] NCCL INFO Kernel version: 5.15.0-113-generic
mi300x-01:405:405 [6] NCCL INFO Comm config Blocking set to 1
mi300x-01:405:7099 [6] NCCL INFO Using network Socket
mi300x-01:405:7099 [6] NCCL INFO [node_id = 3; gpu_id = 23018; unique_id = 644790493291576379; location_id = 9728; bdf = 9728; domain = 0; partition = 0], 
mi300x-01:405:7099 [6] NCCL INFO [node_id = 4; gpu_id = 29122; unique_id = 3215663133726981328; location_id = 17920; bdf = 17920; domain = 0; partition = 0], 
mi300x-01:405:7099 [6] NCCL INFO [node_id = 5; gpu_id = 22683; unique_id = 8864042241711292136; location_id = 25856; bdf = 25856; domain = 0; partition = 0], 
mi300x-01:405:7099 [6] NCCL INFO [node_id = 2; gpu_id = 28851; unique_id = 11388078476087105620; location_id = 1280; bdf = 1280; domain = 0; partition = 0], 
mi300x-01:405:7099 [6] NCCL INFO [node_id = 8; gpu_id = 53667; unique_id = 12980883725215846229; location_id = 50688; bdf = 50688; domain = 0; partition = 0], 
mi300x-01:405:7099 [6] NCCL INFO [node_id = 6; gpu_id = 53458; unique_id = 14180679964433427195; location_id = 34048; bdf = 34048; domain = 0; partition = 0], 
mi300x-01:405:7099 [6] NCCL INFO [node_id = 9; gpu_id = 63738; unique_id = 14214011618938632570; location_id = 58624; bdf = 58624; domain = 0; partition = 0], 
mi300x-01:405:7099 [6] NCCL INFO [node_id = 7; gpu_id = 63883; unique_id = 15956530834995328450; location_id = 42496; bdf = 42496; domain = 0; partition = 0], 
mi300x-01:405:7099 [6] NCCL INFO initialized internal alternative rsmi functionality
mi300x-01:405:7099 [6] NCCL INFO ncclCommInitRank comm 0x6cbea790 rank 6 nranks 16 cudaDev 6 nvmlDev 6 busId c6000 commId 0x9ee271c937540c1b - Init START
mi300x-01:406:7098 [7] NCCL INFO ncclCommInitRank comm 0x6cefd350 rank 7 nranks 16 cudaDev 7 nvmlDev 7 busId e5000 commId 0x9ee271c937540c1b - Init START
mi300x-01:404:7097 [5] NCCL INFO ncclCommInitRank comm 0x6cee0f90 rank 5 nranks 16 cudaDev 5 nvmlDev 5 busId a6000 commId 0x9ee271c937540c1b - Init START
mi300x-01:403:7095 [4] NCCL INFO ncclCommInitRank comm 0x6cc2ba90 rank 4 nranks 16 cudaDev 4 nvmlDev 4 busId 85000 commId 0x9ee271c937540c1b - Init START
mi300x-01:399:7092 [0] NCCL INFO ncclCommInitRank comm 0x6cbf32a0 rank 0 nranks 16 cudaDev 0 nvmlDev 0 busId 5000 commId 0x9ee271c937540c1b - Init START
mi300x-01:400:7093 [1] NCCL INFO ncclCommInitRank comm 0x6cf53fd0 rank 1 nranks 16 cudaDev 1 nvmlDev 1 busId 26000 commId 0x9ee271c937540c1b - Init START
mi300x-01:401:7096 [2] NCCL INFO ncclCommInitRank comm 0x6cff8650 rank 2 nranks 16 cudaDev 2 nvmlDev 2 busId 46000 commId 0x9ee271c937540c1b - Init START
mi300x-01:402:7094 [3] NCCL INFO ncclCommInitRank comm 0x6cc58a70 rank 3 nranks 16 cudaDev 3 nvmlDev 3 busId 65000 commId 0x9ee271c937540c1b - Init START
mi300x-01:406:7098 [7] NCCL INFO initialized internal alternative rsmi functionality
mi300x-01:399:7092 [0] NCCL INFO initialized internal alternative rsmi functionality
mi300x-01:405:7099 [6] NCCL INFO initialized internal alternative rsmi functionality
mi300x-01:402:7094 [3] NCCL INFO initialized internal alternative rsmi functionality
mi300x-01:401:7096 [2] NCCL INFO initialized internal alternative rsmi functionality
mi300x-01:403:7095 [4] NCCL INFO initialized internal alternative rsmi functionality
mi300x-01:404:7097 [5] NCCL INFO initialized internal alternative rsmi functionality
mi300x-01:400:7093 [1] NCCL INFO initialized internal alternative rsmi functionality
mi300x-01:404:7097 [5] NCCL INFO Setting affinity for GPU 5 to ffffffff,ffffffff,00000000,00000000,ffffffff,ffffffff,00000000,00000000
mi300x-01:405:7099 [6] NCCL INFO Setting affinity for GPU 6 to ffffffff,ffffffff,00000000,00000000,ffffffff,ffffffff,00000000,00000000
mi300x-01:403:7095 [4] NCCL INFO Setting affinity for GPU 4 to ffffffff,ffffffff,00000000,00000000,ffffffff,ffffffff,00000000,00000000
mi300x-01:402:7094 [3] NCCL INFO Setting affinity for GPU 3 to ffffffff,ffffffff,00000000,00000000,ffffffff,ffffffff
mi300x-01:406:7098 [7] NCCL INFO Setting affinity for GPU 7 to ffffffff,ffffffff,00000000,00000000,ffffffff,ffffffff,00000000,00000000
mi300x-01:401:7096 [2] NCCL INFO Setting affinity for GPU 2 to ffffffff,ffffffff,00000000,00000000,ffffffff,ffffffff
mi300x-01:399:7092 [0] NCCL INFO Setting affinity for GPU 0 to ffffffff,ffffffff,00000000,00000000,ffffffff,ffffffff
mi300x-01:400:7093 [1] NCCL INFO Setting affinity for GPU 1 to ffffffff,ffffffff,00000000,00000000,ffffffff,ffffffff
mi300x-01:399:7092 [0] NCCL INFO comm 0x6cbf32a0 rank 0 nRanks 16 nNodes 2 localRanks 8 localRank 0 MNNVL 0
mi300x-01:399:7092 [0] NCCL INFO Channel 00/32 :    0   7   6   5   4   3   2   1   8  15  14  13  12  11  10   9
mi300x-01:399:7092 [0] NCCL INFO Channel 01/32 :    0   7   6   5   4   3   2   1   8  15  14  13  12  11  10   9
mi300x-01:406:7098 [7] NCCL INFO comm 0x6cefd350 rank 7 nRanks 16 nNodes 2 localRanks 8 localRank 7 MNNVL 0
mi300x-01:400:7093 [1] NCCL INFO comm 0x6cf53fd0 rank 1 nRanks 16 nNodes 2 localRanks 8 localRank 1 MNNVL 0
mi300x-01:405:7099 [6] NCCL INFO comm 0x6cbea790 rank 6 nRanks 16 nNodes 2 localRanks 8 localRank 6 MNNVL 0
mi300x-01:399:7092 [0] NCCL INFO Channel 02/32 :    0   7   6   5   4   3   2   1   8  15  14  13  12  11  10   9
mi300x-01:399:7092 [0] NCCL INFO Channel 03/32 :    0   7   6   5   4   2  11   9   8  15  14  13  12  10   3   1
mi300x-01:404:7097 [5] NCCL INFO comm 0x6cee0f90 rank 5 nRanks 16 nNodes 2 localRanks 8 localRank 5 MNNVL 0
mi300x-01:399:7092 [0] NCCL INFO Channel 04/32 :    0   3   2   7   5   6  12   9   8  11  10  15  13  14   4   1
mi300x-01:401:7096 [2] NCCL INFO comm 0x6cff8650 rank 2 nRanks 16 nNodes 2 localRanks 8 localRank 2 MNNVL 0
mi300x-01:403:7095 [4] NCCL INFO comm 0x6cc2ba90 rank 4 nRanks 16 nNodes 2 localRanks 8 localRank 4 MNNVL 0
mi300x-01:402:7094 [3] NCCL INFO comm 0x6cc58a70 rank 3 nRanks 16 nNodes 2 localRanks 8 localRank 3 MNNVL 0
mi300x-01:399:7092 [0] NCCL INFO Channel 05/32 :    0   3   6   2   4   7  13   9   8  11  14  10  12  15   5   1
mi300x-01:399:7092 [0] NCCL INFO Channel 06/32 :    0   3   6   2   4   7  13   9   8  11  14  10  12  15   5   1
mi300x-01:399:7092 [0] NCCL INFO Channel 07/32 :    0   7   6   5   4   3   2   1   8  15  14  13  12  11  10   9
mi300x-01:399:7092 [0] NCCL INFO Channel 08/32 :    0   7   6   5   4   3   2   1   8  15  14  13  12  11  10   9
mi300x-01:399:7092 [0] NCCL INFO Channel 09/32 :    0   7   6   5   4   3   2   1   8  15  14  13  12  11  10   9
mi300x-01:399:7092 [0] NCCL INFO Channel 10/32 :    0   7   6   5   4   2  11   9   8  15  14  13  12  10   3   1
mi300x-01:399:7092 [0] NCCL INFO Channel 11/32 :    0   3   2   7   5   6  12   9   8  11  10  15  13  14   4   1
mi300x-01:399:7092 [0] NCCL INFO Channel 12/32 :    0   3   6   2   4   7  13   9   8  11  14  10  12  15   5   1
mi300x-01:399:7092 [0] NCCL INFO Channel 13/32 :    0   3   6   2   4   7  13   9   8  11  14  10  12  15   5   1
mi300x-01:399:7092 [0] NCCL INFO Channel 14/32 :    0   7   6   5   4   3   2   1   8  15  14  13  12  11  10   9
mi300x-01:399:7092 [0] NCCL INFO Channel 15/32 :    0   7   6   5   4   3   2   1   8  15  14  13  12  11  10   9
mi300x-01:399:7092 [0] NCCL INFO Channel 16/32 :    0   7   6   5   4   3   2   1   8  15  14  13  12  11  10   9
mi300x-01:406:7098 [7] NCCL INFO Trees [0] -1/-1/-1->7->6 [1] -1/-1/-1->7->6 [2] 0/-1/-1->7->5 [3] 0/-1/-1->7->5 [4] 1/-1/-1->7->4 [5] 1/-1/-1->7->4 [6] 2/-1/-1->7->3 [7] -1/-1/-1->7->6 [8] -1/-1/-1->7->6 [9] 0/-1/-1->7->5 [10] 0/-1/-1->7->5 [11] 1/-1/-1->7->4 [12] 1/-1/-1->7->4 [13] 2/-1/-1->7->3 [14] -1/-1/-1->7->6 [15] -1/-1/-1->7->6 [16] 0/-1/-1->7->5 [17] 0/-1/-1->7->5 [18] 1/-1/-1->7->4 [19] 1/-1/-1->7->4 [20] 2/-1/-1->7->3 [21] -1/-1/-1->7->6 [22] -1/-1/-1->7->6 [23] 0/-1/-1->7->5 [24] 0/-1/-1->7->5 [25] 1/-1/-1->7->4 [26] 1/-1/-1->7->4 [27] 2/-1/-1->7->3 [28] -1/-1/-1->7->6 [29] -1/-1/-1->7->6 [30] 0/-1/-1->7->5 [31] 0/-1/-1->7->5 comm 0x6cefd350 nRanks 16 busId e5000
mi300x-01:399:7092 [0] NCCL INFO Channel 17/32 :    0   7   6   5   4   2  11   9   8  15  14  13  12  10   3   1
mi300x-01:406:7098 [7] NCCL INFO P2P Chunksize set to 131072
mi300x-01:400:7093 [1] NCCL INFO Trees [0] 2/-1/-1->1->0 [1] 2/-1/-1->1->0 [2] 3/-1/-1->1->2 [3] 3/-1/-1->1->2 [4] 5/-1/-1->1->7 [5] 5/-1/-1->1->7 [6] 4/-1/-1->1->5 [7] 2/-1/-1->1->0 [8] 2/-1/-1->1->0 [9] 3/-1/-1->1->2 [10] 3/-1/-1->1->2 [11] 5/-1/-1->1->7 [12] 5/-1/-1->1->7 [13] 4/-1/-1->1->5 [14] 2/-1/-1->1->0 [15] 2/-1/-1->1->0 [16] 3/-1/-1->1->2 [17] 3/-1/-1->1->2 [18] 5/-1/-1->1->7 [19] 5/-1/-1->1->7 [20] 4/-1/-1->1->5 [21] 2/-1/-1->1->0 [22] 2/-1/-1->1->0 [23] 3/-1/-1->1->2 [24] 3/-1/-1->1->2 [25] 5/-1/-1->1->7 [26] 5/-1/-1->1->7 [27] 4/-1/-1->1->5 [28] 2/-1/-1->1->0 [29] 2/-1/-1->1->0 [30] 3/-1/-1->1->2 [31] 3/-1/-1->1->2 comm 0x6cf53fd0 nRanks 16 busId 26000
mi300x-01:399:7092 [0] NCCL INFO Channel 18/32 :    0   3   2   7   5   6  12   9   8  11  10  15  13  14   4   1
mi300x-01:400:7093 [1] NCCL INFO P2P Chunksize set to 131072
mi300x-01:399:7092 [0] NCCL INFO Channel 19/32 :    0   3   6   2   4   7  13   9   8  11  14  10  12  15   5   1
mi300x-01:399:7092 [0] NCCL INFO Channel 20/32 :    0   3   6   2   4   7  13   9   8  11  14  10  12  15   5   1
mi300x-01:405:7099 [6] NCCL INFO Trees [0] 7/-1/-1->6->5 [1] 7/-1/-1->6->5 [2] -1/-1/-1->6->4 [3] -1/-1/-1->6->4 [4] 3/-1/-1->6->2 [5] 3/-1/-1->6->2 [6] 5/14/-1->6->-1 [7] 7/-1/-1->6->5 [8] 7/-1/-1->6->5 [9] -1/-1/-1->6->4 [10] -1/-1/-1->6->4 [11] 3/-1/-1->6->2 [12] 3/-1/-1->6->2 [13] 5/-1/-1->6->14 [14] 7/-1/-1->6->5 [15] 7/-1/-1->6->5 [16] -1/-1/-1->6->4 [17] -1/-1/-1->6->4 [18] 3/-1/-1->6->2 [19] 3/-1/-1->6->2 [20] 5/14/-1->6->-1 [21] 7/-1/-1->6->5 [22] 7/-1/-1->6->5 [23] -1/-1/-1->6->4 [24] -1/-1/-1->6->4 [25] 3/-1/-1->6->2 [26] 3/-1/-1->6->2 [27] 5/-1/-1->6->14 [28] 7/-1/-1->6->5 [29] 7/-1/-1->6->5 [30] -1/-1/-1->6->4 [31] -1/-1/-1->6->4 comm 0x6cbea790 nRanks 16 busId c6000
mi300x-01:399:7092 [0] NCCL INFO Channel 21/32 :    0   7   6   5   4   3   2   1   8  15  14  13  12  11  10   9
mi300x-01:405:7099 [6] NCCL INFO P2P Chunksize set to 131072
mi300x-01:399:7092 [0] NCCL INFO Channel 22/32 :    0   7   6   5   4   3   2   1   8  15  14  13  12  11  10   9
mi300x-01:404:7097 [5] NCCL INFO Trees [0] 6/-1/-1->5->4 [1] 6/-1/-1->5->4 [2] 7/-1/-1->5->3 [3] 7/-1/-1->5->3 [4] 0/-1/-1->5->1 [5] 0/-1/-1->5->1 [6] 1/-1/-1->5->6 [7] 6/-1/-1->5->4 [8] 6/-1/-1->5->4 [9] 7/-1/-1->5->3 [10] 7/-1/-1->5->3 [11] 0/-1/-1->5->1 [12] 0/-1/-1->5->1 [13] 1/-1/-1->5->6 [14] 6/-1/-1->5->4 [15] 6/-1/-1->5->4 [16] 7/-1/-1->5->3 [17] 7/-1/-1->5->3 [18] 0/-1/-1->5->1 [19] 0/-1/-1->5->1 [20] 1/-1/-1->5->6 [21] 6/-1/-1->5->4 [22] 6/-1/-1->5->4 [23] 7/-1/-1->5->3 [24] 7/-1/-1->5->3 [25] 0/-1/-1->5->1 [26] 0/-1/-1->5->1 [27] 1/-1/-1->5->6 [28] 6/-1/-1->5->4 [29] 6/-1/-1->5->4 [30] 7/-1/-1->5->3 [31] 7/-1/-1->5->3 comm 0x6cee0f90 nRanks 16 busId a6000
mi300x-01:401:7096 [2] NCCL INFO Trees [0] 3/-1/-1->2->1 [1] 3/-1/-1->2->1 [2] 1/10/-1->2->-1 [3] 1/10/-1->2->-1 [4] 6/-1/-1->2->0 [5] 6/-1/-1->2->0 [6] -1/-1/-1->2->7 [7] 3/-1/-1->2->1 [8] 3/-1/-1->2->1 [9] 1/-1/-1->2->10 [10] 1/-1/-1->2->10 [11] 6/-1/-1->2->0 [12] 6/-1/-1->2->0 [13] -1/-1/-1->2->7 [14] 3/-1/-1->2->1 [15] 3/-1/-1->2->1 [16] 1/10/-1->2->-1 [17] 1/10/-1->2->-1 [18] 6/-1/-1->2->0 [19] 6/-1/-1->2->0 [20] -1/-1/-1->2->7 [21] 3/-1/-1->2->1 [22] 3/-1/-1->2->1 [23] 1/-1/-1->2->10 [24] 1/-1/-1->2->10 [25] 6/-1/-1->2->0 [26] 6/-1/-1->2->0 [27] -1/-1/-1->2->7 [28] 3/-1/-1->2->1 [29] 3/-1/-1->2->1 [30] 1/10/-1->2->-1 [31] 1/10/-1->2->-1 comm 0x6cff8650 nRanks 16 busId 46000
mi300x-01:403:7095 [4] NCCL INFO Trees [0] 5/-1/-1->4->3 [1] 5/-1/-1->4->3 [2] 6/-1/-1->4->0 [3] 6/-1/-1->4->0 [4] 7/12/-1->4->-1 [5] 7/12/-1->4->-1 [6] 0/-1/-1->4->1 [7] 5/-1/-1->4->3 [8] 5/-1/-1->4->3 [9] 6/-1/-1->4->0 [10] 6/-1/-1->4->0 [11] 7/-1/-1->4->12 [12] 7/-1/-1->4->12 [13] 0/-1/-1->4->1 [14] 5/-1/-1->4->3 [15] 5/-1/-1->4->3 [16] 6/-1/-1->4->0 [17] 6/-1/-1->4->0 [18] 7/12/-1->4->-1 [19] 7/12/-1->4->-1 [20] 0/-1/-1->4->1 [21] 5/-1/-1->4->3 [22] 5/-1/-1->4->3 [23] 6/-1/-1->4->0 [24] 6/-1/-1->4->0 [25] 7/-1/-1->4->12 [26] 7/-1/-1->4->12 [27] 0/-1/-1->4->1 [28] 5/-1/-1->4->3 [29] 5/-1/-1->4->3 [30] 6/-1/-1->4->0 [31] 6/-1/-1->4->0 comm 0x6cc2ba90 nRanks 16 busId 85000
mi300x-01:399:7092 [0] NCCL INFO Channel 23/32 :    0   7   6   5   4   3   2   1   8  15  14  13  12  11  10   9
mi300x-01:404:7097 [5] NCCL INFO P2P Chunksize set to 131072
mi300x-01:402:7094 [3] NCCL INFO Trees [0] 4/-1/-1->3->2 [1] 4/-1/-1->3->2 [2] 5/-1/-1->3->1 [3] 5/-1/-1->3->1 [4] -1/-1/-1->3->6 [5] -1/-1/-1->3->6 [6] 7/-1/-1->3->0 [7] 4/-1/-1->3->2 [8] 4/-1/-1->3->2 [9] 5/-1/-1->3->1 [10] 5/-1/-1->3->1 [11] -1/-1/-1->3->6 [12] -1/-1/-1->3->6 [13] 7/-1/-1->3->0 [14] 4/-1/-1->3->2 [15] 4/-1/-1->3->2 [16] 5/-1/-1->3->1 [17] 5/-1/-1->3->1 [18] -1/-1/-1->3->6 [19] -1/-1/-1->3->6 [20] 7/-1/-1->3->0 [21] 4/-1/-1->3->2 [22] 4/-1/-1->3->2 [23] 5/-1/-1->3->1 [24] 5/-1/-1->3->1 [25] -1/-1/-1->3->6 [26] -1/-1/-1->3->6 [27] 7/-1/-1->3->0 [28] 4/-1/-1->3->2 [29] 4/-1/-1->3->2 [30] 5/-1/-1->3->1 [31] 5/-1/-1->3->1 comm 0x6cc58a70 nRanks 16 busId 65000
mi300x-01:401:7096 [2] NCCL INFO P2P Chunksize set to 131072
mi300x-01:403:7095 [4] NCCL INFO P2P Chunksize set to 131072
mi300x-01:399:7092 [0] NCCL INFO Channel 24/32 :    0   7   6   5   4   2  11   9   8  15  14  13  12  10   3   1
mi300x-01:402:7094 [3] NCCL INFO P2P Chunksize set to 131072
mi300x-01:399:7092 [0] NCCL INFO Channel 25/32 :    0   3   2   7   5   6  12   9   8  11  10  15  13  14   4   1
mi300x-01:399:7092 [0] NCCL INFO Channel 26/32 :    0   3   6   2   4   7  13   9   8  11  14  10  12  15   5   1
mi300x-01:399:7092 [0] NCCL INFO Channel 27/32 :    0   3   6   2   4   7  13   9   8  11  14  10  12  15   5   1
mi300x-01:399:7092 [0] NCCL INFO Channel 28/32 :    0   7   6   5   4   3   2   1   8  15  14  13  12  11  10   9
mi300x-01:399:7092 [0] NCCL INFO Channel 29/32 :    0   7   6   5   4   3   2   1   8  15  14  13  12  11  10   9
mi300x-01:399:7092 [0] NCCL INFO Channel 30/32 :    0   7   6   5   4   3   2   1   8  15  14  13  12  11  10   9
mi300x-01:399:7092 [0] NCCL INFO Channel 31/32 :    0   7   6   5   4   2  11   9   8  15  14  13  12  10   3   1
mi300x-01:399:7092 [0] NCCL INFO Trees [0] 1/8/-1->0->-1 [1] 1/8/-1->0->-1 [2] 4/-1/-1->0->7 [3] 4/-1/-1->0->7 [4] 2/-1/-1->0->5 [5] 2/-1/-1->0->5 [6] 3/-1/-1->0->4 [7] 1/-1/-1->0->8 [8] 1/-1/-1->0->8 [9] 4/-1/-1->0->7 [10] 4/-1/-1->0->7 [11] 2/-1/-1->0->5 [12] 2/-1/-1->0->5 [13] 3/-1/-1->0->4 [14] 1/8/-1->0->-1 [15] 1/8/-1->0->-1 [16] 4/-1/-1->0->7 [17] 4/-1/-1->0->7 [18] 2/-1/-1->0->5 [19] 2/-1/-1->0->5 [20] 3/-1/-1->0->4 [21] 1/-1/-1->0->8 [22] 1/-1/-1->0->8 [23] 4/-1/-1->0->7 [24] 4/-1/-1->0->7 [25] 2/-1/-1->0->5 [26] 2/-1/-1->0->5 [27] 3/-1/-1->0->4 [28] 1/8/-1->0->-1 [29] 1/8/-1->0->-1 [30] 4/-1/-1->0->7 [31] 4/-1/-1->0->7 comm 0x6cbf32a0 nRanks 16 busId 5000
mi300x-01:399:7092 [0] NCCL INFO P2P Chunksize set to 131072
mi300x-01:399:7092 [0] NCCL INFO Channel 04/0 : 0[5000] -> 3[65000] via P2P/IPC comm 0x6cbf32a0 nRanks 16
mi300x-01:404:7097 [5] NCCL INFO Channel 04/0 : 5[a6000] -> 6[c6000] via P2P/IPC comm 0x6cee0f90 nRanks 16
mi300x-01:401:7096 [2] NCCL INFO Channel 05/0 : 2[46000] -> 4[85000] via P2P/IPC comm 0x6cff8650 nRanks 16
mi300x-01:399:7092 [0] NCCL INFO Channel 05/0 : 0[5000] -> 3[65000] via P2P/IPC comm 0x6cbf32a0 nRanks 16
mi300x-01:400:7093 [1] NCCL INFO Channel 00/0 : 1[26000] -> 8[5000] [send] via NET/Socket/0 comm 0x6cf53fd0 nRanks 16
mi300x-01:404:7097 [5] NCCL INFO Channel 11/0 : 5[a6000] -> 6[c6000] via P2P/IPC comm 0x6cee0f90 nRanks 16
mi300x-01:400:7093 [1] NCCL INFO Channel 01/0 : 1[26000] -> 8[5000] [send] via NET/Socket/2 comm 0x6cf53fd0 nRanks 16
mi300x-01:400:7093 [1] NCCL INFO Channel 02/0 : 1[26000] -> 8[5000] [send] via NET/Socket/1 comm 0x6cf53fd0 nRanks 16
mi300x-01:400:7093 [1] NCCL INFO Channel 07/0 : 1[26000] -> 8[5000] [send] via NET/Socket/0 comm 0x6cf53fd0 nRanks 16
mi300x-01:400:7093 [1] NCCL INFO Channel 08/0 : 1[26000] -> 8[5000] [send] via NET/Socket/2 comm 0x6cf53fd0 nRanks 16
mi300x-01:400:7093 [1] NCCL INFO Channel 09/0 : 1[26000] -> 8[5000] [send] via NET/Socket/1 comm 0x6cf53fd0 nRanks 16
mi300x-01:400:7093 [1] NCCL INFO Channel 14/0 : 1[26000] -> 8[5000] [send] via NET/Socket/0 comm 0x6cf53fd0 nRanks 16
mi300x-01:400:7093 [1] NCCL INFO Channel 15/0 : 1[26000] -> 8[5000] [send] via NET/Socket/2 comm 0x6cf53fd0 nRanks 16
mi300x-01:401:7096 [2] NCCL INFO Channel 06/0 : 2[46000] -> 4[85000] via P2P/IPC comm 0x6cff8650 nRanks 16
mi300x-01:400:7093 [1] NCCL INFO Channel 16/0 : 1[26000] -> 8[5000] [send] via NET/Socket/1 comm 0x6cf53fd0 nRanks 16
mi300x-01:400:7093 [1] NCCL INFO Channel 21/0 : 1[26000] -> 8[5000] [send] via NET/Socket/0 comm 0x6cf53fd0 nRanks 16
mi300x-01:400:7093 [1] NCCL INFO Channel 22/0 : 1[26000] -> 8[5000] [send] via NET/Socket/2 comm 0x6cf53fd0 nRanks 16
mi300x-01:400:7093 [1] NCCL INFO Channel 23/0 : 1[26000] -> 8[5000] [send] via NET/Socket/1 comm 0x6cf53fd0 nRanks 16
mi300x-01:400:7093 [1] NCCL INFO Channel 28/0 : 1[26000] -> 8[5000] [send] via NET/Socket/0 comm 0x6cf53fd0 nRanks 16
mi300x-01:400:7093 [1] NCCL INFO Channel 29/0 : 1[26000] -> 8[5000] [send] via NET/Socket/2 comm 0x6cf53fd0 nRanks 16
mi300x-01:400:7093 [1] NCCL INFO Channel 30/0 : 1[26000] -> 8[5000] [send] via NET/Socket/1 comm 0x6cf53fd0 nRanks 16
mi300x-01:399:7092 [0] NCCL INFO Channel 06/0 : 0[5000] -> 3[65000] via P2P/IPC comm 0x6cbf32a0 nRanks 16
mi300x-01:404:7097 [5] NCCL INFO Channel 18/0 : 5[a6000] -> 6[c6000] via P2P/IPC comm 0x6cee0f90 nRanks 16
mi300x-01:401:7096 [2] NCCL INFO Channel 12/0 : 2[46000] -> 4[85000] via P2P/IPC comm 0x6cff8650 nRanks 16
mi300x-01:399:7092 [0] NCCL INFO Channel 11/0 : 0[5000] -> 3[65000] via P2P/IPC comm 0x6cbf32a0 nRanks 16
mi300x-01:404:7097 [5] NCCL INFO Channel 25/0 : 5[a6000] -> 6[c6000] via P2P/IPC comm 0x6cee0f90 nRanks 16
mi300x-01:399:7092 [0] NCCL INFO Channel 12/0 : 0[5000] -> 3[65000] via P2P/IPC comm 0x6cbf32a0 nRanks 16
mi300x-01:401:7096 [2] NCCL INFO Channel 13/0 : 2[46000] -> 4[85000] via P2P/IPC comm 0x6cff8650 nRanks 16
mi300x-01:399:7092 [0] NCCL INFO Channel 13/0 : 0[5000] -> 3[65000] via P2P/IPC comm 0x6cbf32a0 nRanks 16
mi300x-01:401:7096 [2] NCCL INFO Channel 19/0 : 2[46000] -> 4[85000] via P2P/IPC comm 0x6cff8650 nRanks 16
mi300x-01:399:7092 [0] NCCL INFO Channel 18/0 : 0[5000] -> 3[65000] via P2P/IPC comm 0x6cbf32a0 nRanks 16
mi300x-01:404:7097 [5] NCCL INFO Channel 05/0 : 15[e5000] -> 5[a6000] [receive] via NET/Socket/6 comm 0x6cee0f90 nRanks 16
mi300x-01:404:7097 [5] NCCL INFO Channel 06/0 : 15[e5000] -> 5[a6000] [receive] via NET/Socket/5 comm 0x6cee0f90 nRanks 16
mi300x-01:404:7097 [5] NCCL INFO Channel 12/0 : 15[e5000] -> 5[a6000] [receive] via NET/Socket/6 comm 0x6cee0f90 nRanks 16
mi300x-01:401:7096 [2] NCCL INFO Channel 20/0 : 2[46000] -> 4[85000] via P2P/IPC comm 0x6cff8650 nRanks 16
mi300x-01:404:7097 [5] NCCL INFO Channel 13/0 : 15[e5000] -> 5[a6000] [receive] via NET/Socket/5 comm 0x6cee0f90 nRanks 16
mi300x-01:399:7092 [0] NCCL INFO Channel 19/0 : 0[5000] -> 3[65000] via P2P/IPC comm 0x6cbf32a0 nRanks 16
mi300x-01:404:7097 [5] NCCL INFO Channel 19/0 : 15[e5000] -> 5[a6000] [receive] via NET/Socket/6 comm 0x6cee0f90 nRanks 16
mi300x-01:404:7097 [5] NCCL INFO Channel 20/0 : 15[e5000] -> 5[a6000] [receive] via NET/Socket/5 comm 0x6cee0f90 nRanks 16
mi300x-01:404:7097 [5] NCCL INFO Channel 26/0 : 15[e5000] -> 5[a6000] [receive] via NET/Socket/6 comm 0x6cee0f90 nRanks 16
mi300x-01:404:7097 [5] NCCL INFO Channel 27/0 : 15[e5000] -> 5[a6000] [receive] via NET/Socket/5 comm 0x6cee0f90 nRanks 16
mi300x-01:401:7096 [2] NCCL INFO Channel 26/0 : 2[46000] -> 4[85000] via P2P/IPC comm 0x6cff8650 nRanks 16
mi300x-01:399:7092 [0] NCCL INFO Channel 20/0 : 0[5000] -> 3[65000] via P2P/IPC comm 0x6cbf32a0 nRanks 16
mi300x-01:401:7096 [2] NCCL INFO Channel 27/0 : 2[46000] -> 4[85000] via P2P/IPC comm 0x6cff8650 nRanks 16
mi300x-01:399:7092 [0] NCCL INFO Channel 25/0 : 0[5000] -> 3[65000] via P2P/IPC comm 0x6cbf32a0 nRanks 16
mi300x-01:399:7092 [0] NCCL INFO Channel 26/0 : 0[5000] -> 3[65000] via P2P/IPC comm 0x6cbf32a0 nRanks 16
mi300x-01:403:7095 [4] NCCL INFO Channel 05/0 : 4[85000] -> 7[e5000] via P2P/IPC comm 0x6cc2ba90 nRanks 16
mi300x-01:401:7096 [2] NCCL INFO Channel 04/0 : 2[46000] -> 7[e5000] via P2P/IPC comm 0x6cff8650 nRanks 16
mi300x-01:399:7092 [0] NCCL INFO Channel 27/0 : 0[5000] -> 3[65000] via P2P/IPC comm 0x6cbf32a0 nRanks 16
mi300x-01:401:7096 [2] NCCL INFO Channel 11/0 : 2[46000] -> 7[e5000] via P2P/IPC comm 0x6cff8650 nRanks 16
mi300x-01:403:7095 [4] NCCL INFO Channel 06/0 : 4[85000] -> 7[e5000] via P2P/IPC comm 0x6cc2ba90 nRanks 16
mi300x-01:401:7096 [2] NCCL INFO Channel 18/0 : 2[46000] -> 7[e5000] via P2P/IPC comm 0x6cff8650 nRanks 16
mi300x-01:403:7095 [4] NCCL INFO Channel 12/0 : 4[85000] -> 7[e5000] via P2P/IPC comm 0x6cc2ba90 nRanks 16
mi300x-01:401:7096 [2] NCCL INFO Channel 25/0 : 2[46000] -> 7[e5000] via P2P/IPC comm 0x6cff8650 nRanks 16
mi300x-01:403:7095 [4] NCCL INFO Channel 13/0 : 4[85000] -> 7[e5000] via P2P/IPC comm 0x6cc2ba90 nRanks 16
mi300x-01:402:7094 [3] NCCL INFO Channel 05/0 : 3[65000] -> 6[c6000] via P2P/IPC comm 0x6cc58a70 nRanks 16
mi300x-01:403:7095 [4] NCCL INFO Channel 19/0 : 4[85000] -> 7[e5000] via P2P/IPC comm 0x6cc2ba90 nRanks 16
mi300x-01:402:7094 [3] NCCL INFO Channel 06/0 : 3[65000] -> 6[c6000] via P2P/IPC comm 0x6cc58a70 nRanks 16
mi300x-01:403:7095 [4] NCCL INFO Channel 20/0 : 4[85000] -> 7[e5000] via P2P/IPC comm 0x6cc2ba90 nRanks 16
mi300x-01:402:7094 [3] NCCL INFO Channel 12/0 : 3[65000] -> 6[c6000] via P2P/IPC comm 0x6cc58a70 nRanks 16
mi300x-01:403:7095 [4] NCCL INFO Channel 26/0 : 4[85000] -> 7[e5000] via P2P/IPC comm 0x6cc2ba90 nRanks 16
mi300x-01:402:7094 [3] NCCL INFO Channel 13/0 : 3[65000] -> 6[c6000] via P2P/IPC comm 0x6cc58a70 nRanks 16
mi300x-01:403:7095 [4] NCCL INFO Channel 27/0 : 4[85000] -> 7[e5000] via P2P/IPC comm 0x6cc2ba90 nRanks 16
mi300x-01:402:7094 [3] NCCL INFO Channel 19/0 : 3[65000] -> 6[c6000] via P2P/IPC comm 0x6cc58a70 nRanks 16
mi300x-01:402:7094 [3] NCCL INFO Channel 20/0 : 3[65000] -> 6[c6000] via P2P/IPC comm 0x6cc58a70 nRanks 16
mi300x-01:402:7094 [3] NCCL INFO Channel 26/0 : 3[65000] -> 6[c6000] via P2P/IPC comm 0x6cc58a70 nRanks 16
mi300x-01:403:7095 [4] NCCL INFO Channel 04/0 : 14[c6000] -> 4[85000] [receive] via NET/Socket/4 comm 0x6cc2ba90 nRanks 16
mi300x-01:403:7095 [4] NCCL INFO Channel 11/0 : 14[c6000] -> 4[85000] [receive] via NET/Socket/4 comm 0x6cc2ba90 nRanks 16
mi300x-01:403:7095 [4] NCCL INFO Channel 18/0 : 14[c6000] -> 4[85000] [receive] via NET/Socket/4 comm 0x6cc2ba90 nRanks 16
mi300x-01:403:7095 [4] NCCL INFO Channel 25/0 : 14[c6000] -> 4[85000] [receive] via NET/Socket/4 comm 0x6cc2ba90 nRanks 16
mi300x-01:402:7094 [3] NCCL INFO Channel 27/0 : 3[65000] -> 6[c6000] via P2P/IPC comm 0x6cc58a70 nRanks 16
mi300x-01:403:7095 [4] NCCL INFO Channel 04/0 : 4[85000] -> 1[26000] via P2P/IPC comm 0x6cc2ba90 nRanks 16
mi300x-01:404:7097 [5] NCCL INFO Channel 05/0 : 5[a6000] -> 1[26000] via P2P/IPC comm 0x6cee0f90 nRanks 16
mi300x-01:403:7095 [4] NCCL INFO Channel 11/0 : 4[85000] -> 1[26000] via P2P/IPC comm 0x6cc2ba90 nRanks 16
mi300x-01:404:7097 [5] NCCL INFO Channel 06/0 : 5[a6000] -> 1[26000] via P2P/IPC comm 0x6cee0f90 nRanks 16
mi300x-01:399:7092 [0] NCCL INFO Channel 00/0 : 9[26000] -> 0[5000] [receive] via NET/Socket/0 comm 0x6cbf32a0 nRanks 16
mi300x-01:405:7099 [6] NCCL INFO Channel 04/0 : 6[c6000] -> 12[85000] [send] via NET/Socket/4 comm 0x6cbea790 nRanks 16
mi300x-01:402:7094 [3] NCCL INFO Channel 03/0 : 10[46000] -> 3[65000] [receive] via NET/Socket/3 comm 0x6cc58a70 nRanks 16
mi300x-01:403:7095 [4] NCCL INFO Channel 18/0 : 4[85000] -> 1[26000] via P2P/IPC comm 0x6cc2ba90 nRanks 16
mi300x-01:405:7099 [6] NCCL INFO Channel 11/0 : 6[c6000] -> 12[85000] [send] via NET/Socket/4 comm 0x6cbea790 nRanks 16
mi300x-01:399:7092 [0] NCCL INFO Channel 01/0 : 9[26000] -> 0[5000] [receive] via NET/Socket/2 comm 0x6cbf32a0 nRanks 16
mi300x-01:405:7099 [6] NCCL INFO Channel 18/0 : 6[c6000] -> 12[85000] [send] via NET/Socket/4 comm 0x6cbea790 nRanks 16
mi300x-01:402:7094 [3] NCCL INFO Channel 10/0 : 10[46000] -> 3[65000] [receive] via NET/Socket/3 comm 0x6cc58a70 nRanks 16
mi300x-01:405:7099 [6] NCCL INFO Channel 25/0 : 6[c6000] -> 12[85000] [send] via NET/Socket/4 comm 0x6cbea790 nRanks 16
mi300x-01:399:7092 [0] NCCL INFO Channel 02/0 : 9[26000] -> 0[5000] [receive] via NET/Socket/1 comm 0x6cbf32a0 nRanks 16
mi300x-01:402:7094 [3] NCCL INFO Channel 17/0 : 10[46000] -> 3[65000] [receive] via NET/Socket/3 comm 0x6cc58a70 nRanks 16
mi300x-01:405:7099 [6] NCCL INFO Channel 05/0 : 6[c6000] -> 2[46000] via P2P/IPC comm 0x6cbea790 nRanks 16
mi300x-01:399:7092 [0] NCCL INFO Channel 07/0 : 9[26000] -> 0[5000] [receive] via NET/Socket/0 comm 0x6cbf32a0 nRanks 16
mi300x-01:402:7094 [3] NCCL INFO Channel 24/0 : 10[46000] -> 3[65000] [receive] via NET/Socket/3 comm 0x6cc58a70 nRanks 16
mi300x-01:399:7092 [0] NCCL INFO Channel 08/0 : 9[26000] -> 0[5000] [receive] via NET/Socket/2 comm 0x6cbf32a0 nRanks 16
mi300x-01:402:7094 [3] NCCL INFO Channel 31/0 : 10[46000] -> 3[65000] [receive] via NET/Socket/3 comm 0x6cc58a70 nRanks 16
mi300x-01:399:7092 [0] NCCL INFO Channel 09/0 : 9[26000] -> 0[5000] [receive] via NET/Socket/1 comm 0x6cbf32a0 nRanks 16
mi300x-01:402:7094 [3] NCCL INFO Channel 03/0 : 3[65000] -> 1[26000] via P2P/IPC comm 0x6cc58a70 nRanks 16
mi300x-01:399:7092 [0] NCCL INFO Channel 14/0 : 9[26000] -> 0[5000] [receive] via NET/Socket/0 comm 0x6cbf32a0 nRanks 16
mi300x-01:404:7097 [5] NCCL INFO Channel 12/0 : 5[a6000] -> 1[26000] via P2P/IPC comm 0x6cee0f90 nRanks 16
mi300x-01:399:7092 [0] NCCL INFO Channel 15/0 : 9[26000] -> 0[5000] [receive] via NET/Socket/2 comm 0x6cbf32a0 nRanks 16
mi300x-01:406:7098 [7] NCCL INFO Channel 05/0 : 7[e5000] -> 13[a6000] [send] via NET/Socket/6 comm 0x6cefd350 nRanks 16
mi300x-01:401:7096 [2] NCCL INFO Channel 03/0 : 2[46000] -> 11[65000] [send] via NET/Socket/3 comm 0x6cff8650 nRanks 16
mi300x-01:406:7098 [7] NCCL INFO Channel 06/0 : 7[e5000] -> 13[a6000] [send] via NET/Socket/5 comm 0x6cefd350 nRanks 16
mi300x-01:399:7092 [0] NCCL INFO Channel 16/0 : 9[26000] -> 0[5000] [receive] via NET/Socket/1 comm 0x6cbf32a0 nRanks 16
mi300x-01:401:7096 [2] NCCL INFO Channel 10/0 : 2[46000] -> 11[65000] [send] via NET/Socket/3 comm 0x6cff8650 nRanks 16
mi300x-01:406:7098 [7] NCCL INFO Channel 12/0 : 7[e5000] -> 13[a6000] [send] via NET/Socket/6 comm 0x6cefd350 nRanks 16
mi300x-01:399:7092 [0] NCCL INFO Channel 21/0 : 9[26000] -> 0[5000] [receive] via NET/Socket/0 comm 0x6cbf32a0 nRanks 16
mi300x-01:401:7096 [2] NCCL INFO Channel 17/0 : 2[46000] -> 11[65000] [send] via NET/Socket/3 comm 0x6cff8650 nRanks 16
mi300x-01:406:7098 [7] NCCL INFO Channel 13/0 : 7[e5000] -> 13[a6000] [send] via NET/Socket/5 comm 0x6cefd350 nRanks 16
mi300x-01:401:7096 [2] NCCL INFO Channel 24/0 : 2[46000] -> 11[65000] [send] via NET/Socket/3 comm 0x6cff8650 nRanks 16
mi300x-01:399:7092 [0] NCCL INFO Channel 22/0 : 9[26000] -> 0[5000] [receive] via NET/Socket/2 comm 0x6cbf32a0 nRanks 16
mi300x-01:403:7095 [4] NCCL INFO Channel 25/0 : 4[85000] -> 1[26000] via P2P/IPC comm 0x6cc2ba90 nRanks 16
mi300x-01:406:7098 [7] NCCL INFO Channel 19/0 : 7[e5000] -> 13[a6000] [send] via NET/Socket/6 comm 0x6cefd350 nRanks 16
mi300x-01:401:7096 [2] NCCL INFO Channel 31/0 : 2[46000] -> 11[65000] [send] via NET/Socket/3 comm 0x6cff8650 nRanks 16
mi300x-01:406:7098 [7] NCCL INFO Channel 20/0 : 7[e5000] -> 13[a6000] [send] via NET/Socket/5 comm 0x6cefd350 nRanks 16
mi300x-01:399:7092 [0] NCCL INFO Channel 23/0 : 9[26000] -> 0[5000] [receive] via NET/Socket/1 comm 0x6cbf32a0 nRanks 16
mi300x-01:406:7098 [7] NCCL INFO Channel 26/0 : 7[e5000] -> 13[a6000] [send] via NET/Socket/6 comm 0x6cefd350 nRanks 16
mi300x-01:399:7092 [0] NCCL INFO Channel 28/0 : 9[26000] -> 0[5000] [receive] via NET/Socket/0 comm 0x6cbf32a0 nRanks 16
mi300x-01:406:7098 [7] NCCL INFO Channel 27/0 : 7[e5000] -> 13[a6000] [send] via NET/Socket/5 comm 0x6cefd350 nRanks 16
mi300x-01:399:7092 [0] NCCL INFO Channel 29/0 : 9[26000] -> 0[5000] [receive] via NET/Socket/2 comm 0x6cbf32a0 nRanks 16
mi300x-01:405:7099 [6] NCCL INFO Channel 06/0 : 6[c6000] -> 2[46000] via P2P/IPC comm 0x6cbea790 nRanks 16
mi300x-01:399:7092 [0] NCCL INFO Channel 30/0 : 9[26000] -> 0[5000] [receive] via NET/Socket/1 comm 0x6cbf32a0 nRanks 16
mi300x-01:399:7092 [0] NCCL INFO Channel 00/0 : 0[5000] -> 7[e5000] via P2P/IPC comm 0x6cbf32a0 nRanks 16
mi300x-01:402:7094 [3] NCCL INFO Channel 10/0 : 3[65000] -> 1[26000] via P2P/IPC comm 0x6cc58a70 nRanks 16
mi300x-01:404:7097 [5] NCCL INFO Channel 13/0 : 5[a6000] -> 1[26000] via P2P/IPC comm 0x6cee0f90 nRanks 16
mi300x-01:405:7099 [6] NCCL INFO Channel 12/0 : 6[c6000] -> 2[46000] via P2P/IPC comm 0x6cbea790 nRanks 16
mi300x-01:402:7094 [3] NCCL INFO Channel 17/0 : 3[65000] -> 1[26000] via P2P/IPC comm 0x6cc58a70 nRanks 16
mi300x-01:404:7097 [5] NCCL INFO Channel 19/0 : 5[a6000] -> 1[26000] via P2P/IPC comm 0x6cee0f90 nRanks 16
mi300x-01:399:7092 [0] NCCL INFO Channel 01/0 : 0[5000] -> 7[e5000] via P2P/IPC comm 0x6cbf32a0 nRanks 16
mi300x-01:402:7094 [3] NCCL INFO Channel 24/0 : 3[65000] -> 1[26000] via P2P/IPC comm 0x6cc58a70 nRanks 16
mi300x-01:404:7097 [5] NCCL INFO Channel 20/0 : 5[a6000] -> 1[26000] via P2P/IPC comm 0x6cee0f90 nRanks 16
mi300x-01:399:7092 [0] NCCL INFO Channel 02/0 : 0[5000] -> 7[e5000] via P2P/IPC comm 0x6cbf32a0 nRanks 16
mi300x-01:405:7099 [6] NCCL INFO Channel 13/0 : 6[c6000] -> 2[46000] via P2P/IPC comm 0x6cbea790 nRanks 16
mi300x-01:402:7094 [3] NCCL INFO Channel 31/0 : 3[65000] -> 1[26000] via P2P/IPC comm 0x6cc58a70 nRanks 16
mi300x-01:399:7092 [0] NCCL INFO Channel 03/0 : 0[5000] -> 7[e5000] via P2P/IPC comm 0x6cbf32a0 nRanks 16
mi300x-01:404:7097 [5] NCCL INFO Channel 26/0 : 5[a6000] -> 1[26000] via P2P/IPC comm 0x6cee0f90 nRanks 16
mi300x-01:405:7099 [6] NCCL INFO Channel 19/0 : 6[c6000] -> 2[46000] via P2P/IPC comm 0x6cbea790 nRanks 16
mi300x-01:399:7092 [0] NCCL INFO Channel 07/0 : 0[5000] -> 7[e5000] via P2P/IPC comm 0x6cbf32a0 nRanks 16
mi300x-01:404:7097 [5] NCCL INFO Channel 27/0 : 5[a6000] -> 1[26000] via P2P/IPC comm 0x6cee0f90 nRanks 16
mi300x-01:405:7099 [6] NCCL INFO Channel 20/0 : 6[c6000] -> 2[46000] via P2P/IPC comm 0x6cbea790 nRanks 16
mi300x-01:399:7092 [0] NCCL INFO Channel 08/0 : 0[5000] -> 7[e5000] via P2P/IPC comm 0x6cbf32a0 nRanks 16
mi300x-01:405:7099 [6] NCCL INFO Channel 26/0 : 6[c6000] -> 2[46000] via P2P/IPC comm 0x6cbea790 nRanks 16
mi300x-01:399:7092 [0] NCCL INFO Channel 09/0 : 0[5000] -> 7[e5000] via P2P/IPC comm 0x6cbf32a0 nRanks 16
mi300x-01:405:7099 [6] NCCL INFO Channel 27/0 : 6[c6000] -> 2[46000] via P2P/IPC comm 0x6cbea790 nRanks 16
mi300x-01:399:7092 [0] NCCL INFO Channel 10/0 : 0[5000] -> 7[e5000] via P2P/IPC comm 0x6cbf32a0 nRanks 16
mi300x-01:399:7092 [0] NCCL INFO Channel 14/0 : 0[5000] -> 7[e5000] via P2P/IPC comm 0x6cbf32a0 nRanks 16
mi300x-01:399:7092 [0] NCCL INFO Channel 15/0 : 0[5000] -> 7[e5000] via P2P/IPC comm 0x6cbf32a0 nRanks 16
mi300x-01:399:7092 [0] NCCL INFO Channel 16/0 : 0[5000] -> 7[e5000] via P2P/IPC comm 0x6cbf32a0 nRanks 16
mi300x-01:399:7092 [0] NCCL INFO Channel 17/0 : 0[5000] -> 7[e5000] via P2P/IPC comm 0x6cbf32a0 nRanks 16
mi300x-01:399:7092 [0] NCCL INFO Channel 21/0 : 0[5000] -> 7[e5000] via P2P/IPC comm 0x6cbf32a0 nRanks 16
mi300x-01:399:7092 [0] NCCL INFO Channel 22/0 : 0[5000] -> 7[e5000] via P2P/IPC comm 0x6cbf32a0 nRanks 16
mi300x-01:399:7092 [0] NCCL INFO Channel 23/0 : 0[5000] -> 7[e5000] via P2P/IPC comm 0x6cbf32a0 nRanks 16
mi300x-01:399:7092 [0] NCCL INFO Channel 24/0 : 0[5000] -> 7[e5000] via P2P/IPC comm 0x6cbf32a0 nRanks 16
mi300x-01:399:7092 [0] NCCL INFO Channel 28/0 : 0[5000] -> 7[e5000] via P2P/IPC comm 0x6cbf32a0 nRanks 16
mi300x-01:399:7092 [0] NCCL INFO Channel 29/0 : 0[5000] -> 7[e5000] via P2P/IPC comm 0x6cbf32a0 nRanks 16
mi300x-01:399:7092 [0] NCCL INFO Channel 30/0 : 0[5000] -> 7[e5000] via P2P/IPC comm 0x6cbf32a0 nRanks 16
mi300x-01:399:7092 [0] NCCL INFO Channel 31/0 : 0[5000] -> 7[e5000] via P2P/IPC comm 0x6cbf32a0 nRanks 16
mi300x-01:406:7098 [7] NCCL INFO Channel 04/0 : 7[e5000] -> 5[a6000] via P2P/IPC comm 0x6cefd350 nRanks 16
mi300x-01:406:7098 [7] NCCL INFO Channel 11/0 : 7[e5000] -> 5[a6000] via P2P/IPC comm 0x6cefd350 nRanks 16
mi300x-01:406:7098 [7] NCCL INFO Channel 18/0 : 7[e5000] -> 5[a6000] via P2P/IPC comm 0x6cefd350 nRanks 16
mi300x-01:406:7098 [7] NCCL INFO Channel 25/0 : 7[e5000] -> 5[a6000] via P2P/IPC comm 0x6cefd350 nRanks 16
mi300x-01:405:7099 [6] NCCL INFO Channel 00/0 : 6[c6000] -> 5[a6000] via P2P/IPC comm 0x6cbea790 nRanks 16
mi300x-01:405:7099 [6] NCCL INFO Channel 01/0 : 6[c6000] -> 5[a6000] via P2P/IPC comm 0x6cbea790 nRanks 16
mi300x-01:405:7099 [6] NCCL INFO Channel 02/0 : 6[c6000] -> 5[a6000] via P2P/IPC comm 0x6cbea790 nRanks 16
mi300x-01:405:7099 [6] NCCL INFO Channel 03/0 : 6[c6000] -> 5[a6000] via P2P/IPC comm 0x6cbea790 nRanks 16
mi300x-01:406:7098 [7] NCCL INFO Channel 00/0 : 7[e5000] -> 6[c6000] via P2P/IPC comm 0x6cefd350 nRanks 16
mi300x-01:403:7095 [4] NCCL INFO Channel 03/0 : 4[85000] -> 2[46000] via P2P/IPC comm 0x6cc2ba90 nRanks 16
mi300x-01:405:7099 [6] NCCL INFO Channel 07/0 : 6[c6000] -> 5[a6000] via P2P/IPC comm 0x6cbea790 nRanks 16
mi300x-01:406:7098 [7] NCCL INFO Channel 01/0 : 7[e5000] -> 6[c6000] via P2P/IPC comm 0x6cefd350 nRanks 16
mi300x-01:405:7099 [6] NCCL INFO Channel 08/0 : 6[c6000] -> 5[a6000] via P2P/IPC comm 0x6cbea790 nRanks 16
mi300x-01:403:7095 [4] NCCL INFO Channel 10/0 : 4[85000] -> 2[46000] via P2P/IPC comm 0x6cc2ba90 nRanks 16
mi300x-01:406:7098 [7] NCCL INFO Channel 02/0 : 7[e5000] -> 6[c6000] via P2P/IPC comm 0x6cefd350 nRanks 16
mi300x-01:405:7099 [6] NCCL INFO Channel 09/0 : 6[c6000] -> 5[a6000] via P2P/IPC comm 0x6cbea790 nRanks 16
mi300x-01:403:7095 [4] NCCL INFO Channel 17/0 : 4[85000] -> 2[46000] via P2P/IPC comm 0x6cc2ba90 nRanks 16
mi300x-01:406:7098 [7] NCCL INFO Channel 03/0 : 7[e5000] -> 6[c6000] via P2P/IPC comm 0x6cefd350 nRanks 16
mi300x-01:405:7099 [6] NCCL INFO Channel 10/0 : 6[c6000] -> 5[a6000] via P2P/IPC comm 0x6cbea790 nRanks 16
mi300x-01:403:7095 [4] NCCL INFO Channel 24/0 : 4[85000] -> 2[46000] via P2P/IPC comm 0x6cc2ba90 nRanks 16
mi300x-01:406:7098 [7] NCCL INFO Channel 07/0 : 7[e5000] -> 6[c6000] via P2P/IPC comm 0x6cefd350 nRanks 16
mi300x-01:405:7099 [6] NCCL INFO Channel 14/0 : 6[c6000] -> 5[a6000] via P2P/IPC comm 0x6cbea790 nRanks 16
mi300x-01:403:7095 [4] NCCL INFO Channel 31/0 : 4[85000] -> 2[46000] via P2P/IPC comm 0x6cc2ba90 nRanks 16
mi300x-01:406:7098 [7] NCCL INFO Channel 08/0 : 7[e5000] -> 6[c6000] via P2P/IPC comm 0x6cefd350 nRanks 16
mi300x-01:405:7099 [6] NCCL INFO Channel 15/0 : 6[c6000] -> 5[a6000] via P2P/IPC comm 0x6cbea790 nRanks 16
mi300x-01:406:7098 [7] NCCL INFO Channel 09/0 : 7[e5000] -> 6[c6000] via P2P/IPC comm 0x6cefd350 nRanks 16
mi300x-01:405:7099 [6] NCCL INFO Channel 16/0 : 6[c6000] -> 5[a6000] via P2P/IPC comm 0x6cbea790 nRanks 16
mi300x-01:406:7098 [7] NCCL INFO Channel 10/0 : 7[e5000] -> 6[c6000] via P2P/IPC comm 0x6cefd350 nRanks 16
mi300x-01:405:7099 [6] NCCL INFO Channel 17/0 : 6[c6000] -> 5[a6000] via P2P/IPC comm 0x6cbea790 nRanks 16
mi300x-01:406:7098 [7] NCCL INFO Channel 14/0 : 7[e5000] -> 6[c6000] via P2P/IPC comm 0x6cefd350 nRanks 16
mi300x-01:405:7099 [6] NCCL INFO Channel 21/0 : 6[c6000] -> 5[a6000] via P2P/IPC comm 0x6cbea790 nRanks 16
mi300x-01:406:7098 [7] NCCL INFO Channel 15/0 : 7[e5000] -> 6[c6000] via P2P/IPC comm 0x6cefd350 nRanks 16
mi300x-01:405:7099 [6] NCCL INFO Channel 22/0 : 6[c6000] -> 5[a6000] via P2P/IPC comm 0x6cbea790 nRanks 16
mi300x-01:406:7098 [7] NCCL INFO Channel 16/0 : 7[e5000] -> 6[c6000] via P2P/IPC comm 0x6cefd350 nRanks 16
mi300x-01:405:7099 [6] NCCL INFO Channel 23/0 : 6[c6000] -> 5[a6000] via P2P/IPC comm 0x6cbea790 nRanks 16
mi300x-01:406:7098 [7] NCCL INFO Channel 17/0 : 7[e5000] -> 6[c6000] via P2P/IPC comm 0x6cefd350 nRanks 16
