mi300x-01:399:3378 [0] NCCL INFO Channel 29/0 : 0[5000] -> 1[26000] via P2P/IPC comm 0x6e0d5c40 nRanks 02
mi300x-01:400:3379 [1] NCCL INFO Channel 29/0 : 1[26000] -> 0[5000] via P2P/IPC comm 0x6df99e10 nRanks 02
mi300x-01:399:3378 [0] NCCL INFO Channel 30/0 : 0[5000] -> 1[26000] via P2P/IPC comm 0x6e0d5c40 nRanks 02
mi300x-01:400:3379 [1] NCCL INFO Channel 30/0 : 1[26000] -> 0[5000] via P2P/IPC comm 0x6df99e10 nRanks 02
mi300x-01:399:3378 [0] NCCL INFO Channel 31/0 : 0[5000] -> 1[26000] via P2P/IPC comm 0x6e0d5c40 nRanks 02
mi300x-01:400:3379 [1] NCCL INFO Channel 31/0 : 1[26000] -> 0[5000] via P2P/IPC comm 0x6df99e10 nRanks 02
mi300x-01:405:405 [6] NCCL INFO Kernel version: 5.15.0-113-generic
mi300x-01:405:405 [6] NCCL INFO Kernel version: 5.15.0-113-generic
mi300x-01:405:405 [6] NCCL INFO Comm config Blocking set to 1
mi300x-01:405:3390 [6] NCCL INFO Using network Socket
mi300x-01:405:3390 [6] NCCL INFO [node_id = 3; gpu_id = 23018; unique_id = 644790493291576379; location_id = 9728; bdf = 9728; domain = 0; partition = 0], 
mi300x-01:405:3390 [6] NCCL INFO [node_id = 4; gpu_id = 29122; unique_id = 3215663133726981328; location_id = 17920; bdf = 17920; domain = 0; partition = 0], 
mi300x-01:405:3390 [6] NCCL INFO [node_id = 5; gpu_id = 22683; unique_id = 8864042241711292136; location_id = 25856; bdf = 25856; domain = 0; partition = 0], 
mi300x-01:405:3390 [6] NCCL INFO [node_id = 2; gpu_id = 28851; unique_id = 11388078476087105620; location_id = 1280; bdf = 1280; domain = 0; partition = 0], 
mi300x-01:405:3390 [6] NCCL INFO [node_id = 8; gpu_id = 53667; unique_id = 12980883725215846229; location_id = 50688; bdf = 50688; domain = 0; partition = 0], 
mi300x-01:405:3390 [6] NCCL INFO [node_id = 6; gpu_id = 53458; unique_id = 14180679964433427195; location_id = 34048; bdf = 34048; domain = 0; partition = 0], 
mi300x-01:405:3390 [6] NCCL INFO [node_id = 9; gpu_id = 63738; unique_id = 14214011618938632570; location_id = 58624; bdf = 58624; domain = 0; partition = 0], 
mi300x-01:405:3390 [6] NCCL INFO [node_id = 7; gpu_id = 63883; unique_id = 15956530834995328450; location_id = 42496; bdf = 42496; domain = 0; partition = 0], 
mi300x-01:399:3378 [0] NCCL INFO Connected all rings
mi300x-01:400:3379 [1] NCCL INFO Connected all rings
mi300x-01:399:3378 [0] NCCL INFO Connected all trees
mi300x-01:400:3379 [1] NCCL INFO Connected all trees
mi300x-01:399:3378 [0] NCCL INFO threadThresholds 8/8/64 | 16/8/64 | 256 | 256
mi300x-01:399:3378 [0] NCCL INFO 32 coll channels, 32 collnet channels, 0 nvls channels, 32 p2p channels, 8 p2p channels per peer
mi300x-01:399:3378 [0] NCCL INFO CC Off, Multi-GPU CC Off, workFifoBytes 1048576
mi300x-01:400:3379 [1] NCCL INFO threadThresholds 8/8/64 | 16/8/64 | 256 | 256
mi300x-01:400:3379 [1] NCCL INFO 32 coll channels, 32 collnet channels, 0 nvls channels, 32 p2p channels, 8 p2p channels per peer

mi300x-01:399:3378 [0] /longer_pathname_so_that_rpms_can_support_packaging_the_debug_info_for_all_os_profiles/src/out/ubuntu-22.04/22.04/build/rccl/hipify/src/init.cc:1954 NCCL WARN MSCCL++: Cannot enable MSCCL++; environment is not MSCCL compatible
mi300x-01:399:3378 [0] NCCL INFO ncclCommInitRank comm 0x6e0d5c40 rank 0 nranks 2 cudaDev 0 nvmlDev 0 busId 5000 commId 0xbf74742afebe5dfe localSize 384 used 1277330331 bytes on core 2 - Init COMPLETE
mi300x-01:399:3378 [0] NCCL INFO Init timings: rank 0 nranks 2 total 0.43 (kernels 0.00, bootstrap 0.21, allgathers 0.00, topo 0.11, graphs 0.00, connections 0.10, rest 0.00)

mi300x-01:400:3379 [1] /longer_pathname_so_that_rpms_can_support_packaging_the_debug_info_for_all_os_profiles/src/out/ubuntu-22.04/22.04/build/rccl/hipify/src/init.cc:1954 NCCL WARN MSCCL++: Cannot enable MSCCL++; environment is not MSCCL compatible
mi300x-01:400:3379 [1] NCCL INFO ncclCommInitRank comm 0x6df99e10 rank 1 nranks 2 cudaDev 1 nvmlDev 1 busId 26000 commId 0xbf74742afebe5dfe localSize 384 used 1274708911 bytes on core 128 - Init COMPLETE
mi300x-01:400:3379 [1] NCCL INFO Init timings: rank 1 nranks 2 total 0.23 (kernels 0.00, bootstrap 0.01, allgathers 0.00, topo 0.11, graphs 0.00, connections 0.10, rest 0.00)
mi300x-01:405:3390 [6] NCCL INFO initialized internal alternative rsmi functionality
mi300x-01:399:3394 [0] NCCL INFO Channel 08/1 : 0[5000] -> 1[26000] via P2P/IPC comm 0x6e0d5c40 nRanks 02
mi300x-01:400:3393 [1] NCCL INFO Channel 08/1 : 1[26000] -> 0[5000] via P2P/IPC comm 0x6df99e10 nRanks 02
mi300x-01:399:3394 [0] NCCL INFO Channel 09/1 : 0[5000] -> 1[26000] via P2P/IPC comm 0x6e0d5c40 nRanks 02
mi300x-01:399:3394 [0] NCCL INFO Channel 10/1 : 0[5000] -> 1[26000] via P2P/IPC comm 0x6e0d5c40 nRanks 02
mi300x-01:400:3393 [1] NCCL INFO Channel 09/1 : 1[26000] -> 0[5000] via P2P/IPC comm 0x6df99e10 nRanks 02
mi300x-01:399:3394 [0] NCCL INFO Channel 11/1 : 0[5000] -> 1[26000] via P2P/IPC comm 0x6e0d5c40 nRanks 02
mi300x-01:400:3393 [1] NCCL INFO Channel 10/1 : 1[26000] -> 0[5000] via P2P/IPC comm 0x6df99e10 nRanks 02
mi300x-01:399:3394 [0] NCCL INFO Channel 12/1 : 0[5000] -> 1[26000] via P2P/IPC comm 0x6e0d5c40 nRanks 02
mi300x-01:400:3393 [1] NCCL INFO Channel 11/1 : 1[26000] -> 0[5000] via P2P/IPC comm 0x6df99e10 nRanks 02
mi300x-01:399:3394 [0] NCCL INFO Channel 13/1 : 0[5000] -> 1[26000] via P2P/IPC comm 0x6e0d5c40 nRanks 02
mi300x-01:400:3393 [1] NCCL INFO Channel 12/1 : 1[26000] -> 0[5000] via P2P/IPC comm 0x6df99e10 nRanks 02
mi300x-01:399:3394 [0] NCCL INFO Channel 14/1 : 0[5000] -> 1[26000] via P2P/IPC comm 0x6e0d5c40 nRanks 02
mi300x-01:400:3393 [1] NCCL INFO Channel 13/1 : 1[26000] -> 0[5000] via P2P/IPC comm 0x6df99e10 nRanks 02
mi300x-01:399:3394 [0] NCCL INFO Channel 15/1 : 0[5000] -> 1[26000] via P2P/IPC comm 0x6e0d5c40 nRanks 02
mi300x-01:400:3393 [1] NCCL INFO Channel 14/1 : 1[26000] -> 0[5000] via P2P/IPC comm 0x6df99e10 nRanks 02
mi300x-01:400:3393 [1] NCCL INFO Channel 15/1 : 1[26000] -> 0[5000] via P2P/IPC comm 0x6df99e10 nRanks 02
mi300x-01:406:406 [7] NCCL INFO Kernel version: 5.15.0-113-generic
mi300x-01:406:406 [7] NCCL INFO Comm config Blocking set to 1
mi300x-01:406:3395 [7] NCCL INFO Using network Socket
mi300x-01:406:3395 [7] NCCL INFO [node_id = 3; gpu_id = 23018; unique_id = 644790493291576379; location_id = 9728; bdf = 9728; domain = 0; partition = 0], 
mi300x-01:406:3395 [7] NCCL INFO [node_id = 4; gpu_id = 29122; unique_id = 3215663133726981328; location_id = 17920; bdf = 17920; domain = 0; partition = 0], 
mi300x-01:406:3395 [7] NCCL INFO [node_id = 5; gpu_id = 22683; unique_id = 8864042241711292136; location_id = 25856; bdf = 25856; domain = 0; partition = 0], 
mi300x-01:406:3395 [7] NCCL INFO [node_id = 2; gpu_id = 28851; unique_id = 11388078476087105620; location_id = 1280; bdf = 1280; domain = 0; partition = 0], 
mi300x-01:406:3395 [7] NCCL INFO [node_id = 8; gpu_id = 53667; unique_id = 12980883725215846229; location_id = 50688; bdf = 50688; domain = 0; partition = 0], 
mi300x-01:406:3395 [7] NCCL INFO [node_id = 6; gpu_id = 53458; unique_id = 14180679964433427195; location_id = 34048; bdf = 34048; domain = 0; partition = 0], 
mi300x-01:406:3395 [7] NCCL INFO [node_id = 9; gpu_id = 63738; unique_id = 14214011618938632570; location_id = 58624; bdf = 58624; domain = 0; partition = 0], 
mi300x-01:406:3395 [7] NCCL INFO [node_id = 7; gpu_id = 63883; unique_id = 15956530834995328450; location_id = 42496; bdf = 42496; domain = 0; partition = 0], 
mi300x-01:406:3395 [7] NCCL INFO initialized internal alternative rsmi functionality
mi300x-01:404:3386 [5] NCCL INFO Setting affinity for GPU 5 to ffffffff,ffffffff,00000000,00000000,ffffffff,ffffffff,00000000,00000000
mi300x-01:403:3381 [4] NCCL INFO Setting affinity for GPU 4 to ffffffff,ffffffff,00000000,00000000,ffffffff,ffffffff,00000000,00000000
mi300x-01:404:3386 [5] NCCL INFO comm 0x6dfb2830 rank 1 nRanks 2 nNodes 1 localRanks 2 localRank 1 MNNVL 0
mi300x-01:403:3381 [4] NCCL INFO comm 0x6dfb1ad0 rank 0 nRanks 2 nNodes 1 localRanks 2 localRank 0 MNNVL 0
mi300x-01:403:3381 [4] NCCL INFO Channel 00/32 :    0   1
mi300x-01:403:3381 [4] NCCL INFO Channel 01/32 :    0   1
mi300x-01:403:3381 [4] NCCL INFO Channel 02/32 :    0   1
mi300x-01:404:3386 [5] NCCL INFO Trees [0] -1/-1/-1->1->0 [1] 0/-1/-1->1->-1 [2] -1/-1/-1->1->0 [3] 0/-1/-1->1->-1 [4] -1/-1/-1->1->0 [5] 0/-1/-1->1->-1 [6] -1/-1/-1->1->0 [7] 0/-1/-1->1->-1 [8] -1/-1/-1->1->0 [9] 0/-1/-1->1->-1 [10] -1/-1/-1->1->0 [11] 0/-1/-1->1->-1 [12] -1/-1/-1->1->0 [13] 0/-1/-1->1->-1 [14] -1/-1/-1->1->0 [15] 0/-1/-1->1->-1 [16] -1/-1/-1->1->0 [17] 0/-1/-1->1->-1 [18] -1/-1/-1->1->0 [19] 0/-1/-1->1->-1 [20] -1/-1/-1->1->0 [21] 0/-1/-1->1->-1 [22] -1/-1/-1->1->0 [23] 0/-1/-1->1->-1 [24] -1/-1/-1->1->0 [25] 0/-1/-1->1->-1 [26] -1/-1/-1->1->0 [27] 0/-1/-1->1->-1 [28] -1/-1/-1->1->0 [29] 0/-1/-1->1->-1 [30] -1/-1/-1->1->0 [31] 0/-1/-1->1->-1 comm 0x6dfb2830 nRanks 02 busId a6000
mi300x-01:403:3381 [4] NCCL INFO Channel 03/32 :    0   1
mi300x-01:403:3381 [4] NCCL INFO Channel 04/32 :    0   1
mi300x-01:404:3386 [5] NCCL INFO P2P Chunksize set to 524288
mi300x-01:403:3381 [4] NCCL INFO Channel 05/32 :    0   1
mi300x-01:403:3381 [4] NCCL INFO Channel 06/32 :    0   1
mi300x-01:403:3381 [4] NCCL INFO Channel 07/32 :    0   1
mi300x-01:403:3381 [4] NCCL INFO Channel 08/32 :    0   1
mi300x-01:403:3381 [4] NCCL INFO Channel 09/32 :    0   1
mi300x-01:403:3381 [4] NCCL INFO Channel 10/32 :    0   1
mi300x-01:403:3381 [4] NCCL INFO Channel 11/32 :    0   1
mi300x-01:403:3381 [4] NCCL INFO Channel 12/32 :    0   1
mi300x-01:403:3381 [4] NCCL INFO Channel 13/32 :    0   1
mi300x-01:403:3381 [4] NCCL INFO Channel 14/32 :    0   1
mi300x-01:403:3381 [4] NCCL INFO Channel 15/32 :    0   1
mi300x-01:403:3381 [4] NCCL INFO Channel 16/32 :    0   1
mi300x-01:403:3381 [4] NCCL INFO Channel 17/32 :    0   1
mi300x-01:403:3381 [4] NCCL INFO Channel 18/32 :    0   1
mi300x-01:403:3381 [4] NCCL INFO Channel 19/32 :    0   1
mi300x-01:403:3381 [4] NCCL INFO Channel 20/32 :    0   1
mi300x-01:403:3381 [4] NCCL INFO Channel 21/32 :    0   1
mi300x-01:403:3381 [4] NCCL INFO Channel 22/32 :    0   1
mi300x-01:403:3381 [4] NCCL INFO Channel 23/32 :    0   1
mi300x-01:403:3381 [4] NCCL INFO Channel 24/32 :    0   1
mi300x-01:403:3381 [4] NCCL INFO Channel 25/32 :    0   1
mi300x-01:403:3381 [4] NCCL INFO Channel 26/32 :    0   1
mi300x-01:403:3381 [4] NCCL INFO Channel 27/32 :    0   1
mi300x-01:403:3381 [4] NCCL INFO Channel 28/32 :    0   1
mi300x-01:403:3381 [4] NCCL INFO Channel 29/32 :    0   1
mi300x-01:403:3381 [4] NCCL INFO Channel 30/32 :    0   1
mi300x-01:403:3381 [4] NCCL INFO Channel 31/32 :    0   1
mi300x-01:403:3381 [4] NCCL INFO Trees [0] 1/-1/-1->0->-1 [1] -1/-1/-1->0->1 [2] 1/-1/-1->0->-1 [3] -1/-1/-1->0->1 [4] 1/-1/-1->0->-1 [5] -1/-1/-1->0->1 [6] 1/-1/-1->0->-1 [7] -1/-1/-1->0->1 [8] 1/-1/-1->0->-1 [9] -1/-1/-1->0->1 [10] 1/-1/-1->0->-1 [11] -1/-1/-1->0->1 [12] 1/-1/-1->0->-1 [13] -1/-1/-1->0->1 [14] 1/-1/-1->0->-1 [15] -1/-1/-1->0->1 [16] 1/-1/-1->0->-1 [17] -1/-1/-1->0->1 [18] 1/-1/-1->0->-1 [19] -1/-1/-1->0->1 [20] 1/-1/-1->0->-1 [21] -1/-1/-1->0->1 [22] 1/-1/-1->0->-1 [23] -1/-1/-1->0->1 [24] 1/-1/-1->0->-1 [25] -1/-1/-1->0->1 [26] 1/-1/-1->0->-1 [27] -1/-1/-1->0->1 [28] 1/-1/-1->0->-1 [29] -1/-1/-1->0->1 [30] 1/-1/-1->0->-1 [31] -1/-1/-1->0->1 comm 0x6dfb1ad0 nRanks 02 busId 85000
mi300x-01:403:3381 [4] NCCL INFO P2P Chunksize set to 524288
mi300x-01:406:3395 [7] NCCL INFO ncclCommInitRank comm 0x6de807c0 rank 1 nranks 2 cudaDev 7 nvmlDev 7 busId e5000 commId 0x7ea6a07488c7ec3 - Init START
mi300x-01:405:3390 [6] NCCL INFO ncclCommInitRank comm 0x6de4a370 rank 0 nranks 2 cudaDev 6 nvmlDev 6 busId c6000 commId 0x7ea6a07488c7ec3 - Init START
mi300x-01:402:402 [3] NCCL INFO Kernel version: 5.15.0-113-generic
mi300x-01:402:402 [3] NCCL INFO Comm config Blocking set to 1
mi300x-01:402:3400 [3] NCCL INFO Using network Socket
mi300x-01:402:3400 [3] NCCL INFO [node_id = 3; gpu_id = 23018; unique_id = 644790493291576379; location_id = 9728; bdf = 9728; domain = 0; partition = 0], 
mi300x-01:402:3400 [3] NCCL INFO [node_id = 4; gpu_id = 29122; unique_id = 3215663133726981328; location_id = 17920; bdf = 17920; domain = 0; partition = 0], 
mi300x-01:402:3400 [3] NCCL INFO [node_id = 5; gpu_id = 22683; unique_id = 8864042241711292136; location_id = 25856; bdf = 25856; domain = 0; partition = 0], 
mi300x-01:402:3400 [3] NCCL INFO [node_id = 2; gpu_id = 28851; unique_id = 11388078476087105620; location_id = 1280; bdf = 1280; domain = 0; partition = 0], 
mi300x-01:402:3400 [3] NCCL INFO [node_id = 8; gpu_id = 53667; unique_id = 12980883725215846229; location_id = 50688; bdf = 50688; domain = 0; partition = 0], 
mi300x-01:402:3400 [3] NCCL INFO [node_id = 6; gpu_id = 53458; unique_id = 14180679964433427195; location_id = 34048; bdf = 34048; domain = 0; partition = 0], 
mi300x-01:402:3400 [3] NCCL INFO [node_id = 9; gpu_id = 63738; unique_id = 14214011618938632570; location_id = 58624; bdf = 58624; domain = 0; partition = 0], 
mi300x-01:402:3400 [3] NCCL INFO [node_id = 7; gpu_id = 63883; unique_id = 15956530834995328450; location_id = 42496; bdf = 42496; domain = 0; partition = 0], 
mi300x-01:402:3400 [3] NCCL INFO initialized internal alternative rsmi functionality
mi300x-01:406:3395 [7] NCCL INFO initialized internal alternative rsmi functionality
mi300x-01:405:3390 [6] NCCL INFO initialized internal alternative rsmi functionality
mi300x-01:402:3400 [3] NCCL INFO ncclCommInitRank comm 0x6defaa30 rank 1 nranks 2 cudaDev 3 nvmlDev 3 busId 65000 commId 0xf338d1813a0b8c22 - Init START
mi300x-01:401:3388 [2] NCCL INFO ncclCommInitRank comm 0x6df96500 rank 0 nranks 2 cudaDev 2 nvmlDev 2 busId 46000 commId 0xf338d1813a0b8c22 - Init START
mi300x-01:401:3388 [2] NCCL INFO initialized internal alternative rsmi functionality
mi300x-01:402:3400 [3] NCCL INFO initialized internal alternative rsmi functionality
mi300x-01:404:3386 [5] NCCL INFO Channel 00/0 : 1[a6000] -> 0[85000] via P2P/IPC comm 0x6dfb2830 nRanks 02
mi300x-01:403:3381 [4] NCCL INFO Channel 00/0 : 0[85000] -> 1[a6000] via P2P/IPC comm 0x6dfb1ad0 nRanks 02
mi300x-01:404:3386 [5] NCCL INFO Channel 01/0 : 1[a6000] -> 0[85000] via P2P/IPC comm 0x6dfb2830 nRanks 02
mi300x-01:403:3381 [4] NCCL INFO Channel 01/0 : 0[85000] -> 1[a6000] via P2P/IPC comm 0x6dfb1ad0 nRanks 02
mi300x-01:404:3386 [5] NCCL INFO Channel 02/0 : 1[a6000] -> 0[85000] via P2P/IPC comm 0x6dfb2830 nRanks 02
mi300x-01:403:3381 [4] NCCL INFO Channel 02/0 : 0[85000] -> 1[a6000] via P2P/IPC comm 0x6dfb1ad0 nRanks 02
mi300x-01:404:3386 [5] NCCL INFO Channel 03/0 : 1[a6000] -> 0[85000] via P2P/IPC comm 0x6dfb2830 nRanks 02
mi300x-01:403:3381 [4] NCCL INFO Channel 03/0 : 0[85000] -> 1[a6000] via P2P/IPC comm 0x6dfb1ad0 nRanks 02
mi300x-01:404:3386 [5] NCCL INFO Channel 04/0 : 1[a6000] -> 0[85000] via P2P/IPC comm 0x6dfb2830 nRanks 02
mi300x-01:403:3381 [4] NCCL INFO Channel 04/0 : 0[85000] -> 1[a6000] via P2P/IPC comm 0x6dfb1ad0 nRanks 02
mi300x-01:404:3386 [5] NCCL INFO Channel 05/0 : 1[a6000] -> 0[85000] via P2P/IPC comm 0x6dfb2830 nRanks 02
mi300x-01:403:3381 [4] NCCL INFO Channel 05/0 : 0[85000] -> 1[a6000] via P2P/IPC comm 0x6dfb1ad0 nRanks 02
mi300x-01:404:3386 [5] NCCL INFO Channel 06/0 : 1[a6000] -> 0[85000] via P2P/IPC comm 0x6dfb2830 nRanks 02
mi300x-01:403:3381 [4] NCCL INFO Channel 06/0 : 0[85000] -> 1[a6000] via P2P/IPC comm 0x6dfb1ad0 nRanks 02
mi300x-01:404:3386 [5] NCCL INFO Channel 07/0 : 1[a6000] -> 0[85000] via P2P/IPC comm 0x6dfb2830 nRanks 02
mi300x-01:403:3381 [4] NCCL INFO Channel 07/0 : 0[85000] -> 1[a6000] via P2P/IPC comm 0x6dfb1ad0 nRanks 02
mi300x-01:404:3386 [5] NCCL INFO Channel 08/0 : 1[a6000] -> 0[85000] via P2P/IPC comm 0x6dfb2830 nRanks 02
mi300x-01:403:3381 [4] NCCL INFO Channel 08/0 : 0[85000] -> 1[a6000] via P2P/IPC comm 0x6dfb1ad0 nRanks 02
mi300x-01:404:3386 [5] NCCL INFO Channel 09/0 : 1[a6000] -> 0[85000] via P2P/IPC comm 0x6dfb2830 nRanks 02
mi300x-01:403:3381 [4] NCCL INFO Channel 09/0 : 0[85000] -> 1[a6000] via P2P/IPC comm 0x6dfb1ad0 nRanks 02
mi300x-01:404:3386 [5] NCCL INFO Channel 10/0 : 1[a6000] -> 0[85000] via P2P/IPC comm 0x6dfb2830 nRanks 02
mi300x-01:403:3381 [4] NCCL INFO Channel 10/0 : 0[85000] -> 1[a6000] via P2P/IPC comm 0x6dfb1ad0 nRanks 02
mi300x-01:404:3386 [5] NCCL INFO Channel 11/0 : 1[a6000] -> 0[85000] via P2P/IPC comm 0x6dfb2830 nRanks 02
mi300x-01:403:3381 [4] NCCL INFO Channel 11/0 : 0[85000] -> 1[a6000] via P2P/IPC comm 0x6dfb1ad0 nRanks 02
mi300x-01:404:3386 [5] NCCL INFO Channel 12/0 : 1[a6000] -> 0[85000] via P2P/IPC comm 0x6dfb2830 nRanks 02
mi300x-01:403:3381 [4] NCCL INFO Channel 12/0 : 0[85000] -> 1[a6000] via P2P/IPC comm 0x6dfb1ad0 nRanks 02
mi300x-01:404:3386 [5] NCCL INFO Channel 13/0 : 1[a6000] -> 0[85000] via P2P/IPC comm 0x6dfb2830 nRanks 02
mi300x-01:403:3381 [4] NCCL INFO Channel 13/0 : 0[85000] -> 1[a6000] via P2P/IPC comm 0x6dfb1ad0 nRanks 02
mi300x-01:404:3386 [5] NCCL INFO Channel 14/0 : 1[a6000] -> 0[85000] via P2P/IPC comm 0x6dfb2830 nRanks 02
mi300x-01:403:3381 [4] NCCL INFO Channel 14/0 : 0[85000] -> 1[a6000] via P2P/IPC comm 0x6dfb1ad0 nRanks 02
mi300x-01:404:3386 [5] NCCL INFO Channel 15/0 : 1[a6000] -> 0[85000] via P2P/IPC comm 0x6dfb2830 nRanks 02
mi300x-01:403:3381 [4] NCCL INFO Channel 15/0 : 0[85000] -> 1[a6000] via P2P/IPC comm 0x6dfb1ad0 nRanks 02
mi300x-01:404:3386 [5] NCCL INFO Channel 16/0 : 1[a6000] -> 0[85000] via P2P/IPC comm 0x6dfb2830 nRanks 02
mi300x-01:403:3381 [4] NCCL INFO Channel 16/0 : 0[85000] -> 1[a6000] via P2P/IPC comm 0x6dfb1ad0 nRanks 02
mi300x-01:404:3386 [5] NCCL INFO Channel 17/0 : 1[a6000] -> 0[85000] via P2P/IPC comm 0x6dfb2830 nRanks 02
mi300x-01:403:3381 [4] NCCL INFO Channel 17/0 : 0[85000] -> 1[a6000] via P2P/IPC comm 0x6dfb1ad0 nRanks 02
mi300x-01:404:3386 [5] NCCL INFO Channel 18/0 : 1[a6000] -> 0[85000] via P2P/IPC comm 0x6dfb2830 nRanks 02
mi300x-01:403:3381 [4] NCCL INFO Channel 18/0 : 0[85000] -> 1[a6000] via P2P/IPC comm 0x6dfb1ad0 nRanks 02
mi300x-01:404:3386 [5] NCCL INFO Channel 19/0 : 1[a6000] -> 0[85000] via P2P/IPC comm 0x6dfb2830 nRanks 02
mi300x-01:403:3381 [4] NCCL INFO Channel 19/0 : 0[85000] -> 1[a6000] via P2P/IPC comm 0x6dfb1ad0 nRanks 02
mi300x-01:404:3386 [5] NCCL INFO Channel 20/0 : 1[a6000] -> 0[85000] via P2P/IPC comm 0x6dfb2830 nRanks 02
mi300x-01:403:3381 [4] NCCL INFO Channel 20/0 : 0[85000] -> 1[a6000] via P2P/IPC comm 0x6dfb1ad0 nRanks 02
mi300x-01:404:3386 [5] NCCL INFO Channel 21/0 : 1[a6000] -> 0[85000] via P2P/IPC comm 0x6dfb2830 nRanks 02
mi300x-01:403:3381 [4] NCCL INFO Channel 21/0 : 0[85000] -> 1[a6000] via P2P/IPC comm 0x6dfb1ad0 nRanks 02
mi300x-01:404:3386 [5] NCCL INFO Channel 22/0 : 1[a6000] -> 0[85000] via P2P/IPC comm 0x6dfb2830 nRanks 02
mi300x-01:403:3381 [4] NCCL INFO Channel 22/0 : 0[85000] -> 1[a6000] via P2P/IPC comm 0x6dfb1ad0 nRanks 02
mi300x-01:404:3386 [5] NCCL INFO Channel 23/0 : 1[a6000] -> 0[85000] via P2P/IPC comm 0x6dfb2830 nRanks 02
mi300x-01:403:3381 [4] NCCL INFO Channel 23/0 : 0[85000] -> 1[a6000] via P2P/IPC comm 0x6dfb1ad0 nRanks 02
mi300x-01:404:3386 [5] NCCL INFO Channel 24/0 : 1[a6000] -> 0[85000] via P2P/IPC comm 0x6dfb2830 nRanks 02
mi300x-01:403:3381 [4] NCCL INFO Channel 24/0 : 0[85000] -> 1[a6000] via P2P/IPC comm 0x6dfb1ad0 nRanks 02
mi300x-01:404:3386 [5] NCCL INFO Channel 25/0 : 1[a6000] -> 0[85000] via P2P/IPC comm 0x6dfb2830 nRanks 02
mi300x-01:403:3381 [4] NCCL INFO Channel 25/0 : 0[85000] -> 1[a6000] via P2P/IPC comm 0x6dfb1ad0 nRanks 02
mi300x-01:404:3386 [5] NCCL INFO Channel 26/0 : 1[a6000] -> 0[85000] via P2P/IPC comm 0x6dfb2830 nRanks 02
mi300x-01:403:3381 [4] NCCL INFO Channel 26/0 : 0[85000] -> 1[a6000] via P2P/IPC comm 0x6dfb1ad0 nRanks 02
mi300x-01:404:3386 [5] NCCL INFO Channel 27/0 : 1[a6000] -> 0[85000] via P2P/IPC comm 0x6dfb2830 nRanks 02
mi300x-01:403:3381 [4] NCCL INFO Channel 27/0 : 0[85000] -> 1[a6000] via P2P/IPC comm 0x6dfb1ad0 nRanks 02
mi300x-01:404:3386 [5] NCCL INFO Channel 28/0 : 1[a6000] -> 0[85000] via P2P/IPC comm 0x6dfb2830 nRanks 02
mi300x-01:403:3381 [4] NCCL INFO Channel 28/0 : 0[85000] -> 1[a6000] via P2P/IPC comm 0x6dfb1ad0 nRanks 02
mi300x-01:404:3386 [5] NCCL INFO Channel 29/0 : 1[a6000] -> 0[85000] via P2P/IPC comm 0x6dfb2830 nRanks 02
mi300x-01:403:3381 [4] NCCL INFO Channel 29/0 : 0[85000] -> 1[a6000] via P2P/IPC comm 0x6dfb1ad0 nRanks 02
mi300x-01:404:3386 [5] NCCL INFO Channel 30/0 : 1[a6000] -> 0[85000] via P2P/IPC comm 0x6dfb2830 nRanks 02
mi300x-01:403:3381 [4] NCCL INFO Channel 30/0 : 0[85000] -> 1[a6000] via P2P/IPC comm 0x6dfb1ad0 nRanks 02
mi300x-01:404:3386 [5] NCCL INFO Channel 31/0 : 1[a6000] -> 0[85000] via P2P/IPC comm 0x6dfb2830 nRanks 02
mi300x-01:403:3381 [4] NCCL INFO Channel 31/0 : 0[85000] -> 1[a6000] via P2P/IPC comm 0x6dfb1ad0 nRanks 02
mi300x-01:404:3386 [5] NCCL INFO Connected all rings
mi300x-01:403:3381 [4] NCCL INFO Connected all rings
mi300x-01:404:3386 [5] NCCL INFO Connected all trees
mi300x-01:403:3381 [4] NCCL INFO Connected all trees
mi300x-01:404:3386 [5] NCCL INFO threadThresholds 8/8/64 | 16/8/64 | 256 | 256
mi300x-01:404:3386 [5] NCCL INFO 32 coll channels, 32 collnet channels, 0 nvls channels, 32 p2p channels, 8 p2p channels per peer
mi300x-01:403:3381 [4] NCCL INFO threadThresholds 8/8/64 | 16/8/64 | 256 | 256
mi300x-01:403:3381 [4] NCCL INFO 32 coll channels, 32 collnet channels, 0 nvls channels, 32 p2p channels, 8 p2p channels per peer
mi300x-01:403:3381 [4] NCCL INFO CC Off, Multi-GPU CC Off, workFifoBytes 1048576
mi300x-01:402:3400 [3] NCCL INFO Setting affinity for GPU 3 to ffffffff,ffffffff,00000000,00000000,ffffffff,ffffffff
mi300x-01:401:3388 [2] NCCL INFO Setting affinity for GPU 2 to ffffffff,ffffffff,00000000,00000000,ffffffff,ffffffff
mi300x-01:402:3400 [3] NCCL INFO comm 0x6defaa30 rank 1 nRanks 2 nNodes 1 localRanks 2 localRank 1 MNNVL 0
mi300x-01:401:3388 [2] NCCL INFO comm 0x6df96500 rank 0 nRanks 2 nNodes 1 localRanks 2 localRank 0 MNNVL 0
mi300x-01:401:3388 [2] NCCL INFO Channel 00/32 :    0   1
mi300x-01:401:3388 [2] NCCL INFO Channel 01/32 :    0   1
mi300x-01:401:3388 [2] NCCL INFO Channel 02/32 :    0   1
mi300x-01:401:3388 [2] NCCL INFO Channel 03/32 :    0   1
mi300x-01:401:3388 [2] NCCL INFO Channel 04/32 :    0   1
mi300x-01:401:3388 [2] NCCL INFO Channel 05/32 :    0   1
mi300x-01:401:3388 [2] NCCL INFO Channel 06/32 :    0   1
mi300x-01:401:3388 [2] NCCL INFO Channel 07/32 :    0   1
mi300x-01:401:3388 [2] NCCL INFO Channel 08/32 :    0   1
mi300x-01:402:3400 [3] NCCL INFO Trees [0] -1/-1/-1->1->0 [1] 0/-1/-1->1->-1 [2] -1/-1/-1->1->0 [3] 0/-1/-1->1->-1 [4] -1/-1/-1->1->0 [5] 0/-1/-1->1->-1 [6] -1/-1/-1->1->0 [7] 0/-1/-1->1->-1 [8] -1/-1/-1->1->0 [9] 0/-1/-1->1->-1 [10] -1/-1/-1->1->0 [11] 0/-1/-1->1->-1 [12] -1/-1/-1->1->0 [13] 0/-1/-1->1->-1 [14] -1/-1/-1->1->0 [15] 0/-1/-1->1->-1 [16] -1/-1/-1->1->0 [17] 0/-1/-1->1->-1 [18] -1/-1/-1->1->0 [19] 0/-1/-1->1->-1 [20] -1/-1/-1->1->0 [21] 0/-1/-1->1->-1 [22] -1/-1/-1->1->0 [23] 0/-1/-1->1->-1 [24] -1/-1/-1->1->0 [25] 0/-1/-1->1->-1 [26] -1/-1/-1->1->0 [27] 0/-1/-1->1->-1 [28] -1/-1/-1->1->0 [29] 0/-1/-1->1->-1 [30] -1/-1/-1->1->0 [31] 0/-1/-1->1->-1 comm 0x6defaa30 nRanks 02 busId 65000
mi300x-01:401:3388 [2] NCCL INFO Channel 09/32 :    0   1
mi300x-01:401:3388 [2] NCCL INFO Channel 10/32 :    0   1
mi300x-01:402:3400 [3] NCCL INFO P2P Chunksize set to 524288
mi300x-01:401:3388 [2] NCCL INFO Channel 11/32 :    0   1
mi300x-01:401:3388 [2] NCCL INFO Channel 12/32 :    0   1
mi300x-01:401:3388 [2] NCCL INFO Channel 13/32 :    0   1
mi300x-01:401:3388 [2] NCCL INFO Channel 14/32 :    0   1
mi300x-01:401:3388 [2] NCCL INFO Channel 15/32 :    0   1
mi300x-01:401:3388 [2] NCCL INFO Channel 16/32 :    0   1
mi300x-01:401:3388 [2] NCCL INFO Channel 17/32 :    0   1
mi300x-01:401:3388 [2] NCCL INFO Channel 18/32 :    0   1
mi300x-01:401:3388 [2] NCCL INFO Channel 19/32 :    0   1
mi300x-01:401:3388 [2] NCCL INFO Channel 20/32 :    0   1
mi300x-01:401:3388 [2] NCCL INFO Channel 21/32 :    0   1
mi300x-01:401:3388 [2] NCCL INFO Channel 22/32 :    0   1
mi300x-01:401:3388 [2] NCCL INFO Channel 23/32 :    0   1
mi300x-01:401:3388 [2] NCCL INFO Channel 24/32 :    0   1
mi300x-01:401:3388 [2] NCCL INFO Channel 25/32 :    0   1
mi300x-01:401:3388 [2] NCCL INFO Channel 26/32 :    0   1
mi300x-01:401:3388 [2] NCCL INFO Channel 27/32 :    0   1
mi300x-01:401:3388 [2] NCCL INFO Channel 28/32 :    0   1
mi300x-01:401:3388 [2] NCCL INFO Channel 29/32 :    0   1
mi300x-01:401:3388 [2] NCCL INFO Channel 30/32 :    0   1
mi300x-01:401:3388 [2] NCCL INFO Channel 31/32 :    0   1
mi300x-01:401:3388 [2] NCCL INFO Trees [0] 1/-1/-1->0->-1 [1] -1/-1/-1->0->1 [2] 1/-1/-1->0->-1 [3] -1/-1/-1->0->1 [4] 1/-1/-1->0->-1 [5] -1/-1/-1->0->1 [6] 1/-1/-1->0->-1 [7] -1/-1/-1->0->1 [8] 1/-1/-1->0->-1 [9] -1/-1/-1->0->1 [10] 1/-1/-1->0->-1 [11] -1/-1/-1->0->1 [12] 1/-1/-1->0->-1 [13] -1/-1/-1->0->1 [14] 1/-1/-1->0->-1 [15] -1/-1/-1->0->1 [16] 1/-1/-1->0->-1 [17] -1/-1/-1->0->1 [18] 1/-1/-1->0->-1 [19] -1/-1/-1->0->1 [20] 1/-1/-1->0->-1 [21] -1/-1/-1->0->1 [22] 1/-1/-1->0->-1 [23] -1/-1/-1->0->1 [24] 1/-1/-1->0->-1 [25] -1/-1/-1->0->1 [26] 1/-1/-1->0->-1 [27] -1/-1/-1->0->1 [28] 1/-1/-1->0->-1 [29] -1/-1/-1->0->1 [30] 1/-1/-1->0->-1 [31] -1/-1/-1->0->1 comm 0x6df96500 nRanks 02 busId 46000
mi300x-01:401:3388 [2] NCCL INFO P2P Chunksize set to 524288

mi300x-01:404:3386 [5] /longer_pathname_so_that_rpms_can_support_packaging_the_debug_info_for_all_os_profiles/src/out/ubuntu-22.04/22.04/build/rccl/hipify/src/init.cc:1954 NCCL WARN MSCCL++: Cannot enable MSCCL++; environment is not MSCCL compatible
mi300x-01:404:3386 [5] NCCL INFO ncclCommInitRank comm 0x6dfb2830 rank 1 nranks 2 cudaDev 5 nvmlDev 5 busId a6000 commId 0x73d4731e3e752694 localSize 384 used 1330414518 bytes on core 97 - Init COMPLETE
mi300x-01:404:3386 [5] NCCL INFO Init timings: rank 1 nranks 2 total 0.31 (kernels 0.00, bootstrap 0.02, allgathers 0.00, topo 0.14, graphs 0.00, connections 0.11, rest 0.06)
mi300x-01:406:3395 [7] NCCL INFO Setting affinity for GPU 7 to ffffffff,ffffffff,00000000,00000000,ffffffff,ffffffff,00000000,00000000
mi300x-01:405:3390 [6] NCCL INFO Setting affinity for GPU 6 to ffffffff,ffffffff,00000000,00000000,ffffffff,ffffffff,00000000,00000000
mi300x-01:406:3395 [7] NCCL INFO comm 0x6de807c0 rank 1 nRanks 2 nNodes 1 localRanks 2 localRank 1 MNNVL 0
mi300x-01:405:3390 [6] NCCL INFO comm 0x6de4a370 rank 0 nRanks 2 nNodes 1 localRanks 2 localRank 0 MNNVL 0
mi300x-01:406:3395 [7] NCCL INFO Trees [0] -1/-1/-1->1->0 [1] 0/-1/-1->1->-1 [2] -1/-1/-1->1->0 [3] 0/-1/-1->1->-1 [4] -1/-1/-1->1->0 [5] 0/-1/-1->1->-1 [6] -1/-1/-1->1->0 [7] 0/-1/-1->1->-1 [8] -1/-1/-1->1->0 [9] 0/-1/-1->1->-1 [10] -1/-1/-1->1->0 [11] 0/-1/-1->1->-1 [12] -1/-1/-1->1->0 [13] 0/-1/-1->1->-1 [14] -1/-1/-1->1->0 [15] 0/-1/-1->1->-1 [16] -1/-1/-1->1->0 [17] 0/-1/-1->1->-1 [18] -1/-1/-1->1->0 [19] 0/-1/-1->1->-1 [20] -1/-1/-1->1->0 [21] 0/-1/-1->1->-1 [22] -1/-1/-1->1->0 [23] 0/-1/-1->1->-1 [24] -1/-1/-1->1->0 [25] 0/-1/-1->1->-1 [26] -1/-1/-1->1->0 [27] 0/-1/-1->1->-1 [28] -1/-1/-1->1->0 [29] 0/-1/-1->1->-1 [30] -1/-1/-1->1->0 [31] 0/-1/-1->1->-1 comm 0x6de807c0 nRanks 02 busId e5000
mi300x-01:405:3390 [6] NCCL INFO Channel 00/32 :    0   1
mi300x-01:406:3395 [7] NCCL INFO P2P Chunksize set to 524288
mi300x-01:405:3390 [6] NCCL INFO Channel 01/32 :    0   1
mi300x-01:405:3390 [6] NCCL INFO Channel 02/32 :    0   1
mi300x-01:405:3390 [6] NCCL INFO Channel 03/32 :    0   1
mi300x-01:405:3390 [6] NCCL INFO Channel 04/32 :    0   1
mi300x-01:405:3390 [6] NCCL INFO Channel 05/32 :    0   1
mi300x-01:405:3390 [6] NCCL INFO Channel 06/32 :    0   1
mi300x-01:405:3390 [6] NCCL INFO Channel 07/32 :    0   1
mi300x-01:405:3390 [6] NCCL INFO Channel 08/32 :    0   1
mi300x-01:405:3390 [6] NCCL INFO Channel 09/32 :    0   1
mi300x-01:405:3390 [6] NCCL INFO Channel 10/32 :    0   1
mi300x-01:405:3390 [6] NCCL INFO Channel 11/32 :    0   1
mi300x-01:405:3390 [6] NCCL INFO Channel 12/32 :    0   1
mi300x-01:405:3390 [6] NCCL INFO Channel 13/32 :    0   1
mi300x-01:405:3390 [6] NCCL INFO Channel 14/32 :    0   1
mi300x-01:405:3390 [6] NCCL INFO Channel 15/32 :    0   1
mi300x-01:405:3390 [6] NCCL INFO Channel 16/32 :    0   1
mi300x-01:405:3390 [6] NCCL INFO Channel 17/32 :    0   1
mi300x-01:405:3390 [6] NCCL INFO Channel 18/32 :    0   1
mi300x-01:405:3390 [6] NCCL INFO Channel 19/32 :    0   1
mi300x-01:405:3390 [6] NCCL INFO Channel 20/32 :    0   1
mi300x-01:405:3390 [6] NCCL INFO Channel 21/32 :    0   1
mi300x-01:405:3390 [6] NCCL INFO Channel 22/32 :    0   1
mi300x-01:405:3390 [6] NCCL INFO Channel 23/32 :    0   1
mi300x-01:405:3390 [6] NCCL INFO Channel 24/32 :    0   1
mi300x-01:405:3390 [6] NCCL INFO Channel 25/32 :    0   1
mi300x-01:405:3390 [6] NCCL INFO Channel 26/32 :    0   1
mi300x-01:405:3390 [6] NCCL INFO Channel 27/32 :    0   1
mi300x-01:405:3390 [6] NCCL INFO Channel 28/32 :    0   1
mi300x-01:405:3390 [6] NCCL INFO Channel 29/32 :    0   1
mi300x-01:405:3390 [6] NCCL INFO Channel 30/32 :    0   1
mi300x-01:405:3390 [6] NCCL INFO Channel 31/32 :    0   1
mi300x-01:405:3390 [6] NCCL INFO Trees [0] 1/-1/-1->0->-1 [1] -1/-1/-1->0->1 [2] 1/-1/-1->0->-1 [3] -1/-1/-1->0->1 [4] 1/-1/-1->0->-1 [5] -1/-1/-1->0->1 [6] 1/-1/-1->0->-1 [7] -1/-1/-1->0->1 [8] 1/-1/-1->0->-1 [9] -1/-1/-1->0->1 [10] 1/-1/-1->0->-1 [11] -1/-1/-1->0->1 [12] 1/-1/-1->0->-1 [13] -1/-1/-1->0->1 [14] 1/-1/-1->0->-1 [15] -1/-1/-1->0->1 [16] 1/-1/-1->0->-1 [17] -1/-1/-1->0->1 [18] 1/-1/-1->0->-1 [19] -1/-1/-1->0->1 [20] 1/-1/-1->0->-1 [21] -1/-1/-1->0->1 [22] 1/-1/-1->0->-1 [23] -1/-1/-1->0->1 [24] 1/-1/-1->0->-1 [25] -1/-1/-1->0->1 [26] 1/-1/-1->0->-1 [27] -1/-1/-1->0->1 [28] 1/-1/-1->0->-1 [29] -1/-1/-1->0->1 [30] 1/-1/-1->0->-1 [31] -1/-1/-1->0->1 comm 0x6de4a370 nRanks 02 busId c6000
mi300x-01:405:3390 [6] NCCL INFO P2P Chunksize set to 524288

mi300x-01:403:3381 [4] /longer_pathname_so_that_rpms_can_support_packaging_the_debug_info_for_all_os_profiles/src/out/ubuntu-22.04/22.04/build/rccl/hipify/src/init.cc:1954 NCCL WARN MSCCL++: Cannot enable MSCCL++; environment is not MSCCL compatible
mi300x-01:403:3381 [4] NCCL INFO ncclCommInitRank comm 0x6dfb1ad0 rank 0 nranks 2 cudaDev 4 nvmlDev 4 busId 85000 commId 0x73d4731e3e752694 localSize 384 used 1298432938 bytes on core 192 - Init COMPLETE
mi300x-01:403:3381 [4] NCCL INFO Init timings: rank 0 nranks 2 total 0.46 (kernels 0.00, bootstrap 0.14, allgathers 0.00, topo 0.14, graphs 0.00, connections 0.11, rest 0.07)
mi300x-01:404:3409 [5] NCCL INFO Channel 08/1 : 1[a6000] -> 0[85000] via P2P/IPC comm 0x6dfb2830 nRanks 02
mi300x-01:401:3388 [2] NCCL INFO Channel 00/0 : 0[46000] -> 1[65000] via P2P/IPC comm 0x6df96500 nRanks 02
mi300x-01:402:3400 [3] NCCL INFO Channel 00/0 : 1[65000] -> 0[46000] via P2P/IPC comm 0x6defaa30 nRanks 02
mi300x-01:404:3409 [5] NCCL INFO Channel 09/1 : 1[a6000] -> 0[85000] via P2P/IPC comm 0x6dfb2830 nRanks 02
mi300x-01:401:3388 [2] NCCL INFO Channel 01/0 : 0[46000] -> 1[65000] via P2P/IPC comm 0x6df96500 nRanks 02
mi300x-01:402:3400 [3] NCCL INFO Channel 01/0 : 1[65000] -> 0[46000] via P2P/IPC comm 0x6defaa30 nRanks 02
mi300x-01:404:3409 [5] NCCL INFO Channel 10/1 : 1[a6000] -> 0[85000] via P2P/IPC comm 0x6dfb2830 nRanks 02
mi300x-01:401:3388 [2] NCCL INFO Channel 02/0 : 0[46000] -> 1[65000] via P2P/IPC comm 0x6df96500 nRanks 02
mi300x-01:402:3400 [3] NCCL INFO Channel 02/0 : 1[65000] -> 0[46000] via P2P/IPC comm 0x6defaa30 nRanks 02
mi300x-01:404:3409 [5] NCCL INFO Channel 11/1 : 1[a6000] -> 0[85000] via P2P/IPC comm 0x6dfb2830 nRanks 02
mi300x-01:401:3388 [2] NCCL INFO Channel 03/0 : 0[46000] -> 1[65000] via P2P/IPC comm 0x6df96500 nRanks 02
mi300x-01:402:3400 [3] NCCL INFO Channel 03/0 : 1[65000] -> 0[46000] via P2P/IPC comm 0x6defaa30 nRanks 02
mi300x-01:404:3409 [5] NCCL INFO Channel 12/1 : 1[a6000] -> 0[85000] via P2P/IPC comm 0x6dfb2830 nRanks 02
mi300x-01:401:3388 [2] NCCL INFO Channel 04/0 : 0[46000] -> 1[65000] via P2P/IPC comm 0x6df96500 nRanks 02
mi300x-01:402:3400 [3] NCCL INFO Channel 04/0 : 1[65000] -> 0[46000] via P2P/IPC comm 0x6defaa30 nRanks 02
mi300x-01:404:3409 [5] NCCL INFO Channel 13/1 : 1[a6000] -> 0[85000] via P2P/IPC comm 0x6dfb2830 nRanks 02
mi300x-01:401:3388 [2] NCCL INFO Channel 05/0 : 0[46000] -> 1[65000] via P2P/IPC comm 0x6df96500 nRanks 02
mi300x-01:402:3400 [3] NCCL INFO Channel 05/0 : 1[65000] -> 0[46000] via P2P/IPC comm 0x6defaa30 nRanks 02
mi300x-01:404:3409 [5] NCCL INFO Channel 14/1 : 1[a6000] -> 0[85000] via P2P/IPC comm 0x6dfb2830 nRanks 02
mi300x-01:401:3388 [2] NCCL INFO Channel 06/0 : 0[46000] -> 1[65000] via P2P/IPC comm 0x6df96500 nRanks 02
mi300x-01:402:3400 [3] NCCL INFO Channel 06/0 : 1[65000] -> 0[46000] via P2P/IPC comm 0x6defaa30 nRanks 02
mi300x-01:403:3414 [4] NCCL INFO Channel 08/1 : 0[85000] -> 1[a6000] via P2P/IPC comm 0x6dfb1ad0 nRanks 02
mi300x-01:404:3409 [5] NCCL INFO Channel 15/1 : 1[a6000] -> 0[85000] via P2P/IPC comm 0x6dfb2830 nRanks 02
mi300x-01:401:3388 [2] NCCL INFO Channel 07/0 : 0[46000] -> 1[65000] via P2P/IPC comm 0x6df96500 nRanks 02
mi300x-01:402:3400 [3] NCCL INFO Channel 07/0 : 1[65000] -> 0[46000] via P2P/IPC comm 0x6defaa30 nRanks 02
mi300x-01:403:3414 [4] NCCL INFO Channel 09/1 : 0[85000] -> 1[a6000] via P2P/IPC comm 0x6dfb1ad0 nRanks 02
mi300x-01:401:3388 [2] NCCL INFO Channel 08/0 : 0[46000] -> 1[65000] via P2P/IPC comm 0x6df96500 nRanks 02
mi300x-01:402:3400 [3] NCCL INFO Channel 08/0 : 1[65000] -> 0[46000] via P2P/IPC comm 0x6defaa30 nRanks 02
mi300x-01:403:3414 [4] NCCL INFO Channel 10/1 : 0[85000] -> 1[a6000] via P2P/IPC comm 0x6dfb1ad0 nRanks 02
mi300x-01:401:3388 [2] NCCL INFO Channel 09/0 : 0[46000] -> 1[65000] via P2P/IPC comm 0x6df96500 nRanks 02
mi300x-01:402:3400 [3] NCCL INFO Channel 09/0 : 1[65000] -> 0[46000] via P2P/IPC comm 0x6defaa30 nRanks 02
mi300x-01:403:3414 [4] NCCL INFO Channel 11/1 : 0[85000] -> 1[a6000] via P2P/IPC comm 0x6dfb1ad0 nRanks 02
mi300x-01:401:3388 [2] NCCL INFO Channel 10/0 : 0[46000] -> 1[65000] via P2P/IPC comm 0x6df96500 nRanks 02
mi300x-01:402:3400 [3] NCCL INFO Channel 10/0 : 1[65000] -> 0[46000] via P2P/IPC comm 0x6defaa30 nRanks 02
mi300x-01:403:3414 [4] NCCL INFO Channel 12/1 : 0[85000] -> 1[a6000] via P2P/IPC comm 0x6dfb1ad0 nRanks 02
mi300x-01:401:3388 [2] NCCL INFO Channel 11/0 : 0[46000] -> 1[65000] via P2P/IPC comm 0x6df96500 nRanks 02
mi300x-01:402:3400 [3] NCCL INFO Channel 11/0 : 1[65000] -> 0[46000] via P2P/IPC comm 0x6defaa30 nRanks 02
mi300x-01:403:3414 [4] NCCL INFO Channel 13/1 : 0[85000] -> 1[a6000] via P2P/IPC comm 0x6dfb1ad0 nRanks 02
mi300x-01:401:3388 [2] NCCL INFO Channel 12/0 : 0[46000] -> 1[65000] via P2P/IPC comm 0x6df96500 nRanks 02
mi300x-01:402:3400 [3] NCCL INFO Channel 12/0 : 1[65000] -> 0[46000] via P2P/IPC comm 0x6defaa30 nRanks 02
mi300x-01:403:3414 [4] NCCL INFO Channel 14/1 : 0[85000] -> 1[a6000] via P2P/IPC comm 0x6dfb1ad0 nRanks 02
mi300x-01:401:3388 [2] NCCL INFO Channel 13/0 : 0[46000] -> 1[65000] via P2P/IPC comm 0x6df96500 nRanks 02
mi300x-01:402:3400 [3] NCCL INFO Channel 13/0 : 1[65000] -> 0[46000] via P2P/IPC comm 0x6defaa30 nRanks 02
mi300x-01:403:3414 [4] NCCL INFO Channel 15/1 : 0[85000] -> 1[a6000] via P2P/IPC comm 0x6dfb1ad0 nRanks 02
mi300x-01:401:3388 [2] NCCL INFO Channel 14/0 : 0[46000] -> 1[65000] via P2P/IPC comm 0x6df96500 nRanks 02
mi300x-01:402:3400 [3] NCCL INFO Channel 14/0 : 1[65000] -> 0[46000] via P2P/IPC comm 0x6defaa30 nRanks 02
mi300x-01:401:3388 [2] NCCL INFO Channel 15/0 : 0[46000] -> 1[65000] via P2P/IPC comm 0x6df96500 nRanks 02
mi300x-01:402:3400 [3] NCCL INFO Channel 15/0 : 1[65000] -> 0[46000] via P2P/IPC comm 0x6defaa30 nRanks 02
mi300x-01:401:3388 [2] NCCL INFO Channel 16/0 : 0[46000] -> 1[65000] via P2P/IPC comm 0x6df96500 nRanks 02
mi300x-01:402:3400 [3] NCCL INFO Channel 16/0 : 1[65000] -> 0[46000] via P2P/IPC comm 0x6defaa30 nRanks 02
mi300x-01:401:3388 [2] NCCL INFO Channel 17/0 : 0[46000] -> 1[65000] via P2P/IPC comm 0x6df96500 nRanks 02
mi300x-01:402:3400 [3] NCCL INFO Channel 17/0 : 1[65000] -> 0[46000] via P2P/IPC comm 0x6defaa30 nRanks 02
mi300x-01:401:3388 [2] NCCL INFO Channel 18/0 : 0[46000] -> 1[65000] via P2P/IPC comm 0x6df96500 nRanks 02
mi300x-01:402:3400 [3] NCCL INFO Channel 18/0 : 1[65000] -> 0[46000] via P2P/IPC comm 0x6defaa30 nRanks 02
mi300x-01:401:3388 [2] NCCL INFO Channel 19/0 : 0[46000] -> 1[65000] via P2P/IPC comm 0x6df96500 nRanks 02
mi300x-01:402:3400 [3] NCCL INFO Channel 19/0 : 1[65000] -> 0[46000] via P2P/IPC comm 0x6defaa30 nRanks 02
mi300x-01:401:3388 [2] NCCL INFO Channel 20/0 : 0[46000] -> 1[65000] via P2P/IPC comm 0x6df96500 nRanks 02
mi300x-01:402:3400 [3] NCCL INFO Channel 20/0 : 1[65000] -> 0[46000] via P2P/IPC comm 0x6defaa30 nRanks 02
mi300x-01:401:3388 [2] NCCL INFO Channel 21/0 : 0[46000] -> 1[65000] via P2P/IPC comm 0x6df96500 nRanks 02
mi300x-01:402:3400 [3] NCCL INFO Channel 21/0 : 1[65000] -> 0[46000] via P2P/IPC comm 0x6defaa30 nRanks 02
mi300x-01:401:3388 [2] NCCL INFO Channel 22/0 : 0[46000] -> 1[65000] via P2P/IPC comm 0x6df96500 nRanks 02
mi300x-01:402:3400 [3] NCCL INFO Channel 22/0 : 1[65000] -> 0[46000] via P2P/IPC comm 0x6defaa30 nRanks 02
mi300x-01:401:3388 [2] NCCL INFO Channel 23/0 : 0[46000] -> 1[65000] via P2P/IPC comm 0x6df96500 nRanks 02
mi300x-01:402:3400 [3] NCCL INFO Channel 23/0 : 1[65000] -> 0[46000] via P2P/IPC comm 0x6defaa30 nRanks 02
mi300x-01:401:3388 [2] NCCL INFO Channel 24/0 : 0[46000] -> 1[65000] via P2P/IPC comm 0x6df96500 nRanks 02
mi300x-01:402:3400 [3] NCCL INFO Channel 24/0 : 1[65000] -> 0[46000] via P2P/IPC comm 0x6defaa30 nRanks 02
mi300x-01:401:3388 [2] NCCL INFO Channel 25/0 : 0[46000] -> 1[65000] via P2P/IPC comm 0x6df96500 nRanks 02
mi300x-01:402:3400 [3] NCCL INFO Channel 25/0 : 1[65000] -> 0[46000] via P2P/IPC comm 0x6defaa30 nRanks 02
mi300x-01:401:3388 [2] NCCL INFO Channel 26/0 : 0[46000] -> 1[65000] via P2P/IPC comm 0x6df96500 nRanks 02
mi300x-01:402:3400 [3] NCCL INFO Channel 26/0 : 1[65000] -> 0[46000] via P2P/IPC comm 0x6defaa30 nRanks 02
mi300x-01:406:3395 [7] NCCL INFO Channel 00/0 : 1[e5000] -> 0[c6000] via P2P/IPC comm 0x6de807c0 nRanks 02
mi300x-01:401:3388 [2] NCCL INFO Channel 27/0 : 0[46000] -> 1[65000] via P2P/IPC comm 0x6df96500 nRanks 02
mi300x-01:405:3390 [6] NCCL INFO Channel 00/0 : 0[c6000] -> 1[e5000] via P2P/IPC comm 0x6de4a370 nRanks 02
mi300x-01:402:3400 [3] NCCL INFO Channel 27/0 : 1[65000] -> 0[46000] via P2P/IPC comm 0x6defaa30 nRanks 02
mi300x-01:406:3395 [7] NCCL INFO Channel 01/0 : 1[e5000] -> 0[c6000] via P2P/IPC comm 0x6de807c0 nRanks 02
mi300x-01:401:3388 [2] NCCL INFO Channel 28/0 : 0[46000] -> 1[65000] via P2P/IPC comm 0x6df96500 nRanks 02
mi300x-01:405:3390 [6] NCCL INFO Channel 01/0 : 0[c6000] -> 1[e5000] via P2P/IPC comm 0x6de4a370 nRanks 02
mi300x-01:402:3400 [3] NCCL INFO Channel 28/0 : 1[65000] -> 0[46000] via P2P/IPC comm 0x6defaa30 nRanks 02
mi300x-01:406:3395 [7] NCCL INFO Channel 02/0 : 1[e5000] -> 0[c6000] via P2P/IPC comm 0x6de807c0 nRanks 02
mi300x-01:401:3388 [2] NCCL INFO Channel 29/0 : 0[46000] -> 1[65000] via P2P/IPC comm 0x6df96500 nRanks 02
mi300x-01:405:3390 [6] NCCL INFO Channel 02/0 : 0[c6000] -> 1[e5000] via P2P/IPC comm 0x6de4a370 nRanks 02
mi300x-01:402:3400 [3] NCCL INFO Channel 29/0 : 1[65000] -> 0[46000] via P2P/IPC comm 0x6defaa30 nRanks 02
mi300x-01:406:3395 [7] NCCL INFO Channel 03/0 : 1[e5000] -> 0[c6000] via P2P/IPC comm 0x6de807c0 nRanks 02
mi300x-01:401:3388 [2] NCCL INFO Channel 30/0 : 0[46000] -> 1[65000] via P2P/IPC comm 0x6df96500 nRanks 02
mi300x-01:405:3390 [6] NCCL INFO Channel 03/0 : 0[c6000] -> 1[e5000] via P2P/IPC comm 0x6de4a370 nRanks 02
mi300x-01:402:3400 [3] NCCL INFO Channel 30/0 : 1[65000] -> 0[46000] via P2P/IPC comm 0x6defaa30 nRanks 02
mi300x-01:406:3395 [7] NCCL INFO Channel 04/0 : 1[e5000] -> 0[c6000] via P2P/IPC comm 0x6de807c0 nRanks 02
mi300x-01:401:3388 [2] NCCL INFO Channel 31/0 : 0[46000] -> 1[65000] via P2P/IPC comm 0x6df96500 nRanks 02
mi300x-01:405:3390 [6] NCCL INFO Channel 04/0 : 0[c6000] -> 1[e5000] via P2P/IPC comm 0x6de4a370 nRanks 02
mi300x-01:402:3400 [3] NCCL INFO Channel 31/0 : 1[65000] -> 0[46000] via P2P/IPC comm 0x6defaa30 nRanks 02
mi300x-01:406:3395 [7] NCCL INFO Channel 05/0 : 1[e5000] -> 0[c6000] via P2P/IPC comm 0x6de807c0 nRanks 02
mi300x-01:405:3390 [6] NCCL INFO Channel 05/0 : 0[c6000] -> 1[e5000] via P2P/IPC comm 0x6de4a370 nRanks 02
mi300x-01:406:3395 [7] NCCL INFO Channel 06/0 : 1[e5000] -> 0[c6000] via P2P/IPC comm 0x6de807c0 nRanks 02
mi300x-01:405:3390 [6] NCCL INFO Channel 06/0 : 0[c6000] -> 1[e5000] via P2P/IPC comm 0x6de4a370 nRanks 02
mi300x-01:406:3395 [7] NCCL INFO Channel 07/0 : 1[e5000] -> 0[c6000] via P2P/IPC comm 0x6de807c0 nRanks 02
mi300x-01:405:3390 [6] NCCL INFO Channel 07/0 : 0[c6000] -> 1[e5000] via P2P/IPC comm 0x6de4a370 nRanks 02
mi300x-01:406:3395 [7] NCCL INFO Channel 08/0 : 1[e5000] -> 0[c6000] via P2P/IPC comm 0x6de807c0 nRanks 02
mi300x-01:401:3388 [2] NCCL INFO Connected all rings
mi300x-01:402:3400 [3] NCCL INFO Connected all rings
mi300x-01:401:3388 [2] NCCL INFO Connected all trees
mi300x-01:402:3400 [3] NCCL INFO Connected all trees
mi300x-01:405:3390 [6] NCCL INFO Channel 08/0 : 0[c6000] -> 1[e5000] via P2P/IPC comm 0x6de4a370 nRanks 02
mi300x-01:406:3395 [7] NCCL INFO Channel 09/0 : 1[e5000] -> 0[c6000] via P2P/IPC comm 0x6de807c0 nRanks 02
mi300x-01:405:3390 [6] NCCL INFO Channel 09/0 : 0[c6000] -> 1[e5000] via P2P/IPC comm 0x6de4a370 nRanks 02
mi300x-01:406:3395 [7] NCCL INFO Channel 10/0 : 1[e5000] -> 0[c6000] via P2P/IPC comm 0x6de807c0 nRanks 02
mi300x-01:402:3400 [3] NCCL INFO threadThresholds 8/8/64 | 16/8/64 | 256 | 256
mi300x-01:402:3400 [3] NCCL INFO 32 coll channels, 32 collnet channels, 0 nvls channels, 32 p2p channels, 8 p2p channels per peer
mi300x-01:401:3388 [2] NCCL INFO threadThresholds 8/8/64 | 16/8/64 | 256 | 256
mi300x-01:401:3388 [2] NCCL INFO 32 coll channels, 32 collnet channels, 0 nvls channels, 32 p2p channels, 8 p2p channels per peer
mi300x-01:401:3388 [2] NCCL INFO CC Off, Multi-GPU CC Off, workFifoBytes 1048576
mi300x-01:405:3390 [6] NCCL INFO Channel 10/0 : 0[c6000] -> 1[e5000] via P2P/IPC comm 0x6de4a370 nRanks 02
mi300x-01:406:3395 [7] NCCL INFO Channel 11/0 : 1[e5000] -> 0[c6000] via P2P/IPC comm 0x6de807c0 nRanks 02

mi300x-01:402:3400 [3] /longer_pathname_so_that_rpms_can_support_packaging_the_debug_info_for_all_os_profiles/src/out/ubuntu-22.04/22.04/build/rccl/hipify/src/init.cc:1954 NCCL WARN MSCCL++: Cannot enable MSCCL++; environment is not MSCCL compatible
mi300x-01:402:3400 [3] NCCL INFO ncclCommInitRank comm 0x6defaa30 rank 1 nranks 2 cudaDev 3 nvmlDev 3 busId 65000 commId 0xf338d1813a0b8c22 localSize 384 used 1254523833 bytes on core 128 - Init COMPLETE
mi300x-01:402:3400 [3] NCCL INFO Init timings: rank 1 nranks 2 total 0.23 (kernels 0.00, bootstrap 0.02, allgathers 0.00, topo 0.10, graphs 0.00, connections 0.11, rest 0.00)

mi300x-01:401:3388 [2] /longer_pathname_so_that_rpms_can_support_packaging_the_debug_info_for_all_os_profiles/src/out/ubuntu-22.04/22.04/build/rccl/hipify/src/init.cc:1954 NCCL WARN MSCCL++: Cannot enable MSCCL++; environment is not MSCCL compatible
mi300x-01:401:3388 [2] NCCL INFO ncclCommInitRank comm 0x6df96500 rank 0 nranks 2 cudaDev 2 nvmlDev 2 busId 46000 commId 0xf338d1813a0b8c22 localSize 384 used 1236173733 bytes on core 144 - Init COMPLETE
mi300x-01:401:3388 [2] NCCL INFO Init timings: rank 0 nranks 2 total 0.37 (kernels 0.00, bootstrap 0.15, allgathers 0.00, topo 0.10, graphs 0.00, connections 0.12, rest 0.00)
mi300x-01:405:3390 [6] NCCL INFO Channel 11/0 : 0[c6000] -> 1[e5000] via P2P/IPC comm 0x6de4a370 nRanks 02
mi300x-01:406:3395 [7] NCCL INFO Channel 12/0 : 1[e5000] -> 0[c6000] via P2P/IPC comm 0x6de807c0 nRanks 02
mi300x-01:405:3390 [6] NCCL INFO Channel 12/0 : 0[c6000] -> 1[e5000] via P2P/IPC comm 0x6de4a370 nRanks 02
mi300x-01:406:3395 [7] NCCL INFO Channel 13/0 : 1[e5000] -> 0[c6000] via P2P/IPC comm 0x6de807c0 nRanks 02
mi300x-01:405:3390 [6] NCCL INFO Channel 13/0 : 0[c6000] -> 1[e5000] via P2P/IPC comm 0x6de4a370 nRanks 02
mi300x-01:406:3395 [7] NCCL INFO Channel 14/0 : 1[e5000] -> 0[c6000] via P2P/IPC comm 0x6de807c0 nRanks 02
mi300x-01:405:3390 [6] NCCL INFO Channel 14/0 : 0[c6000] -> 1[e5000] via P2P/IPC comm 0x6de4a370 nRanks 02
mi300x-01:406:3395 [7] NCCL INFO Channel 15/0 : 1[e5000] -> 0[c6000] via P2P/IPC comm 0x6de807c0 nRanks 02
mi300x-01:405:3390 [6] NCCL INFO Channel 15/0 : 0[c6000] -> 1[e5000] via P2P/IPC comm 0x6de4a370 nRanks 02
mi300x-01:406:3395 [7] NCCL INFO Channel 16/0 : 1[e5000] -> 0[c6000] via P2P/IPC comm 0x6de807c0 nRanks 02
mi300x-01:405:3390 [6] NCCL INFO Channel 16/0 : 0[c6000] -> 1[e5000] via P2P/IPC comm 0x6de4a370 nRanks 02
mi300x-01:406:3395 [7] NCCL INFO Channel 17/0 : 1[e5000] -> 0[c6000] via P2P/IPC comm 0x6de807c0 nRanks 02
mi300x-01:405:3390 [6] NCCL INFO Channel 17/0 : 0[c6000] -> 1[e5000] via P2P/IPC comm 0x6de4a370 nRanks 02
mi300x-01:406:3395 [7] NCCL INFO Channel 18/0 : 1[e5000] -> 0[c6000] via P2P/IPC comm 0x6de807c0 nRanks 02
mi300x-01:405:3390 [6] NCCL INFO Channel 18/0 : 0[c6000] -> 1[e5000] via P2P/IPC comm 0x6de4a370 nRanks 02
mi300x-01:406:3395 [7] NCCL INFO Channel 19/0 : 1[e5000] -> 0[c6000] via P2P/IPC comm 0x6de807c0 nRanks 02
mi300x-01:402:3417 [3] NCCL INFO Channel 08/1 : 1[65000] -> 0[46000] via P2P/IPC comm 0x6defaa30 nRanks 02
mi300x-01:405:3390 [6] NCCL INFO Channel 19/0 : 0[c6000] -> 1[e5000] via P2P/IPC comm 0x6de4a370 nRanks 02
mi300x-01:406:3395 [7] NCCL INFO Channel 20/0 : 1[e5000] -> 0[c6000] via P2P/IPC comm 0x6de807c0 nRanks 02
mi300x-01:401:3418 [2] NCCL INFO Channel 08/1 : 0[46000] -> 1[65000] via P2P/IPC comm 0x6df96500 nRanks 02
mi300x-01:402:3417 [3] NCCL INFO Channel 09/1 : 1[65000] -> 0[46000] via P2P/IPC comm 0x6defaa30 nRanks 02
mi300x-01:405:3390 [6] NCCL INFO Channel 20/0 : 0[c6000] -> 1[e5000] via P2P/IPC comm 0x6de4a370 nRanks 02
mi300x-01:406:3395 [7] NCCL INFO Channel 21/0 : 1[e5000] -> 0[c6000] via P2P/IPC comm 0x6de807c0 nRanks 02
mi300x-01:401:3418 [2] NCCL INFO Channel 09/1 : 0[46000] -> 1[65000] via P2P/IPC comm 0x6df96500 nRanks 02
mi300x-01:402:3417 [3] NCCL INFO Channel 10/1 : 1[65000] -> 0[46000] via P2P/IPC comm 0x6defaa30 nRanks 02
mi300x-01:405:3390 [6] NCCL INFO Channel 21/0 : 0[c6000] -> 1[e5000] via P2P/IPC comm 0x6de4a370 nRanks 02
mi300x-01:406:3395 [7] NCCL INFO Channel 22/0 : 1[e5000] -> 0[c6000] via P2P/IPC comm 0x6de807c0 nRanks 02
mi300x-01:401:3418 [2] NCCL INFO Channel 10/1 : 0[46000] -> 1[65000] via P2P/IPC comm 0x6df96500 nRanks 02
mi300x-01:402:3417 [3] NCCL INFO Channel 11/1 : 1[65000] -> 0[46000] via P2P/IPC comm 0x6defaa30 nRanks 02
mi300x-01:405:3390 [6] NCCL INFO Channel 22/0 : 0[c6000] -> 1[e5000] via P2P/IPC comm 0x6de4a370 nRanks 02
mi300x-01:406:3395 [7] NCCL INFO Channel 23/0 : 1[e5000] -> 0[c6000] via P2P/IPC comm 0x6de807c0 nRanks 02
mi300x-01:401:3418 [2] NCCL INFO Channel 11/1 : 0[46000] -> 1[65000] via P2P/IPC comm 0x6df96500 nRanks 02
mi300x-01:402:3417 [3] NCCL INFO Channel 12/1 : 1[65000] -> 0[46000] via P2P/IPC comm 0x6defaa30 nRanks 02
mi300x-01:405:3390 [6] NCCL INFO Channel 23/0 : 0[c6000] -> 1[e5000] via P2P/IPC comm 0x6de4a370 nRanks 02
mi300x-01:406:3395 [7] NCCL INFO Channel 24/0 : 1[e5000] -> 0[c6000] via P2P/IPC comm 0x6de807c0 nRanks 02
mi300x-01:401:3418 [2] NCCL INFO Channel 12/1 : 0[46000] -> 1[65000] via P2P/IPC comm 0x6df96500 nRanks 02
mi300x-01:402:3417 [3] NCCL INFO Channel 13/1 : 1[65000] -> 0[46000] via P2P/IPC comm 0x6defaa30 nRanks 02
mi300x-01:405:3390 [6] NCCL INFO Channel 24/0 : 0[c6000] -> 1[e5000] via P2P/IPC comm 0x6de4a370 nRanks 02
mi300x-01:406:3395 [7] NCCL INFO Channel 25/0 : 1[e5000] -> 0[c6000] via P2P/IPC comm 0x6de807c0 nRanks 02
mi300x-01:401:3418 [2] NCCL INFO Channel 13/1 : 0[46000] -> 1[65000] via P2P/IPC comm 0x6df96500 nRanks 02
mi300x-01:402:3417 [3] NCCL INFO Channel 14/1 : 1[65000] -> 0[46000] via P2P/IPC comm 0x6defaa30 nRanks 02
mi300x-01:405:3390 [6] NCCL INFO Channel 25/0 : 0[c6000] -> 1[e5000] via P2P/IPC comm 0x6de4a370 nRanks 02
mi300x-01:406:3395 [7] NCCL INFO Channel 26/0 : 1[e5000] -> 0[c6000] via P2P/IPC comm 0x6de807c0 nRanks 02
mi300x-01:401:3418 [2] NCCL INFO Channel 14/1 : 0[46000] -> 1[65000] via P2P/IPC comm 0x6df96500 nRanks 02
mi300x-01:402:3417 [3] NCCL INFO Channel 15/1 : 1[65000] -> 0[46000] via P2P/IPC comm 0x6defaa30 nRanks 02
mi300x-01:405:3390 [6] NCCL INFO Channel 26/0 : 0[c6000] -> 1[e5000] via P2P/IPC comm 0x6de4a370 nRanks 02
mi300x-01:406:3395 [7] NCCL INFO Channel 27/0 : 1[e5000] -> 0[c6000] via P2P/IPC comm 0x6de807c0 nRanks 02
mi300x-01:401:3418 [2] NCCL INFO Channel 15/1 : 0[46000] -> 1[65000] via P2P/IPC comm 0x6df96500 nRanks 02
mi300x-01:405:3390 [6] NCCL INFO Channel 27/0 : 0[c6000] -> 1[e5000] via P2P/IPC comm 0x6de4a370 nRanks 02
mi300x-01:406:3395 [7] NCCL INFO Channel 28/0 : 1[e5000] -> 0[c6000] via P2P/IPC comm 0x6de807c0 nRanks 02
mi300x-01:405:3390 [6] NCCL INFO Channel 28/0 : 0[c6000] -> 1[e5000] via P2P/IPC comm 0x6de4a370 nRanks 02
mi300x-01:406:3395 [7] NCCL INFO Channel 29/0 : 1[e5000] -> 0[c6000] via P2P/IPC comm 0x6de807c0 nRanks 02
mi300x-01:405:3390 [6] NCCL INFO Channel 29/0 : 0[c6000] -> 1[e5000] via P2P/IPC comm 0x6de4a370 nRanks 02
mi300x-01:406:3395 [7] NCCL INFO Channel 30/0 : 1[e5000] -> 0[c6000] via P2P/IPC comm 0x6de807c0 nRanks 02
mi300x-01:405:3390 [6] NCCL INFO Channel 30/0 : 0[c6000] -> 1[e5000] via P2P/IPC comm 0x6de4a370 nRanks 02
mi300x-01:406:3395 [7] NCCL INFO Channel 31/0 : 1[e5000] -> 0[c6000] via P2P/IPC comm 0x6de807c0 nRanks 02
mi300x-01:405:3390 [6] NCCL INFO Channel 31/0 : 0[c6000] -> 1[e5000] via P2P/IPC comm 0x6de4a370 nRanks 02
mi300x-01:406:3395 [7] NCCL INFO Connected all rings
mi300x-01:406:3395 [7] NCCL INFO Connected all trees
mi300x-01:405:3390 [6] NCCL INFO Connected all rings
mi300x-01:405:3390 [6] NCCL INFO Connected all trees
mi300x-01:406:3395 [7] NCCL INFO threadThresholds 8/8/64 | 16/8/64 | 256 | 256
mi300x-01:406:3395 [7] NCCL INFO 32 coll channels, 32 collnet channels, 0 nvls channels, 32 p2p channels, 8 p2p channels per peer
mi300x-01:405:3390 [6] NCCL INFO threadThresholds 8/8/64 | 16/8/64 | 256 | 256
