mi300x-01:400:3693 [1] NCCL INFO Channel 01/0 : 1[26000] -> 0[5000] via P2P/IPC comm 0x6e088e70 nRanks 02
mi300x-01:399:3692 [0] NCCL INFO Channel 03/0 : 0[5000] -> 1[26000] via P2P/IPC comm 0x6df23570 nRanks 02
mi300x-01:400:3693 [1] NCCL INFO Channel 02/0 : 1[26000] -> 0[5000] via P2P/IPC comm 0x6e088e70 nRanks 02
mi300x-01:399:3692 [0] NCCL INFO Channel 04/0 : 0[5000] -> 1[26000] via P2P/IPC comm 0x6df23570 nRanks 02
mi300x-01:400:3693 [1] NCCL INFO Channel 03/0 : 1[26000] -> 0[5000] via P2P/IPC comm 0x6e088e70 nRanks 02
mi300x-01:399:3692 [0] NCCL INFO Channel 05/0 : 0[5000] -> 1[26000] via P2P/IPC comm 0x6df23570 nRanks 02
mi300x-01:400:3693 [1] NCCL INFO Channel 04/0 : 1[26000] -> 0[5000] via P2P/IPC comm 0x6e088e70 nRanks 02
mi300x-01:399:3692 [0] NCCL INFO Channel 06/0 : 0[5000] -> 1[26000] via P2P/IPC comm 0x6df23570 nRanks 02
mi300x-01:400:3693 [1] NCCL INFO Channel 05/0 : 1[26000] -> 0[5000] via P2P/IPC comm 0x6e088e70 nRanks 02
mi300x-01:399:3692 [0] NCCL INFO Channel 07/0 : 0[5000] -> 1[26000] via P2P/IPC comm 0x6df23570 nRanks 02
mi300x-01:400:3693 [1] NCCL INFO Channel 06/0 : 1[26000] -> 0[5000] via P2P/IPC comm 0x6e088e70 nRanks 02
mi300x-01:399:3692 [0] NCCL INFO Channel 08/0 : 0[5000] -> 1[26000] via P2P/IPC comm 0x6df23570 nRanks 02
mi300x-01:400:3693 [1] NCCL INFO Channel 07/0 : 1[26000] -> 0[5000] via P2P/IPC comm 0x6e088e70 nRanks 02
mi300x-01:399:3692 [0] NCCL INFO Channel 09/0 : 0[5000] -> 1[26000] via P2P/IPC comm 0x6df23570 nRanks 02
mi300x-01:400:3693 [1] NCCL INFO Channel 08/0 : 1[26000] -> 0[5000] via P2P/IPC comm 0x6e088e70 nRanks 02
mi300x-01:399:3692 [0] NCCL INFO Channel 10/0 : 0[5000] -> 1[26000] via P2P/IPC comm 0x6df23570 nRanks 02
mi300x-01:400:3693 [1] NCCL INFO Channel 09/0 : 1[26000] -> 0[5000] via P2P/IPC comm 0x6e088e70 nRanks 02
mi300x-01:404:3701 [5] NCCL INFO Setting affinity for GPU 5 to ffffffff,ffffffff,00000000,00000000,ffffffff,ffffffff,00000000,00000000
mi300x-01:403:3700 [4] NCCL INFO Setting affinity for GPU 4 to ffffffff,ffffffff,00000000,00000000,ffffffff,ffffffff,00000000,00000000
mi300x-01:399:3692 [0] NCCL INFO Channel 11/0 : 0[5000] -> 1[26000] via P2P/IPC comm 0x6df23570 nRanks 02
mi300x-01:404:3701 [5] NCCL INFO comm 0x6e0d6dd0 rank 1 nRanks 2 nNodes 1 localRanks 2 localRank 1 MNNVL 0
mi300x-01:403:3700 [4] NCCL INFO comm 0x6def99f0 rank 0 nRanks 2 nNodes 1 localRanks 2 localRank 0 MNNVL 0
mi300x-01:403:3700 [4] NCCL INFO Channel 00/32 :    0   1
mi300x-01:403:3700 [4] NCCL INFO Channel 01/32 :    0   1
mi300x-01:403:3700 [4] NCCL INFO Channel 02/32 :    0   1
mi300x-01:403:3700 [4] NCCL INFO Channel 03/32 :    0   1
mi300x-01:403:3700 [4] NCCL INFO Channel 04/32 :    0   1
mi300x-01:403:3700 [4] NCCL INFO Channel 05/32 :    0   1
mi300x-01:404:3701 [5] NCCL INFO Trees [0] -1/-1/-1->1->0 [1] 0/-1/-1->1->-1 [2] -1/-1/-1->1->0 [3] 0/-1/-1->1->-1 [4] -1/-1/-1->1->0 [5] 0/-1/-1->1->-1 [6] -1/-1/-1->1->0 [7] 0/-1/-1->1->-1 [8] -1/-1/-1->1->0 [9] 0/-1/-1->1->-1 [10] -1/-1/-1->1->0 [11] 0/-1/-1->1->-1 [12] -1/-1/-1->1->0 [13] 0/-1/-1->1->-1 [14] -1/-1/-1->1->0 [15] 0/-1/-1->1->-1 [16] -1/-1/-1->1->0 [17] 0/-1/-1->1->-1 [18] -1/-1/-1->1->0 [19] 0/-1/-1->1->-1 [20] -1/-1/-1->1->0 [21] 0/-1/-1->1->-1 [22] -1/-1/-1->1->0 [23] 0/-1/-1->1->-1 [24] -1/-1/-1->1->0 [25] 0/-1/-1->1->-1 [26] -1/-1/-1->1->0 [27] 0/-1/-1->1->-1 [28] -1/-1/-1->1->0 [29] 0/-1/-1->1->-1 [30] -1/-1/-1->1->0 [31] 0/-1/-1->1->-1 comm 0x6e0d6dd0 nRanks 02 busId a6000
mi300x-01:403:3700 [4] NCCL INFO Channel 06/32 :    0   1
mi300x-01:403:3700 [4] NCCL INFO Channel 07/32 :    0   1
mi300x-01:404:3701 [5] NCCL INFO P2P Chunksize set to 524288
mi300x-01:403:3700 [4] NCCL INFO Channel 08/32 :    0   1
mi300x-01:403:3700 [4] NCCL INFO Channel 09/32 :    0   1
mi300x-01:403:3700 [4] NCCL INFO Channel 10/32 :    0   1
mi300x-01:403:3700 [4] NCCL INFO Channel 11/32 :    0   1
mi300x-01:403:3700 [4] NCCL INFO Channel 12/32 :    0   1
mi300x-01:403:3700 [4] NCCL INFO Channel 13/32 :    0   1
mi300x-01:403:3700 [4] NCCL INFO Channel 14/32 :    0   1
mi300x-01:403:3700 [4] NCCL INFO Channel 15/32 :    0   1
mi300x-01:403:3700 [4] NCCL INFO Channel 16/32 :    0   1
mi300x-01:403:3700 [4] NCCL INFO Channel 17/32 :    0   1
mi300x-01:403:3700 [4] NCCL INFO Channel 18/32 :    0   1
mi300x-01:403:3700 [4] NCCL INFO Channel 19/32 :    0   1
mi300x-01:403:3700 [4] NCCL INFO Channel 20/32 :    0   1
mi300x-01:403:3700 [4] NCCL INFO Channel 21/32 :    0   1
mi300x-01:403:3700 [4] NCCL INFO Channel 22/32 :    0   1
mi300x-01:403:3700 [4] NCCL INFO Channel 23/32 :    0   1
mi300x-01:403:3700 [4] NCCL INFO Channel 24/32 :    0   1
mi300x-01:403:3700 [4] NCCL INFO Channel 25/32 :    0   1
mi300x-01:403:3700 [4] NCCL INFO Channel 26/32 :    0   1
mi300x-01:403:3700 [4] NCCL INFO Channel 27/32 :    0   1
mi300x-01:403:3700 [4] NCCL INFO Channel 28/32 :    0   1
mi300x-01:403:3700 [4] NCCL INFO Channel 29/32 :    0   1
mi300x-01:403:3700 [4] NCCL INFO Channel 30/32 :    0   1
mi300x-01:403:3700 [4] NCCL INFO Channel 31/32 :    0   1
mi300x-01:403:3700 [4] NCCL INFO Trees [0] 1/-1/-1->0->-1 [1] -1/-1/-1->0->1 [2] 1/-1/-1->0->-1 [3] -1/-1/-1->0->1 [4] 1/-1/-1->0->-1 [5] -1/-1/-1->0->1 [6] 1/-1/-1->0->-1 [7] -1/-1/-1->0->1 [8] 1/-1/-1->0->-1 [9] -1/-1/-1->0->1 [10] 1/-1/-1->0->-1 [11] -1/-1/-1->0->1 [12] 1/-1/-1->0->-1 [13] -1/-1/-1->0->1 [14] 1/-1/-1->0->-1 [15] -1/-1/-1->0->1 [16] 1/-1/-1->0->-1 [17] -1/-1/-1->0->1 [18] 1/-1/-1->0->-1 [19] -1/-1/-1->0->1 [20] 1/-1/-1->0->-1 [21] -1/-1/-1->0->1 [22] 1/-1/-1->0->-1 [23] -1/-1/-1->0->1 [24] 1/-1/-1->0->-1 [25] -1/-1/-1->0->1 [26] 1/-1/-1->0->-1 [27] -1/-1/-1->0->1 [28] 1/-1/-1->0->-1 [29] -1/-1/-1->0->1 [30] 1/-1/-1->0->-1 [31] -1/-1/-1->0->1 comm 0x6def99f0 nRanks 02 busId 85000
mi300x-01:403:3700 [4] NCCL INFO P2P Chunksize set to 524288
mi300x-01:400:3693 [1] NCCL INFO Channel 10/0 : 1[26000] -> 0[5000] via P2P/IPC comm 0x6e088e70 nRanks 02
mi300x-01:399:3692 [0] NCCL INFO Channel 12/0 : 0[5000] -> 1[26000] via P2P/IPC comm 0x6df23570 nRanks 02
mi300x-01:400:3693 [1] NCCL INFO Channel 11/0 : 1[26000] -> 0[5000] via P2P/IPC comm 0x6e088e70 nRanks 02
mi300x-01:399:3692 [0] NCCL INFO Channel 13/0 : 0[5000] -> 1[26000] via P2P/IPC comm 0x6df23570 nRanks 02
mi300x-01:400:3693 [1] NCCL INFO Channel 12/0 : 1[26000] -> 0[5000] via P2P/IPC comm 0x6e088e70 nRanks 02
mi300x-01:399:3692 [0] NCCL INFO Channel 14/0 : 0[5000] -> 1[26000] via P2P/IPC comm 0x6df23570 nRanks 02
mi300x-01:400:3693 [1] NCCL INFO Channel 13/0 : 1[26000] -> 0[5000] via P2P/IPC comm 0x6e088e70 nRanks 02
mi300x-01:399:3692 [0] NCCL INFO Channel 15/0 : 0[5000] -> 1[26000] via P2P/IPC comm 0x6df23570 nRanks 02
mi300x-01:402:3698 [3] NCCL INFO Setting affinity for GPU 3 to ffffffff,ffffffff,00000000,00000000,ffffffff,ffffffff
mi300x-01:401:3697 [2] NCCL INFO Setting affinity for GPU 2 to ffffffff,ffffffff,00000000,00000000,ffffffff,ffffffff
mi300x-01:400:3693 [1] NCCL INFO Channel 14/0 : 1[26000] -> 0[5000] via P2P/IPC comm 0x6e088e70 nRanks 02
mi300x-01:401:3697 [2] NCCL INFO comm 0x6e0442f0 rank 0 nRanks 2 nNodes 1 localRanks 2 localRank 0 MNNVL 0
mi300x-01:402:3698 [3] NCCL INFO comm 0x6dfc2010 rank 1 nRanks 2 nNodes 1 localRanks 2 localRank 1 MNNVL 0
mi300x-01:401:3697 [2] NCCL INFO Channel 00/32 :    0   1
mi300x-01:401:3697 [2] NCCL INFO Channel 01/32 :    0   1
mi300x-01:401:3697 [2] NCCL INFO Channel 02/32 :    0   1
mi300x-01:401:3697 [2] NCCL INFO Channel 03/32 :    0   1
mi300x-01:401:3697 [2] NCCL INFO Channel 04/32 :    0   1
mi300x-01:401:3697 [2] NCCL INFO Channel 05/32 :    0   1
mi300x-01:401:3697 [2] NCCL INFO Channel 06/32 :    0   1
mi300x-01:401:3697 [2] NCCL INFO Channel 07/32 :    0   1
mi300x-01:401:3697 [2] NCCL INFO Channel 08/32 :    0   1
mi300x-01:401:3697 [2] NCCL INFO Channel 09/32 :    0   1
mi300x-01:401:3697 [2] NCCL INFO Channel 10/32 :    0   1
mi300x-01:402:3698 [3] NCCL INFO Trees [0] -1/-1/-1->1->0 [1] 0/-1/-1->1->-1 [2] -1/-1/-1->1->0 [3] 0/-1/-1->1->-1 [4] -1/-1/-1->1->0 [5] 0/-1/-1->1->-1 [6] -1/-1/-1->1->0 [7] 0/-1/-1->1->-1 [8] -1/-1/-1->1->0 [9] 0/-1/-1->1->-1 [10] -1/-1/-1->1->0 [11] 0/-1/-1->1->-1 [12] -1/-1/-1->1->0 [13] 0/-1/-1->1->-1 [14] -1/-1/-1->1->0 [15] 0/-1/-1->1->-1 [16] -1/-1/-1->1->0 [17] 0/-1/-1->1->-1 [18] -1/-1/-1->1->0 [19] 0/-1/-1->1->-1 [20] -1/-1/-1->1->0 [21] 0/-1/-1->1->-1 [22] -1/-1/-1->1->0 [23] 0/-1/-1->1->-1 [24] -1/-1/-1->1->0 [25] 0/-1/-1->1->-1 [26] -1/-1/-1->1->0 [27] 0/-1/-1->1->-1 [28] -1/-1/-1->1->0 [29] 0/-1/-1->1->-1 [30] -1/-1/-1->1->0 [31] 0/-1/-1->1->-1 comm 0x6dfc2010 nRanks 02 busId 65000
mi300x-01:401:3697 [2] NCCL INFO Channel 11/32 :    0   1
mi300x-01:402:3698 [3] NCCL INFO P2P Chunksize set to 524288
mi300x-01:401:3697 [2] NCCL INFO Channel 12/32 :    0   1
mi300x-01:401:3697 [2] NCCL INFO Channel 13/32 :    0   1
mi300x-01:401:3697 [2] NCCL INFO Channel 14/32 :    0   1
mi300x-01:401:3697 [2] NCCL INFO Channel 15/32 :    0   1
mi300x-01:401:3697 [2] NCCL INFO Channel 16/32 :    0   1
mi300x-01:401:3697 [2] NCCL INFO Channel 17/32 :    0   1
mi300x-01:401:3697 [2] NCCL INFO Channel 18/32 :    0   1
mi300x-01:401:3697 [2] NCCL INFO Channel 19/32 :    0   1
mi300x-01:401:3697 [2] NCCL INFO Channel 20/32 :    0   1
mi300x-01:401:3697 [2] NCCL INFO Channel 21/32 :    0   1
mi300x-01:401:3697 [2] NCCL INFO Channel 22/32 :    0   1
mi300x-01:401:3697 [2] NCCL INFO Channel 23/32 :    0   1
mi300x-01:401:3697 [2] NCCL INFO Channel 24/32 :    0   1
mi300x-01:401:3697 [2] NCCL INFO Channel 25/32 :    0   1
mi300x-01:401:3697 [2] NCCL INFO Channel 26/32 :    0   1
mi300x-01:401:3697 [2] NCCL INFO Channel 27/32 :    0   1
mi300x-01:401:3697 [2] NCCL INFO Channel 28/32 :    0   1
mi300x-01:401:3697 [2] NCCL INFO Channel 29/32 :    0   1
mi300x-01:401:3697 [2] NCCL INFO Channel 30/32 :    0   1
mi300x-01:401:3697 [2] NCCL INFO Channel 31/32 :    0   1
mi300x-01:401:3697 [2] NCCL INFO Trees [0] 1/-1/-1->0->-1 [1] -1/-1/-1->0->1 [2] 1/-1/-1->0->-1 [3] -1/-1/-1->0->1 [4] 1/-1/-1->0->-1 [5] -1/-1/-1->0->1 [6] 1/-1/-1->0->-1 [7] -1/-1/-1->0->1 [8] 1/-1/-1->0->-1 [9] -1/-1/-1->0->1 [10] 1/-1/-1->0->-1 [11] -1/-1/-1->0->1 [12] 1/-1/-1->0->-1 [13] -1/-1/-1->0->1 [14] 1/-1/-1->0->-1 [15] -1/-1/-1->0->1 [16] 1/-1/-1->0->-1 [17] -1/-1/-1->0->1 [18] 1/-1/-1->0->-1 [19] -1/-1/-1->0->1 [20] 1/-1/-1->0->-1 [21] -1/-1/-1->0->1 [22] 1/-1/-1->0->-1 [23] -1/-1/-1->0->1 [24] 1/-1/-1->0->-1 [25] -1/-1/-1->0->1 [26] 1/-1/-1->0->-1 [27] -1/-1/-1->0->1 [28] 1/-1/-1->0->-1 [29] -1/-1/-1->0->1 [30] 1/-1/-1->0->-1 [31] -1/-1/-1->0->1 comm 0x6e0442f0 nRanks 02 busId 46000
mi300x-01:401:3697 [2] NCCL INFO P2P Chunksize set to 524288
mi300x-01:399:3692 [0] NCCL INFO Channel 16/0 : 0[5000] -> 1[26000] via P2P/IPC comm 0x6df23570 nRanks 02
mi300x-01:400:3693 [1] NCCL INFO Channel 15/0 : 1[26000] -> 0[5000] via P2P/IPC comm 0x6e088e70 nRanks 02
mi300x-01:399:3692 [0] NCCL INFO Channel 17/0 : 0[5000] -> 1[26000] via P2P/IPC comm 0x6df23570 nRanks 02
mi300x-01:400:3693 [1] NCCL INFO Channel 16/0 : 1[26000] -> 0[5000] via P2P/IPC comm 0x6e088e70 nRanks 02
mi300x-01:399:3692 [0] NCCL INFO Channel 18/0 : 0[5000] -> 1[26000] via P2P/IPC comm 0x6df23570 nRanks 02
mi300x-01:400:3693 [1] NCCL INFO Channel 17/0 : 1[26000] -> 0[5000] via P2P/IPC comm 0x6e088e70 nRanks 02
mi300x-01:400:3693 [1] NCCL INFO Channel 18/0 : 1[26000] -> 0[5000] via P2P/IPC comm 0x6e088e70 nRanks 02
mi300x-01:399:3692 [0] NCCL INFO Channel 19/0 : 0[5000] -> 1[26000] via P2P/IPC comm 0x6df23570 nRanks 02
mi300x-01:400:3693 [1] NCCL INFO Channel 19/0 : 1[26000] -> 0[5000] via P2P/IPC comm 0x6e088e70 nRanks 02
mi300x-01:399:3692 [0] NCCL INFO Channel 20/0 : 0[5000] -> 1[26000] via P2P/IPC comm 0x6df23570 nRanks 02
mi300x-01:400:3693 [1] NCCL INFO Channel 20/0 : 1[26000] -> 0[5000] via P2P/IPC comm 0x6e088e70 nRanks 02
mi300x-01:399:3692 [0] NCCL INFO Channel 21/0 : 0[5000] -> 1[26000] via P2P/IPC comm 0x6df23570 nRanks 02
mi300x-01:400:3693 [1] NCCL INFO Channel 21/0 : 1[26000] -> 0[5000] via P2P/IPC comm 0x6e088e70 nRanks 02
mi300x-01:399:3692 [0] NCCL INFO Channel 22/0 : 0[5000] -> 1[26000] via P2P/IPC comm 0x6df23570 nRanks 02
mi300x-01:400:3693 [1] NCCL INFO Channel 22/0 : 1[26000] -> 0[5000] via P2P/IPC comm 0x6e088e70 nRanks 02
mi300x-01:399:3692 [0] NCCL INFO Channel 23/0 : 0[5000] -> 1[26000] via P2P/IPC comm 0x6df23570 nRanks 02
mi300x-01:400:3693 [1] NCCL INFO Channel 23/0 : 1[26000] -> 0[5000] via P2P/IPC comm 0x6e088e70 nRanks 02
mi300x-01:399:3692 [0] NCCL INFO Channel 24/0 : 0[5000] -> 1[26000] via P2P/IPC comm 0x6df23570 nRanks 02
mi300x-01:400:3693 [1] NCCL INFO Channel 24/0 : 1[26000] -> 0[5000] via P2P/IPC comm 0x6e088e70 nRanks 02
mi300x-01:399:3692 [0] NCCL INFO Channel 25/0 : 0[5000] -> 1[26000] via P2P/IPC comm 0x6df23570 nRanks 02
mi300x-01:400:3693 [1] NCCL INFO Channel 25/0 : 1[26000] -> 0[5000] via P2P/IPC comm 0x6e088e70 nRanks 02
mi300x-01:399:3692 [0] NCCL INFO Channel 26/0 : 0[5000] -> 1[26000] via P2P/IPC comm 0x6df23570 nRanks 02
mi300x-01:400:3693 [1] NCCL INFO Channel 26/0 : 1[26000] -> 0[5000] via P2P/IPC comm 0x6e088e70 nRanks 02
mi300x-01:399:3692 [0] NCCL INFO Channel 27/0 : 0[5000] -> 1[26000] via P2P/IPC comm 0x6df23570 nRanks 02
mi300x-01:400:3693 [1] NCCL INFO Channel 27/0 : 1[26000] -> 0[5000] via P2P/IPC comm 0x6e088e70 nRanks 02
mi300x-01:399:3692 [0] NCCL INFO Channel 28/0 : 0[5000] -> 1[26000] via P2P/IPC comm 0x6df23570 nRanks 02
mi300x-01:400:3693 [1] NCCL INFO Channel 28/0 : 1[26000] -> 0[5000] via P2P/IPC comm 0x6e088e70 nRanks 02
mi300x-01:399:3692 [0] NCCL INFO Channel 29/0 : 0[5000] -> 1[26000] via P2P/IPC comm 0x6df23570 nRanks 02
mi300x-01:400:3693 [1] NCCL INFO Channel 29/0 : 1[26000] -> 0[5000] via P2P/IPC comm 0x6e088e70 nRanks 02
mi300x-01:399:3692 [0] NCCL INFO Channel 30/0 : 0[5000] -> 1[26000] via P2P/IPC comm 0x6df23570 nRanks 02
mi300x-01:400:3693 [1] NCCL INFO Channel 30/0 : 1[26000] -> 0[5000] via P2P/IPC comm 0x6e088e70 nRanks 02
mi300x-01:399:3692 [0] NCCL INFO Channel 31/0 : 0[5000] -> 1[26000] via P2P/IPC comm 0x6df23570 nRanks 02
mi300x-01:400:3693 [1] NCCL INFO Channel 31/0 : 1[26000] -> 0[5000] via P2P/IPC comm 0x6e088e70 nRanks 02
mi300x-01:399:3692 [0] NCCL INFO Connected all rings
mi300x-01:400:3693 [1] NCCL INFO Connected all rings
mi300x-01:399:3692 [0] NCCL INFO Connected all trees
mi300x-01:400:3693 [1] NCCL INFO Connected all trees
mi300x-01:399:3692 [0] NCCL INFO threadThresholds 8/8/64 | 16/8/64 | 256 | 256
mi300x-01:399:3692 [0] NCCL INFO 32 coll channels, 32 collnet channels, 0 nvls channels, 32 p2p channels, 8 p2p channels per peer
mi300x-01:399:3692 [0] NCCL INFO CC Off, Multi-GPU CC Off, workFifoBytes 1048576
mi300x-01:400:3693 [1] NCCL INFO threadThresholds 8/8/64 | 16/8/64 | 256 | 256
mi300x-01:400:3693 [1] NCCL INFO 32 coll channels, 32 collnet channels, 0 nvls channels, 32 p2p channels, 8 p2p channels per peer

mi300x-01:399:3692 [0] /longer_pathname_so_that_rpms_can_support_packaging_the_debug_info_for_all_os_profiles/src/out/ubuntu-22.04/22.04/build/rccl/hipify/src/init.cc:1954 NCCL WARN MSCCL++: Cannot enable MSCCL++; environment is not MSCCL compatible
mi300x-01:399:3692 [0] NCCL INFO ncclCommInitRank comm 0x6df23570 rank 0 nranks 2 cudaDev 0 nvmlDev 0 busId 5000 commId 0x92b010982fac2cbe localSize 384 used 1277330331 bytes on core 55 - Init COMPLETE
mi300x-01:399:3692 [0] NCCL INFO Init timings: rank 0 nranks 2 total 0.27 (kernels 0.00, bootstrap 0.02, allgathers 0.00, topo 0.14, graphs 0.00, connections 0.11, rest 0.00)

mi300x-01:400:3693 [1] /longer_pathname_so_that_rpms_can_support_packaging_the_debug_info_for_all_os_profiles/src/out/ubuntu-22.04/22.04/build/rccl/hipify/src/init.cc:1954 NCCL WARN MSCCL++: Cannot enable MSCCL++; environment is not MSCCL compatible
mi300x-01:400:3693 [1] NCCL INFO ncclCommInitRank comm 0x6e088e70 rank 1 nranks 2 cudaDev 1 nvmlDev 1 busId 26000 commId 0x92b010982fac2cbe localSize 384 used 1274708911 bytes on core 128 - Init COMPLETE
mi300x-01:400:3693 [1] NCCL INFO Init timings: rank 1 nranks 2 total 0.27 (kernels 0.00, bootstrap 0.02, allgathers 0.00, topo 0.14, graphs 0.00, connections 0.11, rest 0.00)
mi300x-01:406:3702 [7] NCCL INFO Setting affinity for GPU 7 to ffffffff,ffffffff,00000000,00000000,ffffffff,ffffffff,00000000,00000000
mi300x-01:405:3695 [6] NCCL INFO Setting affinity for GPU 6 to ffffffff,ffffffff,00000000,00000000,ffffffff,ffffffff,00000000,00000000
mi300x-01:406:3702 [7] NCCL INFO comm 0x6de7e980 rank 1 nRanks 2 nNodes 1 localRanks 2 localRank 1 MNNVL 0
mi300x-01:405:3695 [6] NCCL INFO comm 0x6e0878b0 rank 0 nRanks 2 nNodes 1 localRanks 2 localRank 0 MNNVL 0
mi300x-01:405:3695 [6] NCCL INFO Channel 00/32 :    0   1
mi300x-01:405:3695 [6] NCCL INFO Channel 01/32 :    0   1
mi300x-01:405:3695 [6] NCCL INFO Channel 02/32 :    0   1
mi300x-01:405:3695 [6] NCCL INFO Channel 03/32 :    0   1
mi300x-01:405:3695 [6] NCCL INFO Channel 04/32 :    0   1
mi300x-01:406:3702 [7] NCCL INFO Trees [0] -1/-1/-1->1->0 [1] 0/-1/-1->1->-1 [2] -1/-1/-1->1->0 [3] 0/-1/-1->1->-1 [4] -1/-1/-1->1->0 [5] 0/-1/-1->1->-1 [6] -1/-1/-1->1->0 [7] 0/-1/-1->1->-1 [8] -1/-1/-1->1->0 [9] 0/-1/-1->1->-1 [10] -1/-1/-1->1->0 [11] 0/-1/-1->1->-1 [12] -1/-1/-1->1->0 [13] 0/-1/-1->1->-1 [14] -1/-1/-1->1->0 [15] 0/-1/-1->1->-1 [16] -1/-1/-1->1->0 [17] 0/-1/-1->1->-1 [18] -1/-1/-1->1->0 [19] 0/-1/-1->1->-1 [20] -1/-1/-1->1->0 [21] 0/-1/-1->1->-1 [22] -1/-1/-1->1->0 [23] 0/-1/-1->1->-1 [24] -1/-1/-1->1->0 [25] 0/-1/-1->1->-1 [26] -1/-1/-1->1->0 [27] 0/-1/-1->1->-1 [28] -1/-1/-1->1->0 [29] 0/-1/-1->1->-1 [30] -1/-1/-1->1->0 [31] 0/-1/-1->1->-1 comm 0x6de7e980 nRanks 02 busId e5000
mi300x-01:405:3695 [6] NCCL INFO Channel 05/32 :    0   1
mi300x-01:405:3695 [6] NCCL INFO Channel 06/32 :    0   1
mi300x-01:406:3702 [7] NCCL INFO P2P Chunksize set to 524288
mi300x-01:405:3695 [6] NCCL INFO Channel 07/32 :    0   1
mi300x-01:405:3695 [6] NCCL INFO Channel 08/32 :    0   1
mi300x-01:405:3695 [6] NCCL INFO Channel 09/32 :    0   1
mi300x-01:405:3695 [6] NCCL INFO Channel 10/32 :    0   1
mi300x-01:405:3695 [6] NCCL INFO Channel 11/32 :    0   1
mi300x-01:405:3695 [6] NCCL INFO Channel 12/32 :    0   1
mi300x-01:405:3695 [6] NCCL INFO Channel 13/32 :    0   1
mi300x-01:405:3695 [6] NCCL INFO Channel 14/32 :    0   1
mi300x-01:405:3695 [6] NCCL INFO Channel 15/32 :    0   1
mi300x-01:405:3695 [6] NCCL INFO Channel 16/32 :    0   1
mi300x-01:405:3695 [6] NCCL INFO Channel 17/32 :    0   1
mi300x-01:405:3695 [6] NCCL INFO Channel 18/32 :    0   1
mi300x-01:405:3695 [6] NCCL INFO Channel 19/32 :    0   1
mi300x-01:405:3695 [6] NCCL INFO Channel 20/32 :    0   1
mi300x-01:405:3695 [6] NCCL INFO Channel 21/32 :    0   1
mi300x-01:405:3695 [6] NCCL INFO Channel 22/32 :    0   1
mi300x-01:405:3695 [6] NCCL INFO Channel 23/32 :    0   1
mi300x-01:405:3695 [6] NCCL INFO Channel 24/32 :    0   1
mi300x-01:405:3695 [6] NCCL INFO Channel 25/32 :    0   1
mi300x-01:405:3695 [6] NCCL INFO Channel 26/32 :    0   1
mi300x-01:405:3695 [6] NCCL INFO Channel 27/32 :    0   1
mi300x-01:405:3695 [6] NCCL INFO Channel 28/32 :    0   1
mi300x-01:405:3695 [6] NCCL INFO Channel 29/32 :    0   1
mi300x-01:405:3695 [6] NCCL INFO Channel 30/32 :    0   1
mi300x-01:405:3695 [6] NCCL INFO Channel 31/32 :    0   1
mi300x-01:405:3695 [6] NCCL INFO Trees [0] 1/-1/-1->0->-1 [1] -1/-1/-1->0->1 [2] 1/-1/-1->0->-1 [3] -1/-1/-1->0->1 [4] 1/-1/-1->0->-1 [5] -1/-1/-1->0->1 [6] 1/-1/-1->0->-1 [7] -1/-1/-1->0->1 [8] 1/-1/-1->0->-1 [9] -1/-1/-1->0->1 [10] 1/-1/-1->0->-1 [11] -1/-1/-1->0->1 [12] 1/-1/-1->0->-1 [13] -1/-1/-1->0->1 [14] 1/-1/-1->0->-1 [15] -1/-1/-1->0->1 [16] 1/-1/-1->0->-1 [17] -1/-1/-1->0->1 [18] 1/-1/-1->0->-1 [19] -1/-1/-1->0->1 [20] 1/-1/-1->0->-1 [21] -1/-1/-1->0->1 [22] 1/-1/-1->0->-1 [23] -1/-1/-1->0->1 [24] 1/-1/-1->0->-1 [25] -1/-1/-1->0->1 [26] 1/-1/-1->0->-1 [27] -1/-1/-1->0->1 [28] 1/-1/-1->0->-1 [29] -1/-1/-1->0->1 [30] 1/-1/-1->0->-1 [31] -1/-1/-1->0->1 comm 0x6e0878b0 nRanks 02 busId c6000
mi300x-01:405:3695 [6] NCCL INFO P2P Chunksize set to 524288
mi300x-01:403:3700 [4] NCCL INFO Channel 00/0 : 0[85000] -> 1[a6000] via P2P/IPC comm 0x6def99f0 nRanks 02
mi300x-01:404:3701 [5] NCCL INFO Channel 00/0 : 1[a6000] -> 0[85000] via P2P/IPC comm 0x6e0d6dd0 nRanks 02
mi300x-01:403:3700 [4] NCCL INFO Channel 01/0 : 0[85000] -> 1[a6000] via P2P/IPC comm 0x6def99f0 nRanks 02
mi300x-01:404:3701 [5] NCCL INFO Channel 01/0 : 1[a6000] -> 0[85000] via P2P/IPC comm 0x6e0d6dd0 nRanks 02
mi300x-01:403:3700 [4] NCCL INFO Channel 02/0 : 0[85000] -> 1[a6000] via P2P/IPC comm 0x6def99f0 nRanks 02
mi300x-01:400:3717 [1] NCCL INFO Channel 08/1 : 1[26000] -> 0[5000] via P2P/IPC comm 0x6e088e70 nRanks 02
mi300x-01:404:3701 [5] NCCL INFO Channel 02/0 : 1[a6000] -> 0[85000] via P2P/IPC comm 0x6e0d6dd0 nRanks 02
mi300x-01:403:3700 [4] NCCL INFO Channel 03/0 : 0[85000] -> 1[a6000] via P2P/IPC comm 0x6def99f0 nRanks 02
mi300x-01:399:3718 [0] NCCL INFO Channel 08/1 : 0[5000] -> 1[26000] via P2P/IPC comm 0x6df23570 nRanks 02
mi300x-01:400:3717 [1] NCCL INFO Channel 09/1 : 1[26000] -> 0[5000] via P2P/IPC comm 0x6e088e70 nRanks 02
mi300x-01:404:3701 [5] NCCL INFO Channel 03/0 : 1[a6000] -> 0[85000] via P2P/IPC comm 0x6e0d6dd0 nRanks 02
mi300x-01:403:3700 [4] NCCL INFO Channel 04/0 : 0[85000] -> 1[a6000] via P2P/IPC comm 0x6def99f0 nRanks 02
mi300x-01:401:3697 [2] NCCL INFO Channel 00/0 : 0[46000] -> 1[65000] via P2P/IPC comm 0x6e0442f0 nRanks 02
mi300x-01:399:3718 [0] NCCL INFO Channel 09/1 : 0[5000] -> 1[26000] via P2P/IPC comm 0x6df23570 nRanks 02
mi300x-01:402:3698 [3] NCCL INFO Channel 00/0 : 1[65000] -> 0[46000] via P2P/IPC comm 0x6dfc2010 nRanks 02
mi300x-01:400:3717 [1] NCCL INFO Channel 10/1 : 1[26000] -> 0[5000] via P2P/IPC comm 0x6e088e70 nRanks 02
mi300x-01:404:3701 [5] NCCL INFO Channel 04/0 : 1[a6000] -> 0[85000] via P2P/IPC comm 0x6e0d6dd0 nRanks 02
mi300x-01:403:3700 [4] NCCL INFO Channel 05/0 : 0[85000] -> 1[a6000] via P2P/IPC comm 0x6def99f0 nRanks 02
mi300x-01:401:3697 [2] NCCL INFO Channel 01/0 : 0[46000] -> 1[65000] via P2P/IPC comm 0x6e0442f0 nRanks 02
mi300x-01:399:3718 [0] NCCL INFO Channel 10/1 : 0[5000] -> 1[26000] via P2P/IPC comm 0x6df23570 nRanks 02
mi300x-01:402:3698 [3] NCCL INFO Channel 01/0 : 1[65000] -> 0[46000] via P2P/IPC comm 0x6dfc2010 nRanks 02
mi300x-01:400:3717 [1] NCCL INFO Channel 11/1 : 1[26000] -> 0[5000] via P2P/IPC comm 0x6e088e70 nRanks 02
mi300x-01:404:3701 [5] NCCL INFO Channel 05/0 : 1[a6000] -> 0[85000] via P2P/IPC comm 0x6e0d6dd0 nRanks 02
mi300x-01:403:3700 [4] NCCL INFO Channel 06/0 : 0[85000] -> 1[a6000] via P2P/IPC comm 0x6def99f0 nRanks 02
mi300x-01:401:3697 [2] NCCL INFO Channel 02/0 : 0[46000] -> 1[65000] via P2P/IPC comm 0x6e0442f0 nRanks 02
mi300x-01:399:3718 [0] NCCL INFO Channel 11/1 : 0[5000] -> 1[26000] via P2P/IPC comm 0x6df23570 nRanks 02
mi300x-01:402:3698 [3] NCCL INFO Channel 02/0 : 1[65000] -> 0[46000] via P2P/IPC comm 0x6dfc2010 nRanks 02
mi300x-01:400:3717 [1] NCCL INFO Channel 12/1 : 1[26000] -> 0[5000] via P2P/IPC comm 0x6e088e70 nRanks 02
mi300x-01:404:3701 [5] NCCL INFO Channel 06/0 : 1[a6000] -> 0[85000] via P2P/IPC comm 0x6e0d6dd0 nRanks 02
mi300x-01:403:3700 [4] NCCL INFO Channel 07/0 : 0[85000] -> 1[a6000] via P2P/IPC comm 0x6def99f0 nRanks 02
mi300x-01:401:3697 [2] NCCL INFO Channel 03/0 : 0[46000] -> 1[65000] via P2P/IPC comm 0x6e0442f0 nRanks 02
mi300x-01:399:3718 [0] NCCL INFO Channel 12/1 : 0[5000] -> 1[26000] via P2P/IPC comm 0x6df23570 nRanks 02
mi300x-01:402:3698 [3] NCCL INFO Channel 03/0 : 1[65000] -> 0[46000] via P2P/IPC comm 0x6dfc2010 nRanks 02
mi300x-01:400:3717 [1] NCCL INFO Channel 13/1 : 1[26000] -> 0[5000] via P2P/IPC comm 0x6e088e70 nRanks 02
mi300x-01:404:3701 [5] NCCL INFO Channel 07/0 : 1[a6000] -> 0[85000] via P2P/IPC comm 0x6e0d6dd0 nRanks 02
mi300x-01:403:3700 [4] NCCL INFO Channel 08/0 : 0[85000] -> 1[a6000] via P2P/IPC comm 0x6def99f0 nRanks 02
mi300x-01:401:3697 [2] NCCL INFO Channel 04/0 : 0[46000] -> 1[65000] via P2P/IPC comm 0x6e0442f0 nRanks 02
mi300x-01:399:3718 [0] NCCL INFO Channel 13/1 : 0[5000] -> 1[26000] via P2P/IPC comm 0x6df23570 nRanks 02
mi300x-01:402:3698 [3] NCCL INFO Channel 04/0 : 1[65000] -> 0[46000] via P2P/IPC comm 0x6dfc2010 nRanks 02
mi300x-01:400:3717 [1] NCCL INFO Channel 14/1 : 1[26000] -> 0[5000] via P2P/IPC comm 0x6e088e70 nRanks 02
mi300x-01:404:3701 [5] NCCL INFO Channel 08/0 : 1[a6000] -> 0[85000] via P2P/IPC comm 0x6e0d6dd0 nRanks 02
mi300x-01:403:3700 [4] NCCL INFO Channel 09/0 : 0[85000] -> 1[a6000] via P2P/IPC comm 0x6def99f0 nRanks 02
mi300x-01:401:3697 [2] NCCL INFO Channel 05/0 : 0[46000] -> 1[65000] via P2P/IPC comm 0x6e0442f0 nRanks 02
mi300x-01:399:3718 [0] NCCL INFO Channel 14/1 : 0[5000] -> 1[26000] via P2P/IPC comm 0x6df23570 nRanks 02
mi300x-01:402:3698 [3] NCCL INFO Channel 05/0 : 1[65000] -> 0[46000] via P2P/IPC comm 0x6dfc2010 nRanks 02
mi300x-01:400:3717 [1] NCCL INFO Channel 15/1 : 1[26000] -> 0[5000] via P2P/IPC comm 0x6e088e70 nRanks 02
mi300x-01:404:3701 [5] NCCL INFO Channel 09/0 : 1[a6000] -> 0[85000] via P2P/IPC comm 0x6e0d6dd0 nRanks 02
mi300x-01:403:3700 [4] NCCL INFO Channel 10/0 : 0[85000] -> 1[a6000] via P2P/IPC comm 0x6def99f0 nRanks 02
mi300x-01:401:3697 [2] NCCL INFO Channel 06/0 : 0[46000] -> 1[65000] via P2P/IPC comm 0x6e0442f0 nRanks 02
mi300x-01:399:3718 [0] NCCL INFO Channel 15/1 : 0[5000] -> 1[26000] via P2P/IPC comm 0x6df23570 nRanks 02
mi300x-01:402:3698 [3] NCCL INFO Channel 06/0 : 1[65000] -> 0[46000] via P2P/IPC comm 0x6dfc2010 nRanks 02
mi300x-01:404:3701 [5] NCCL INFO Channel 10/0 : 1[a6000] -> 0[85000] via P2P/IPC comm 0x6e0d6dd0 nRanks 02
mi300x-01:401:3697 [2] NCCL INFO Channel 07/0 : 0[46000] -> 1[65000] via P2P/IPC comm 0x6e0442f0 nRanks 02
mi300x-01:402:3698 [3] NCCL INFO Channel 07/0 : 1[65000] -> 0[46000] via P2P/IPC comm 0x6dfc2010 nRanks 02
mi300x-01:403:3700 [4] NCCL INFO Channel 11/0 : 0[85000] -> 1[a6000] via P2P/IPC comm 0x6def99f0 nRanks 02
mi300x-01:404:3701 [5] NCCL INFO Channel 11/0 : 1[a6000] -> 0[85000] via P2P/IPC comm 0x6e0d6dd0 nRanks 02
mi300x-01:401:3697 [2] NCCL INFO Channel 08/0 : 0[46000] -> 1[65000] via P2P/IPC comm 0x6e0442f0 nRanks 02
mi300x-01:402:3698 [3] NCCL INFO Channel 08/0 : 1[65000] -> 0[46000] via P2P/IPC comm 0x6dfc2010 nRanks 02
mi300x-01:403:3700 [4] NCCL INFO Channel 12/0 : 0[85000] -> 1[a6000] via P2P/IPC comm 0x6def99f0 nRanks 02
mi300x-01:404:3701 [5] NCCL INFO Channel 12/0 : 1[a6000] -> 0[85000] via P2P/IPC comm 0x6e0d6dd0 nRanks 02
mi300x-01:401:3697 [2] NCCL INFO Channel 09/0 : 0[46000] -> 1[65000] via P2P/IPC comm 0x6e0442f0 nRanks 02
mi300x-01:402:3698 [3] NCCL INFO Channel 09/0 : 1[65000] -> 0[46000] via P2P/IPC comm 0x6dfc2010 nRanks 02
mi300x-01:403:3700 [4] NCCL INFO Channel 13/0 : 0[85000] -> 1[a6000] via P2P/IPC comm 0x6def99f0 nRanks 02
mi300x-01:401:3697 [2] NCCL INFO Channel 10/0 : 0[46000] -> 1[65000] via P2P/IPC comm 0x6e0442f0 nRanks 02
mi300x-01:404:3701 [5] NCCL INFO Channel 13/0 : 1[a6000] -> 0[85000] via P2P/IPC comm 0x6e0d6dd0 nRanks 02
mi300x-01:402:3698 [3] NCCL INFO Channel 10/0 : 1[65000] -> 0[46000] via P2P/IPC comm 0x6dfc2010 nRanks 02
mi300x-01:403:3700 [4] NCCL INFO Channel 14/0 : 0[85000] -> 1[a6000] via P2P/IPC comm 0x6def99f0 nRanks 02
mi300x-01:401:3697 [2] NCCL INFO Channel 11/0 : 0[46000] -> 1[65000] via P2P/IPC comm 0x6e0442f0 nRanks 02
mi300x-01:402:3698 [3] NCCL INFO Channel 11/0 : 1[65000] -> 0[46000] via P2P/IPC comm 0x6dfc2010 nRanks 02
mi300x-01:404:3701 [5] NCCL INFO Channel 14/0 : 1[a6000] -> 0[85000] via P2P/IPC comm 0x6e0d6dd0 nRanks 02
mi300x-01:403:3700 [4] NCCL INFO Channel 15/0 : 0[85000] -> 1[a6000] via P2P/IPC comm 0x6def99f0 nRanks 02
mi300x-01:401:3697 [2] NCCL INFO Channel 12/0 : 0[46000] -> 1[65000] via P2P/IPC comm 0x6e0442f0 nRanks 02
mi300x-01:402:3698 [3] NCCL INFO Channel 12/0 : 1[65000] -> 0[46000] via P2P/IPC comm 0x6dfc2010 nRanks 02
mi300x-01:404:3701 [5] NCCL INFO Channel 15/0 : 1[a6000] -> 0[85000] via P2P/IPC comm 0x6e0d6dd0 nRanks 02
mi300x-01:403:3700 [4] NCCL INFO Channel 16/0 : 0[85000] -> 1[a6000] via P2P/IPC comm 0x6def99f0 nRanks 02
mi300x-01:401:3697 [2] NCCL INFO Channel 13/0 : 0[46000] -> 1[65000] via P2P/IPC comm 0x6e0442f0 nRanks 02
mi300x-01:402:3698 [3] NCCL INFO Channel 13/0 : 1[65000] -> 0[46000] via P2P/IPC comm 0x6dfc2010 nRanks 02
mi300x-01:404:3701 [5] NCCL INFO Channel 16/0 : 1[a6000] -> 0[85000] via P2P/IPC comm 0x6e0d6dd0 nRanks 02
mi300x-01:403:3700 [4] NCCL INFO Channel 17/0 : 0[85000] -> 1[a6000] via P2P/IPC comm 0x6def99f0 nRanks 02
mi300x-01:401:3697 [2] NCCL INFO Channel 14/0 : 0[46000] -> 1[65000] via P2P/IPC comm 0x6e0442f0 nRanks 02
mi300x-01:402:3698 [3] NCCL INFO Channel 14/0 : 1[65000] -> 0[46000] via P2P/IPC comm 0x6dfc2010 nRanks 02
mi300x-01:404:3701 [5] NCCL INFO Channel 17/0 : 1[a6000] -> 0[85000] via P2P/IPC comm 0x6e0d6dd0 nRanks 02
mi300x-01:403:3700 [4] NCCL INFO Channel 18/0 : 0[85000] -> 1[a6000] via P2P/IPC comm 0x6def99f0 nRanks 02
mi300x-01:401:3697 [2] NCCL INFO Channel 15/0 : 0[46000] -> 1[65000] via P2P/IPC comm 0x6e0442f0 nRanks 02
mi300x-01:402:3698 [3] NCCL INFO Channel 15/0 : 1[65000] -> 0[46000] via P2P/IPC comm 0x6dfc2010 nRanks 02
mi300x-01:404:3701 [5] NCCL INFO Channel 18/0 : 1[a6000] -> 0[85000] via P2P/IPC comm 0x6e0d6dd0 nRanks 02
mi300x-01:403:3700 [4] NCCL INFO Channel 19/0 : 0[85000] -> 1[a6000] via P2P/IPC comm 0x6def99f0 nRanks 02
mi300x-01:401:3697 [2] NCCL INFO Channel 16/0 : 0[46000] -> 1[65000] via P2P/IPC comm 0x6e0442f0 nRanks 02
mi300x-01:402:3698 [3] NCCL INFO Channel 16/0 : 1[65000] -> 0[46000] via P2P/IPC comm 0x6dfc2010 nRanks 02
mi300x-01:404:3701 [5] NCCL INFO Channel 19/0 : 1[a6000] -> 0[85000] via P2P/IPC comm 0x6e0d6dd0 nRanks 02
mi300x-01:403:3700 [4] NCCL INFO Channel 20/0 : 0[85000] -> 1[a6000] via P2P/IPC comm 0x6def99f0 nRanks 02
mi300x-01:401:3697 [2] NCCL INFO Channel 17/0 : 0[46000] -> 1[65000] via P2P/IPC comm 0x6e0442f0 nRanks 02
mi300x-01:402:3698 [3] NCCL INFO Channel 17/0 : 1[65000] -> 0[46000] via P2P/IPC comm 0x6dfc2010 nRanks 02
mi300x-01:404:3701 [5] NCCL INFO Channel 20/0 : 1[a6000] -> 0[85000] via P2P/IPC comm 0x6e0d6dd0 nRanks 02
mi300x-01:403:3700 [4] NCCL INFO Channel 21/0 : 0[85000] -> 1[a6000] via P2P/IPC comm 0x6def99f0 nRanks 02
mi300x-01:401:3697 [2] NCCL INFO Channel 18/0 : 0[46000] -> 1[65000] via P2P/IPC comm 0x6e0442f0 nRanks 02
mi300x-01:402:3698 [3] NCCL INFO Channel 18/0 : 1[65000] -> 0[46000] via P2P/IPC comm 0x6dfc2010 nRanks 02
mi300x-01:404:3701 [5] NCCL INFO Channel 21/0 : 1[a6000] -> 0[85000] via P2P/IPC comm 0x6e0d6dd0 nRanks 02
mi300x-01:403:3700 [4] NCCL INFO Channel 22/0 : 0[85000] -> 1[a6000] via P2P/IPC comm 0x6def99f0 nRanks 02
mi300x-01:401:3697 [2] NCCL INFO Channel 19/0 : 0[46000] -> 1[65000] via P2P/IPC comm 0x6e0442f0 nRanks 02
mi300x-01:402:3698 [3] NCCL INFO Channel 19/0 : 1[65000] -> 0[46000] via P2P/IPC comm 0x6dfc2010 nRanks 02
mi300x-01:404:3701 [5] NCCL INFO Channel 22/0 : 1[a6000] -> 0[85000] via P2P/IPC comm 0x6e0d6dd0 nRanks 02
mi300x-01:403:3700 [4] NCCL INFO Channel 23/0 : 0[85000] -> 1[a6000] via P2P/IPC comm 0x6def99f0 nRanks 02
mi300x-01:401:3697 [2] NCCL INFO Channel 20/0 : 0[46000] -> 1[65000] via P2P/IPC comm 0x6e0442f0 nRanks 02
mi300x-01:402:3698 [3] NCCL INFO Channel 20/0 : 1[65000] -> 0[46000] via P2P/IPC comm 0x6dfc2010 nRanks 02
mi300x-01:404:3701 [5] NCCL INFO Channel 23/0 : 1[a6000] -> 0[85000] via P2P/IPC comm 0x6e0d6dd0 nRanks 02
mi300x-01:403:3700 [4] NCCL INFO Channel 24/0 : 0[85000] -> 1[a6000] via P2P/IPC comm 0x6def99f0 nRanks 02
mi300x-01:401:3697 [2] NCCL INFO Channel 21/0 : 0[46000] -> 1[65000] via P2P/IPC comm 0x6e0442f0 nRanks 02
mi300x-01:402:3698 [3] NCCL INFO Channel 21/0 : 1[65000] -> 0[46000] via P2P/IPC comm 0x6dfc2010 nRanks 02
mi300x-01:404:3701 [5] NCCL INFO Channel 24/0 : 1[a6000] -> 0[85000] via P2P/IPC comm 0x6e0d6dd0 nRanks 02
mi300x-01:403:3700 [4] NCCL INFO Channel 25/0 : 0[85000] -> 1[a6000] via P2P/IPC comm 0x6def99f0 nRanks 02
mi300x-01:401:3697 [2] NCCL INFO Channel 22/0 : 0[46000] -> 1[65000] via P2P/IPC comm 0x6e0442f0 nRanks 02
mi300x-01:402:3698 [3] NCCL INFO Channel 22/0 : 1[65000] -> 0[46000] via P2P/IPC comm 0x6dfc2010 nRanks 02
mi300x-01:404:3701 [5] NCCL INFO Channel 25/0 : 1[a6000] -> 0[85000] via P2P/IPC comm 0x6e0d6dd0 nRanks 02
mi300x-01:403:3700 [4] NCCL INFO Channel 26/0 : 0[85000] -> 1[a6000] via P2P/IPC comm 0x6def99f0 nRanks 02
mi300x-01:401:3697 [2] NCCL INFO Channel 23/0 : 0[46000] -> 1[65000] via P2P/IPC comm 0x6e0442f0 nRanks 02
mi300x-01:402:3698 [3] NCCL INFO Channel 23/0 : 1[65000] -> 0[46000] via P2P/IPC comm 0x6dfc2010 nRanks 02
mi300x-01:404:3701 [5] NCCL INFO Channel 26/0 : 1[a6000] -> 0[85000] via P2P/IPC comm 0x6e0d6dd0 nRanks 02
mi300x-01:403:3700 [4] NCCL INFO Channel 27/0 : 0[85000] -> 1[a6000] via P2P/IPC comm 0x6def99f0 nRanks 02
mi300x-01:401:3697 [2] NCCL INFO Channel 24/0 : 0[46000] -> 1[65000] via P2P/IPC comm 0x6e0442f0 nRanks 02
mi300x-01:402:3698 [3] NCCL INFO Channel 24/0 : 1[65000] -> 0[46000] via P2P/IPC comm 0x6dfc2010 nRanks 02
mi300x-01:404:3701 [5] NCCL INFO Channel 27/0 : 1[a6000] -> 0[85000] via P2P/IPC comm 0x6e0d6dd0 nRanks 02
mi300x-01:403:3700 [4] NCCL INFO Channel 28/0 : 0[85000] -> 1[a6000] via P2P/IPC comm 0x6def99f0 nRanks 02
mi300x-01:401:3697 [2] NCCL INFO Channel 25/0 : 0[46000] -> 1[65000] via P2P/IPC comm 0x6e0442f0 nRanks 02
mi300x-01:402:3698 [3] NCCL INFO Channel 25/0 : 1[65000] -> 0[46000] via P2P/IPC comm 0x6dfc2010 nRanks 02
mi300x-01:404:3701 [5] NCCL INFO Channel 28/0 : 1[a6000] -> 0[85000] via P2P/IPC comm 0x6e0d6dd0 nRanks 02
mi300x-01:403:3700 [4] NCCL INFO Channel 29/0 : 0[85000] -> 1[a6000] via P2P/IPC comm 0x6def99f0 nRanks 02
mi300x-01:405:3695 [6] NCCL INFO Channel 00/0 : 0[c6000] -> 1[e5000] via P2P/IPC comm 0x6e0878b0 nRanks 02
mi300x-01:401:3697 [2] NCCL INFO Channel 26/0 : 0[46000] -> 1[65000] via P2P/IPC comm 0x6e0442f0 nRanks 02
mi300x-01:402:3698 [3] NCCL INFO Channel 26/0 : 1[65000] -> 0[46000] via P2P/IPC comm 0x6dfc2010 nRanks 02
mi300x-01:404:3701 [5] NCCL INFO Channel 29/0 : 1[a6000] -> 0[85000] via P2P/IPC comm 0x6e0d6dd0 nRanks 02
mi300x-01:403:3700 [4] NCCL INFO Channel 30/0 : 0[85000] -> 1[a6000] via P2P/IPC comm 0x6def99f0 nRanks 02
mi300x-01:405:3695 [6] NCCL INFO Channel 01/0 : 0[c6000] -> 1[e5000] via P2P/IPC comm 0x6e0878b0 nRanks 02
mi300x-01:401:3697 [2] NCCL INFO Channel 27/0 : 0[46000] -> 1[65000] via P2P/IPC comm 0x6e0442f0 nRanks 02
mi300x-01:406:3702 [7] NCCL INFO Channel 00/0 : 1[e5000] -> 0[c6000] via P2P/IPC comm 0x6de7e980 nRanks 02
mi300x-01:402:3698 [3] NCCL INFO Channel 27/0 : 1[65000] -> 0[46000] via P2P/IPC comm 0x6dfc2010 nRanks 02
mi300x-01:404:3701 [5] NCCL INFO Channel 30/0 : 1[a6000] -> 0[85000] via P2P/IPC comm 0x6e0d6dd0 nRanks 02
mi300x-01:403:3700 [4] NCCL INFO Channel 31/0 : 0[85000] -> 1[a6000] via P2P/IPC comm 0x6def99f0 nRanks 02
mi300x-01:405:3695 [6] NCCL INFO Channel 02/0 : 0[c6000] -> 1[e5000] via P2P/IPC comm 0x6e0878b0 nRanks 02
mi300x-01:401:3697 [2] NCCL INFO Channel 28/0 : 0[46000] -> 1[65000] via P2P/IPC comm 0x6e0442f0 nRanks 02
mi300x-01:406:3702 [7] NCCL INFO Channel 01/0 : 1[e5000] -> 0[c6000] via P2P/IPC comm 0x6de7e980 nRanks 02
mi300x-01:402:3698 [3] NCCL INFO Channel 28/0 : 1[65000] -> 0[46000] via P2P/IPC comm 0x6dfc2010 nRanks 02
mi300x-01:404:3701 [5] NCCL INFO Channel 31/0 : 1[a6000] -> 0[85000] via P2P/IPC comm 0x6e0d6dd0 nRanks 02
mi300x-01:405:3695 [6] NCCL INFO Channel 03/0 : 0[c6000] -> 1[e5000] via P2P/IPC comm 0x6e0878b0 nRanks 02
mi300x-01:401:3697 [2] NCCL INFO Channel 29/0 : 0[46000] -> 1[65000] via P2P/IPC comm 0x6e0442f0 nRanks 02
mi300x-01:406:3702 [7] NCCL INFO Channel 02/0 : 1[e5000] -> 0[c6000] via P2P/IPC comm 0x6de7e980 nRanks 02
mi300x-01:402:3698 [3] NCCL INFO Channel 29/0 : 1[65000] -> 0[46000] via P2P/IPC comm 0x6dfc2010 nRanks 02
mi300x-01:405:3695 [6] NCCL INFO Channel 04/0 : 0[c6000] -> 1[e5000] via P2P/IPC comm 0x6e0878b0 nRanks 02
mi300x-01:401:3697 [2] NCCL INFO Channel 30/0 : 0[46000] -> 1[65000] via P2P/IPC comm 0x6e0442f0 nRanks 02
mi300x-01:406:3702 [7] NCCL INFO Channel 03/0 : 1[e5000] -> 0[c6000] via P2P/IPC comm 0x6de7e980 nRanks 02
mi300x-01:402:3698 [3] NCCL INFO Channel 30/0 : 1[65000] -> 0[46000] via P2P/IPC comm 0x6dfc2010 nRanks 02
mi300x-01:405:3695 [6] NCCL INFO Channel 05/0 : 0[c6000] -> 1[e5000] via P2P/IPC comm 0x6e0878b0 nRanks 02
mi300x-01:401:3697 [2] NCCL INFO Channel 31/0 : 0[46000] -> 1[65000] via P2P/IPC comm 0x6e0442f0 nRanks 02
mi300x-01:406:3702 [7] NCCL INFO Channel 04/0 : 1[e5000] -> 0[c6000] via P2P/IPC comm 0x6de7e980 nRanks 02
mi300x-01:402:3698 [3] NCCL INFO Channel 31/0 : 1[65000] -> 0[46000] via P2P/IPC comm 0x6dfc2010 nRanks 02
mi300x-01:403:3700 [4] NCCL INFO Connected all rings
mi300x-01:404:3701 [5] NCCL INFO Connected all rings
mi300x-01:404:3701 [5] NCCL INFO Connected all trees
mi300x-01:403:3700 [4] NCCL INFO Connected all trees
mi300x-01:405:3695 [6] NCCL INFO Channel 06/0 : 0[c6000] -> 1[e5000] via P2P/IPC comm 0x6e0878b0 nRanks 02
mi300x-01:406:3702 [7] NCCL INFO Channel 05/0 : 1[e5000] -> 0[c6000] via P2P/IPC comm 0x6de7e980 nRanks 02
mi300x-01:405:3695 [6] NCCL INFO Channel 07/0 : 0[c6000] -> 1[e5000] via P2P/IPC comm 0x6e0878b0 nRanks 02
mi300x-01:406:3702 [7] NCCL INFO Channel 06/0 : 1[e5000] -> 0[c6000] via P2P/IPC comm 0x6de7e980 nRanks 02
mi300x-01:405:3695 [6] NCCL INFO Channel 08/0 : 0[c6000] -> 1[e5000] via P2P/IPC comm 0x6e0878b0 nRanks 02
mi300x-01:404:3701 [5] NCCL INFO threadThresholds 8/8/64 | 16/8/64 | 256 | 256
mi300x-01:404:3701 [5] NCCL INFO 32 coll channels, 32 collnet channels, 0 nvls channels, 32 p2p channels, 8 p2p channels per peer
mi300x-01:403:3700 [4] NCCL INFO threadThresholds 8/8/64 | 16/8/64 | 256 | 256
mi300x-01:403:3700 [4] NCCL INFO 32 coll channels, 32 collnet channels, 0 nvls channels, 32 p2p channels, 8 p2p channels per peer
mi300x-01:403:3700 [4] NCCL INFO CC Off, Multi-GPU CC Off, workFifoBytes 1048576
mi300x-01:406:3702 [7] NCCL INFO Channel 07/0 : 1[e5000] -> 0[c6000] via P2P/IPC comm 0x6de7e980 nRanks 02
mi300x-01:401:3697 [2] NCCL INFO Connected all rings
mi300x-01:401:3697 [2] NCCL INFO Connected all trees
mi300x-01:402:3698 [3] NCCL INFO Connected all rings
mi300x-01:402:3698 [3] NCCL INFO Connected all trees
mi300x-01:405:3695 [6] NCCL INFO Channel 09/0 : 0[c6000] -> 1[e5000] via P2P/IPC comm 0x6e0878b0 nRanks 02
mi300x-01:406:3702 [7] NCCL INFO Channel 08/0 : 1[e5000] -> 0[c6000] via P2P/IPC comm 0x6de7e980 nRanks 02
mi300x-01:405:3695 [6] NCCL INFO Channel 10/0 : 0[c6000] -> 1[e5000] via P2P/IPC comm 0x6e0878b0 nRanks 02
mi300x-01:406:3702 [7] NCCL INFO Channel 09/0 : 1[e5000] -> 0[c6000] via P2P/IPC comm 0x6de7e980 nRanks 02
mi300x-01:401:3697 [2] NCCL INFO threadThresholds 8/8/64 | 16/8/64 | 256 | 256
mi300x-01:401:3697 [2] NCCL INFO 32 coll channels, 32 collnet channels, 0 nvls channels, 32 p2p channels, 8 p2p channels per peer
mi300x-01:401:3697 [2] NCCL INFO CC Off, Multi-GPU CC Off, workFifoBytes 1048576
mi300x-01:402:3698 [3] NCCL INFO threadThresholds 8/8/64 | 16/8/64 | 256 | 256
mi300x-01:402:3698 [3] NCCL INFO 32 coll channels, 32 collnet channels, 0 nvls channels, 32 p2p channels, 8 p2p channels per peer
mi300x-01:405:3695 [6] NCCL INFO Channel 11/0 : 0[c6000] -> 1[e5000] via P2P/IPC comm 0x6e0878b0 nRanks 02
mi300x-01:406:3702 [7] NCCL INFO Channel 10/0 : 1[e5000] -> 0[c6000] via P2P/IPC comm 0x6de7e980 nRanks 02

mi300x-01:401:3697 [2] /longer_pathname_so_that_rpms_can_support_packaging_the_debug_info_for_all_os_profiles/src/out/ubuntu-22.04/22.04/build/rccl/hipify/src/init.cc:1954 NCCL WARN MSCCL++: Cannot enable MSCCL++; environment is not MSCCL compatible
mi300x-01:401:3697 [2] NCCL INFO ncclCommInitRank comm 0x6e0442f0 rank 0 nranks 2 cudaDev 2 nvmlDev 2 busId 46000 commId 0xf3347eb426935e17 localSize 384 used 1236173733 bytes on core 142 - Init COMPLETE
mi300x-01:401:3697 [2] NCCL INFO Init timings: rank 0 nranks 2 total 0.33 (kernels 0.00, bootstrap 0.07, allgathers 0.00, topo 0.14, graphs 0.00, connections 0.12, rest 0.00)

mi300x-01:402:3698 [3] /longer_pathname_so_that_rpms_can_support_packaging_the_debug_info_for_all_os_profiles/src/out/ubuntu-22.04/22.04/build/rccl/hipify/src/init.cc:1954 NCCL WARN MSCCL++: Cannot enable MSCCL++; environment is not MSCCL compatible
mi300x-01:402:3698 [3] NCCL INFO ncclCommInitRank comm 0x6dfc2010 rank 1 nranks 2 cudaDev 3 nvmlDev 3 busId 65000 commId 0xf3347eb426935e17 localSize 384 used 1254523833 bytes on core 176 - Init COMPLETE
mi300x-01:402:3698 [3] NCCL INFO Init timings: rank 1 nranks 2 total 0.27 (kernels 0.00, bootstrap 0.01, allgathers 0.00, topo 0.14, graphs 0.00, connections 0.12, rest 0.00)
mi300x-01:405:3695 [6] NCCL INFO Channel 12/0 : 0[c6000] -> 1[e5000] via P2P/IPC comm 0x6e0878b0 nRanks 02
mi300x-01:406:3702 [7] NCCL INFO Channel 11/0 : 1[e5000] -> 0[c6000] via P2P/IPC comm 0x6de7e980 nRanks 02
mi300x-01:405:3695 [6] NCCL INFO Channel 13/0 : 0[c6000] -> 1[e5000] via P2P/IPC comm 0x6e0878b0 nRanks 02
mi300x-01:406:3702 [7] NCCL INFO Channel 12/0 : 1[e5000] -> 0[c6000] via P2P/IPC comm 0x6de7e980 nRanks 02
mi300x-01:405:3695 [6] NCCL INFO Channel 14/0 : 0[c6000] -> 1[e5000] via P2P/IPC comm 0x6e0878b0 nRanks 02
mi300x-01:406:3702 [7] NCCL INFO Channel 13/0 : 1[e5000] -> 0[c6000] via P2P/IPC comm 0x6de7e980 nRanks 02
mi300x-01:405:3695 [6] NCCL INFO Channel 15/0 : 0[c6000] -> 1[e5000] via P2P/IPC comm 0x6e0878b0 nRanks 02
mi300x-01:406:3702 [7] NCCL INFO Channel 14/0 : 1[e5000] -> 0[c6000] via P2P/IPC comm 0x6de7e980 nRanks 02
mi300x-01:405:3695 [6] NCCL INFO Channel 16/0 : 0[c6000] -> 1[e5000] via P2P/IPC comm 0x6e0878b0 nRanks 02
mi300x-01:406:3702 [7] NCCL INFO Channel 15/0 : 1[e5000] -> 0[c6000] via P2P/IPC comm 0x6de7e980 nRanks 02
mi300x-01:405:3695 [6] NCCL INFO Channel 17/0 : 0[c6000] -> 1[e5000] via P2P/IPC comm 0x6e0878b0 nRanks 02
mi300x-01:406:3702 [7] NCCL INFO Channel 16/0 : 1[e5000] -> 0[c6000] via P2P/IPC comm 0x6de7e980 nRanks 02
mi300x-01:405:3695 [6] NCCL INFO Channel 18/0 : 0[c6000] -> 1[e5000] via P2P/IPC comm 0x6e0878b0 nRanks 02
mi300x-01:406:3702 [7] NCCL INFO Channel 17/0 : 1[e5000] -> 0[c6000] via P2P/IPC comm 0x6de7e980 nRanks 02
mi300x-01:405:3695 [6] NCCL INFO Channel 19/0 : 0[c6000] -> 1[e5000] via P2P/IPC comm 0x6e0878b0 nRanks 02
mi300x-01:406:3702 [7] NCCL INFO Channel 18/0 : 1[e5000] -> 0[c6000] via P2P/IPC comm 0x6de7e980 nRanks 02
mi300x-01:405:3695 [6] NCCL INFO Channel 20/0 : 0[c6000] -> 1[e5000] via P2P/IPC comm 0x6e0878b0 nRanks 02
mi300x-01:402:3727 [3] NCCL INFO Channel 08/1 : 1[65000] -> 0[46000] via P2P/IPC comm 0x6dfc2010 nRanks 02
mi300x-01:401:3728 [2] NCCL INFO Channel 08/1 : 0[46000] -> 1[65000] via P2P/IPC comm 0x6e0442f0 nRanks 02
mi300x-01:406:3702 [7] NCCL INFO Channel 19/0 : 1[e5000] -> 0[c6000] via P2P/IPC comm 0x6de7e980 nRanks 02
mi300x-01:405:3695 [6] NCCL INFO Channel 21/0 : 0[c6000] -> 1[e5000] via P2P/IPC comm 0x6e0878b0 nRanks 02
mi300x-01:402:3727 [3] NCCL INFO Channel 09/1 : 1[65000] -> 0[46000] via P2P/IPC comm 0x6dfc2010 nRanks 02
mi300x-01:401:3728 [2] NCCL INFO Channel 09/1 : 0[46000] -> 1[65000] via P2P/IPC comm 0x6e0442f0 nRanks 02
mi300x-01:406:3702 [7] NCCL INFO Channel 20/0 : 1[e5000] -> 0[c6000] via P2P/IPC comm 0x6de7e980 nRanks 02
mi300x-01:405:3695 [6] NCCL INFO Channel 22/0 : 0[c6000] -> 1[e5000] via P2P/IPC comm 0x6e0878b0 nRanks 02
mi300x-01:402:3727 [3] NCCL INFO Channel 10/1 : 1[65000] -> 0[46000] via P2P/IPC comm 0x6dfc2010 nRanks 02
mi300x-01:401:3728 [2] NCCL INFO Channel 10/1 : 0[46000] -> 1[65000] via P2P/IPC comm 0x6e0442f0 nRanks 02
mi300x-01:406:3702 [7] NCCL INFO Channel 21/0 : 1[e5000] -> 0[c6000] via P2P/IPC comm 0x6de7e980 nRanks 02
mi300x-01:405:3695 [6] NCCL INFO Channel 23/0 : 0[c6000] -> 1[e5000] via P2P/IPC comm 0x6e0878b0 nRanks 02
mi300x-01:402:3727 [3] NCCL INFO Channel 11/1 : 1[65000] -> 0[46000] via P2P/IPC comm 0x6dfc2010 nRanks 02
mi300x-01:401:3728 [2] NCCL INFO Channel 11/1 : 0[46000] -> 1[65000] via P2P/IPC comm 0x6e0442f0 nRanks 02
mi300x-01:406:3702 [7] NCCL INFO Channel 22/0 : 1[e5000] -> 0[c6000] via P2P/IPC comm 0x6de7e980 nRanks 02
mi300x-01:405:3695 [6] NCCL INFO Channel 24/0 : 0[c6000] -> 1[e5000] via P2P/IPC comm 0x6e0878b0 nRanks 02
mi300x-01:402:3727 [3] NCCL INFO Channel 12/1 : 1[65000] -> 0[46000] via P2P/IPC comm 0x6dfc2010 nRanks 02
mi300x-01:401:3728 [2] NCCL INFO Channel 12/1 : 0[46000] -> 1[65000] via P2P/IPC comm 0x6e0442f0 nRanks 02
mi300x-01:406:3702 [7] NCCL INFO Channel 23/0 : 1[e5000] -> 0[c6000] via P2P/IPC comm 0x6de7e980 nRanks 02
mi300x-01:402:3727 [3] NCCL INFO Channel 13/1 : 1[65000] -> 0[46000] via P2P/IPC comm 0x6dfc2010 nRanks 02
mi300x-01:405:3695 [6] NCCL INFO Channel 25/0 : 0[c6000] -> 1[e5000] via P2P/IPC comm 0x6e0878b0 nRanks 02
mi300x-01:401:3728 [2] NCCL INFO Channel 13/1 : 0[46000] -> 1[65000] via P2P/IPC comm 0x6e0442f0 nRanks 02
mi300x-01:406:3702 [7] NCCL INFO Channel 24/0 : 1[e5000] -> 0[c6000] via P2P/IPC comm 0x6de7e980 nRanks 02
mi300x-01:402:3727 [3] NCCL INFO Channel 14/1 : 1[65000] -> 0[46000] via P2P/IPC comm 0x6dfc2010 nRanks 02
mi300x-01:405:3695 [6] NCCL INFO Channel 26/0 : 0[c6000] -> 1[e5000] via P2P/IPC comm 0x6e0878b0 nRanks 02
mi300x-01:401:3728 [2] NCCL INFO Channel 14/1 : 0[46000] -> 1[65000] via P2P/IPC comm 0x6e0442f0 nRanks 02
mi300x-01:406:3702 [7] NCCL INFO Channel 25/0 : 1[e5000] -> 0[c6000] via P2P/IPC comm 0x6de7e980 nRanks 02
mi300x-01:402:3727 [3] NCCL INFO Channel 15/1 : 1[65000] -> 0[46000] via P2P/IPC comm 0x6dfc2010 nRanks 02
mi300x-01:405:3695 [6] NCCL INFO Channel 27/0 : 0[c6000] -> 1[e5000] via P2P/IPC comm 0x6e0878b0 nRanks 02
mi300x-01:401:3728 [2] NCCL INFO Channel 15/1 : 0[46000] -> 1[65000] via P2P/IPC comm 0x6e0442f0 nRanks 02
mi300x-01:406:3702 [7] NCCL INFO Channel 26/0 : 1[e5000] -> 0[c6000] via P2P/IPC comm 0x6de7e980 nRanks 02
mi300x-01:405:3695 [6] NCCL INFO Channel 28/0 : 0[c6000] -> 1[e5000] via P2P/IPC comm 0x6e0878b0 nRanks 02
mi300x-01:406:3702 [7] NCCL INFO Channel 27/0 : 1[e5000] -> 0[c6000] via P2P/IPC comm 0x6de7e980 nRanks 02
mi300x-01:405:3695 [6] NCCL INFO Channel 29/0 : 0[c6000] -> 1[e5000] via P2P/IPC comm 0x6e0878b0 nRanks 02
mi300x-01:406:3702 [7] NCCL INFO Channel 28/0 : 1[e5000] -> 0[c6000] via P2P/IPC comm 0x6de7e980 nRanks 02
mi300x-01:405:3695 [6] NCCL INFO Channel 30/0 : 0[c6000] -> 1[e5000] via P2P/IPC comm 0x6e0878b0 nRanks 02
mi300x-01:406:3702 [7] NCCL INFO Channel 29/0 : 1[e5000] -> 0[c6000] via P2P/IPC comm 0x6de7e980 nRanks 02
mi300x-01:405:3695 [6] NCCL INFO Channel 31/0 : 0[c6000] -> 1[e5000] via P2P/IPC comm 0x6e0878b0 nRanks 02
mi300x-01:406:3702 [7] NCCL INFO Channel 30/0 : 1[e5000] -> 0[c6000] via P2P/IPC comm 0x6de7e980 nRanks 02
mi300x-01:406:3702 [7] NCCL INFO Channel 31/0 : 1[e5000] -> 0[c6000] via P2P/IPC comm 0x6de7e980 nRanks 02
mi300x-01:406:3702 [7] NCCL INFO Connected all rings
mi300x-01:405:3695 [6] NCCL INFO Connected all rings
mi300x-01:406:3702 [7] NCCL INFO Connected all trees
mi300x-01:405:3695 [6] NCCL INFO Connected all trees
mi300x-01:406:3702 [7] NCCL INFO threadThresholds 8/8/64 | 16/8/64 | 256 | 256
mi300x-01:406:3702 [7] NCCL INFO 32 coll channels, 32 collnet channels, 0 nvls channels, 32 p2p channels, 8 p2p channels per peer
mi300x-01:405:3695 [6] NCCL INFO threadThresholds 8/8/64 | 16/8/64 | 256 | 256
mi300x-01:405:3695 [6] NCCL INFO 32 coll channels, 32 collnet channels, 0 nvls channels, 32 p2p channels, 8 p2p channels per peer
mi300x-01:405:3695 [6] NCCL INFO CC Off, Multi-GPU CC Off, workFifoBytes 1048576

mi300x-01:404:3701 [5] /longer_pathname_so_that_rpms_can_support_packaging_the_debug_info_for_all_os_profiles/src/out/ubuntu-22.04/22.04/build/rccl/hipify/src/init.cc:1954 NCCL WARN MSCCL++: Cannot enable MSCCL++; environment is not MSCCL compatible

mi300x-01:403:3700 [4] /longer_pathname_so_that_rpms_can_support_packaging_the_debug_info_for_all_os_profiles/src/out/ubuntu-22.04/22.04/build/rccl/hipify/src/init.cc:1954 NCCL WARN MSCCL++: Cannot enable MSCCL++; environment is not MSCCL compatible
mi300x-01:404:3701 [5] NCCL INFO ncclCommInitRank comm 0x6e0d6dd0 rank 1 nranks 2 cudaDev 5 nvmlDev 5 busId a6000 commId 0xec64fea229f06be0 localSize 384 used 1330414518 bytes on core 110 - Init COMPLETE
mi300x-01:403:3700 [4] NCCL INFO ncclCommInitRank comm 0x6def99f0 rank 0 nranks 2 cudaDev 4 nvmlDev 4 busId 85000 commId 0xec64fea229f06be0 localSize 384 used 1298432938 bytes on core 77 - Init COMPLETE
mi300x-01:404:3701 [5] NCCL INFO Init timings: rank 1 nranks 2 total 0.31 (kernels 0.00, bootstrap 0.02, allgathers 0.00, topo 0.11, graphs 0.00, connections 0.12, rest 0.06)
mi300x-01:403:3700 [4] NCCL INFO Init timings: rank 0 nranks 2 total 0.31 (kernels 0.00, bootstrap 0.02, allgathers 0.00, topo 0.11, graphs 0.00, connections 0.12, rest 0.06)

mi300x-01:406:3702 [7] /longer_pathname_so_that_rpms_can_support_packaging_the_debug_info_for_all_os_profiles/src/out/ubuntu-22.04/22.04/build/rccl/hipify/src/init.cc:1954 NCCL WARN MSCCL++: Cannot enable MSCCL++; environment is not MSCCL compatible

mi300x-01:405:3695 [6] /longer_pathname_so_that_rpms_can_support_packaging_the_debug_info_for_all_os_profiles/src/out/ubuntu-22.04/22.04/build/rccl/hipify/src/init.cc:1954 NCCL WARN MSCCL++: Cannot enable MSCCL++; environment is not MSCCL compatible
mi300x-01:406:3702 [7] NCCL INFO ncclCommInitRank comm 0x6de7e980 rank 1 nranks 2 cudaDev 7 nvmlDev 7 busId e5000 commId 0x669c68a3f7af77b6 localSize 384 used 1271694262 bytes on core 206 - Init COMPLETE
mi300x-01:405:3695 [6] NCCL INFO ncclCommInitRank comm 0x6e0878b0 rank 0 nranks 2 cudaDev 6 nvmlDev 6 busId c6000 commId 0x669c68a3f7af77b6 localSize 384 used 1238664114 bytes on core 115 - Init COMPLETE
mi300x-01:406:3702 [7] NCCL INFO Init timings: rank 1 nranks 2 total 0.28 (kernels 0.00, bootstrap 0.01, allgathers 0.03, topo 0.10, graphs 0.00, connections 0.13, rest 0.02)
mi300x-01:405:3695 [6] NCCL INFO Init timings: rank 0 nranks 2 total 0.40 (kernels 0.00, bootstrap 0.13, allgathers 0.03, topo 0.10, graphs 0.00, connections 0.13, rest 0.02)
mi300x-01:404:3733 [5] NCCL INFO Channel 08/1 : 1[a6000] -> 0[85000] via P2P/IPC comm 0x6e0d6dd0 nRanks 02
mi300x-01:403:3734 [4] NCCL INFO Channel 08/1 : 0[85000] -> 1[a6000] via P2P/IPC comm 0x6def99f0 nRanks 02
