mi300x-01:397:7580 [0] NCCL INFO Channel 23/32 :    0   2   7   5   4   6   3   1
mi300x-01:397:7580 [0] NCCL INFO Channel 24/32 :    0   3   2   1   4   7   6   5
mi300x-01:397:7580 [0] NCCL INFO Channel 25/32 :    0   3   2   1   4   7   6   5
mi300x-01:397:7580 [0] NCCL INFO Channel 26/32 :    0   3   2   1   4   7   6   5
mi300x-01:397:7580 [0] NCCL INFO Channel 27/32 :    0   5   7   6   4   1   3   2
mi300x-01:397:7580 [0] NCCL INFO Channel 28/32 :    0   3   6   5   4   7   2   1
mi300x-01:397:7580 [0] NCCL INFO Channel 29/32 :    0   1   3   6   4   5   7   2
mi300x-01:397:7580 [0] NCCL INFO Channel 30/32 :    0   1   3   6   4   5   7   2
mi300x-01:397:7580 [0] NCCL INFO Channel 31/32 :    0   2   7   5   4   6   3   1
mi300x-01:397:7580 [0] NCCL INFO Trees [0] 1/4/-1->0->-1 [1] 1/4/-1->0->-1 [2] 1/4/-1->0->-1 [3] 3/-1/-1->0->1 [4] 1/-1/-1->0->3 [5] -1/-1/-1->0->1 [6] -1/-1/-1->0->1 [7] -1/-1/-1->0->1 [8] 1/-1/-1->0->4 [9] 1/-1/-1->0->4 [10] 1/-1/-1->0->4 [11] 3/-1/-1->0->1 [12] 1/-1/-1->0->3 [13] -1/-1/-1->0->1 [14] -1/-1/-1->0->1 [15] -1/-1/-1->0->1 [16] 1/4/-1->0->-1 [17] 1/4/-1->0->-1 [18] 1/4/-1->0->-1 [19] 3/-1/-1->0->1 [20] 1/-1/-1->0->3 [21] -1/-1/-1->0->1 [22] -1/-1/-1->0->1 [23] -1/-1/-1->0->1 [24] 1/-1/-1->0->4 [25] 1/-1/-1->0->4 [26] 1/-1/-1->0->4 [27] 3/-1/-1->0->1 [28] 1/-1/-1->0->3 [29] -1/-1/-1->0->1 [30] -1/-1/-1->0->1 [31] -1/-1/-1->0->1 comm 0x6d6fc670 nRanks 08 busId 5000
mi300x-01:397:7580 [0] NCCL INFO P2P Chunksize set to 131072
mi300x-01:397:7580 [0] NCCL INFO Channel 05/0 : 0[5000] -> 1[46000] via P2P/IPC comm 0x6d6fc670 nRanks 08
mi300x-01:397:7580 [0] NCCL INFO Channel 06/0 : 0[5000] -> 1[46000] via P2P/IPC comm 0x6d6fc670 nRanks 08
mi300x-01:397:7580 [0] NCCL INFO Channel 13/0 : 0[5000] -> 1[46000] via P2P/IPC comm 0x6d6fc670 nRanks 08
mi300x-01:397:7580 [0] NCCL INFO Channel 14/0 : 0[5000] -> 1[46000] via P2P/IPC comm 0x6d6fc670 nRanks 08
mi300x-01:397:7580 [0] NCCL INFO Channel 21/0 : 0[5000] -> 1[46000] via P2P/IPC comm 0x6d6fc670 nRanks 08
mi300x-01:397:7580 [0] NCCL INFO Channel 22/0 : 0[5000] -> 1[46000] via P2P/IPC comm 0x6d6fc670 nRanks 08
mi300x-01:397:7580 [0] NCCL INFO Channel 29/0 : 0[5000] -> 1[46000] via P2P/IPC comm 0x6d6fc670 nRanks 08
mi300x-01:397:7580 [0] NCCL INFO Channel 30/0 : 0[5000] -> 1[46000] via P2P/IPC comm 0x6d6fc670 nRanks 08
mi300x-01:399:7586 [2] NCCL INFO Channel 03/0 : 1[46000] -> 3[c6000] via P2P/IPC comm 0x6d898800 nRanks 08
mi300x-01:397:7580 [0] NCCL INFO Channel 07/0 : 0[5000] -> 2[85000] via P2P/IPC comm 0x6d6fc670 nRanks 08
mi300x-01:397:7580 [0] NCCL INFO Channel 15/0 : 0[5000] -> 2[85000] via P2P/IPC comm 0x6d6fc670 nRanks 08
mi300x-01:399:7586 [2] NCCL INFO Channel 05/0 : 1[46000] -> 3[c6000] via P2P/IPC comm 0x6d898800 nRanks 08
mi300x-01:397:7580 [0] NCCL INFO Channel 23/0 : 0[5000] -> 2[85000] via P2P/IPC comm 0x6d6fc670 nRanks 08
mi300x-01:399:7586 [2] NCCL INFO Channel 06/0 : 1[46000] -> 3[c6000] via P2P/IPC comm 0x6d898800 nRanks 08
mi300x-01:397:7580 [0] NCCL INFO Channel 31/0 : 0[5000] -> 2[85000] via P2P/IPC comm 0x6d6fc670 nRanks 08
mi300x-01:399:7586 [2] NCCL INFO Channel 11/0 : 1[46000] -> 3[c6000] via P2P/IPC comm 0x6d898800 nRanks 08
mi300x-01:399:7586 [2] NCCL INFO Channel 13/0 : 1[46000] -> 3[c6000] via P2P/IPC comm 0x6d898800 nRanks 08
mi300x-01:399:7586 [2] NCCL INFO Channel 14/0 : 1[46000] -> 3[c6000] via P2P/IPC comm 0x6d898800 nRanks 08
mi300x-01:397:7580 [0] NCCL INFO Channel 00/0 : 5[46000] -> 0[5000] [receive] via NET/Socket/0 comm 0x6d6fc670 nRanks 08
mi300x-01:401:7581 [4] NCCL INFO Channel 04/0 : 7[c6000] -> 2[85000] [receive] via NET/Socket/4 comm 0x6d5210a0 nRanks 08
mi300x-01:397:7580 [0] NCCL INFO Channel 01/0 : 5[46000] -> 0[5000] [receive] via NET/Socket/1 comm 0x6d6fc670 nRanks 08
mi300x-01:397:7580 [0] NCCL INFO Channel 02/0 : 5[46000] -> 0[5000] [receive] via NET/Socket/2 comm 0x6d6fc670 nRanks 08
mi300x-01:401:7581 [4] NCCL INFO Channel 05/0 : 7[c6000] -> 2[85000] [receive] via NET/Socket/5 comm 0x6d5210a0 nRanks 08
mi300x-01:399:7586 [2] NCCL INFO Channel 19/0 : 1[46000] -> 3[c6000] via P2P/IPC comm 0x6d898800 nRanks 08
mi300x-01:397:7580 [0] NCCL INFO Channel 08/0 : 5[46000] -> 0[5000] [receive] via NET/Socket/0 comm 0x6d6fc670 nRanks 08
mi300x-01:401:7581 [4] NCCL INFO Channel 06/0 : 7[c6000] -> 2[85000] [receive] via NET/Socket/6 comm 0x6d5210a0 nRanks 08
mi300x-01:397:7580 [0] NCCL INFO Channel 09/0 : 5[46000] -> 0[5000] [receive] via NET/Socket/1 comm 0x6d6fc670 nRanks 08
mi300x-01:401:7581 [4] NCCL INFO Channel 12/0 : 7[c6000] -> 2[85000] [receive] via NET/Socket/4 comm 0x6d5210a0 nRanks 08
mi300x-01:397:7580 [0] NCCL INFO Channel 10/0 : 5[46000] -> 0[5000] [receive] via NET/Socket/2 comm 0x6d6fc670 nRanks 08
mi300x-01:401:7581 [4] NCCL INFO Channel 13/0 : 7[c6000] -> 2[85000] [receive] via NET/Socket/5 comm 0x6d5210a0 nRanks 08
mi300x-01:397:7580 [0] NCCL INFO Channel 16/0 : 5[46000] -> 0[5000] [receive] via NET/Socket/0 comm 0x6d6fc670 nRanks 08
mi300x-01:401:7581 [4] NCCL INFO Channel 14/0 : 7[c6000] -> 2[85000] [receive] via NET/Socket/6 comm 0x6d5210a0 nRanks 08
mi300x-01:397:7580 [0] NCCL INFO Channel 17/0 : 5[46000] -> 0[5000] [receive] via NET/Socket/1 comm 0x6d6fc670 nRanks 08
mi300x-01:401:7581 [4] NCCL INFO Channel 20/0 : 7[c6000] -> 2[85000] [receive] via NET/Socket/4 comm 0x6d5210a0 nRanks 08
mi300x-01:397:7580 [0] NCCL INFO Channel 18/0 : 5[46000] -> 0[5000] [receive] via NET/Socket/2 comm 0x6d6fc670 nRanks 08
mi300x-01:401:7581 [4] NCCL INFO Channel 21/0 : 7[c6000] -> 2[85000] [receive] via NET/Socket/5 comm 0x6d5210a0 nRanks 08
mi300x-01:397:7580 [0] NCCL INFO Channel 24/0 : 5[46000] -> 0[5000] [receive] via NET/Socket/0 comm 0x6d6fc670 nRanks 08
mi300x-01:401:7581 [4] NCCL INFO Channel 22/0 : 7[c6000] -> 2[85000] [receive] via NET/Socket/6 comm 0x6d5210a0 nRanks 08
mi300x-01:397:7580 [0] NCCL INFO Channel 25/0 : 5[46000] -> 0[5000] [receive] via NET/Socket/1 comm 0x6d6fc670 nRanks 08
mi300x-01:401:7581 [4] NCCL INFO Channel 28/0 : 7[c6000] -> 2[85000] [receive] via NET/Socket/4 comm 0x6d5210a0 nRanks 08
mi300x-01:397:7580 [0] NCCL INFO Channel 26/0 : 5[46000] -> 0[5000] [receive] via NET/Socket/2 comm 0x6d6fc670 nRanks 08
mi300x-01:397:7580 [0] NCCL INFO Channel 00/0 : 0[5000] -> 3[c6000] via P2P/IPC comm 0x6d6fc670 nRanks 08
mi300x-01:401:7581 [4] NCCL INFO Channel 29/0 : 7[c6000] -> 2[85000] [receive] via NET/Socket/5 comm 0x6d5210a0 nRanks 08
mi300x-01:399:7586 [2] NCCL INFO Channel 21/0 : 1[46000] -> 3[c6000] via P2P/IPC comm 0x6d898800 nRanks 08
mi300x-01:401:7581 [4] NCCL INFO Channel 30/0 : 7[c6000] -> 2[85000] [receive] via NET/Socket/6 comm 0x6d5210a0 nRanks 08
mi300x-01:397:7580 [0] NCCL INFO Channel 01/0 : 0[5000] -> 3[c6000] via P2P/IPC comm 0x6d6fc670 nRanks 08
mi300x-01:399:7586 [2] NCCL INFO Channel 22/0 : 1[46000] -> 3[c6000] via P2P/IPC comm 0x6d898800 nRanks 08
mi300x-01:397:7580 [0] NCCL INFO Channel 02/0 : 0[5000] -> 3[c6000] via P2P/IPC comm 0x6d6fc670 nRanks 08
mi300x-01:399:7586 [2] NCCL INFO Channel 27/0 : 1[46000] -> 3[c6000] via P2P/IPC comm 0x6d898800 nRanks 08
mi300x-01:397:7580 [0] NCCL INFO Channel 04/0 : 0[5000] -> 3[c6000] via P2P/IPC comm 0x6d6fc670 nRanks 08
mi300x-01:399:7586 [2] NCCL INFO Channel 29/0 : 1[46000] -> 3[c6000] via P2P/IPC comm 0x6d898800 nRanks 08
mi300x-01:397:7580 [0] NCCL INFO Channel 08/0 : 0[5000] -> 3[c6000] via P2P/IPC comm 0x6d6fc670 nRanks 08
mi300x-01:399:7586 [2] NCCL INFO Channel 30/0 : 1[46000] -> 3[c6000] via P2P/IPC comm 0x6d898800 nRanks 08
mi300x-01:397:7580 [0] NCCL INFO Channel 09/0 : 0[5000] -> 3[c6000] via P2P/IPC comm 0x6d6fc670 nRanks 08
mi300x-01:397:7580 [0] NCCL INFO Channel 10/0 : 0[5000] -> 3[c6000] via P2P/IPC comm 0x6d6fc670 nRanks 08
mi300x-01:399:7586 [2] NCCL INFO Channel 00/0 : 1[46000] -> 4[5000] [send] via NET/Socket/0 comm 0x6d898800 nRanks 08
mi300x-01:399:7586 [2] NCCL INFO Channel 01/0 : 1[46000] -> 4[5000] [send] via NET/Socket/1 comm 0x6d898800 nRanks 08
mi300x-01:399:7586 [2] NCCL INFO Channel 02/0 : 1[46000] -> 4[5000] [send] via NET/Socket/2 comm 0x6d898800 nRanks 08
mi300x-01:399:7586 [2] NCCL INFO Channel 08/0 : 1[46000] -> 4[5000] [send] via NET/Socket/0 comm 0x6d898800 nRanks 08
mi300x-01:397:7580 [0] NCCL INFO Channel 12/0 : 0[5000] -> 3[c6000] via P2P/IPC comm 0x6d6fc670 nRanks 08
mi300x-01:399:7586 [2] NCCL INFO Channel 09/0 : 1[46000] -> 4[5000] [send] via NET/Socket/1 comm 0x6d898800 nRanks 08
mi300x-01:399:7586 [2] NCCL INFO Channel 10/0 : 1[46000] -> 4[5000] [send] via NET/Socket/2 comm 0x6d898800 nRanks 08
mi300x-01:399:7586 [2] NCCL INFO Channel 16/0 : 1[46000] -> 4[5000] [send] via NET/Socket/0 comm 0x6d898800 nRanks 08
mi300x-01:399:7586 [2] NCCL INFO Channel 17/0 : 1[46000] -> 4[5000] [send] via NET/Socket/1 comm 0x6d898800 nRanks 08
mi300x-01:399:7586 [2] NCCL INFO Channel 18/0 : 1[46000] -> 4[5000] [send] via NET/Socket/2 comm 0x6d898800 nRanks 08
mi300x-01:399:7586 [2] NCCL INFO Channel 24/0 : 1[46000] -> 4[5000] [send] via NET/Socket/0 comm 0x6d898800 nRanks 08
mi300x-01:399:7586 [2] NCCL INFO Channel 25/0 : 1[46000] -> 4[5000] [send] via NET/Socket/1 comm 0x6d898800 nRanks 08
mi300x-01:399:7586 [2] NCCL INFO Channel 26/0 : 1[46000] -> 4[5000] [send] via NET/Socket/2 comm 0x6d898800 nRanks 08
mi300x-01:397:7580 [0] NCCL INFO Channel 16/0 : 0[5000] -> 3[c6000] via P2P/IPC comm 0x6d6fc670 nRanks 08
mi300x-01:397:7580 [0] NCCL INFO Channel 17/0 : 0[5000] -> 3[c6000] via P2P/IPC comm 0x6d6fc670 nRanks 08
mi300x-01:397:7580 [0] NCCL INFO Channel 18/0 : 0[5000] -> 3[c6000] via P2P/IPC comm 0x6d6fc670 nRanks 08
mi300x-01:397:7580 [0] NCCL INFO Channel 20/0 : 0[5000] -> 3[c6000] via P2P/IPC comm 0x6d6fc670 nRanks 08
mi300x-01:397:7580 [0] NCCL INFO Channel 24/0 : 0[5000] -> 3[c6000] via P2P/IPC comm 0x6d6fc670 nRanks 08
mi300x-01:397:7580 [0] NCCL INFO Channel 25/0 : 0[5000] -> 3[c6000] via P2P/IPC comm 0x6d6fc670 nRanks 08
mi300x-01:397:7580 [0] NCCL INFO Channel 26/0 : 0[5000] -> 3[c6000] via P2P/IPC comm 0x6d6fc670 nRanks 08
mi300x-01:397:7580 [0] NCCL INFO Channel 28/0 : 0[5000] -> 3[c6000] via P2P/IPC comm 0x6d6fc670 nRanks 08
mi300x-01:399:7586 [2] NCCL INFO Channel 03/0 : 4[5000] -> 1[46000] [receive] via NET/Socket/3 comm 0x6d898800 nRanks 08
mi300x-01:399:7586 [2] NCCL INFO Channel 11/0 : 4[5000] -> 1[46000] [receive] via NET/Socket/3 comm 0x6d898800 nRanks 08
mi300x-01:399:7586 [2] NCCL INFO Channel 19/0 : 4[5000] -> 1[46000] [receive] via NET/Socket/3 comm 0x6d898800 nRanks 08
mi300x-01:399:7586 [2] NCCL INFO Channel 27/0 : 4[5000] -> 1[46000] [receive] via NET/Socket/3 comm 0x6d898800 nRanks 08
mi300x-01:403:7588 [6] NCCL INFO Channel 04/0 : 3[c6000] -> 6[85000] [send] via NET/Socket/4 comm 0x6d66cba0 nRanks 08
mi300x-01:401:7581 [4] NCCL INFO Channel 07/0 : 2[85000] -> 7[c6000] [send] via NET/Socket/7 comm 0x6d5210a0 nRanks 08
mi300x-01:403:7588 [6] NCCL INFO Channel 05/0 : 3[c6000] -> 6[85000] [send] via NET/Socket/5 comm 0x6d66cba0 nRanks 08
mi300x-01:401:7581 [4] NCCL INFO Channel 15/0 : 2[85000] -> 7[c6000] [send] via NET/Socket/7 comm 0x6d5210a0 nRanks 08
mi300x-01:403:7588 [6] NCCL INFO Channel 06/0 : 3[c6000] -> 6[85000] [send] via NET/Socket/6 comm 0x6d66cba0 nRanks 08
mi300x-01:401:7581 [4] NCCL INFO Channel 23/0 : 2[85000] -> 7[c6000] [send] via NET/Socket/7 comm 0x6d5210a0 nRanks 08
mi300x-01:403:7588 [6] NCCL INFO Channel 12/0 : 3[c6000] -> 6[85000] [send] via NET/Socket/4 comm 0x6d66cba0 nRanks 08
mi300x-01:401:7581 [4] NCCL INFO Channel 31/0 : 2[85000] -> 7[c6000] [send] via NET/Socket/7 comm 0x6d5210a0 nRanks 08
mi300x-01:403:7588 [6] NCCL INFO Channel 13/0 : 3[c6000] -> 6[85000] [send] via NET/Socket/5 comm 0x6d66cba0 nRanks 08
mi300x-01:403:7588 [6] NCCL INFO Channel 14/0 : 3[c6000] -> 6[85000] [send] via NET/Socket/6 comm 0x6d66cba0 nRanks 08
mi300x-01:403:7588 [6] NCCL INFO Channel 20/0 : 3[c6000] -> 6[85000] [send] via NET/Socket/4 comm 0x6d66cba0 nRanks 08
mi300x-01:401:7581 [4] NCCL INFO Channel 03/0 : 2[85000] -> 0[5000] via P2P/IPC comm 0x6d5210a0 nRanks 08
mi300x-01:403:7588 [6] NCCL INFO Channel 21/0 : 3[c6000] -> 6[85000] [send] via NET/Socket/5 comm 0x6d66cba0 nRanks 08
mi300x-01:403:7588 [6] NCCL INFO Channel 22/0 : 3[c6000] -> 6[85000] [send] via NET/Socket/6 comm 0x6d66cba0 nRanks 08
mi300x-01:403:7588 [6] NCCL INFO Channel 28/0 : 3[c6000] -> 6[85000] [send] via NET/Socket/4 comm 0x6d66cba0 nRanks 08
mi300x-01:403:7588 [6] NCCL INFO Channel 29/0 : 3[c6000] -> 6[85000] [send] via NET/Socket/5 comm 0x6d66cba0 nRanks 08
mi300x-01:403:7588 [6] NCCL INFO Channel 30/0 : 3[c6000] -> 6[85000] [send] via NET/Socket/6 comm 0x6d66cba0 nRanks 08
mi300x-01:397:7580 [0] NCCL INFO Channel 03/0 : 0[5000] -> 5[46000] [send] via NET/Socket/3 comm 0x6d6fc670 nRanks 08
mi300x-01:397:7580 [0] NCCL INFO Channel 11/0 : 0[5000] -> 5[46000] [send] via NET/Socket/3 comm 0x6d6fc670 nRanks 08
mi300x-01:403:7588 [6] NCCL INFO Channel 07/0 : 6[85000] -> 3[c6000] [receive] via NET/Socket/7 comm 0x6d66cba0 nRanks 08
mi300x-01:397:7580 [0] NCCL INFO Channel 19/0 : 0[5000] -> 5[46000] [send] via NET/Socket/3 comm 0x6d6fc670 nRanks 08
mi300x-01:397:7580 [0] NCCL INFO Channel 27/0 : 0[5000] -> 5[46000] [send] via NET/Socket/3 comm 0x6d6fc670 nRanks 08
mi300x-01:403:7588 [6] NCCL INFO Channel 15/0 : 6[85000] -> 3[c6000] [receive] via NET/Socket/7 comm 0x6d66cba0 nRanks 08
mi300x-01:403:7588 [6] NCCL INFO Channel 23/0 : 6[85000] -> 3[c6000] [receive] via NET/Socket/7 comm 0x6d66cba0 nRanks 08
mi300x-01:403:7588 [6] NCCL INFO Channel 31/0 : 6[85000] -> 3[c6000] [receive] via NET/Socket/7 comm 0x6d66cba0 nRanks 08
mi300x-01:403:7588 [6] NCCL INFO Channel 07/0 : 3[c6000] -> 1[46000] via P2P/IPC comm 0x6d66cba0 nRanks 08
mi300x-01:401:7581 [4] NCCL INFO Channel 05/0 : 2[85000] -> 0[5000] via P2P/IPC comm 0x6d5210a0 nRanks 08
mi300x-01:403:7588 [6] NCCL INFO Channel 15/0 : 3[c6000] -> 1[46000] via P2P/IPC comm 0x6d66cba0 nRanks 08
mi300x-01:401:7581 [4] NCCL INFO Channel 06/0 : 2[85000] -> 0[5000] via P2P/IPC comm 0x6d5210a0 nRanks 08
mi300x-01:403:7588 [6] NCCL INFO Channel 23/0 : 3[c6000] -> 1[46000] via P2P/IPC comm 0x6d66cba0 nRanks 08
mi300x-01:403:7588 [6] NCCL INFO Channel 31/0 : 3[c6000] -> 1[46000] via P2P/IPC comm 0x6d66cba0 nRanks 08
mi300x-01:401:7581 [4] NCCL INFO Channel 11/0 : 2[85000] -> 0[5000] via P2P/IPC comm 0x6d5210a0 nRanks 08
mi300x-01:401:7581 [4] NCCL INFO Channel 13/0 : 2[85000] -> 0[5000] via P2P/IPC comm 0x6d5210a0 nRanks 08
mi300x-01:403:7588 [6] NCCL INFO Channel 00/0 : 3[c6000] -> 2[85000] via P2P/IPC comm 0x6d66cba0 nRanks 08
mi300x-01:401:7581 [4] NCCL INFO Channel 14/0 : 2[85000] -> 0[5000] via P2P/IPC comm 0x6d5210a0 nRanks 08
mi300x-01:403:7588 [6] NCCL INFO Channel 01/0 : 3[c6000] -> 2[85000] via P2P/IPC comm 0x6d66cba0 nRanks 08
mi300x-01:401:7581 [4] NCCL INFO Channel 19/0 : 2[85000] -> 0[5000] via P2P/IPC comm 0x6d5210a0 nRanks 08
mi300x-01:403:7588 [6] NCCL INFO Channel 02/0 : 3[c6000] -> 2[85000] via P2P/IPC comm 0x6d66cba0 nRanks 08
mi300x-01:401:7581 [4] NCCL INFO Channel 21/0 : 2[85000] -> 0[5000] via P2P/IPC comm 0x6d5210a0 nRanks 08
mi300x-01:403:7588 [6] NCCL INFO Channel 03/0 : 3[c6000] -> 2[85000] via P2P/IPC comm 0x6d66cba0 nRanks 08
mi300x-01:401:7581 [4] NCCL INFO Channel 22/0 : 2[85000] -> 0[5000] via P2P/IPC comm 0x6d5210a0 nRanks 08
mi300x-01:403:7588 [6] NCCL INFO Channel 08/0 : 3[c6000] -> 2[85000] via P2P/IPC comm 0x6d66cba0 nRanks 08
mi300x-01:403:7588 [6] NCCL INFO Channel 09/0 : 3[c6000] -> 2[85000] via P2P/IPC comm 0x6d66cba0 nRanks 08
mi300x-01:403:7588 [6] NCCL INFO Channel 10/0 : 3[c6000] -> 2[85000] via P2P/IPC comm 0x6d66cba0 nRanks 08
mi300x-01:401:7581 [4] NCCL INFO Channel 27/0 : 2[85000] -> 0[5000] via P2P/IPC comm 0x6d5210a0 nRanks 08
mi300x-01:403:7588 [6] NCCL INFO Channel 11/0 : 3[c6000] -> 2[85000] via P2P/IPC comm 0x6d66cba0 nRanks 08
mi300x-01:401:7581 [4] NCCL INFO Channel 29/0 : 2[85000] -> 0[5000] via P2P/IPC comm 0x6d5210a0 nRanks 08
mi300x-01:403:7588 [6] NCCL INFO Channel 16/0 : 3[c6000] -> 2[85000] via P2P/IPC comm 0x6d66cba0 nRanks 08
mi300x-01:401:7581 [4] NCCL INFO Channel 30/0 : 2[85000] -> 0[5000] via P2P/IPC comm 0x6d5210a0 nRanks 08
mi300x-01:403:7588 [6] NCCL INFO Channel 17/0 : 3[c6000] -> 2[85000] via P2P/IPC comm 0x6d66cba0 nRanks 08
mi300x-01:403:7588 [6] NCCL INFO Channel 18/0 : 3[c6000] -> 2[85000] via P2P/IPC comm 0x6d66cba0 nRanks 08
mi300x-01:403:7588 [6] NCCL INFO Channel 19/0 : 3[c6000] -> 2[85000] via P2P/IPC comm 0x6d66cba0 nRanks 08
mi300x-01:403:7588 [6] NCCL INFO Channel 24/0 : 3[c6000] -> 2[85000] via P2P/IPC comm 0x6d66cba0 nRanks 08
mi300x-01:403:7588 [6] NCCL INFO Channel 25/0 : 3[c6000] -> 2[85000] via P2P/IPC comm 0x6d66cba0 nRanks 08
mi300x-01:403:7588 [6] NCCL INFO Channel 26/0 : 3[c6000] -> 2[85000] via P2P/IPC comm 0x6d66cba0 nRanks 08
mi300x-01:403:7588 [6] NCCL INFO Channel 27/0 : 3[c6000] -> 2[85000] via P2P/IPC comm 0x6d66cba0 nRanks 08
mi300x-01:399:7586 [2] NCCL INFO Channel 04/0 : 1[46000] -> 0[5000] via P2P/IPC comm 0x6d898800 nRanks 08
mi300x-01:399:7586 [2] NCCL INFO Channel 07/0 : 1[46000] -> 0[5000] via P2P/IPC comm 0x6d898800 nRanks 08
mi300x-01:399:7586 [2] NCCL INFO Channel 12/0 : 1[46000] -> 0[5000] via P2P/IPC comm 0x6d898800 nRanks 08
mi300x-01:399:7586 [2] NCCL INFO Channel 15/0 : 1[46000] -> 0[5000] via P2P/IPC comm 0x6d898800 nRanks 08
mi300x-01:399:7586 [2] NCCL INFO Channel 20/0 : 1[46000] -> 0[5000] via P2P/IPC comm 0x6d898800 nRanks 08
mi300x-01:399:7586 [2] NCCL INFO Channel 23/0 : 1[46000] -> 0[5000] via P2P/IPC comm 0x6d898800 nRanks 08
mi300x-01:399:7586 [2] NCCL INFO Channel 28/0 : 1[46000] -> 0[5000] via P2P/IPC comm 0x6d898800 nRanks 08
mi300x-01:399:7586 [2] NCCL INFO Channel 31/0 : 1[46000] -> 0[5000] via P2P/IPC comm 0x6d898800 nRanks 08
mi300x-01:401:7581 [4] NCCL INFO Channel 00/0 : 2[85000] -> 1[46000] via P2P/IPC comm 0x6d5210a0 nRanks 08
mi300x-01:401:7581 [4] NCCL INFO Channel 01/0 : 2[85000] -> 1[46000] via P2P/IPC comm 0x6d5210a0 nRanks 08
mi300x-01:401:7581 [4] NCCL INFO Channel 02/0 : 2[85000] -> 1[46000] via P2P/IPC comm 0x6d5210a0 nRanks 08
mi300x-01:401:7581 [4] NCCL INFO Channel 04/0 : 2[85000] -> 1[46000] via P2P/IPC comm 0x6d5210a0 nRanks 08
mi300x-01:401:7581 [4] NCCL INFO Channel 08/0 : 2[85000] -> 1[46000] via P2P/IPC comm 0x6d5210a0 nRanks 08
mi300x-01:401:7581 [4] NCCL INFO Channel 09/0 : 2[85000] -> 1[46000] via P2P/IPC comm 0x6d5210a0 nRanks 08
mi300x-01:401:7581 [4] NCCL INFO Channel 10/0 : 2[85000] -> 1[46000] via P2P/IPC comm 0x6d5210a0 nRanks 08
mi300x-01:401:7581 [4] NCCL INFO Channel 12/0 : 2[85000] -> 1[46000] via P2P/IPC comm 0x6d5210a0 nRanks 08
mi300x-01:401:7581 [4] NCCL INFO Channel 16/0 : 2[85000] -> 1[46000] via P2P/IPC comm 0x6d5210a0 nRanks 08
mi300x-01:401:7581 [4] NCCL INFO Channel 17/0 : 2[85000] -> 1[46000] via P2P/IPC comm 0x6d5210a0 nRanks 08
mi300x-01:401:7581 [4] NCCL INFO Channel 18/0 : 2[85000] -> 1[46000] via P2P/IPC comm 0x6d5210a0 nRanks 08
mi300x-01:401:7581 [4] NCCL INFO Channel 20/0 : 2[85000] -> 1[46000] via P2P/IPC comm 0x6d5210a0 nRanks 08
mi300x-01:401:7581 [4] NCCL INFO Channel 24/0 : 2[85000] -> 1[46000] via P2P/IPC comm 0x6d5210a0 nRanks 08
mi300x-01:401:7581 [4] NCCL INFO Channel 25/0 : 2[85000] -> 1[46000] via P2P/IPC comm 0x6d5210a0 nRanks 08
mi300x-01:401:7581 [4] NCCL INFO Channel 26/0 : 2[85000] -> 1[46000] via P2P/IPC comm 0x6d5210a0 nRanks 08
mi300x-01:401:7581 [4] NCCL INFO Channel 28/0 : 2[85000] -> 1[46000] via P2P/IPC comm 0x6d5210a0 nRanks 08
mi300x-01:397:7580 [0] NCCL INFO Connected all rings
mi300x-01:397:7580 [0] NCCL INFO Channel 00/0 : 0[5000] -> 1[46000] via P2P/IPC comm 0x6d6fc670 nRanks 08
mi300x-01:399:7586 [2] NCCL INFO Connected all rings
mi300x-01:403:7588 [6] NCCL INFO Connected all rings
mi300x-01:401:7581 [4] NCCL INFO Connected all rings
mi300x-01:397:7580 [0] NCCL INFO Channel 01/0 : 0[5000] -> 1[46000] via P2P/IPC comm 0x6d6fc670 nRanks 08
mi300x-01:397:7580 [0] NCCL INFO Channel 02/0 : 0[5000] -> 1[46000] via P2P/IPC comm 0x6d6fc670 nRanks 08
mi300x-01:397:7580 [0] NCCL INFO Channel 03/0 : 0[5000] -> 1[46000] via P2P/IPC comm 0x6d6fc670 nRanks 08
mi300x-01:397:7580 [0] NCCL INFO Channel 04/0 : 0[5000] -> 1[46000] via P2P/IPC comm 0x6d6fc670 nRanks 08
mi300x-01:397:7580 [0] NCCL INFO Channel 07/0 : 0[5000] -> 1[46000] via P2P/IPC comm 0x6d6fc670 nRanks 08
mi300x-01:397:7580 [0] NCCL INFO Channel 08/0 : 0[5000] -> 1[46000] via P2P/IPC comm 0x6d6fc670 nRanks 08
mi300x-01:397:7580 [0] NCCL INFO Channel 09/0 : 0[5000] -> 1[46000] via P2P/IPC comm 0x6d6fc670 nRanks 08
mi300x-01:397:7580 [0] NCCL INFO Channel 10/0 : 0[5000] -> 1[46000] via P2P/IPC comm 0x6d6fc670 nRanks 08
mi300x-01:397:7580 [0] NCCL INFO Channel 11/0 : 0[5000] -> 1[46000] via P2P/IPC comm 0x6d6fc670 nRanks 08
mi300x-01:397:7580 [0] NCCL INFO Channel 12/0 : 0[5000] -> 1[46000] via P2P/IPC comm 0x6d6fc670 nRanks 08
mi300x-01:397:7580 [0] NCCL INFO Channel 15/0 : 0[5000] -> 1[46000] via P2P/IPC comm 0x6d6fc670 nRanks 08
mi300x-01:397:7580 [0] NCCL INFO Channel 16/0 : 0[5000] -> 1[46000] via P2P/IPC comm 0x6d6fc670 nRanks 08
mi300x-01:397:7580 [0] NCCL INFO Channel 17/0 : 0[5000] -> 1[46000] via P2P/IPC comm 0x6d6fc670 nRanks 08
mi300x-01:397:7580 [0] NCCL INFO Channel 18/0 : 0[5000] -> 1[46000] via P2P/IPC comm 0x6d6fc670 nRanks 08
mi300x-01:397:7580 [0] NCCL INFO Channel 19/0 : 0[5000] -> 1[46000] via P2P/IPC comm 0x6d6fc670 nRanks 08
mi300x-01:397:7580 [0] NCCL INFO Channel 20/0 : 0[5000] -> 1[46000] via P2P/IPC comm 0x6d6fc670 nRanks 08
mi300x-01:397:7580 [0] NCCL INFO Channel 23/0 : 0[5000] -> 1[46000] via P2P/IPC comm 0x6d6fc670 nRanks 08
mi300x-01:397:7580 [0] NCCL INFO Channel 24/0 : 0[5000] -> 1[46000] via P2P/IPC comm 0x6d6fc670 nRanks 08
mi300x-01:397:7580 [0] NCCL INFO Channel 25/0 : 0[5000] -> 1[46000] via P2P/IPC comm 0x6d6fc670 nRanks 08
mi300x-01:397:7580 [0] NCCL INFO Channel 26/0 : 0[5000] -> 1[46000] via P2P/IPC comm 0x6d6fc670 nRanks 08
mi300x-01:397:7580 [0] NCCL INFO Channel 27/0 : 0[5000] -> 1[46000] via P2P/IPC comm 0x6d6fc670 nRanks 08
mi300x-01:397:7580 [0] NCCL INFO Channel 28/0 : 0[5000] -> 1[46000] via P2P/IPC comm 0x6d6fc670 nRanks 08
mi300x-01:397:7580 [0] NCCL INFO Channel 31/0 : 0[5000] -> 1[46000] via P2P/IPC comm 0x6d6fc670 nRanks 08
mi300x-01:399:7586 [2] NCCL INFO Channel 00/0 : 1[46000] -> 2[85000] via P2P/IPC comm 0x6d898800 nRanks 08
mi300x-01:401:7581 [4] NCCL INFO Channel 00/0 : 2[85000] -> 3[c6000] via P2P/IPC comm 0x6d5210a0 nRanks 08
mi300x-01:399:7586 [2] NCCL INFO Channel 01/0 : 1[46000] -> 2[85000] via P2P/IPC comm 0x6d898800 nRanks 08
mi300x-01:401:7581 [4] NCCL INFO Channel 01/0 : 2[85000] -> 3[c6000] via P2P/IPC comm 0x6d5210a0 nRanks 08
mi300x-01:399:7586 [2] NCCL INFO Channel 02/0 : 1[46000] -> 2[85000] via P2P/IPC comm 0x6d898800 nRanks 08
mi300x-01:401:7581 [4] NCCL INFO Channel 02/0 : 2[85000] -> 3[c6000] via P2P/IPC comm 0x6d5210a0 nRanks 08
mi300x-01:399:7586 [2] NCCL INFO Channel 05/0 : 1[46000] -> 2[85000] via P2P/IPC comm 0x6d898800 nRanks 08
mi300x-01:401:7581 [4] NCCL INFO Channel 03/0 : 2[85000] -> 3[c6000] via P2P/IPC comm 0x6d5210a0 nRanks 08
mi300x-01:399:7586 [2] NCCL INFO Channel 06/0 : 1[46000] -> 2[85000] via P2P/IPC comm 0x6d898800 nRanks 08
mi300x-01:401:7581 [4] NCCL INFO Channel 04/0 : 2[85000] -> 3[c6000] via P2P/IPC comm 0x6d5210a0 nRanks 08
mi300x-01:399:7586 [2] NCCL INFO Channel 07/0 : 1[46000] -> 2[85000] via P2P/IPC comm 0x6d898800 nRanks 08
mi300x-01:401:7581 [4] NCCL INFO Channel 05/0 : 2[85000] -> 3[c6000] via P2P/IPC comm 0x6d5210a0 nRanks 08
mi300x-01:399:7586 [2] NCCL INFO Channel 08/0 : 1[46000] -> 2[85000] via P2P/IPC comm 0x6d898800 nRanks 08
mi300x-01:401:7581 [4] NCCL INFO Channel 06/0 : 2[85000] -> 3[c6000] via P2P/IPC comm 0x6d5210a0 nRanks 08
mi300x-01:399:7586 [2] NCCL INFO Channel 09/0 : 1[46000] -> 2[85000] via P2P/IPC comm 0x6d898800 nRanks 08
mi300x-01:401:7581 [4] NCCL INFO Channel 07/0 : 2[85000] -> 3[c6000] via P2P/IPC comm 0x6d5210a0 nRanks 08
mi300x-01:399:7586 [2] NCCL INFO Channel 10/0 : 1[46000] -> 2[85000] via P2P/IPC comm 0x6d898800 nRanks 08
mi300x-01:401:7581 [4] NCCL INFO Channel 08/0 : 2[85000] -> 3[c6000] via P2P/IPC comm 0x6d5210a0 nRanks 08
mi300x-01:399:7586 [2] NCCL INFO Channel 13/0 : 1[46000] -> 2[85000] via P2P/IPC comm 0x6d898800 nRanks 08
mi300x-01:401:7581 [4] NCCL INFO Channel 09/0 : 2[85000] -> 3[c6000] via P2P/IPC comm 0x6d5210a0 nRanks 08
mi300x-01:399:7586 [2] NCCL INFO Channel 14/0 : 1[46000] -> 2[85000] via P2P/IPC comm 0x6d898800 nRanks 08
mi300x-01:401:7581 [4] NCCL INFO Channel 10/0 : 2[85000] -> 3[c6000] via P2P/IPC comm 0x6d5210a0 nRanks 08
mi300x-01:399:7586 [2] NCCL INFO Channel 15/0 : 1[46000] -> 2[85000] via P2P/IPC comm 0x6d898800 nRanks 08
mi300x-01:401:7581 [4] NCCL INFO Channel 11/0 : 2[85000] -> 3[c6000] via P2P/IPC comm 0x6d5210a0 nRanks 08
mi300x-01:399:7586 [2] NCCL INFO Channel 16/0 : 1[46000] -> 2[85000] via P2P/IPC comm 0x6d898800 nRanks 08
mi300x-01:401:7581 [4] NCCL INFO Channel 12/0 : 2[85000] -> 3[c6000] via P2P/IPC comm 0x6d5210a0 nRanks 08
mi300x-01:399:7586 [2] NCCL INFO Channel 17/0 : 1[46000] -> 2[85000] via P2P/IPC comm 0x6d898800 nRanks 08
mi300x-01:401:7581 [4] NCCL INFO Channel 13/0 : 2[85000] -> 3[c6000] via P2P/IPC comm 0x6d5210a0 nRanks 08
mi300x-01:399:7586 [2] NCCL INFO Channel 18/0 : 1[46000] -> 2[85000] via P2P/IPC comm 0x6d898800 nRanks 08
mi300x-01:401:7581 [4] NCCL INFO Channel 14/0 : 2[85000] -> 3[c6000] via P2P/IPC comm 0x6d5210a0 nRanks 08
mi300x-01:399:7586 [2] NCCL INFO Channel 21/0 : 1[46000] -> 2[85000] via P2P/IPC comm 0x6d898800 nRanks 08
mi300x-01:401:7581 [4] NCCL INFO Channel 15/0 : 2[85000] -> 3[c6000] via P2P/IPC comm 0x6d5210a0 nRanks 08
mi300x-01:399:7586 [2] NCCL INFO Channel 22/0 : 1[46000] -> 2[85000] via P2P/IPC comm 0x6d898800 nRanks 08
mi300x-01:401:7581 [4] NCCL INFO Channel 16/0 : 2[85000] -> 3[c6000] via P2P/IPC comm 0x6d5210a0 nRanks 08
mi300x-01:399:7586 [2] NCCL INFO Channel 23/0 : 1[46000] -> 2[85000] via P2P/IPC comm 0x6d898800 nRanks 08
mi300x-01:401:7581 [4] NCCL INFO Channel 17/0 : 2[85000] -> 3[c6000] via P2P/IPC comm 0x6d5210a0 nRanks 08
mi300x-01:399:7586 [2] NCCL INFO Channel 24/0 : 1[46000] -> 2[85000] via P2P/IPC comm 0x6d898800 nRanks 08
mi300x-01:401:7581 [4] NCCL INFO Channel 18/0 : 2[85000] -> 3[c6000] via P2P/IPC comm 0x6d5210a0 nRanks 08
mi300x-01:399:7586 [2] NCCL INFO Channel 25/0 : 1[46000] -> 2[85000] via P2P/IPC comm 0x6d898800 nRanks 08
mi300x-01:401:7581 [4] NCCL INFO Channel 19/0 : 2[85000] -> 3[c6000] via P2P/IPC comm 0x6d5210a0 nRanks 08
mi300x-01:399:7586 [2] NCCL INFO Channel 26/0 : 1[46000] -> 2[85000] via P2P/IPC comm 0x6d898800 nRanks 08
mi300x-01:401:7581 [4] NCCL INFO Channel 20/0 : 2[85000] -> 3[c6000] via P2P/IPC comm 0x6d5210a0 nRanks 08
mi300x-01:399:7586 [2] NCCL INFO Channel 29/0 : 1[46000] -> 2[85000] via P2P/IPC comm 0x6d898800 nRanks 08
mi300x-01:401:7581 [4] NCCL INFO Channel 21/0 : 2[85000] -> 3[c6000] via P2P/IPC comm 0x6d5210a0 nRanks 08
mi300x-01:399:7586 [2] NCCL INFO Channel 30/0 : 1[46000] -> 2[85000] via P2P/IPC comm 0x6d898800 nRanks 08
mi300x-01:401:7581 [4] NCCL INFO Channel 22/0 : 2[85000] -> 3[c6000] via P2P/IPC comm 0x6d5210a0 nRanks 08
mi300x-01:399:7586 [2] NCCL INFO Channel 31/0 : 1[46000] -> 2[85000] via P2P/IPC comm 0x6d898800 nRanks 08
mi300x-01:401:7581 [4] NCCL INFO Channel 23/0 : 2[85000] -> 3[c6000] via P2P/IPC comm 0x6d5210a0 nRanks 08
mi300x-01:397:7580 [0] NCCL INFO Channel 03/0 : 0[5000] -> 3[c6000] via P2P/IPC comm 0x6d6fc670 nRanks 08
mi300x-01:401:7581 [4] NCCL INFO Channel 24/0 : 2[85000] -> 3[c6000] via P2P/IPC comm 0x6d5210a0 nRanks 08
mi300x-01:397:7580 [0] NCCL INFO Channel 11/0 : 0[5000] -> 3[c6000] via P2P/IPC comm 0x6d6fc670 nRanks 08
mi300x-01:401:7581 [4] NCCL INFO Channel 25/0 : 2[85000] -> 3[c6000] via P2P/IPC comm 0x6d5210a0 nRanks 08
mi300x-01:401:7581 [4] NCCL INFO Channel 26/0 : 2[85000] -> 3[c6000] via P2P/IPC comm 0x6d5210a0 nRanks 08
mi300x-01:401:7581 [4] NCCL INFO Channel 27/0 : 2[85000] -> 3[c6000] via P2P/IPC comm 0x6d5210a0 nRanks 08
mi300x-01:397:7580 [0] NCCL INFO Channel 19/0 : 0[5000] -> 3[c6000] via P2P/IPC comm 0x6d6fc670 nRanks 08
mi300x-01:401:7581 [4] NCCL INFO Channel 28/0 : 2[85000] -> 3[c6000] via P2P/IPC comm 0x6d5210a0 nRanks 08
mi300x-01:397:7580 [0] NCCL INFO Channel 27/0 : 0[5000] -> 3[c6000] via P2P/IPC comm 0x6d6fc670 nRanks 08
mi300x-01:401:7581 [4] NCCL INFO Channel 29/0 : 2[85000] -> 3[c6000] via P2P/IPC comm 0x6d5210a0 nRanks 08
mi300x-01:401:7581 [4] NCCL INFO Channel 30/0 : 2[85000] -> 3[c6000] via P2P/IPC comm 0x6d5210a0 nRanks 08
mi300x-01:401:7581 [4] NCCL INFO Channel 31/0 : 2[85000] -> 3[c6000] via P2P/IPC comm 0x6d5210a0 nRanks 08
mi300x-01:399:7586 [2] NCCL INFO Channel 03/0 : 5[46000] -> 1[46000] [receive] via NET/Socket/3 comm 0x6d898800 nRanks 08
mi300x-01:401:7581 [4] NCCL INFO Channel 04/0 : 6[85000] -> 2[85000] [receive] via NET/Socket/4 comm 0x6d5210a0 nRanks 08
mi300x-01:399:7586 [2] NCCL INFO Channel 11/0 : 5[46000] -> 1[46000] [receive] via NET/Socket/3 comm 0x6d898800 nRanks 08
mi300x-01:401:7581 [4] NCCL INFO Channel 12/0 : 6[85000] -> 2[85000] [receive] via NET/Socket/4 comm 0x6d5210a0 nRanks 08
mi300x-01:399:7586 [2] NCCL INFO Channel 19/0 : 5[46000] -> 1[46000] [receive] via NET/Socket/3 comm 0x6d898800 nRanks 08
mi300x-01:401:7581 [4] NCCL INFO Channel 20/0 : 6[85000] -> 2[85000] [receive] via NET/Socket/4 comm 0x6d5210a0 nRanks 08
mi300x-01:399:7586 [2] NCCL INFO Channel 27/0 : 5[46000] -> 1[46000] [receive] via NET/Socket/3 comm 0x6d898800 nRanks 08
mi300x-01:399:7586 [2] NCCL INFO Channel 03/0 : 1[46000] -> 5[46000] [send] via NET/Socket/3 comm 0x6d898800 nRanks 08
mi300x-01:401:7581 [4] NCCL INFO Channel 28/0 : 6[85000] -> 2[85000] [receive] via NET/Socket/4 comm 0x6d5210a0 nRanks 08
mi300x-01:399:7586 [2] NCCL INFO Channel 11/0 : 1[46000] -> 5[46000] [send] via NET/Socket/3 comm 0x6d898800 nRanks 08
mi300x-01:401:7581 [4] NCCL INFO Channel 04/0 : 2[85000] -> 6[85000] [send] via NET/Socket/4 comm 0x6d5210a0 nRanks 08
mi300x-01:399:7586 [2] NCCL INFO Channel 19/0 : 1[46000] -> 5[46000] [send] via NET/Socket/3 comm 0x6d898800 nRanks 08
mi300x-01:401:7581 [4] NCCL INFO Channel 12/0 : 2[85000] -> 6[85000] [send] via NET/Socket/4 comm 0x6d5210a0 nRanks 08
mi300x-01:399:7586 [2] NCCL INFO Channel 27/0 : 1[46000] -> 5[46000] [send] via NET/Socket/3 comm 0x6d898800 nRanks 08
mi300x-01:401:7581 [4] NCCL INFO Channel 20/0 : 2[85000] -> 6[85000] [send] via NET/Socket/4 comm 0x6d5210a0 nRanks 08
mi300x-01:401:7581 [4] NCCL INFO Channel 28/0 : 2[85000] -> 6[85000] [send] via NET/Socket/4 comm 0x6d5210a0 nRanks 08
mi300x-01:403:7588 [6] NCCL INFO Channel 05/0 : 7[c6000] -> 3[c6000] [receive] via NET/Socket/5 comm 0x6d66cba0 nRanks 08
mi300x-01:397:7580 [0] NCCL INFO Channel 00/0 : 4[5000] -> 0[5000] [receive] via NET/Socket/0 comm 0x6d6fc670 nRanks 08
mi300x-01:403:7588 [6] NCCL INFO Channel 06/0 : 7[c6000] -> 3[c6000] [receive] via NET/Socket/6 comm 0x6d66cba0 nRanks 08
mi300x-01:397:7580 [0] NCCL INFO Channel 01/0 : 4[5000] -> 0[5000] [receive] via NET/Socket/1 comm 0x6d6fc670 nRanks 08
mi300x-01:403:7588 [6] NCCL INFO Channel 07/0 : 7[c6000] -> 3[c6000] [receive] via NET/Socket/7 comm 0x6d66cba0 nRanks 08
mi300x-01:397:7580 [0] NCCL INFO Channel 02/0 : 4[5000] -> 0[5000] [receive] via NET/Socket/2 comm 0x6d6fc670 nRanks 08
mi300x-01:403:7588 [6] NCCL INFO Channel 13/0 : 7[c6000] -> 3[c6000] [receive] via NET/Socket/5 comm 0x6d66cba0 nRanks 08
mi300x-01:397:7580 [0] NCCL INFO Channel 08/0 : 4[5000] -> 0[5000] [receive] via NET/Socket/0 comm 0x6d6fc670 nRanks 08
mi300x-01:403:7588 [6] NCCL INFO Channel 14/0 : 7[c6000] -> 3[c6000] [receive] via NET/Socket/6 comm 0x6d66cba0 nRanks 08
mi300x-01:397:7580 [0] NCCL INFO Channel 09/0 : 4[5000] -> 0[5000] [receive] via NET/Socket/1 comm 0x6d6fc670 nRanks 08
mi300x-01:403:7588 [6] NCCL INFO Channel 15/0 : 7[c6000] -> 3[c6000] [receive] via NET/Socket/7 comm 0x6d66cba0 nRanks 08
mi300x-01:397:7580 [0] NCCL INFO Channel 10/0 : 4[5000] -> 0[5000] [receive] via NET/Socket/2 comm 0x6d6fc670 nRanks 08
mi300x-01:403:7588 [6] NCCL INFO Channel 21/0 : 7[c6000] -> 3[c6000] [receive] via NET/Socket/5 comm 0x6d66cba0 nRanks 08
mi300x-01:397:7580 [0] NCCL INFO Channel 16/0 : 4[5000] -> 0[5000] [receive] via NET/Socket/0 comm 0x6d6fc670 nRanks 08
mi300x-01:403:7588 [6] NCCL INFO Channel 22/0 : 7[c6000] -> 3[c6000] [receive] via NET/Socket/6 comm 0x6d66cba0 nRanks 08
mi300x-01:397:7580 [0] NCCL INFO Channel 17/0 : 4[5000] -> 0[5000] [receive] via NET/Socket/1 comm 0x6d6fc670 nRanks 08
mi300x-01:403:7588 [6] NCCL INFO Channel 23/0 : 7[c6000] -> 3[c6000] [receive] via NET/Socket/7 comm 0x6d66cba0 nRanks 08
mi300x-01:397:7580 [0] NCCL INFO Channel 18/0 : 4[5000] -> 0[5000] [receive] via NET/Socket/2 comm 0x6d6fc670 nRanks 08
mi300x-01:403:7588 [6] NCCL INFO Channel 29/0 : 7[c6000] -> 3[c6000] [receive] via NET/Socket/5 comm 0x6d66cba0 nRanks 08
mi300x-01:397:7580 [0] NCCL INFO Channel 24/0 : 4[5000] -> 0[5000] [receive] via NET/Socket/0 comm 0x6d6fc670 nRanks 08
mi300x-01:403:7588 [6] NCCL INFO Channel 30/0 : 7[c6000] -> 3[c6000] [receive] via NET/Socket/6 comm 0x6d66cba0 nRanks 08
mi300x-01:397:7580 [0] NCCL INFO Channel 25/0 : 4[5000] -> 0[5000] [receive] via NET/Socket/1 comm 0x6d6fc670 nRanks 08
mi300x-01:403:7588 [6] NCCL INFO Channel 31/0 : 7[c6000] -> 3[c6000] [receive] via NET/Socket/7 comm 0x6d66cba0 nRanks 08
mi300x-01:397:7580 [0] NCCL INFO Channel 26/0 : 4[5000] -> 0[5000] [receive] via NET/Socket/2 comm 0x6d6fc670 nRanks 08
mi300x-01:397:7580 [0] NCCL INFO Channel 00/0 : 0[5000] -> 4[5000] [send] via NET/Socket/0 comm 0x6d6fc670 nRanks 08
mi300x-01:403:7588 [6] NCCL INFO Channel 05/0 : 3[c6000] -> 7[c6000] [send] via NET/Socket/5 comm 0x6d66cba0 nRanks 08
mi300x-01:397:7580 [0] NCCL INFO Channel 01/0 : 0[5000] -> 4[5000] [send] via NET/Socket/1 comm 0x6d6fc670 nRanks 08
mi300x-01:403:7588 [6] NCCL INFO Channel 06/0 : 3[c6000] -> 7[c6000] [send] via NET/Socket/6 comm 0x6d66cba0 nRanks 08
mi300x-01:403:7588 [6] NCCL INFO Channel 07/0 : 3[c6000] -> 7[c6000] [send] via NET/Socket/7 comm 0x6d66cba0 nRanks 08
mi300x-01:397:7580 [0] NCCL INFO Channel 02/0 : 0[5000] -> 4[5000] [send] via NET/Socket/2 comm 0x6d6fc670 nRanks 08
mi300x-01:403:7588 [6] NCCL INFO Channel 13/0 : 3[c6000] -> 7[c6000] [send] via NET/Socket/5 comm 0x6d66cba0 nRanks 08
mi300x-01:397:7580 [0] NCCL INFO Channel 08/0 : 0[5000] -> 4[5000] [send] via NET/Socket/0 comm 0x6d6fc670 nRanks 08
mi300x-01:403:7588 [6] NCCL INFO Channel 14/0 : 3[c6000] -> 7[c6000] [send] via NET/Socket/6 comm 0x6d66cba0 nRanks 08
mi300x-01:397:7580 [0] NCCL INFO Channel 09/0 : 0[5000] -> 4[5000] [send] via NET/Socket/1 comm 0x6d6fc670 nRanks 08
mi300x-01:403:7588 [6] NCCL INFO Channel 15/0 : 3[c6000] -> 7[c6000] [send] via NET/Socket/7 comm 0x6d66cba0 nRanks 08
mi300x-01:397:7580 [0] NCCL INFO Channel 10/0 : 0[5000] -> 4[5000] [send] via NET/Socket/2 comm 0x6d6fc670 nRanks 08
mi300x-01:403:7588 [6] NCCL INFO Channel 21/0 : 3[c6000] -> 7[c6000] [send] via NET/Socket/5 comm 0x6d66cba0 nRanks 08
mi300x-01:397:7580 [0] NCCL INFO Channel 16/0 : 0[5000] -> 4[5000] [send] via NET/Socket/0 comm 0x6d6fc670 nRanks 08
mi300x-01:403:7588 [6] NCCL INFO Channel 22/0 : 3[c6000] -> 7[c6000] [send] via NET/Socket/6 comm 0x6d66cba0 nRanks 08
mi300x-01:397:7580 [0] NCCL INFO Channel 17/0 : 0[5000] -> 4[5000] [send] via NET/Socket/1 comm 0x6d6fc670 nRanks 08
mi300x-01:403:7588 [6] NCCL INFO Channel 23/0 : 3[c6000] -> 7[c6000] [send] via NET/Socket/7 comm 0x6d66cba0 nRanks 08
mi300x-01:397:7580 [0] NCCL INFO Channel 18/0 : 0[5000] -> 4[5000] [send] via NET/Socket/2 comm 0x6d6fc670 nRanks 08
mi300x-01:403:7588 [6] NCCL INFO Channel 29/0 : 3[c6000] -> 7[c6000] [send] via NET/Socket/5 comm 0x6d66cba0 nRanks 08
mi300x-01:397:7580 [0] NCCL INFO Channel 24/0 : 0[5000] -> 4[5000] [send] via NET/Socket/0 comm 0x6d6fc670 nRanks 08
mi300x-01:397:7580 [0] NCCL INFO Channel 25/0 : 0[5000] -> 4[5000] [send] via NET/Socket/1 comm 0x6d6fc670 nRanks 08
mi300x-01:403:7588 [6] NCCL INFO Channel 30/0 : 3[c6000] -> 7[c6000] [send] via NET/Socket/6 comm 0x6d66cba0 nRanks 08
mi300x-01:397:7580 [0] NCCL INFO Channel 26/0 : 0[5000] -> 4[5000] [send] via NET/Socket/2 comm 0x6d6fc670 nRanks 08
mi300x-01:403:7588 [6] NCCL INFO Channel 31/0 : 3[c6000] -> 7[c6000] [send] via NET/Socket/7 comm 0x6d66cba0 nRanks 08
mi300x-01:403:7588 [6] NCCL INFO Channel 03/0 : 3[c6000] -> 0[5000] via P2P/IPC comm 0x6d66cba0 nRanks 08
mi300x-01:403:7588 [6] NCCL INFO Channel 04/0 : 3[c6000] -> 0[5000] via P2P/IPC comm 0x6d66cba0 nRanks 08
mi300x-01:403:7588 [6] NCCL INFO Channel 11/0 : 3[c6000] -> 0[5000] via P2P/IPC comm 0x6d66cba0 nRanks 08
mi300x-01:403:7588 [6] NCCL INFO Channel 12/0 : 3[c6000] -> 0[5000] via P2P/IPC comm 0x6d66cba0 nRanks 08
mi300x-01:403:7588 [6] NCCL INFO Channel 19/0 : 3[c6000] -> 0[5000] via P2P/IPC comm 0x6d66cba0 nRanks 08
mi300x-01:399:7586 [2] NCCL INFO Channel 00/0 : 1[46000] -> 0[5000] via P2P/IPC comm 0x6d898800 nRanks 08
mi300x-01:403:7588 [6] NCCL INFO Channel 20/0 : 3[c6000] -> 0[5000] via P2P/IPC comm 0x6d66cba0 nRanks 08
mi300x-01:399:7586 [2] NCCL INFO Channel 01/0 : 1[46000] -> 0[5000] via P2P/IPC comm 0x6d898800 nRanks 08
mi300x-01:403:7588 [6] NCCL INFO Channel 27/0 : 3[c6000] -> 0[5000] via P2P/IPC comm 0x6d66cba0 nRanks 08
mi300x-01:399:7586 [2] NCCL INFO Channel 02/0 : 1[46000] -> 0[5000] via P2P/IPC comm 0x6d898800 nRanks 08
mi300x-01:403:7588 [6] NCCL INFO Channel 28/0 : 3[c6000] -> 0[5000] via P2P/IPC comm 0x6d66cba0 nRanks 08
mi300x-01:399:7586 [2] NCCL INFO Channel 03/0 : 1[46000] -> 0[5000] via P2P/IPC comm 0x6d898800 nRanks 08
mi300x-01:403:7588 [6] NCCL INFO Channel 04/0 : 3[c6000] -> 2[85000] via P2P/IPC comm 0x6d66cba0 nRanks 08
mi300x-01:401:7581 [4] NCCL INFO Channel 05/0 : 2[85000] -> 1[46000] via P2P/IPC comm 0x6d5210a0 nRanks 08
mi300x-01:399:7586 [2] NCCL INFO Channel 05/0 : 1[46000] -> 0[5000] via P2P/IPC comm 0x6d898800 nRanks 08
mi300x-01:403:7588 [6] NCCL INFO Channel 05/0 : 3[c6000] -> 2[85000] via P2P/IPC comm 0x6d66cba0 nRanks 08
mi300x-01:399:7586 [2] NCCL INFO Channel 06/0 : 1[46000] -> 0[5000] via P2P/IPC comm 0x6d898800 nRanks 08
mi300x-01:401:7581 [4] NCCL INFO Channel 06/0 : 2[85000] -> 1[46000] via P2P/IPC comm 0x6d5210a0 nRanks 08
mi300x-01:403:7588 [6] NCCL INFO Channel 06/0 : 3[c6000] -> 2[85000] via P2P/IPC comm 0x6d66cba0 nRanks 08
mi300x-01:399:7586 [2] NCCL INFO Channel 08/0 : 1[46000] -> 0[5000] via P2P/IPC comm 0x6d898800 nRanks 08
mi300x-01:401:7581 [4] NCCL INFO Channel 07/0 : 2[85000] -> 1[46000] via P2P/IPC comm 0x6d5210a0 nRanks 08
mi300x-01:403:7588 [6] NCCL INFO Channel 07/0 : 3[c6000] -> 2[85000] via P2P/IPC comm 0x6d66cba0 nRanks 08
mi300x-01:399:7586 [2] NCCL INFO Channel 09/0 : 1[46000] -> 0[5000] via P2P/IPC comm 0x6d898800 nRanks 08
mi300x-01:401:7581 [4] NCCL INFO Channel 13/0 : 2[85000] -> 1[46000] via P2P/IPC comm 0x6d5210a0 nRanks 08
mi300x-01:403:7588 [6] NCCL INFO Channel 12/0 : 3[c6000] -> 2[85000] via P2P/IPC comm 0x6d66cba0 nRanks 08
mi300x-01:399:7586 [2] NCCL INFO Channel 10/0 : 1[46000] -> 0[5000] via P2P/IPC comm 0x6d898800 nRanks 08
mi300x-01:401:7581 [4] NCCL INFO Channel 14/0 : 2[85000] -> 1[46000] via P2P/IPC comm 0x6d5210a0 nRanks 08
mi300x-01:403:7588 [6] NCCL INFO Channel 13/0 : 3[c6000] -> 2[85000] via P2P/IPC comm 0x6d66cba0 nRanks 08
mi300x-01:399:7586 [2] NCCL INFO Channel 11/0 : 1[46000] -> 0[5000] via P2P/IPC comm 0x6d898800 nRanks 08
mi300x-01:401:7581 [4] NCCL INFO Channel 15/0 : 2[85000] -> 1[46000] via P2P/IPC comm 0x6d5210a0 nRanks 08
mi300x-01:403:7588 [6] NCCL INFO Channel 14/0 : 3[c6000] -> 2[85000] via P2P/IPC comm 0x6d66cba0 nRanks 08
mi300x-01:399:7586 [2] NCCL INFO Channel 13/0 : 1[46000] -> 0[5000] via P2P/IPC comm 0x6d898800 nRanks 08
mi300x-01:401:7581 [4] NCCL INFO Channel 21/0 : 2[85000] -> 1[46000] via P2P/IPC comm 0x6d5210a0 nRanks 08
mi300x-01:403:7588 [6] NCCL INFO Channel 15/0 : 3[c6000] -> 2[85000] via P2P/IPC comm 0x6d66cba0 nRanks 08
mi300x-01:399:7586 [2] NCCL INFO Channel 14/0 : 1[46000] -> 0[5000] via P2P/IPC comm 0x6d898800 nRanks 08
mi300x-01:401:7581 [4] NCCL INFO Channel 22/0 : 2[85000] -> 1[46000] via P2P/IPC comm 0x6d5210a0 nRanks 08
mi300x-01:403:7588 [6] NCCL INFO Channel 20/0 : 3[c6000] -> 2[85000] via P2P/IPC comm 0x6d66cba0 nRanks 08
mi300x-01:399:7586 [2] NCCL INFO Channel 16/0 : 1[46000] -> 0[5000] via P2P/IPC comm 0x6d898800 nRanks 08
mi300x-01:401:7581 [4] NCCL INFO Channel 23/0 : 2[85000] -> 1[46000] via P2P/IPC comm 0x6d5210a0 nRanks 08
mi300x-01:403:7588 [6] NCCL INFO Channel 21/0 : 3[c6000] -> 2[85000] via P2P/IPC comm 0x6d66cba0 nRanks 08
mi300x-01:399:7586 [2] NCCL INFO Channel 17/0 : 1[46000] -> 0[5000] via P2P/IPC comm 0x6d898800 nRanks 08
mi300x-01:401:7581 [4] NCCL INFO Channel 29/0 : 2[85000] -> 1[46000] via P2P/IPC comm 0x6d5210a0 nRanks 08
mi300x-01:403:7588 [6] NCCL INFO Channel 22/0 : 3[c6000] -> 2[85000] via P2P/IPC comm 0x6d66cba0 nRanks 08
mi300x-01:399:7586 [2] NCCL INFO Channel 18/0 : 1[46000] -> 0[5000] via P2P/IPC comm 0x6d898800 nRanks 08
mi300x-01:401:7581 [4] NCCL INFO Channel 30/0 : 2[85000] -> 1[46000] via P2P/IPC comm 0x6d5210a0 nRanks 08
mi300x-01:403:7588 [6] NCCL INFO Channel 23/0 : 3[c6000] -> 2[85000] via P2P/IPC comm 0x6d66cba0 nRanks 08
mi300x-01:399:7586 [2] NCCL INFO Channel 19/0 : 1[46000] -> 0[5000] via P2P/IPC comm 0x6d898800 nRanks 08
mi300x-01:401:7581 [4] NCCL INFO Channel 31/0 : 2[85000] -> 1[46000] via P2P/IPC comm 0x6d5210a0 nRanks 08
mi300x-01:403:7588 [6] NCCL INFO Channel 28/0 : 3[c6000] -> 2[85000] via P2P/IPC comm 0x6d66cba0 nRanks 08
mi300x-01:399:7586 [2] NCCL INFO Channel 21/0 : 1[46000] -> 0[5000] via P2P/IPC comm 0x6d898800 nRanks 08
mi300x-01:403:7588 [6] NCCL INFO Channel 29/0 : 3[c6000] -> 2[85000] via P2P/IPC comm 0x6d66cba0 nRanks 08
mi300x-01:399:7586 [2] NCCL INFO Channel 22/0 : 1[46000] -> 0[5000] via P2P/IPC comm 0x6d898800 nRanks 08
mi300x-01:403:7588 [6] NCCL INFO Channel 30/0 : 3[c6000] -> 2[85000] via P2P/IPC comm 0x6d66cba0 nRanks 08
mi300x-01:399:7586 [2] NCCL INFO Channel 24/0 : 1[46000] -> 0[5000] via P2P/IPC comm 0x6d898800 nRanks 08
mi300x-01:403:7588 [6] NCCL INFO Channel 31/0 : 3[c6000] -> 2[85000] via P2P/IPC comm 0x6d66cba0 nRanks 08
mi300x-01:399:7586 [2] NCCL INFO Channel 25/0 : 1[46000] -> 0[5000] via P2P/IPC comm 0x6d898800 nRanks 08
mi300x-01:399:7586 [2] NCCL INFO Channel 26/0 : 1[46000] -> 0[5000] via P2P/IPC comm 0x6d898800 nRanks 08
mi300x-01:399:7586 [2] NCCL INFO Channel 27/0 : 1[46000] -> 0[5000] via P2P/IPC comm 0x6d898800 nRanks 08
mi300x-01:399:7586 [2] NCCL INFO Channel 29/0 : 1[46000] -> 0[5000] via P2P/IPC comm 0x6d898800 nRanks 08
mi300x-01:399:7586 [2] NCCL INFO Channel 30/0 : 1[46000] -> 0[5000] via P2P/IPC comm 0x6d898800 nRanks 08
mi300x-01:403:7588 [6] NCCL INFO Connected all trees
mi300x-01:397:7580 [0] NCCL INFO Connected all trees
mi300x-01:401:7581 [4] NCCL INFO Connected all trees
mi300x-01:399:7586 [2] NCCL INFO Connected all trees
mi300x-01:403:7588 [6] NCCL INFO threadThresholds 8/8/64 | 64/8/64 | 256 | 256
mi300x-01:403:7588 [6] NCCL INFO 32 coll channels, 32 collnet channels, 0 nvls channels, 32 p2p channels, 4 p2p channels per peer
mi300x-01:397:7580 [0] NCCL INFO threadThresholds 8/8/64 | 64/8/64 | 256 | 256
mi300x-01:397:7580 [0] NCCL INFO 32 coll channels, 32 collnet channels, 0 nvls channels, 32 p2p channels, 4 p2p channels per peer
mi300x-01:397:7580 [0] NCCL INFO CC Off, Multi-GPU CC Off, workFifoBytes 1048576
mi300x-01:401:7581 [4] NCCL INFO threadThresholds 8/8/64 | 64/8/64 | 256 | 256
mi300x-01:401:7581 [4] NCCL INFO 32 coll channels, 32 collnet channels, 0 nvls channels, 32 p2p channels, 4 p2p channels per peer
mi300x-01:399:7586 [2] NCCL INFO threadThresholds 8/8/64 | 64/8/64 | 256 | 256
mi300x-01:399:7586 [2] NCCL INFO 32 coll channels, 32 collnet channels, 0 nvls channels, 32 p2p channels, 4 p2p channels per peer

mi300x-01:397:7580 [0] /longer_pathname_so_that_rpms_can_support_packaging_the_debug_info_for_all_os_profiles/src/out/ubuntu-22.04/22.04/build/rccl/hipify/src/init.cc:1954 NCCL WARN MSCCL++: Cannot enable MSCCL++; environment is not MSCCL compatible

mi300x-01:401:7581 [4] /longer_pathname_so_that_rpms_can_support_packaging_the_debug_info_for_all_os_profiles/src/out/ubuntu-22.04/22.04/build/rccl/hipify/src/init.cc:1954 NCCL WARN MSCCL++: Cannot enable MSCCL++; environment is not MSCCL compatible
mi300x-01:397:7580 [0] NCCL INFO ncclCommInitRank comm 0x6d6fc670 rank 0 nranks 8 cudaDev 0 nvmlDev 0 busId 5000 commId 0xf0bf10fb505dbd3 localSize 384 used 2832714875 bytes on core 24 - Init COMPLETE
mi300x-01:401:7581 [4] NCCL INFO ncclCommInitRank comm 0x6d5210a0 rank 2 nranks 8 cudaDev 4 nvmlDev 4 busId 85000 commId 0xf0bf10fb505dbd3 localSize 384 used 2913455251 bytes on core 80 - Init COMPLETE

mi300x-01:403:7588 [6] /longer_pathname_so_that_rpms_can_support_packaging_the_debug_info_for_all_os_profiles/src/out/ubuntu-22.04/22.04/build/rccl/hipify/src/init.cc:1954 NCCL WARN MSCCL++: Cannot enable MSCCL++; environment is not MSCCL compatible
mi300x-01:397:7580 [0] NCCL INFO Init timings: rank 0 nranks 8 total 0.98 (kernels 0.00, bootstrap 0.05, allgathers 0.03, topo 0.41, graphs 0.06, connections 0.42, rest 0.00)
mi300x-01:403:7588 [6] NCCL INFO ncclCommInitRank comm 0x6d66cba0 rank 3 nranks 8 cudaDev 6 nvmlDev 6 busId c6000 commId 0xf0bf10fb505dbd3 localSize 384 used 2746731659 bytes on core 247 - Init COMPLETE
mi300x-01:401:7581 [4] NCCL INFO Init timings: rank 2 nranks 8 total 0.98 (kernels 0.00, bootstrap 0.05, allgathers 0.08, topo 0.36, graphs 0.06, connections 0.42, rest 0.00)
mi300x-01:403:7588 [6] NCCL INFO Init timings: rank 3 nranks 8 total 0.97 (kernels 0.00, bootstrap 0.04, allgathers 0.00, topo 0.41, graphs 0.09, connections 0.42, rest 0.00)

mi300x-01:399:7586 [2] /longer_pathname_so_that_rpms_can_support_packaging_the_debug_info_for_all_os_profiles/src/out/ubuntu-22.04/22.04/build/rccl/hipify/src/init.cc:1954 NCCL WARN MSCCL++: Cannot enable MSCCL++; environment is not MSCCL compatible
mi300x-01:399:7586 [2] NCCL INFO ncclCommInitRank comm 0x6d898800 rank 1 nranks 8 cudaDev 2 nvmlDev 2 busId 46000 commId 0xf0bf10fb505dbd3 localSize 384 used 2794966171 bytes on core 191 - Init COMPLETE
mi300x-01:399:7586 [2] NCCL INFO Init timings: rank 1 nranks 8 total 0.97 (kernels 0.00, bootstrap 0.05, allgathers 0.04, topo 0.40, graphs 0.06, connections 0.42, rest 0.00)
mi300x-01:400:7584 [3] NCCL INFO Channel 03/0 : 4[26000] -> 1[65000] [receive] via NET/Socket/3 comm 0x6d77bc50 nRanks 08
mi300x-01:400:7584 [3] NCCL INFO Channel 11/0 : 4[26000] -> 1[65000] [receive] via NET/Socket/3 comm 0x6d77bc50 nRanks 08
mi300x-01:402:7585 [5] NCCL INFO Channel 03/0 : 2[a6000] -> 0[26000] via P2P/IPC comm 0x6d3e3880 nRanks 08
mi300x-01:400:7584 [3] NCCL INFO Channel 19/0 : 4[26000] -> 1[65000] [receive] via NET/Socket/3 comm 0x6d77bc50 nRanks 08
mi300x-01:400:7584 [3] NCCL INFO Channel 27/0 : 4[26000] -> 1[65000] [receive] via NET/Socket/3 comm 0x6d77bc50 nRanks 08
mi300x-01:402:7585 [5] NCCL INFO Channel 05/0 : 2[a6000] -> 0[26000] via P2P/IPC comm 0x6d3e3880 nRanks 08
mi300x-01:402:7585 [5] NCCL INFO Channel 06/0 : 2[a6000] -> 0[26000] via P2P/IPC comm 0x6d3e3880 nRanks 08
mi300x-01:402:7585 [5] NCCL INFO Channel 11/0 : 2[a6000] -> 0[26000] via P2P/IPC comm 0x6d3e3880 nRanks 08
mi300x-01:402:7585 [5] NCCL INFO Channel 13/0 : 2[a6000] -> 0[26000] via P2P/IPC comm 0x6d3e3880 nRanks 08
mi300x-01:404:7587 [7] NCCL INFO Channel 00/0 : 3[e5000] -> 2[a6000] via P2P/IPC comm 0x6d8c77b0 nRanks 08
mi300x-01:402:7585 [5] NCCL INFO Channel 14/0 : 2[a6000] -> 0[26000] via P2P/IPC comm 0x6d3e3880 nRanks 08
mi300x-01:402:7585 [5] NCCL INFO Channel 19/0 : 2[a6000] -> 0[26000] via P2P/IPC comm 0x6d3e3880 nRanks 08
mi300x-01:404:7587 [7] NCCL INFO Channel 01/0 : 3[e5000] -> 2[a6000] via P2P/IPC comm 0x6d8c77b0 nRanks 08
mi300x-01:402:7585 [5] NCCL INFO Channel 21/0 : 2[a6000] -> 0[26000] via P2P/IPC comm 0x6d3e3880 nRanks 08
mi300x-01:404:7587 [7] NCCL INFO Channel 02/0 : 3[e5000] -> 2[a6000] via P2P/IPC comm 0x6d8c77b0 nRanks 08
mi300x-01:402:7585 [5] NCCL INFO Channel 22/0 : 2[a6000] -> 0[26000] via P2P/IPC comm 0x6d3e3880 nRanks 08
mi300x-01:404:7587 [7] NCCL INFO Channel 03/0 : 3[e5000] -> 2[a6000] via P2P/IPC comm 0x6d8c77b0 nRanks 08
mi300x-01:402:7585 [5] NCCL INFO Channel 27/0 : 2[a6000] -> 0[26000] via P2P/IPC comm 0x6d3e3880 nRanks 08
mi300x-01:404:7587 [7] NCCL INFO Channel 08/0 : 3[e5000] -> 2[a6000] via P2P/IPC comm 0x6d8c77b0 nRanks 08
mi300x-01:402:7585 [5] NCCL INFO Channel 29/0 : 2[a6000] -> 0[26000] via P2P/IPC comm 0x6d3e3880 nRanks 08
mi300x-01:404:7587 [7] NCCL INFO Channel 09/0 : 3[e5000] -> 2[a6000] via P2P/IPC comm 0x6d8c77b0 nRanks 08
mi300x-01:402:7585 [5] NCCL INFO Channel 30/0 : 2[a6000] -> 0[26000] via P2P/IPC comm 0x6d3e3880 nRanks 08
mi300x-01:404:7587 [7] NCCL INFO Channel 10/0 : 3[e5000] -> 2[a6000] via P2P/IPC comm 0x6d8c77b0 nRanks 08
mi300x-01:404:7587 [7] NCCL INFO Channel 11/0 : 3[e5000] -> 2[a6000] via P2P/IPC comm 0x6d8c77b0 nRanks 08
mi300x-01:404:7587 [7] NCCL INFO Channel 16/0 : 3[e5000] -> 2[a6000] via P2P/IPC comm 0x6d8c77b0 nRanks 08
mi300x-01:404:7587 [7] NCCL INFO Channel 17/0 : 3[e5000] -> 2[a6000] via P2P/IPC comm 0x6d8c77b0 nRanks 08
mi300x-01:404:7587 [7] NCCL INFO Channel 18/0 : 3[e5000] -> 2[a6000] via P2P/IPC comm 0x6d8c77b0 nRanks 08
mi300x-01:404:7587 [7] NCCL INFO Channel 19/0 : 3[e5000] -> 2[a6000] via P2P/IPC comm 0x6d8c77b0 nRanks 08
mi300x-01:404:7587 [7] NCCL INFO Channel 24/0 : 3[e5000] -> 2[a6000] via P2P/IPC comm 0x6d8c77b0 nRanks 08
mi300x-01:404:7587 [7] NCCL INFO Channel 25/0 : 3[e5000] -> 2[a6000] via P2P/IPC comm 0x6d8c77b0 nRanks 08
mi300x-01:404:7587 [7] NCCL INFO Channel 26/0 : 3[e5000] -> 2[a6000] via P2P/IPC comm 0x6d8c77b0 nRanks 08
mi300x-01:404:7587 [7] NCCL INFO Channel 27/0 : 3[e5000] -> 2[a6000] via P2P/IPC comm 0x6d8c77b0 nRanks 08
mi300x-01:400:7584 [3] NCCL INFO Channel 04/0 : 1[65000] -> 0[26000] via P2P/IPC comm 0x6d77bc50 nRanks 08
mi300x-01:400:7584 [3] NCCL INFO Channel 07/0 : 1[65000] -> 0[26000] via P2P/IPC comm 0x6d77bc50 nRanks 08
