mi300x-01:403:7805 [6] NCCL INFO Channel 11/0 : 3[c6000] -> 2[85000] via P2P/IPC comm 0x6d678d80 nRanks 08
mi300x-01:403:7805 [6] NCCL INFO Channel 16/0 : 3[c6000] -> 2[85000] via P2P/IPC comm 0x6d678d80 nRanks 08
mi300x-01:403:7805 [6] NCCL INFO Channel 17/0 : 3[c6000] -> 2[85000] via P2P/IPC comm 0x6d678d80 nRanks 08
mi300x-01:403:7805 [6] NCCL INFO Channel 18/0 : 3[c6000] -> 2[85000] via P2P/IPC comm 0x6d678d80 nRanks 08
mi300x-01:403:7805 [6] NCCL INFO Channel 19/0 : 3[c6000] -> 2[85000] via P2P/IPC comm 0x6d678d80 nRanks 08
mi300x-01:403:7805 [6] NCCL INFO Channel 24/0 : 3[c6000] -> 2[85000] via P2P/IPC comm 0x6d678d80 nRanks 08
mi300x-01:403:7805 [6] NCCL INFO Channel 25/0 : 3[c6000] -> 2[85000] via P2P/IPC comm 0x6d678d80 nRanks 08
mi300x-01:403:7805 [6] NCCL INFO Channel 26/0 : 3[c6000] -> 2[85000] via P2P/IPC comm 0x6d678d80 nRanks 08
mi300x-01:403:7805 [6] NCCL INFO Channel 27/0 : 3[c6000] -> 2[85000] via P2P/IPC comm 0x6d678d80 nRanks 08
mi300x-01:399:7806 [2] NCCL INFO Channel 04/0 : 1[46000] -> 0[5000] via P2P/IPC comm 0x6d6d2140 nRanks 08
mi300x-01:399:7806 [2] NCCL INFO Channel 07/0 : 1[46000] -> 0[5000] via P2P/IPC comm 0x6d6d2140 nRanks 08
mi300x-01:399:7806 [2] NCCL INFO Channel 12/0 : 1[46000] -> 0[5000] via P2P/IPC comm 0x6d6d2140 nRanks 08
mi300x-01:399:7806 [2] NCCL INFO Channel 15/0 : 1[46000] -> 0[5000] via P2P/IPC comm 0x6d6d2140 nRanks 08
mi300x-01:399:7806 [2] NCCL INFO Channel 20/0 : 1[46000] -> 0[5000] via P2P/IPC comm 0x6d6d2140 nRanks 08
mi300x-01:399:7806 [2] NCCL INFO Channel 23/0 : 1[46000] -> 0[5000] via P2P/IPC comm 0x6d6d2140 nRanks 08
mi300x-01:401:7804 [4] NCCL INFO Channel 00/0 : 2[85000] -> 1[46000] via P2P/IPC comm 0x6d5e16e0 nRanks 08
mi300x-01:399:7806 [2] NCCL INFO Channel 28/0 : 1[46000] -> 0[5000] via P2P/IPC comm 0x6d6d2140 nRanks 08
mi300x-01:401:7804 [4] NCCL INFO Channel 01/0 : 2[85000] -> 1[46000] via P2P/IPC comm 0x6d5e16e0 nRanks 08
mi300x-01:399:7806 [2] NCCL INFO Channel 31/0 : 1[46000] -> 0[5000] via P2P/IPC comm 0x6d6d2140 nRanks 08
mi300x-01:401:7804 [4] NCCL INFO Channel 02/0 : 2[85000] -> 1[46000] via P2P/IPC comm 0x6d5e16e0 nRanks 08
mi300x-01:401:7804 [4] NCCL INFO Channel 04/0 : 2[85000] -> 1[46000] via P2P/IPC comm 0x6d5e16e0 nRanks 08
mi300x-01:401:7804 [4] NCCL INFO Channel 08/0 : 2[85000] -> 1[46000] via P2P/IPC comm 0x6d5e16e0 nRanks 08
mi300x-01:401:7804 [4] NCCL INFO Channel 09/0 : 2[85000] -> 1[46000] via P2P/IPC comm 0x6d5e16e0 nRanks 08
mi300x-01:401:7804 [4] NCCL INFO Channel 10/0 : 2[85000] -> 1[46000] via P2P/IPC comm 0x6d5e16e0 nRanks 08
mi300x-01:401:7804 [4] NCCL INFO Channel 12/0 : 2[85000] -> 1[46000] via P2P/IPC comm 0x6d5e16e0 nRanks 08
mi300x-01:401:7804 [4] NCCL INFO Channel 16/0 : 2[85000] -> 1[46000] via P2P/IPC comm 0x6d5e16e0 nRanks 08
mi300x-01:401:7804 [4] NCCL INFO Channel 17/0 : 2[85000] -> 1[46000] via P2P/IPC comm 0x6d5e16e0 nRanks 08
mi300x-01:401:7804 [4] NCCL INFO Channel 18/0 : 2[85000] -> 1[46000] via P2P/IPC comm 0x6d5e16e0 nRanks 08
mi300x-01:401:7804 [4] NCCL INFO Channel 20/0 : 2[85000] -> 1[46000] via P2P/IPC comm 0x6d5e16e0 nRanks 08
mi300x-01:401:7804 [4] NCCL INFO Channel 24/0 : 2[85000] -> 1[46000] via P2P/IPC comm 0x6d5e16e0 nRanks 08
mi300x-01:401:7804 [4] NCCL INFO Channel 25/0 : 2[85000] -> 1[46000] via P2P/IPC comm 0x6d5e16e0 nRanks 08
mi300x-01:404:7810 [7] NCCL INFO comm 0x6d62b170 rank 3 nRanks 8 nNodes 2 localRanks 4 localRank 3 MNNVL 0
mi300x-01:402:7808 [5] NCCL INFO comm 0x6d5cb6a0 rank 2 nRanks 8 nNodes 2 localRanks 4 localRank 2 MNNVL 0
mi300x-01:400:7809 [3] NCCL INFO comm 0x6d47a8b0 rank 1 nRanks 8 nNodes 2 localRanks 4 localRank 1 MNNVL 0
mi300x-01:398:7807 [1] NCCL INFO comm 0x6d497bb0 rank 0 nRanks 8 nNodes 2 localRanks 4 localRank 0 MNNVL 0
mi300x-01:404:7810 [7] NCCL INFO Trees [0] -1/-1/-1->3->2 [1] -1/-1/-1->3->2 [2] -1/-1/-1->3->2 [3] 2/-1/-1->3->0 [4] 0/-1/-1->3->2 [5] 2/7/-1->3->-1 [6] 2/7/-1->3->-1 [7] 2/7/-1->3->-1 [8] -1/-1/-1->3->2 [9] -1/-1/-1->3->2 [10] -1/-1/-1->3->2 [11] 2/-1/-1->3->0 [12] 0/-1/-1->3->2 [13] 2/-1/-1->3->7 [14] 2/-1/-1->3->7 [15] 2/-1/-1->3->7 [16] -1/-1/-1->3->2 [17] -1/-1/-1->3->2 [18] -1/-1/-1->3->2 [19] 2/-1/-1->3->0 [20] 0/-1/-1->3->2 [21] 2/7/-1->3->-1 [22] 2/7/-1->3->-1 [23] 2/7/-1->3->-1 [24] -1/-1/-1->3->2 [25] -1/-1/-1->3->2 [26] -1/-1/-1->3->2 [27] 2/-1/-1->3->0 [28] 0/-1/-1->3->2 [29] 2/-1/-1->3->7 [30] 2/-1/-1->3->7 [31] 2/-1/-1->3->7 comm 0x6d62b170 nRanks 08 busId e5000
mi300x-01:404:7810 [7] NCCL INFO P2P Chunksize set to 131072
mi300x-01:398:7807 [1] NCCL INFO Channel 00/32 :    0   3   2   1   4   7   6   5
mi300x-01:402:7808 [5] NCCL INFO Trees [0] 3/-1/-1->2->1 [1] 3/-1/-1->2->1 [2] 3/-1/-1->2->1 [3] -1/-1/-1->2->3 [4] 3/6/-1->2->-1 [5] 1/-1/-1->2->3 [6] 1/-1/-1->2->3 [7] 1/-1/-1->2->3 [8] 3/-1/-1->2->1 [9] 3/-1/-1->2->1 [10] 3/-1/-1->2->1 [11] -1/-1/-1->2->3 [12] 3/-1/-1->2->6 [13] 1/-1/-1->2->3 [14] 1/-1/-1->2->3 [15] 1/-1/-1->2->3 [16] 3/-1/-1->2->1 [17] 3/-1/-1->2->1 [18] 3/-1/-1->2->1 [19] -1/-1/-1->2->3 [20] 3/6/-1->2->-1 [21] 1/-1/-1->2->3 [22] 1/-1/-1->2->3 [23] 1/-1/-1->2->3 [24] 3/-1/-1->2->1 [25] 3/-1/-1->2->1 [26] 3/-1/-1->2->1 [27] -1/-1/-1->2->3 [28] 3/-1/-1->2->6 [29] 1/-1/-1->2->3 [30] 1/-1/-1->2->3 [31] 1/-1/-1->2->3 comm 0x6d5cb6a0 nRanks 08 busId a6000
mi300x-01:402:7808 [5] NCCL INFO P2P Chunksize set to 131072
mi300x-01:398:7807 [1] NCCL INFO Channel 01/32 :    0   3   2   1   4   7   6   5
mi300x-01:398:7807 [1] NCCL INFO Channel 02/32 :    0   3   2   1   4   7   6   5
mi300x-01:400:7809 [3] NCCL INFO Trees [0] 2/-1/-1->1->0 [1] 2/-1/-1->1->0 [2] 2/-1/-1->1->0 [3] 0/5/-1->1->-1 [4] -1/-1/-1->1->0 [5] 0/-1/-1->1->2 [6] 0/-1/-1->1->2 [7] 0/-1/-1->1->2 [8] 2/-1/-1->1->0 [9] 2/-1/-1->1->0 [10] 2/-1/-1->1->0 [11] 0/-1/-1->1->5 [12] -1/-1/-1->1->0 [13] 0/-1/-1->1->2 [14] 0/-1/-1->1->2 [15] 0/-1/-1->1->2 [16] 2/-1/-1->1->0 [17] 2/-1/-1->1->0 [18] 2/-1/-1->1->0 [19] 0/5/-1->1->-1 [20] -1/-1/-1->1->0 [21] 0/-1/-1->1->2 [22] 0/-1/-1->1->2 [23] 0/-1/-1->1->2 [24] 2/-1/-1->1->0 [25] 2/-1/-1->1->0 [26] 2/-1/-1->1->0 [27] 0/-1/-1->1->5 [28] -1/-1/-1->1->0 [29] 0/-1/-1->1->2 [30] 0/-1/-1->1->2 [31] 0/-1/-1->1->2 comm 0x6d47a8b0 nRanks 08 busId 65000
mi300x-01:398:7807 [1] NCCL INFO Channel 03/32 :    0   5   7   6   4   1   3   2
mi300x-01:400:7809 [3] NCCL INFO P2P Chunksize set to 131072
mi300x-01:398:7807 [1] NCCL INFO Channel 04/32 :    0   3   6   5   4   7   2   1
mi300x-01:398:7807 [1] NCCL INFO Channel 05/32 :    0   1   3   6   4   5   7   2
mi300x-01:398:7807 [1] NCCL INFO Channel 06/32 :    0   1   3   6   4   5   7   2
mi300x-01:398:7807 [1] NCCL INFO Channel 07/32 :    0   2   7   5   4   6   3   1
mi300x-01:398:7807 [1] NCCL INFO Channel 08/32 :    0   3   2   1   4   7   6   5
mi300x-01:398:7807 [1] NCCL INFO Channel 09/32 :    0   3   2   1   4   7   6   5
mi300x-01:398:7807 [1] NCCL INFO Channel 10/32 :    0   3   2   1   4   7   6   5
mi300x-01:398:7807 [1] NCCL INFO Channel 11/32 :    0   5   7   6   4   1   3   2
mi300x-01:398:7807 [1] NCCL INFO Channel 12/32 :    0   3   6   5   4   7   2   1
mi300x-01:398:7807 [1] NCCL INFO Channel 13/32 :    0   1   3   6   4   5   7   2
mi300x-01:398:7807 [1] NCCL INFO Channel 14/32 :    0   1   3   6   4   5   7   2
mi300x-01:398:7807 [1] NCCL INFO Channel 15/32 :    0   2   7   5   4   6   3   1
mi300x-01:398:7807 [1] NCCL INFO Channel 16/32 :    0   3   2   1   4   7   6   5
mi300x-01:398:7807 [1] NCCL INFO Channel 17/32 :    0   3   2   1   4   7   6   5
mi300x-01:398:7807 [1] NCCL INFO Channel 18/32 :    0   3   2   1   4   7   6   5
mi300x-01:398:7807 [1] NCCL INFO Channel 19/32 :    0   5   7   6   4   1   3   2
mi300x-01:398:7807 [1] NCCL INFO Channel 20/32 :    0   3   6   5   4   7   2   1
mi300x-01:398:7807 [1] NCCL INFO Channel 21/32 :    0   1   3   6   4   5   7   2
mi300x-01:398:7807 [1] NCCL INFO Channel 22/32 :    0   1   3   6   4   5   7   2
mi300x-01:398:7807 [1] NCCL INFO Channel 23/32 :    0   2   7   5   4   6   3   1
mi300x-01:398:7807 [1] NCCL INFO Channel 24/32 :    0   3   2   1   4   7   6   5
mi300x-01:398:7807 [1] NCCL INFO Channel 25/32 :    0   3   2   1   4   7   6   5
mi300x-01:398:7807 [1] NCCL INFO Channel 26/32 :    0   3   2   1   4   7   6   5
mi300x-01:398:7807 [1] NCCL INFO Channel 27/32 :    0   5   7   6   4   1   3   2
mi300x-01:398:7807 [1] NCCL INFO Channel 28/32 :    0   3   6   5   4   7   2   1
mi300x-01:398:7807 [1] NCCL INFO Channel 29/32 :    0   1   3   6   4   5   7   2
mi300x-01:398:7807 [1] NCCL INFO Channel 30/32 :    0   1   3   6   4   5   7   2
mi300x-01:398:7807 [1] NCCL INFO Channel 31/32 :    0   2   7   5   4   6   3   1
mi300x-01:398:7807 [1] NCCL INFO Trees [0] 1/4/-1->0->-1 [1] 1/4/-1->0->-1 [2] 1/4/-1->0->-1 [3] 3/-1/-1->0->1 [4] 1/-1/-1->0->3 [5] -1/-1/-1->0->1 [6] -1/-1/-1->0->1 [7] -1/-1/-1->0->1 [8] 1/-1/-1->0->4 [9] 1/-1/-1->0->4 [10] 1/-1/-1->0->4 [11] 3/-1/-1->0->1 [12] 1/-1/-1->0->3 [13] -1/-1/-1->0->1 [14] -1/-1/-1->0->1 [15] -1/-1/-1->0->1 [16] 1/4/-1->0->-1 [17] 1/4/-1->0->-1 [18] 1/4/-1->0->-1 [19] 3/-1/-1->0->1 [20] 1/-1/-1->0->3 [21] -1/-1/-1->0->1 [22] -1/-1/-1->0->1 [23] -1/-1/-1->0->1 [24] 1/-1/-1->0->4 [25] 1/-1/-1->0->4 [26] 1/-1/-1->0->4 [27] 3/-1/-1->0->1 [28] 1/-1/-1->0->3 [29] -1/-1/-1->0->1 [30] -1/-1/-1->0->1 [31] -1/-1/-1->0->1 comm 0x6d497bb0 nRanks 08 busId 26000
mi300x-01:398:7807 [1] NCCL INFO P2P Chunksize set to 131072
mi300x-01:401:7804 [4] NCCL INFO Channel 26/0 : 2[85000] -> 1[46000] via P2P/IPC comm 0x6d5e16e0 nRanks 08
mi300x-01:398:7807 [1] NCCL INFO Channel 05/0 : 0[26000] -> 1[65000] via P2P/IPC comm 0x6d497bb0 nRanks 08
mi300x-01:401:7804 [4] NCCL INFO Channel 28/0 : 2[85000] -> 1[46000] via P2P/IPC comm 0x6d5e16e0 nRanks 08
mi300x-01:398:7807 [1] NCCL INFO Channel 06/0 : 0[26000] -> 1[65000] via P2P/IPC comm 0x6d497bb0 nRanks 08
mi300x-01:398:7807 [1] NCCL INFO Channel 13/0 : 0[26000] -> 1[65000] via P2P/IPC comm 0x6d497bb0 nRanks 08
mi300x-01:398:7807 [1] NCCL INFO Channel 14/0 : 0[26000] -> 1[65000] via P2P/IPC comm 0x6d497bb0 nRanks 08
mi300x-01:398:7807 [1] NCCL INFO Channel 21/0 : 0[26000] -> 1[65000] via P2P/IPC comm 0x6d497bb0 nRanks 08
mi300x-01:398:7807 [1] NCCL INFO Channel 22/0 : 0[26000] -> 1[65000] via P2P/IPC comm 0x6d497bb0 nRanks 08
mi300x-01:398:7807 [1] NCCL INFO Channel 29/0 : 0[26000] -> 1[65000] via P2P/IPC comm 0x6d497bb0 nRanks 08
mi300x-01:398:7807 [1] NCCL INFO Channel 30/0 : 0[26000] -> 1[65000] via P2P/IPC comm 0x6d497bb0 nRanks 08
mi300x-01:400:7809 [3] NCCL INFO Channel 03/0 : 1[65000] -> 3[e5000] via P2P/IPC comm 0x6d47a8b0 nRanks 08
mi300x-01:398:7807 [1] NCCL INFO Channel 07/0 : 0[26000] -> 2[a6000] via P2P/IPC comm 0x6d497bb0 nRanks 08
mi300x-01:398:7807 [1] NCCL INFO Channel 15/0 : 0[26000] -> 2[a6000] via P2P/IPC comm 0x6d497bb0 nRanks 08
mi300x-01:400:7809 [3] NCCL INFO Channel 05/0 : 1[65000] -> 3[e5000] via P2P/IPC comm 0x6d47a8b0 nRanks 08
mi300x-01:398:7807 [1] NCCL INFO Channel 23/0 : 0[26000] -> 2[a6000] via P2P/IPC comm 0x6d497bb0 nRanks 08
mi300x-01:400:7809 [3] NCCL INFO Channel 06/0 : 1[65000] -> 3[e5000] via P2P/IPC comm 0x6d47a8b0 nRanks 08
mi300x-01:398:7807 [1] NCCL INFO Channel 31/0 : 0[26000] -> 2[a6000] via P2P/IPC comm 0x6d497bb0 nRanks 08
mi300x-01:400:7809 [3] NCCL INFO Channel 11/0 : 1[65000] -> 3[e5000] via P2P/IPC comm 0x6d47a8b0 nRanks 08
mi300x-01:400:7809 [3] NCCL INFO Channel 13/0 : 1[65000] -> 3[e5000] via P2P/IPC comm 0x6d47a8b0 nRanks 08
mi300x-01:400:7809 [3] NCCL INFO Channel 14/0 : 1[65000] -> 3[e5000] via P2P/IPC comm 0x6d47a8b0 nRanks 08
mi300x-01:402:7808 [5] NCCL INFO Channel 04/0 : 7[e5000] -> 2[a6000] [receive] via NET/Socket/4 comm 0x6d5cb6a0 nRanks 08
mi300x-01:398:7807 [1] NCCL INFO Channel 00/0 : 5[65000] -> 0[26000] [receive] via NET/Socket/0 comm 0x6d497bb0 nRanks 08
mi300x-01:398:7807 [1] NCCL INFO Channel 01/0 : 5[65000] -> 0[26000] [receive] via NET/Socket/1 comm 0x6d497bb0 nRanks 08
mi300x-01:402:7808 [5] NCCL INFO Channel 05/0 : 7[e5000] -> 2[a6000] [receive] via NET/Socket/5 comm 0x6d5cb6a0 nRanks 08
mi300x-01:402:7808 [5] NCCL INFO Channel 06/0 : 7[e5000] -> 2[a6000] [receive] via NET/Socket/6 comm 0x6d5cb6a0 nRanks 08
mi300x-01:398:7807 [1] NCCL INFO Channel 02/0 : 5[65000] -> 0[26000] [receive] via NET/Socket/2 comm 0x6d497bb0 nRanks 08
mi300x-01:402:7808 [5] NCCL INFO Channel 12/0 : 7[e5000] -> 2[a6000] [receive] via NET/Socket/4 comm 0x6d5cb6a0 nRanks 08
mi300x-01:398:7807 [1] NCCL INFO Channel 08/0 : 5[65000] -> 0[26000] [receive] via NET/Socket/0 comm 0x6d497bb0 nRanks 08
mi300x-01:402:7808 [5] NCCL INFO Channel 13/0 : 7[e5000] -> 2[a6000] [receive] via NET/Socket/5 comm 0x6d5cb6a0 nRanks 08
mi300x-01:398:7807 [1] NCCL INFO Channel 09/0 : 5[65000] -> 0[26000] [receive] via NET/Socket/1 comm 0x6d497bb0 nRanks 08
mi300x-01:402:7808 [5] NCCL INFO Channel 14/0 : 7[e5000] -> 2[a6000] [receive] via NET/Socket/6 comm 0x6d5cb6a0 nRanks 08
mi300x-01:398:7807 [1] NCCL INFO Channel 10/0 : 5[65000] -> 0[26000] [receive] via NET/Socket/2 comm 0x6d497bb0 nRanks 08
mi300x-01:402:7808 [5] NCCL INFO Channel 20/0 : 7[e5000] -> 2[a6000] [receive] via NET/Socket/4 comm 0x6d5cb6a0 nRanks 08
mi300x-01:398:7807 [1] NCCL INFO Channel 16/0 : 5[65000] -> 0[26000] [receive] via NET/Socket/0 comm 0x6d497bb0 nRanks 08
mi300x-01:400:7809 [3] NCCL INFO Channel 19/0 : 1[65000] -> 3[e5000] via P2P/IPC comm 0x6d47a8b0 nRanks 08
mi300x-01:398:7807 [1] NCCL INFO Channel 17/0 : 5[65000] -> 0[26000] [receive] via NET/Socket/1 comm 0x6d497bb0 nRanks 08
mi300x-01:402:7808 [5] NCCL INFO Channel 21/0 : 7[e5000] -> 2[a6000] [receive] via NET/Socket/5 comm 0x6d5cb6a0 nRanks 08
mi300x-01:398:7807 [1] NCCL INFO Channel 18/0 : 5[65000] -> 0[26000] [receive] via NET/Socket/2 comm 0x6d497bb0 nRanks 08
mi300x-01:402:7808 [5] NCCL INFO Channel 22/0 : 7[e5000] -> 2[a6000] [receive] via NET/Socket/6 comm 0x6d5cb6a0 nRanks 08
mi300x-01:398:7807 [1] NCCL INFO Channel 24/0 : 5[65000] -> 0[26000] [receive] via NET/Socket/0 comm 0x6d497bb0 nRanks 08
mi300x-01:402:7808 [5] NCCL INFO Channel 28/0 : 7[e5000] -> 2[a6000] [receive] via NET/Socket/4 comm 0x6d5cb6a0 nRanks 08
mi300x-01:398:7807 [1] NCCL INFO Channel 25/0 : 5[65000] -> 0[26000] [receive] via NET/Socket/1 comm 0x6d497bb0 nRanks 08
mi300x-01:402:7808 [5] NCCL INFO Channel 29/0 : 7[e5000] -> 2[a6000] [receive] via NET/Socket/5 comm 0x6d5cb6a0 nRanks 08
mi300x-01:398:7807 [1] NCCL INFO Channel 26/0 : 5[65000] -> 0[26000] [receive] via NET/Socket/2 comm 0x6d497bb0 nRanks 08
mi300x-01:398:7807 [1] NCCL INFO Channel 00/0 : 0[26000] -> 3[e5000] via P2P/IPC comm 0x6d497bb0 nRanks 08
mi300x-01:402:7808 [5] NCCL INFO Channel 30/0 : 7[e5000] -> 2[a6000] [receive] via NET/Socket/6 comm 0x6d5cb6a0 nRanks 08
mi300x-01:400:7809 [3] NCCL INFO Channel 21/0 : 1[65000] -> 3[e5000] via P2P/IPC comm 0x6d47a8b0 nRanks 08
mi300x-01:398:7807 [1] NCCL INFO Channel 01/0 : 0[26000] -> 3[e5000] via P2P/IPC comm 0x6d497bb0 nRanks 08
mi300x-01:400:7809 [3] NCCL INFO Channel 22/0 : 1[65000] -> 3[e5000] via P2P/IPC comm 0x6d47a8b0 nRanks 08
mi300x-01:398:7807 [1] NCCL INFO Channel 02/0 : 0[26000] -> 3[e5000] via P2P/IPC comm 0x6d497bb0 nRanks 08
mi300x-01:400:7809 [3] NCCL INFO Channel 27/0 : 1[65000] -> 3[e5000] via P2P/IPC comm 0x6d47a8b0 nRanks 08
mi300x-01:398:7807 [1] NCCL INFO Channel 04/0 : 0[26000] -> 3[e5000] via P2P/IPC comm 0x6d497bb0 nRanks 08
mi300x-01:400:7809 [3] NCCL INFO Channel 29/0 : 1[65000] -> 3[e5000] via P2P/IPC comm 0x6d47a8b0 nRanks 08
mi300x-01:398:7807 [1] NCCL INFO Channel 08/0 : 0[26000] -> 3[e5000] via P2P/IPC comm 0x6d497bb0 nRanks 08
mi300x-01:400:7809 [3] NCCL INFO Channel 30/0 : 1[65000] -> 3[e5000] via P2P/IPC comm 0x6d47a8b0 nRanks 08
mi300x-01:398:7807 [1] NCCL INFO Channel 09/0 : 0[26000] -> 3[e5000] via P2P/IPC comm 0x6d497bb0 nRanks 08
mi300x-01:398:7807 [1] NCCL INFO Channel 10/0 : 0[26000] -> 3[e5000] via P2P/IPC comm 0x6d497bb0 nRanks 08
mi300x-01:400:7809 [3] NCCL INFO Channel 00/0 : 1[65000] -> 4[26000] [send] via NET/Socket/0 comm 0x6d47a8b0 nRanks 08
mi300x-01:400:7809 [3] NCCL INFO Channel 01/0 : 1[65000] -> 4[26000] [send] via NET/Socket/1 comm 0x6d47a8b0 nRanks 08
mi300x-01:400:7809 [3] NCCL INFO Channel 02/0 : 1[65000] -> 4[26000] [send] via NET/Socket/2 comm 0x6d47a8b0 nRanks 08
mi300x-01:400:7809 [3] NCCL INFO Channel 08/0 : 1[65000] -> 4[26000] [send] via NET/Socket/0 comm 0x6d47a8b0 nRanks 08
mi300x-01:400:7809 [3] NCCL INFO Channel 09/0 : 1[65000] -> 4[26000] [send] via NET/Socket/1 comm 0x6d47a8b0 nRanks 08
mi300x-01:400:7809 [3] NCCL INFO Channel 10/0 : 1[65000] -> 4[26000] [send] via NET/Socket/2 comm 0x6d47a8b0 nRanks 08
mi300x-01:400:7809 [3] NCCL INFO Channel 16/0 : 1[65000] -> 4[26000] [send] via NET/Socket/0 comm 0x6d47a8b0 nRanks 08
mi300x-01:400:7809 [3] NCCL INFO Channel 17/0 : 1[65000] -> 4[26000] [send] via NET/Socket/1 comm 0x6d47a8b0 nRanks 08
mi300x-01:398:7807 [1] NCCL INFO Channel 12/0 : 0[26000] -> 3[e5000] via P2P/IPC comm 0x6d497bb0 nRanks 08
mi300x-01:400:7809 [3] NCCL INFO Channel 18/0 : 1[65000] -> 4[26000] [send] via NET/Socket/2 comm 0x6d47a8b0 nRanks 08
mi300x-01:400:7809 [3] NCCL INFO Channel 24/0 : 1[65000] -> 4[26000] [send] via NET/Socket/0 comm 0x6d47a8b0 nRanks 08
mi300x-01:400:7809 [3] NCCL INFO Channel 25/0 : 1[65000] -> 4[26000] [send] via NET/Socket/1 comm 0x6d47a8b0 nRanks 08
mi300x-01:400:7809 [3] NCCL INFO Channel 26/0 : 1[65000] -> 4[26000] [send] via NET/Socket/2 comm 0x6d47a8b0 nRanks 08
mi300x-01:398:7807 [1] NCCL INFO Channel 16/0 : 0[26000] -> 3[e5000] via P2P/IPC comm 0x6d497bb0 nRanks 08
mi300x-01:398:7807 [1] NCCL INFO Channel 17/0 : 0[26000] -> 3[e5000] via P2P/IPC comm 0x6d497bb0 nRanks 08
mi300x-01:398:7807 [1] NCCL INFO Channel 18/0 : 0[26000] -> 3[e5000] via P2P/IPC comm 0x6d497bb0 nRanks 08
mi300x-01:398:7807 [1] NCCL INFO Channel 20/0 : 0[26000] -> 3[e5000] via P2P/IPC comm 0x6d497bb0 nRanks 08
mi300x-01:398:7807 [1] NCCL INFO Channel 24/0 : 0[26000] -> 3[e5000] via P2P/IPC comm 0x6d497bb0 nRanks 08
mi300x-01:398:7807 [1] NCCL INFO Channel 25/0 : 0[26000] -> 3[e5000] via P2P/IPC comm 0x6d497bb0 nRanks 08
mi300x-01:398:7807 [1] NCCL INFO Channel 26/0 : 0[26000] -> 3[e5000] via P2P/IPC comm 0x6d497bb0 nRanks 08
mi300x-01:398:7807 [1] NCCL INFO Channel 28/0 : 0[26000] -> 3[e5000] via P2P/IPC comm 0x6d497bb0 nRanks 08
mi300x-01:400:7809 [3] NCCL INFO Channel 03/0 : 4[26000] -> 1[65000] [receive] via NET/Socket/3 comm 0x6d47a8b0 nRanks 08
mi300x-01:400:7809 [3] NCCL INFO Channel 11/0 : 4[26000] -> 1[65000] [receive] via NET/Socket/3 comm 0x6d47a8b0 nRanks 08
mi300x-01:400:7809 [3] NCCL INFO Channel 19/0 : 4[26000] -> 1[65000] [receive] via NET/Socket/3 comm 0x6d47a8b0 nRanks 08
mi300x-01:400:7809 [3] NCCL INFO Channel 27/0 : 4[26000] -> 1[65000] [receive] via NET/Socket/3 comm 0x6d47a8b0 nRanks 08
mi300x-01:397:7802 [0] NCCL INFO Connected all rings
mi300x-01:397:7802 [0] NCCL INFO Channel 00/0 : 0[5000] -> 1[46000] via P2P/IPC comm 0x6d5decf0 nRanks 08
mi300x-01:403:7805 [6] NCCL INFO Connected all rings
mi300x-01:399:7806 [2] NCCL INFO Connected all rings
mi300x-01:401:7804 [4] NCCL INFO Connected all rings
mi300x-01:397:7802 [0] NCCL INFO Channel 01/0 : 0[5000] -> 1[46000] via P2P/IPC comm 0x6d5decf0 nRanks 08
mi300x-01:397:7802 [0] NCCL INFO Channel 02/0 : 0[5000] -> 1[46000] via P2P/IPC comm 0x6d5decf0 nRanks 08
mi300x-01:397:7802 [0] NCCL INFO Channel 03/0 : 0[5000] -> 1[46000] via P2P/IPC comm 0x6d5decf0 nRanks 08
mi300x-01:397:7802 [0] NCCL INFO Channel 04/0 : 0[5000] -> 1[46000] via P2P/IPC comm 0x6d5decf0 nRanks 08
mi300x-01:397:7802 [0] NCCL INFO Channel 07/0 : 0[5000] -> 1[46000] via P2P/IPC comm 0x6d5decf0 nRanks 08
mi300x-01:397:7802 [0] NCCL INFO Channel 08/0 : 0[5000] -> 1[46000] via P2P/IPC comm 0x6d5decf0 nRanks 08
mi300x-01:404:7810 [7] NCCL INFO Channel 04/0 : 3[e5000] -> 6[a6000] [send] via NET/Socket/4 comm 0x6d62b170 nRanks 08
mi300x-01:404:7810 [7] NCCL INFO Channel 05/0 : 3[e5000] -> 6[a6000] [send] via NET/Socket/5 comm 0x6d62b170 nRanks 08
mi300x-01:404:7810 [7] NCCL INFO Channel 06/0 : 3[e5000] -> 6[a6000] [send] via NET/Socket/6 comm 0x6d62b170 nRanks 08
mi300x-01:404:7810 [7] NCCL INFO Channel 12/0 : 3[e5000] -> 6[a6000] [send] via NET/Socket/4 comm 0x6d62b170 nRanks 08
mi300x-01:404:7810 [7] NCCL INFO Channel 13/0 : 3[e5000] -> 6[a6000] [send] via NET/Socket/5 comm 0x6d62b170 nRanks 08
mi300x-01:404:7810 [7] NCCL INFO Channel 14/0 : 3[e5000] -> 6[a6000] [send] via NET/Socket/6 comm 0x6d62b170 nRanks 08
mi300x-01:404:7810 [7] NCCL INFO Channel 20/0 : 3[e5000] -> 6[a6000] [send] via NET/Socket/4 comm 0x6d62b170 nRanks 08
mi300x-01:404:7810 [7] NCCL INFO Channel 21/0 : 3[e5000] -> 6[a6000] [send] via NET/Socket/5 comm 0x6d62b170 nRanks 08
mi300x-01:404:7810 [7] NCCL INFO Channel 22/0 : 3[e5000] -> 6[a6000] [send] via NET/Socket/6 comm 0x6d62b170 nRanks 08
mi300x-01:404:7810 [7] NCCL INFO Channel 28/0 : 3[e5000] -> 6[a6000] [send] via NET/Socket/4 comm 0x6d62b170 nRanks 08
mi300x-01:404:7810 [7] NCCL INFO Channel 29/0 : 3[e5000] -> 6[a6000] [send] via NET/Socket/5 comm 0x6d62b170 nRanks 08
mi300x-01:404:7810 [7] NCCL INFO Channel 30/0 : 3[e5000] -> 6[a6000] [send] via NET/Socket/6 comm 0x6d62b170 nRanks 08
mi300x-01:397:7802 [0] NCCL INFO Channel 09/0 : 0[5000] -> 1[46000] via P2P/IPC comm 0x6d5decf0 nRanks 08
mi300x-01:398:7807 [1] NCCL INFO Channel 03/0 : 0[26000] -> 5[65000] [send] via NET/Socket/3 comm 0x6d497bb0 nRanks 08
mi300x-01:398:7807 [1] NCCL INFO Channel 11/0 : 0[26000] -> 5[65000] [send] via NET/Socket/3 comm 0x6d497bb0 nRanks 08
mi300x-01:404:7810 [7] NCCL INFO Channel 07/0 : 6[a6000] -> 3[e5000] [receive] via NET/Socket/7 comm 0x6d62b170 nRanks 08
mi300x-01:398:7807 [1] NCCL INFO Channel 19/0 : 0[26000] -> 5[65000] [send] via NET/Socket/3 comm 0x6d497bb0 nRanks 08
mi300x-01:404:7810 [7] NCCL INFO Channel 15/0 : 6[a6000] -> 3[e5000] [receive] via NET/Socket/7 comm 0x6d62b170 nRanks 08
mi300x-01:398:7807 [1] NCCL INFO Channel 27/0 : 0[26000] -> 5[65000] [send] via NET/Socket/3 comm 0x6d497bb0 nRanks 08
mi300x-01:404:7810 [7] NCCL INFO Channel 23/0 : 6[a6000] -> 3[e5000] [receive] via NET/Socket/7 comm 0x6d62b170 nRanks 08
mi300x-01:404:7810 [7] NCCL INFO Channel 31/0 : 6[a6000] -> 3[e5000] [receive] via NET/Socket/7 comm 0x6d62b170 nRanks 08
mi300x-01:397:7802 [0] NCCL INFO Channel 10/0 : 0[5000] -> 1[46000] via P2P/IPC comm 0x6d5decf0 nRanks 08
mi300x-01:402:7808 [5] NCCL INFO Channel 07/0 : 2[a6000] -> 7[e5000] [send] via NET/Socket/7 comm 0x6d5cb6a0 nRanks 08
mi300x-01:404:7810 [7] NCCL INFO Channel 07/0 : 3[e5000] -> 1[65000] via P2P/IPC comm 0x6d62b170 nRanks 08
mi300x-01:397:7802 [0] NCCL INFO Channel 11/0 : 0[5000] -> 1[46000] via P2P/IPC comm 0x6d5decf0 nRanks 08
mi300x-01:402:7808 [5] NCCL INFO Channel 15/0 : 2[a6000] -> 7[e5000] [send] via NET/Socket/7 comm 0x6d5cb6a0 nRanks 08
mi300x-01:402:7808 [5] NCCL INFO Channel 23/0 : 2[a6000] -> 7[e5000] [send] via NET/Socket/7 comm 0x6d5cb6a0 nRanks 08
mi300x-01:402:7808 [5] NCCL INFO Channel 31/0 : 2[a6000] -> 7[e5000] [send] via NET/Socket/7 comm 0x6d5cb6a0 nRanks 08
mi300x-01:402:7808 [5] NCCL INFO Channel 03/0 : 2[a6000] -> 0[26000] via P2P/IPC comm 0x6d5cb6a0 nRanks 08
mi300x-01:397:7802 [0] NCCL INFO Channel 12/0 : 0[5000] -> 1[46000] via P2P/IPC comm 0x6d5decf0 nRanks 08
mi300x-01:402:7808 [5] NCCL INFO Channel 05/0 : 2[a6000] -> 0[26000] via P2P/IPC comm 0x6d5cb6a0 nRanks 08
mi300x-01:404:7810 [7] NCCL INFO Channel 15/0 : 3[e5000] -> 1[65000] via P2P/IPC comm 0x6d62b170 nRanks 08
mi300x-01:397:7802 [0] NCCL INFO Channel 15/0 : 0[5000] -> 1[46000] via P2P/IPC comm 0x6d5decf0 nRanks 08
mi300x-01:402:7808 [5] NCCL INFO Channel 06/0 : 2[a6000] -> 0[26000] via P2P/IPC comm 0x6d5cb6a0 nRanks 08
mi300x-01:397:7802 [0] NCCL INFO Channel 16/0 : 0[5000] -> 1[46000] via P2P/IPC comm 0x6d5decf0 nRanks 08
mi300x-01:402:7808 [5] NCCL INFO Channel 11/0 : 2[a6000] -> 0[26000] via P2P/IPC comm 0x6d5cb6a0 nRanks 08
mi300x-01:404:7810 [7] NCCL INFO Channel 23/0 : 3[e5000] -> 1[65000] via P2P/IPC comm 0x6d62b170 nRanks 08
mi300x-01:397:7802 [0] NCCL INFO Channel 17/0 : 0[5000] -> 1[46000] via P2P/IPC comm 0x6d5decf0 nRanks 08
mi300x-01:402:7808 [5] NCCL INFO Channel 13/0 : 2[a6000] -> 0[26000] via P2P/IPC comm 0x6d5cb6a0 nRanks 08
mi300x-01:404:7810 [7] NCCL INFO Channel 31/0 : 3[e5000] -> 1[65000] via P2P/IPC comm 0x6d62b170 nRanks 08
mi300x-01:397:7802 [0] NCCL INFO Channel 18/0 : 0[5000] -> 1[46000] via P2P/IPC comm 0x6d5decf0 nRanks 08
mi300x-01:404:7810 [7] NCCL INFO Channel 00/0 : 3[e5000] -> 2[a6000] via P2P/IPC comm 0x6d62b170 nRanks 08
mi300x-01:397:7802 [0] NCCL INFO Channel 19/0 : 0[5000] -> 1[46000] via P2P/IPC comm 0x6d5decf0 nRanks 08
mi300x-01:402:7808 [5] NCCL INFO Channel 14/0 : 2[a6000] -> 0[26000] via P2P/IPC comm 0x6d5cb6a0 nRanks 08
mi300x-01:404:7810 [7] NCCL INFO Channel 01/0 : 3[e5000] -> 2[a6000] via P2P/IPC comm 0x6d62b170 nRanks 08
mi300x-01:397:7802 [0] NCCL INFO Channel 20/0 : 0[5000] -> 1[46000] via P2P/IPC comm 0x6d5decf0 nRanks 08
mi300x-01:402:7808 [5] NCCL INFO Channel 19/0 : 2[a6000] -> 0[26000] via P2P/IPC comm 0x6d5cb6a0 nRanks 08
mi300x-01:404:7810 [7] NCCL INFO Channel 02/0 : 3[e5000] -> 2[a6000] via P2P/IPC comm 0x6d62b170 nRanks 08
mi300x-01:397:7802 [0] NCCL INFO Channel 23/0 : 0[5000] -> 1[46000] via P2P/IPC comm 0x6d5decf0 nRanks 08
mi300x-01:402:7808 [5] NCCL INFO Channel 21/0 : 2[a6000] -> 0[26000] via P2P/IPC comm 0x6d5cb6a0 nRanks 08
mi300x-01:404:7810 [7] NCCL INFO Channel 03/0 : 3[e5000] -> 2[a6000] via P2P/IPC comm 0x6d62b170 nRanks 08
mi300x-01:397:7802 [0] NCCL INFO Channel 24/0 : 0[5000] -> 1[46000] via P2P/IPC comm 0x6d5decf0 nRanks 08
mi300x-01:402:7808 [5] NCCL INFO Channel 22/0 : 2[a6000] -> 0[26000] via P2P/IPC comm 0x6d5cb6a0 nRanks 08
mi300x-01:404:7810 [7] NCCL INFO Channel 08/0 : 3[e5000] -> 2[a6000] via P2P/IPC comm 0x6d62b170 nRanks 08
mi300x-01:397:7802 [0] NCCL INFO Channel 25/0 : 0[5000] -> 1[46000] via P2P/IPC comm 0x6d5decf0 nRanks 08
mi300x-01:402:7808 [5] NCCL INFO Channel 27/0 : 2[a6000] -> 0[26000] via P2P/IPC comm 0x6d5cb6a0 nRanks 08
mi300x-01:404:7810 [7] NCCL INFO Channel 09/0 : 3[e5000] -> 2[a6000] via P2P/IPC comm 0x6d62b170 nRanks 08
mi300x-01:397:7802 [0] NCCL INFO Channel 26/0 : 0[5000] -> 1[46000] via P2P/IPC comm 0x6d5decf0 nRanks 08
mi300x-01:402:7808 [5] NCCL INFO Channel 29/0 : 2[a6000] -> 0[26000] via P2P/IPC comm 0x6d5cb6a0 nRanks 08
mi300x-01:404:7810 [7] NCCL INFO Channel 10/0 : 3[e5000] -> 2[a6000] via P2P/IPC comm 0x6d62b170 nRanks 08
mi300x-01:397:7802 [0] NCCL INFO Channel 27/0 : 0[5000] -> 1[46000] via P2P/IPC comm 0x6d5decf0 nRanks 08
mi300x-01:402:7808 [5] NCCL INFO Channel 30/0 : 2[a6000] -> 0[26000] via P2P/IPC comm 0x6d5cb6a0 nRanks 08
mi300x-01:404:7810 [7] NCCL INFO Channel 11/0 : 3[e5000] -> 2[a6000] via P2P/IPC comm 0x6d62b170 nRanks 08
mi300x-01:397:7802 [0] NCCL INFO Channel 28/0 : 0[5000] -> 1[46000] via P2P/IPC comm 0x6d5decf0 nRanks 08
mi300x-01:404:7810 [7] NCCL INFO Channel 16/0 : 3[e5000] -> 2[a6000] via P2P/IPC comm 0x6d62b170 nRanks 08
mi300x-01:397:7802 [0] NCCL INFO Channel 31/0 : 0[5000] -> 1[46000] via P2P/IPC comm 0x6d5decf0 nRanks 08
mi300x-01:404:7810 [7] NCCL INFO Channel 17/0 : 3[e5000] -> 2[a6000] via P2P/IPC comm 0x6d62b170 nRanks 08
mi300x-01:404:7810 [7] NCCL INFO Channel 18/0 : 3[e5000] -> 2[a6000] via P2P/IPC comm 0x6d62b170 nRanks 08
mi300x-01:401:7804 [4] NCCL INFO Channel 00/0 : 2[85000] -> 3[c6000] via P2P/IPC comm 0x6d5e16e0 nRanks 08
mi300x-01:399:7806 [2] NCCL INFO Channel 00/0 : 1[46000] -> 2[85000] via P2P/IPC comm 0x6d6d2140 nRanks 08
mi300x-01:404:7810 [7] NCCL INFO Channel 19/0 : 3[e5000] -> 2[a6000] via P2P/IPC comm 0x6d62b170 nRanks 08
mi300x-01:401:7804 [4] NCCL INFO Channel 01/0 : 2[85000] -> 3[c6000] via P2P/IPC comm 0x6d5e16e0 nRanks 08
mi300x-01:399:7806 [2] NCCL INFO Channel 01/0 : 1[46000] -> 2[85000] via P2P/IPC comm 0x6d6d2140 nRanks 08
mi300x-01:404:7810 [7] NCCL INFO Channel 24/0 : 3[e5000] -> 2[a6000] via P2P/IPC comm 0x6d62b170 nRanks 08
mi300x-01:401:7804 [4] NCCL INFO Channel 02/0 : 2[85000] -> 3[c6000] via P2P/IPC comm 0x6d5e16e0 nRanks 08
mi300x-01:399:7806 [2] NCCL INFO Channel 02/0 : 1[46000] -> 2[85000] via P2P/IPC comm 0x6d6d2140 nRanks 08
mi300x-01:404:7810 [7] NCCL INFO Channel 25/0 : 3[e5000] -> 2[a6000] via P2P/IPC comm 0x6d62b170 nRanks 08
mi300x-01:401:7804 [4] NCCL INFO Channel 03/0 : 2[85000] -> 3[c6000] via P2P/IPC comm 0x6d5e16e0 nRanks 08
mi300x-01:399:7806 [2] NCCL INFO Channel 05/0 : 1[46000] -> 2[85000] via P2P/IPC comm 0x6d6d2140 nRanks 08
mi300x-01:404:7810 [7] NCCL INFO Channel 26/0 : 3[e5000] -> 2[a6000] via P2P/IPC comm 0x6d62b170 nRanks 08
mi300x-01:401:7804 [4] NCCL INFO Channel 04/0 : 2[85000] -> 3[c6000] via P2P/IPC comm 0x6d5e16e0 nRanks 08
mi300x-01:399:7806 [2] NCCL INFO Channel 06/0 : 1[46000] -> 2[85000] via P2P/IPC comm 0x6d6d2140 nRanks 08
mi300x-01:404:7810 [7] NCCL INFO Channel 27/0 : 3[e5000] -> 2[a6000] via P2P/IPC comm 0x6d62b170 nRanks 08
mi300x-01:401:7804 [4] NCCL INFO Channel 05/0 : 2[85000] -> 3[c6000] via P2P/IPC comm 0x6d5e16e0 nRanks 08
mi300x-01:399:7806 [2] NCCL INFO Channel 07/0 : 1[46000] -> 2[85000] via P2P/IPC comm 0x6d6d2140 nRanks 08
mi300x-01:401:7804 [4] NCCL INFO Channel 06/0 : 2[85000] -> 3[c6000] via P2P/IPC comm 0x6d5e16e0 nRanks 08
mi300x-01:399:7806 [2] NCCL INFO Channel 08/0 : 1[46000] -> 2[85000] via P2P/IPC comm 0x6d6d2140 nRanks 08
mi300x-01:401:7804 [4] NCCL INFO Channel 07/0 : 2[85000] -> 3[c6000] via P2P/IPC comm 0x6d5e16e0 nRanks 08
mi300x-01:399:7806 [2] NCCL INFO Channel 09/0 : 1[46000] -> 2[85000] via P2P/IPC comm 0x6d6d2140 nRanks 08
mi300x-01:401:7804 [4] NCCL INFO Channel 08/0 : 2[85000] -> 3[c6000] via P2P/IPC comm 0x6d5e16e0 nRanks 08
mi300x-01:400:7809 [3] NCCL INFO Channel 04/0 : 1[65000] -> 0[26000] via P2P/IPC comm 0x6d47a8b0 nRanks 08
mi300x-01:399:7806 [2] NCCL INFO Channel 10/0 : 1[46000] -> 2[85000] via P2P/IPC comm 0x6d6d2140 nRanks 08
mi300x-01:401:7804 [4] NCCL INFO Channel 09/0 : 2[85000] -> 3[c6000] via P2P/IPC comm 0x6d5e16e0 nRanks 08
mi300x-01:400:7809 [3] NCCL INFO Channel 07/0 : 1[65000] -> 0[26000] via P2P/IPC comm 0x6d47a8b0 nRanks 08
mi300x-01:399:7806 [2] NCCL INFO Channel 13/0 : 1[46000] -> 2[85000] via P2P/IPC comm 0x6d6d2140 nRanks 08
mi300x-01:401:7804 [4] NCCL INFO Channel 10/0 : 2[85000] -> 3[c6000] via P2P/IPC comm 0x6d5e16e0 nRanks 08
mi300x-01:400:7809 [3] NCCL INFO Channel 12/0 : 1[65000] -> 0[26000] via P2P/IPC comm 0x6d47a8b0 nRanks 08
mi300x-01:399:7806 [2] NCCL INFO Channel 14/0 : 1[46000] -> 2[85000] via P2P/IPC comm 0x6d6d2140 nRanks 08
mi300x-01:401:7804 [4] NCCL INFO Channel 11/0 : 2[85000] -> 3[c6000] via P2P/IPC comm 0x6d5e16e0 nRanks 08
mi300x-01:400:7809 [3] NCCL INFO Channel 15/0 : 1[65000] -> 0[26000] via P2P/IPC comm 0x6d47a8b0 nRanks 08
mi300x-01:399:7806 [2] NCCL INFO Channel 15/0 : 1[46000] -> 2[85000] via P2P/IPC comm 0x6d6d2140 nRanks 08
mi300x-01:401:7804 [4] NCCL INFO Channel 12/0 : 2[85000] -> 3[c6000] via P2P/IPC comm 0x6d5e16e0 nRanks 08
mi300x-01:400:7809 [3] NCCL INFO Channel 20/0 : 1[65000] -> 0[26000] via P2P/IPC comm 0x6d47a8b0 nRanks 08
mi300x-01:399:7806 [2] NCCL INFO Channel 16/0 : 1[46000] -> 2[85000] via P2P/IPC comm 0x6d6d2140 nRanks 08
mi300x-01:401:7804 [4] NCCL INFO Channel 13/0 : 2[85000] -> 3[c6000] via P2P/IPC comm 0x6d5e16e0 nRanks 08
mi300x-01:400:7809 [3] NCCL INFO Channel 23/0 : 1[65000] -> 0[26000] via P2P/IPC comm 0x6d47a8b0 nRanks 08
mi300x-01:399:7806 [2] NCCL INFO Channel 17/0 : 1[46000] -> 2[85000] via P2P/IPC comm 0x6d6d2140 nRanks 08
mi300x-01:401:7804 [4] NCCL INFO Channel 14/0 : 2[85000] -> 3[c6000] via P2P/IPC comm 0x6d5e16e0 nRanks 08
mi300x-01:400:7809 [3] NCCL INFO Channel 28/0 : 1[65000] -> 0[26000] via P2P/IPC comm 0x6d47a8b0 nRanks 08
mi300x-01:399:7806 [2] NCCL INFO Channel 18/0 : 1[46000] -> 2[85000] via P2P/IPC comm 0x6d6d2140 nRanks 08
mi300x-01:402:7808 [5] NCCL INFO Channel 00/0 : 2[a6000] -> 1[65000] via P2P/IPC comm 0x6d5cb6a0 nRanks 08
mi300x-01:401:7804 [4] NCCL INFO Channel 15/0 : 2[85000] -> 3[c6000] via P2P/IPC comm 0x6d5e16e0 nRanks 08
mi300x-01:400:7809 [3] NCCL INFO Channel 31/0 : 1[65000] -> 0[26000] via P2P/IPC comm 0x6d47a8b0 nRanks 08
mi300x-01:399:7806 [2] NCCL INFO Channel 21/0 : 1[46000] -> 2[85000] via P2P/IPC comm 0x6d6d2140 nRanks 08
mi300x-01:402:7808 [5] NCCL INFO Channel 01/0 : 2[a6000] -> 1[65000] via P2P/IPC comm 0x6d5cb6a0 nRanks 08
mi300x-01:401:7804 [4] NCCL INFO Channel 16/0 : 2[85000] -> 3[c6000] via P2P/IPC comm 0x6d5e16e0 nRanks 08
mi300x-01:399:7806 [2] NCCL INFO Channel 22/0 : 1[46000] -> 2[85000] via P2P/IPC comm 0x6d6d2140 nRanks 08
mi300x-01:402:7808 [5] NCCL INFO Channel 02/0 : 2[a6000] -> 1[65000] via P2P/IPC comm 0x6d5cb6a0 nRanks 08
mi300x-01:401:7804 [4] NCCL INFO Channel 17/0 : 2[85000] -> 3[c6000] via P2P/IPC comm 0x6d5e16e0 nRanks 08
mi300x-01:399:7806 [2] NCCL INFO Channel 23/0 : 1[46000] -> 2[85000] via P2P/IPC comm 0x6d6d2140 nRanks 08
mi300x-01:402:7808 [5] NCCL INFO Channel 04/0 : 2[a6000] -> 1[65000] via P2P/IPC comm 0x6d5cb6a0 nRanks 08
mi300x-01:401:7804 [4] NCCL INFO Channel 18/0 : 2[85000] -> 3[c6000] via P2P/IPC comm 0x6d5e16e0 nRanks 08
mi300x-01:399:7806 [2] NCCL INFO Channel 24/0 : 1[46000] -> 2[85000] via P2P/IPC comm 0x6d6d2140 nRanks 08
mi300x-01:402:7808 [5] NCCL INFO Channel 08/0 : 2[a6000] -> 1[65000] via P2P/IPC comm 0x6d5cb6a0 nRanks 08
mi300x-01:401:7804 [4] NCCL INFO Channel 19/0 : 2[85000] -> 3[c6000] via P2P/IPC comm 0x6d5e16e0 nRanks 08
mi300x-01:399:7806 [2] NCCL INFO Channel 25/0 : 1[46000] -> 2[85000] via P2P/IPC comm 0x6d6d2140 nRanks 08
mi300x-01:402:7808 [5] NCCL INFO Channel 09/0 : 2[a6000] -> 1[65000] via P2P/IPC comm 0x6d5cb6a0 nRanks 08
mi300x-01:401:7804 [4] NCCL INFO Channel 20/0 : 2[85000] -> 3[c6000] via P2P/IPC comm 0x6d5e16e0 nRanks 08
mi300x-01:399:7806 [2] NCCL INFO Channel 26/0 : 1[46000] -> 2[85000] via P2P/IPC comm 0x6d6d2140 nRanks 08
mi300x-01:402:7808 [5] NCCL INFO Channel 10/0 : 2[a6000] -> 1[65000] via P2P/IPC comm 0x6d5cb6a0 nRanks 08
mi300x-01:401:7804 [4] NCCL INFO Channel 21/0 : 2[85000] -> 3[c6000] via P2P/IPC comm 0x6d5e16e0 nRanks 08
mi300x-01:399:7806 [2] NCCL INFO Channel 29/0 : 1[46000] -> 2[85000] via P2P/IPC comm 0x6d6d2140 nRanks 08
mi300x-01:402:7808 [5] NCCL INFO Channel 12/0 : 2[a6000] -> 1[65000] via P2P/IPC comm 0x6d5cb6a0 nRanks 08
mi300x-01:401:7804 [4] NCCL INFO Channel 22/0 : 2[85000] -> 3[c6000] via P2P/IPC comm 0x6d5e16e0 nRanks 08
mi300x-01:399:7806 [2] NCCL INFO Channel 30/0 : 1[46000] -> 2[85000] via P2P/IPC comm 0x6d6d2140 nRanks 08
mi300x-01:402:7808 [5] NCCL INFO Channel 16/0 : 2[a6000] -> 1[65000] via P2P/IPC comm 0x6d5cb6a0 nRanks 08
mi300x-01:401:7804 [4] NCCL INFO Channel 23/0 : 2[85000] -> 3[c6000] via P2P/IPC comm 0x6d5e16e0 nRanks 08
mi300x-01:399:7806 [2] NCCL INFO Channel 31/0 : 1[46000] -> 2[85000] via P2P/IPC comm 0x6d6d2140 nRanks 08
mi300x-01:402:7808 [5] NCCL INFO Channel 17/0 : 2[a6000] -> 1[65000] via P2P/IPC comm 0x6d5cb6a0 nRanks 08
mi300x-01:401:7804 [4] NCCL INFO Channel 24/0 : 2[85000] -> 3[c6000] via P2P/IPC comm 0x6d5e16e0 nRanks 08
mi300x-01:397:7802 [0] NCCL INFO Channel 03/0 : 0[5000] -> 3[c6000] via P2P/IPC comm 0x6d5decf0 nRanks 08
mi300x-01:402:7808 [5] NCCL INFO Channel 18/0 : 2[a6000] -> 1[65000] via P2P/IPC comm 0x6d5cb6a0 nRanks 08
mi300x-01:401:7804 [4] NCCL INFO Channel 25/0 : 2[85000] -> 3[c6000] via P2P/IPC comm 0x6d5e16e0 nRanks 08
mi300x-01:397:7802 [0] NCCL INFO Channel 11/0 : 0[5000] -> 3[c6000] via P2P/IPC comm 0x6d5decf0 nRanks 08
mi300x-01:402:7808 [5] NCCL INFO Channel 20/0 : 2[a6000] -> 1[65000] via P2P/IPC comm 0x6d5cb6a0 nRanks 08
mi300x-01:401:7804 [4] NCCL INFO Channel 26/0 : 2[85000] -> 3[c6000] via P2P/IPC comm 0x6d5e16e0 nRanks 08
mi300x-01:397:7802 [0] NCCL INFO Channel 19/0 : 0[5000] -> 3[c6000] via P2P/IPC comm 0x6d5decf0 nRanks 08
mi300x-01:402:7808 [5] NCCL INFO Channel 24/0 : 2[a6000] -> 1[65000] via P2P/IPC comm 0x6d5cb6a0 nRanks 08
mi300x-01:401:7804 [4] NCCL INFO Channel 27/0 : 2[85000] -> 3[c6000] via P2P/IPC comm 0x6d5e16e0 nRanks 08
mi300x-01:397:7802 [0] NCCL INFO Channel 27/0 : 0[5000] -> 3[c6000] via P2P/IPC comm 0x6d5decf0 nRanks 08
mi300x-01:402:7808 [5] NCCL INFO Channel 25/0 : 2[a6000] -> 1[65000] via P2P/IPC comm 0x6d5cb6a0 nRanks 08
mi300x-01:401:7804 [4] NCCL INFO Channel 28/0 : 2[85000] -> 3[c6000] via P2P/IPC comm 0x6d5e16e0 nRanks 08
mi300x-01:402:7808 [5] NCCL INFO Channel 26/0 : 2[a6000] -> 1[65000] via P2P/IPC comm 0x6d5cb6a0 nRanks 08
mi300x-01:401:7804 [4] NCCL INFO Channel 29/0 : 2[85000] -> 3[c6000] via P2P/IPC comm 0x6d5e16e0 nRanks 08
mi300x-01:402:7808 [5] NCCL INFO Channel 28/0 : 2[a6000] -> 1[65000] via P2P/IPC comm 0x6d5cb6a0 nRanks 08
mi300x-01:401:7804 [4] NCCL INFO Channel 30/0 : 2[85000] -> 3[c6000] via P2P/IPC comm 0x6d5e16e0 nRanks 08
mi300x-01:401:7804 [4] NCCL INFO Channel 31/0 : 2[85000] -> 3[c6000] via P2P/IPC comm 0x6d5e16e0 nRanks 08
mi300x-01:399:7806 [2] NCCL INFO Channel 03/0 : 5[46000] -> 1[46000] [receive] via NET/Socket/3 comm 0x6d6d2140 nRanks 08
mi300x-01:401:7804 [4] NCCL INFO Channel 04/0 : 6[85000] -> 2[85000] [receive] via NET/Socket/4 comm 0x6d5e16e0 nRanks 08
mi300x-01:399:7806 [2] NCCL INFO Channel 11/0 : 5[46000] -> 1[46000] [receive] via NET/Socket/3 comm 0x6d6d2140 nRanks 08
mi300x-01:401:7804 [4] NCCL INFO Channel 12/0 : 6[85000] -> 2[85000] [receive] via NET/Socket/4 comm 0x6d5e16e0 nRanks 08
mi300x-01:399:7806 [2] NCCL INFO Channel 19/0 : 5[46000] -> 1[46000] [receive] via NET/Socket/3 comm 0x6d6d2140 nRanks 08
mi300x-01:401:7804 [4] NCCL INFO Channel 20/0 : 6[85000] -> 2[85000] [receive] via NET/Socket/4 comm 0x6d5e16e0 nRanks 08
mi300x-01:399:7806 [2] NCCL INFO Channel 27/0 : 5[46000] -> 1[46000] [receive] via NET/Socket/3 comm 0x6d6d2140 nRanks 08
mi300x-01:399:7806 [2] NCCL INFO Channel 03/0 : 1[46000] -> 5[46000] [send] via NET/Socket/3 comm 0x6d6d2140 nRanks 08
mi300x-01:401:7804 [4] NCCL INFO Channel 28/0 : 6[85000] -> 2[85000] [receive] via NET/Socket/4 comm 0x6d5e16e0 nRanks 08
mi300x-01:399:7806 [2] NCCL INFO Channel 11/0 : 1[46000] -> 5[46000] [send] via NET/Socket/3 comm 0x6d6d2140 nRanks 08
mi300x-01:401:7804 [4] NCCL INFO Channel 04/0 : 2[85000] -> 6[85000] [send] via NET/Socket/4 comm 0x6d5e16e0 nRanks 08
mi300x-01:399:7806 [2] NCCL INFO Channel 19/0 : 1[46000] -> 5[46000] [send] via NET/Socket/3 comm 0x6d6d2140 nRanks 08
mi300x-01:401:7804 [4] NCCL INFO Channel 12/0 : 2[85000] -> 6[85000] [send] via NET/Socket/4 comm 0x6d5e16e0 nRanks 08
mi300x-01:399:7806 [2] NCCL INFO Channel 27/0 : 1[46000] -> 5[46000] [send] via NET/Socket/3 comm 0x6d6d2140 nRanks 08
mi300x-01:401:7804 [4] NCCL INFO Channel 20/0 : 2[85000] -> 6[85000] [send] via NET/Socket/4 comm 0x6d5e16e0 nRanks 08
mi300x-01:401:7804 [4] NCCL INFO Channel 28/0 : 2[85000] -> 6[85000] [send] via NET/Socket/4 comm 0x6d5e16e0 nRanks 08
mi300x-01:403:7805 [6] NCCL INFO Channel 05/0 : 7[c6000] -> 3[c6000] [receive] via NET/Socket/5 comm 0x6d678d80 nRanks 08
mi300x-01:403:7805 [6] NCCL INFO Channel 06/0 : 7[c6000] -> 3[c6000] [receive] via NET/Socket/6 comm 0x6d678d80 nRanks 08
mi300x-01:403:7805 [6] NCCL INFO Channel 07/0 : 7[c6000] -> 3[c6000] [receive] via NET/Socket/7 comm 0x6d678d80 nRanks 08
mi300x-01:403:7805 [6] NCCL INFO Channel 13/0 : 7[c6000] -> 3[c6000] [receive] via NET/Socket/5 comm 0x6d678d80 nRanks 08
mi300x-01:403:7805 [6] NCCL INFO Channel 14/0 : 7[c6000] -> 3[c6000] [receive] via NET/Socket/6 comm 0x6d678d80 nRanks 08
mi300x-01:403:7805 [6] NCCL INFO Channel 15/0 : 7[c6000] -> 3[c6000] [receive] via NET/Socket/7 comm 0x6d678d80 nRanks 08
mi300x-01:403:7805 [6] NCCL INFO Channel 21/0 : 7[c6000] -> 3[c6000] [receive] via NET/Socket/5 comm 0x6d678d80 nRanks 08
mi300x-01:403:7805 [6] NCCL INFO Channel 22/0 : 7[c6000] -> 3[c6000] [receive] via NET/Socket/6 comm 0x6d678d80 nRanks 08
mi300x-01:403:7805 [6] NCCL INFO Channel 23/0 : 7[c6000] -> 3[c6000] [receive] via NET/Socket/7 comm 0x6d678d80 nRanks 08
mi300x-01:403:7805 [6] NCCL INFO Channel 29/0 : 7[c6000] -> 3[c6000] [receive] via NET/Socket/5 comm 0x6d678d80 nRanks 08
mi300x-01:403:7805 [6] NCCL INFO Channel 30/0 : 7[c6000] -> 3[c6000] [receive] via NET/Socket/6 comm 0x6d678d80 nRanks 08
mi300x-01:397:7802 [0] NCCL INFO Channel 00/0 : 4[5000] -> 0[5000] [receive] via NET/Socket/0 comm 0x6d5decf0 nRanks 08
mi300x-01:403:7805 [6] NCCL INFO Channel 31/0 : 7[c6000] -> 3[c6000] [receive] via NET/Socket/7 comm 0x6d678d80 nRanks 08
mi300x-01:403:7805 [6] NCCL INFO Channel 05/0 : 3[c6000] -> 7[c6000] [send] via NET/Socket/5 comm 0x6d678d80 nRanks 08
mi300x-01:397:7802 [0] NCCL INFO Channel 01/0 : 4[5000] -> 0[5000] [receive] via NET/Socket/1 comm 0x6d5decf0 nRanks 08
mi300x-01:403:7805 [6] NCCL INFO Channel 06/0 : 3[c6000] -> 7[c6000] [send] via NET/Socket/6 comm 0x6d678d80 nRanks 08
mi300x-01:403:7805 [6] NCCL INFO Channel 07/0 : 3[c6000] -> 7[c6000] [send] via NET/Socket/7 comm 0x6d678d80 nRanks 08
mi300x-01:397:7802 [0] NCCL INFO Channel 02/0 : 4[5000] -> 0[5000] [receive] via NET/Socket/2 comm 0x6d5decf0 nRanks 08
mi300x-01:403:7805 [6] NCCL INFO Channel 13/0 : 3[c6000] -> 7[c6000] [send] via NET/Socket/5 comm 0x6d678d80 nRanks 08
mi300x-01:397:7802 [0] NCCL INFO Channel 08/0 : 4[5000] -> 0[5000] [receive] via NET/Socket/0 comm 0x6d5decf0 nRanks 08
mi300x-01:403:7805 [6] NCCL INFO Channel 14/0 : 3[c6000] -> 7[c6000] [send] via NET/Socket/6 comm 0x6d678d80 nRanks 08
mi300x-01:403:7805 [6] NCCL INFO Channel 15/0 : 3[c6000] -> 7[c6000] [send] via NET/Socket/7 comm 0x6d678d80 nRanks 08
mi300x-01:397:7802 [0] NCCL INFO Channel 09/0 : 4[5000] -> 0[5000] [receive] via NET/Socket/1 comm 0x6d5decf0 nRanks 08
mi300x-01:403:7805 [6] NCCL INFO Channel 21/0 : 3[c6000] -> 7[c6000] [send] via NET/Socket/5 comm 0x6d678d80 nRanks 08
mi300x-01:403:7805 [6] NCCL INFO Channel 22/0 : 3[c6000] -> 7[c6000] [send] via NET/Socket/6 comm 0x6d678d80 nRanks 08
mi300x-01:397:7802 [0] NCCL INFO Channel 10/0 : 4[5000] -> 0[5000] [receive] via NET/Socket/2 comm 0x6d5decf0 nRanks 08
mi300x-01:403:7805 [6] NCCL INFO Channel 23/0 : 3[c6000] -> 7[c6000] [send] via NET/Socket/7 comm 0x6d678d80 nRanks 08
mi300x-01:397:7802 [0] NCCL INFO Channel 16/0 : 4[5000] -> 0[5000] [receive] via NET/Socket/0 comm 0x6d5decf0 nRanks 08
mi300x-01:403:7805 [6] NCCL INFO Channel 29/0 : 3[c6000] -> 7[c6000] [send] via NET/Socket/5 comm 0x6d678d80 nRanks 08
mi300x-01:403:7805 [6] NCCL INFO Channel 30/0 : 3[c6000] -> 7[c6000] [send] via NET/Socket/6 comm 0x6d678d80 nRanks 08
mi300x-01:397:7802 [0] NCCL INFO Channel 17/0 : 4[5000] -> 0[5000] [receive] via NET/Socket/1 comm 0x6d5decf0 nRanks 08
mi300x-01:403:7805 [6] NCCL INFO Channel 31/0 : 3[c6000] -> 7[c6000] [send] via NET/Socket/7 comm 0x6d678d80 nRanks 08
mi300x-01:397:7802 [0] NCCL INFO Channel 18/0 : 4[5000] -> 0[5000] [receive] via NET/Socket/2 comm 0x6d5decf0 nRanks 08
mi300x-01:397:7802 [0] NCCL INFO Channel 24/0 : 4[5000] -> 0[5000] [receive] via NET/Socket/0 comm 0x6d5decf0 nRanks 08
mi300x-01:403:7805 [6] NCCL INFO Channel 03/0 : 3[c6000] -> 0[5000] via P2P/IPC comm 0x6d678d80 nRanks 08
mi300x-01:397:7802 [0] NCCL INFO Channel 25/0 : 4[5000] -> 0[5000] [receive] via NET/Socket/1 comm 0x6d5decf0 nRanks 08
mi300x-01:397:7802 [0] NCCL INFO Channel 26/0 : 4[5000] -> 0[5000] [receive] via NET/Socket/2 comm 0x6d5decf0 nRanks 08
mi300x-01:397:7802 [0] NCCL INFO Channel 00/0 : 0[5000] -> 4[5000] [send] via NET/Socket/0 comm 0x6d5decf0 nRanks 08
mi300x-01:397:7802 [0] NCCL INFO Channel 01/0 : 0[5000] -> 4[5000] [send] via NET/Socket/1 comm 0x6d5decf0 nRanks 08
mi300x-01:397:7802 [0] NCCL INFO Channel 02/0 : 0[5000] -> 4[5000] [send] via NET/Socket/2 comm 0x6d5decf0 nRanks 08
mi300x-01:397:7802 [0] NCCL INFO Channel 08/0 : 0[5000] -> 4[5000] [send] via NET/Socket/0 comm 0x6d5decf0 nRanks 08
mi300x-01:397:7802 [0] NCCL INFO Channel 09/0 : 0[5000] -> 4[5000] [send] via NET/Socket/1 comm 0x6d5decf0 nRanks 08
mi300x-01:397:7802 [0] NCCL INFO Channel 10/0 : 0[5000] -> 4[5000] [send] via NET/Socket/2 comm 0x6d5decf0 nRanks 08
mi300x-01:397:7802 [0] NCCL INFO Channel 16/0 : 0[5000] -> 4[5000] [send] via NET/Socket/0 comm 0x6d5decf0 nRanks 08
mi300x-01:397:7802 [0] NCCL INFO Channel 17/0 : 0[5000] -> 4[5000] [send] via NET/Socket/1 comm 0x6d5decf0 nRanks 08
mi300x-01:397:7802 [0] NCCL INFO Channel 18/0 : 0[5000] -> 4[5000] [send] via NET/Socket/2 comm 0x6d5decf0 nRanks 08
mi300x-01:397:7802 [0] NCCL INFO Channel 24/0 : 0[5000] -> 4[5000] [send] via NET/Socket/0 comm 0x6d5decf0 nRanks 08
mi300x-01:397:7802 [0] NCCL INFO Channel 25/0 : 0[5000] -> 4[5000] [send] via NET/Socket/1 comm 0x6d5decf0 nRanks 08
mi300x-01:397:7802 [0] NCCL INFO Channel 26/0 : 0[5000] -> 4[5000] [send] via NET/Socket/2 comm 0x6d5decf0 nRanks 08
mi300x-01:403:7805 [6] NCCL INFO Channel 04/0 : 3[c6000] -> 0[5000] via P2P/IPC comm 0x6d678d80 nRanks 08
mi300x-01:403:7805 [6] NCCL INFO Channel 11/0 : 3[c6000] -> 0[5000] via P2P/IPC comm 0x6d678d80 nRanks 08
mi300x-01:403:7805 [6] NCCL INFO Channel 12/0 : 3[c6000] -> 0[5000] via P2P/IPC comm 0x6d678d80 nRanks 08
mi300x-01:399:7806 [2] NCCL INFO Channel 00/0 : 1[46000] -> 0[5000] via P2P/IPC comm 0x6d6d2140 nRanks 08
mi300x-01:403:7805 [6] NCCL INFO Channel 19/0 : 3[c6000] -> 0[5000] via P2P/IPC comm 0x6d678d80 nRanks 08
mi300x-01:399:7806 [2] NCCL INFO Channel 01/0 : 1[46000] -> 0[5000] via P2P/IPC comm 0x6d6d2140 nRanks 08
mi300x-01:403:7805 [6] NCCL INFO Channel 20/0 : 3[c6000] -> 0[5000] via P2P/IPC comm 0x6d678d80 nRanks 08
mi300x-01:399:7806 [2] NCCL INFO Channel 02/0 : 1[46000] -> 0[5000] via P2P/IPC comm 0x6d6d2140 nRanks 08
mi300x-01:403:7805 [6] NCCL INFO Channel 27/0 : 3[c6000] -> 0[5000] via P2P/IPC comm 0x6d678d80 nRanks 08
mi300x-01:399:7806 [2] NCCL INFO Channel 03/0 : 1[46000] -> 0[5000] via P2P/IPC comm 0x6d6d2140 nRanks 08
mi300x-01:401:7804 [4] NCCL INFO Channel 05/0 : 2[85000] -> 1[46000] via P2P/IPC comm 0x6d5e16e0 nRanks 08
mi300x-01:403:7805 [6] NCCL INFO Channel 28/0 : 3[c6000] -> 0[5000] via P2P/IPC comm 0x6d678d80 nRanks 08
mi300x-01:399:7806 [2] NCCL INFO Channel 05/0 : 1[46000] -> 0[5000] via P2P/IPC comm 0x6d6d2140 nRanks 08
mi300x-01:401:7804 [4] NCCL INFO Channel 06/0 : 2[85000] -> 1[46000] via P2P/IPC comm 0x6d5e16e0 nRanks 08
mi300x-01:399:7806 [2] NCCL INFO Channel 06/0 : 1[46000] -> 0[5000] via P2P/IPC comm 0x6d6d2140 nRanks 08
mi300x-01:401:7804 [4] NCCL INFO Channel 07/0 : 2[85000] -> 1[46000] via P2P/IPC comm 0x6d5e16e0 nRanks 08
mi300x-01:399:7806 [2] NCCL INFO Channel 08/0 : 1[46000] -> 0[5000] via P2P/IPC comm 0x6d6d2140 nRanks 08
mi300x-01:403:7805 [6] NCCL INFO Channel 04/0 : 3[c6000] -> 2[85000] via P2P/IPC comm 0x6d678d80 nRanks 08
mi300x-01:401:7804 [4] NCCL INFO Channel 13/0 : 2[85000] -> 1[46000] via P2P/IPC comm 0x6d5e16e0 nRanks 08
mi300x-01:399:7806 [2] NCCL INFO Channel 09/0 : 1[46000] -> 0[5000] via P2P/IPC comm 0x6d6d2140 nRanks 08
mi300x-01:403:7805 [6] NCCL INFO Channel 05/0 : 3[c6000] -> 2[85000] via P2P/IPC comm 0x6d678d80 nRanks 08
mi300x-01:401:7804 [4] NCCL INFO Channel 14/0 : 2[85000] -> 1[46000] via P2P/IPC comm 0x6d5e16e0 nRanks 08
mi300x-01:399:7806 [2] NCCL INFO Channel 10/0 : 1[46000] -> 0[5000] via P2P/IPC comm 0x6d6d2140 nRanks 08
mi300x-01:403:7805 [6] NCCL INFO Channel 06/0 : 3[c6000] -> 2[85000] via P2P/IPC comm 0x6d678d80 nRanks 08
mi300x-01:401:7804 [4] NCCL INFO Channel 15/0 : 2[85000] -> 1[46000] via P2P/IPC comm 0x6d5e16e0 nRanks 08
mi300x-01:399:7806 [2] NCCL INFO Channel 11/0 : 1[46000] -> 0[5000] via P2P/IPC comm 0x6d6d2140 nRanks 08
mi300x-01:403:7805 [6] NCCL INFO Channel 07/0 : 3[c6000] -> 2[85000] via P2P/IPC comm 0x6d678d80 nRanks 08
mi300x-01:401:7804 [4] NCCL INFO Channel 21/0 : 2[85000] -> 1[46000] via P2P/IPC comm 0x6d5e16e0 nRanks 08
mi300x-01:399:7806 [2] NCCL INFO Channel 13/0 : 1[46000] -> 0[5000] via P2P/IPC comm 0x6d6d2140 nRanks 08
mi300x-01:403:7805 [6] NCCL INFO Channel 12/0 : 3[c6000] -> 2[85000] via P2P/IPC comm 0x6d678d80 nRanks 08
mi300x-01:401:7804 [4] NCCL INFO Channel 22/0 : 2[85000] -> 1[46000] via P2P/IPC comm 0x6d5e16e0 nRanks 08
mi300x-01:399:7806 [2] NCCL INFO Channel 14/0 : 1[46000] -> 0[5000] via P2P/IPC comm 0x6d6d2140 nRanks 08
mi300x-01:403:7805 [6] NCCL INFO Channel 13/0 : 3[c6000] -> 2[85000] via P2P/IPC comm 0x6d678d80 nRanks 08
mi300x-01:401:7804 [4] NCCL INFO Channel 23/0 : 2[85000] -> 1[46000] via P2P/IPC comm 0x6d5e16e0 nRanks 08
mi300x-01:399:7806 [2] NCCL INFO Channel 16/0 : 1[46000] -> 0[5000] via P2P/IPC comm 0x6d6d2140 nRanks 08
mi300x-01:403:7805 [6] NCCL INFO Channel 14/0 : 3[c6000] -> 2[85000] via P2P/IPC comm 0x6d678d80 nRanks 08
mi300x-01:398:7807 [1] NCCL INFO Connected all rings
mi300x-01:398:7807 [1] NCCL INFO Channel 00/0 : 0[26000] -> 1[65000] via P2P/IPC comm 0x6d497bb0 nRanks 08
mi300x-01:404:7810 [7] NCCL INFO Connected all rings
mi300x-01:400:7809 [3] NCCL INFO Connected all rings
mi300x-01:402:7808 [5] NCCL INFO Connected all rings
mi300x-01:401:7804 [4] NCCL INFO Channel 29/0 : 2[85000] -> 1[46000] via P2P/IPC comm 0x6d5e16e0 nRanks 08
mi300x-01:399:7806 [2] NCCL INFO Channel 17/0 : 1[46000] -> 0[5000] via P2P/IPC comm 0x6d6d2140 nRanks 08
mi300x-01:403:7805 [6] NCCL INFO Channel 15/0 : 3[c6000] -> 2[85000] via P2P/IPC comm 0x6d678d80 nRanks 08
mi300x-01:398:7807 [1] NCCL INFO Channel 01/0 : 0[26000] -> 1[65000] via P2P/IPC comm 0x6d497bb0 nRanks 08
mi300x-01:401:7804 [4] NCCL INFO Channel 30/0 : 2[85000] -> 1[46000] via P2P/IPC comm 0x6d5e16e0 nRanks 08
mi300x-01:399:7806 [2] NCCL INFO Channel 18/0 : 1[46000] -> 0[5000] via P2P/IPC comm 0x6d6d2140 nRanks 08
mi300x-01:403:7805 [6] NCCL INFO Channel 20/0 : 3[c6000] -> 2[85000] via P2P/IPC comm 0x6d678d80 nRanks 08
mi300x-01:398:7807 [1] NCCL INFO Channel 02/0 : 0[26000] -> 1[65000] via P2P/IPC comm 0x6d497bb0 nRanks 08
mi300x-01:401:7804 [4] NCCL INFO Channel 31/0 : 2[85000] -> 1[46000] via P2P/IPC comm 0x6d5e16e0 nRanks 08
mi300x-01:399:7806 [2] NCCL INFO Channel 19/0 : 1[46000] -> 0[5000] via P2P/IPC comm 0x6d6d2140 nRanks 08
mi300x-01:403:7805 [6] NCCL INFO Channel 21/0 : 3[c6000] -> 2[85000] via P2P/IPC comm 0x6d678d80 nRanks 08
mi300x-01:398:7807 [1] NCCL INFO Channel 03/0 : 0[26000] -> 1[65000] via P2P/IPC comm 0x6d497bb0 nRanks 08
