mi300x-01:400:7362 [1] NCCL INFO Channel 92/128      0
mi300x-01:400:7362 [1] NCCL INFO Channel 93/128      0
mi300x-01:400:7362 [1] NCCL INFO Channel 94/128      0
mi300x-01:400:7362 [1] NCCL INFO Channel 95/128      0
mi300x-01:400:7362 [1] NCCL INFO Channel 96/128      0
mi300x-01:400:7362 [1] NCCL INFO Channel 97/128      0
mi300x-01:400:7362 [1] NCCL INFO Channel 98/128      0
mi300x-01:400:7362 [1] NCCL INFO Channel 99/128      0
mi300x-01:400:7362 [1] NCCL INFO Channel 100/128      0
mi300x-01:400:7362 [1] NCCL INFO Channel 101/128      0
mi300x-01:400:7362 [1] NCCL INFO Channel 102/128      0
mi300x-01:400:7362 [1] NCCL INFO Channel 103/128      0
mi300x-01:400:7362 [1] NCCL INFO Channel 104/128      0
mi300x-01:400:7362 [1] NCCL INFO Channel 105/128      0
mi300x-01:400:7362 [1] NCCL INFO Channel 106/128      0
mi300x-01:400:7362 [1] NCCL INFO Channel 107/128      0
mi300x-01:400:7362 [1] NCCL INFO Channel 108/128      0
mi300x-01:400:7362 [1] NCCL INFO Channel 109/128      0
mi300x-01:400:7362 [1] NCCL INFO Channel 110/128      0
mi300x-01:400:7362 [1] NCCL INFO Channel 111/128      0
mi300x-01:400:7362 [1] NCCL INFO Channel 112/128      0
mi300x-01:400:7362 [1] NCCL INFO Channel 113/128      0
mi300x-01:400:7362 [1] NCCL INFO Channel 114/128      0
mi300x-01:400:7362 [1] NCCL INFO Channel 115/128      0
mi300x-01:400:7362 [1] NCCL INFO Channel 116/128      0
mi300x-01:400:7362 [1] NCCL INFO Channel 117/128      0
mi300x-01:400:7362 [1] NCCL INFO Channel 118/128      0
mi300x-01:400:7362 [1] NCCL INFO Channel 119/128      0
mi300x-01:400:7362 [1] NCCL INFO Channel 120/128      0
mi300x-01:400:7362 [1] NCCL INFO Channel 121/128      0
mi300x-01:400:7362 [1] NCCL INFO Channel 122/128      0
mi300x-01:400:7362 [1] NCCL INFO Channel 123/128      0
mi300x-01:400:7362 [1] NCCL INFO Channel 124/128      0
mi300x-01:400:7362 [1] NCCL INFO Channel 125/128      0
mi300x-01:400:7362 [1] NCCL INFO Channel 126/128      0
mi300x-01:400:7362 [1] NCCL INFO Channel 127/128      0
mi300x-01:400:7362 [1] NCCL INFO Trees [0] -1/-1/-1->0->-1 [1] -1/-1/-1->0->-1 [2] -1/-1/-1->0->-1 [3] -1/-1/-1->0->-1 [4] -1/-1/-1->0->-1 [5] -1/-1/-1->0->-1 [6] -1/-1/-1->0->-1 [7] -1/-1/-1->0->-1 [8] -1/-1/-1->0->-1 [9] -1/-1/-1->0->-1 [10] -1/-1/-1->0->-1 [11] -1/-1/-1->0->-1 [12] -1/-1/-1->0->-1 [13] -1/-1/-1->0->-1 [14] -1/-1/-1->0->-1 [15] -1/-1/-1->0->-1 [16] -1/-1/-1->0->-1 [17] -1/-1/-1->0->-1 [18] -1/-1/-1->0->-1 [19] -1/-1/-1->0->-1 [20] -1/-1/-1->0->-1 [21] -1/-1/-1->0->-1 [22] -1/-1/-1->0->-1 [23] -1/-1/-1->0->-1 [24] -1/-1/-1->0->-1 [25] -1/-1/-1->0->-1 [26] -1/-1/-1->0->-1 [27] -1/-1/-1->0->-1 [28] -1/-1/-1->0->-1 [29] -1/-1/-1->0->-1 [30] -1/-1/-1->0->-1 [31] -1/-1/-1->0->-1 [32] -1/-1/-1->0->-1 [33] -1/-1/-1->0->-1 [34] -1/-1/-1->0->-1 [35] -1/-1/-1->0->-1 [36] -1/-1/-1->0->-1 [37] -1/-1/-1->0->-1 [38] -1/-1/-1->0->-1 [39] -1/-1/-1->0->-1 [40] -1/-1/-1->0->-1 [41] -1/-1/-1->0->-1 [42] -1/-1/-1->0->-1 [43] -1/-1/-1->0->-1 [44] -1/-1/-1->0->-1 [45] -1/-1/-1->0->-1 [46] -1/-1/-1->0->-1 [47] -1/-1/-1->0->-1 [48] -1/-1/-1->0->-1 [49] -1/-1/-1->0->-1 [50] -1/-1/-1->0->-1 [51] -1/-1/-1->0->-1 [52] -1/-1/-1->0->-1 [53] -1/-1/-1->0->-1 [54] -1/-1/-1->0->-1 [55] -1/-1/-1->0->-1 [56] -1/-1/-1->0->-1 [57] -1/-1/-1->0->-1 [58] -1/-1/-1->0->-1 [59] -1/-1/-1->0->-1 [60] -1/-1/-1->0->-1 [61] -1/-1/-1->0->-1 [62] -1/-1/-1->0->-1 [63] -1/-1/-1->0->-1 [64] -1/-1/-1->0->-1 [65] -1/-1/-1->0->-1 [66] -1/-1/-1->0->-1 [67] -1/-1/-1->0->-1 [68] -1/-1/-1->0->-1 [69] -1/-1/-1->0->-1 [70] -1/-1/-1->0->-1 [71] -1/-1/-1->0->-1 [72] -1/-1/-1->0->-1 [73] -1/-1/-1->0->-1 [74] -1/-1/-1->0->-1 [75] -1/-1/-1->0->-1 [76] -1/-1/-1->0->-1 [77] -1/-1/-1->0->-1 [78] -1/-1/-1->0->-1 [79] -1/-1/-1->0->-1 [80] -1/-1/-1->0->-1 [81] -1/-1/-1->0->-1 [82] -1/-1/-1->0->-1 [83] -1/-1/-1->0->-1 [84] -1/-1/-1->0->-1 [85] -1/-1/-1->0->-1 [86] -1/-1/-1->0->-1 [87] -1/-1/-1->0->-1 [88] -1/-1/-1->0->-1 [89] -1/-1/-1->0->-1 [90] -1/-1/-1->0->-1 [91] -1/-1/-1->0->-1 [92] -1/-1/-1->0->-1 [93] -1/-1/-1->0->-1 [94] -1/-1/-1->0->-1 [95] -1/-1/-1->0->-1 [96] -1/-1/-1->0->-1 [97] -1/-1/-1->0-> comm 0x6d1f1c00 nRanks 01 busId 26000
mi300x-01:400:7362 [1] NCCL INFO P2P Chunksize set to 131072
mi300x-01:402:7350 [3] NCCL INFO 128 coll channels, 128 collnet channels, 0 nvls channels, 64 p2p channels, 128 p2p channels per peer
mi300x-01:402:7350 [3] NCCL INFO CC Off, Multi-GPU CC Off, workFifoBytes 1048576

mi300x-01:402:7350 [3] /longer_pathname_so_that_rpms_can_support_packaging_the_debug_info_for_all_os_profiles/src/out/ubuntu-22.04/22.04/build/rccl/hipify/src/init.cc:1954 NCCL WARN MSCCL++: Cannot enable MSCCL++; environment is not MSCCL compatible
mi300x-01:402:7350 [3] NCCL INFO ncclCommInitRank comm 0x6cfd2ca0 rank 0 nranks 1 cudaDev 3 nvmlDev 3 busId 65000 commId 0x35ffe4f30fc7720e localSize 384 used 2173569906 bytes on core 1 - Init COMPLETE
mi300x-01:402:7350 [3] NCCL INFO Init timings: rank 0 nranks 1 total 0.06 (kernels 0.00, bootstrap 0.03, allgathers 0.00, topo 0.02, graphs 0.00, connections 0.01, rest 0.00)
mi300x-01:401:7352 [2] NCCL INFO 128 coll channels, 128 collnet channels, 0 nvls channels, 64 p2p channels, 128 p2p channels per peer
mi300x-01:401:7352 [2] NCCL INFO CC Off, Multi-GPU CC Off, workFifoBytes 1048576
mi300x-01:399:7358 [0] NCCL INFO 128 coll channels, 128 collnet channels, 0 nvls channels, 64 p2p channels, 128 p2p channels per peer
mi300x-01:399:7358 [0] NCCL INFO CC Off, Multi-GPU CC Off, workFifoBytes 1048576

mi300x-01:399:7358 [0] /longer_pathname_so_that_rpms_can_support_packaging_the_debug_info_for_all_os_profiles/src/out/ubuntu-22.04/22.04/build/rccl/hipify/src/init.cc:1954 NCCL WARN MSCCL++: Cannot enable MSCCL++; environment is not MSCCL compatible
mi300x-01:399:7358 [0] NCCL INFO ncclCommInitRank comm 0x6d1ab410 rank 0 nranks 1 cudaDev 0 nvmlDev 0 busId 5000 commId 0x518f445257b348fe localSize 384 used 2219182902 bytes on core 169 - Init COMPLETE
mi300x-01:399:7358 [0] NCCL INFO Init timings: rank 0 nranks 1 total 0.06 (kernels 0.00, bootstrap 0.03, allgathers 0.00, topo 0.02, graphs 0.00, connections 0.01, rest 0.00)

mi300x-01:401:7352 [2] /longer_pathname_so_that_rpms_can_support_packaging_the_debug_info_for_all_os_profiles/src/out/ubuntu-22.04/22.04/build/rccl/hipify/src/init.cc:1954 NCCL WARN MSCCL++: Cannot enable MSCCL++; environment is not MSCCL compatible
mi300x-01:401:7352 [2] NCCL INFO ncclCommInitRank comm 0x6d1933a0 rank 0 nranks 1 cudaDev 2 nvmlDev 2 busId 46000 commId 0xc5ba5a6b51205f1e localSize 384 used 2136869706 bytes on core 128 - Init COMPLETE
mi300x-01:401:7352 [2] NCCL INFO Init timings: rank 0 nranks 1 total 0.06 (kernels 0.00, bootstrap 0.03, allgathers 0.00, topo 0.02, graphs 0.00, connections 0.01, rest 0.00)
mi300x-01:406:7354 [7] NCCL INFO 128 coll channels, 128 collnet channels, 0 nvls channels, 64 p2p channels, 128 p2p channels per peer
mi300x-01:406:7354 [7] NCCL INFO CC Off, Multi-GPU CC Off, workFifoBytes 1048576

mi300x-01:406:7354 [7] /longer_pathname_so_that_rpms_can_support_packaging_the_debug_info_for_all_os_profiles/src/out/ubuntu-22.04/22.04/build/rccl/hipify/src/init.cc:1954 NCCL WARN MSCCL++: Cannot enable MSCCL++; environment is not MSCCL compatible
mi300x-01:406:7354 [7] NCCL INFO ncclCommInitRank comm 0x6cff8c20 rank 0 nranks 1 cudaDev 7 nvmlDev 7 busId e5000 commId 0xec48a8935aab7c2e localSize 384 used 2207910764 bytes on core 247 - Init COMPLETE
mi300x-01:406:7354 [7] NCCL INFO Init timings: rank 0 nranks 1 total 0.06 (kernels 0.00, bootstrap 0.03, allgathers 0.00, topo 0.02, graphs 0.00, connections 0.01, rest 0.00)
mi300x-01:403:7356 [4] NCCL INFO 128 coll channels, 128 collnet channels, 0 nvls channels, 64 p2p channels, 128 p2p channels per peer
mi300x-01:403:7356 [4] NCCL INFO CC Off, Multi-GPU CC Off, workFifoBytes 1048576

mi300x-01:403:7356 [4] /longer_pathname_so_that_rpms_can_support_packaging_the_debug_info_for_all_os_profiles/src/out/ubuntu-22.04/22.04/build/rccl/hipify/src/init.cc:1954 NCCL WARN MSCCL++: Cannot enable MSCCL++; environment is not MSCCL compatible
mi300x-01:403:7356 [4] NCCL INFO ncclCommInitRank comm 0x6cf932c0 rank 0 nranks 1 cudaDev 4 nvmlDev 4 busId 85000 commId 0xcdf7de014aea0da0 localSize 384 used 2261388116 bytes on core 79 - Init COMPLETE
mi300x-01:403:7356 [4] NCCL INFO Init timings: rank 0 nranks 1 total 0.06 (kernels 0.00, bootstrap 0.03, allgathers 0.00, topo 0.02, graphs 0.00, connections 0.01, rest 0.00)
mi300x-01:405:7360 [6] NCCL INFO 128 coll channels, 128 collnet channels, 0 nvls channels, 64 p2p channels, 128 p2p channels per peer
mi300x-01:405:7360 [6] NCCL INFO CC Off, Multi-GPU CC Off, workFifoBytes 1048576

mi300x-01:405:7360 [6] /longer_pathname_so_that_rpms_can_support_packaging_the_debug_info_for_all_os_profiles/src/out/ubuntu-22.04/22.04/build/rccl/hipify/src/init.cc:1954 NCCL WARN MSCCL++: Cannot enable MSCCL++; environment is not MSCCL compatible
mi300x-01:405:7360 [6] NCCL INFO ncclCommInitRank comm 0x6d1b9330 rank 0 nranks 1 cudaDev 6 nvmlDev 6 busId c6000 commId 0x53e159e7bf1adda5 localSize 384 used 2141850468 bytes on core 100 - Init COMPLETE
mi300x-01:405:7360 [6] NCCL INFO Init timings: rank 0 nranks 1 total 0.06 (kernels 0.00, bootstrap 0.03, allgathers 0.00, topo 0.02, graphs 0.00, connections 0.01, rest 0.00)
mi300x-01:400:7362 [1] NCCL INFO 128 coll channels, 128 collnet channels, 0 nvls channels, 64 p2p channels, 128 p2p channels per peer
mi300x-01:400:7362 [1] NCCL INFO CC Off, Multi-GPU CC Off, workFifoBytes 1048576

mi300x-01:400:7362 [1] /longer_pathname_so_that_rpms_can_support_packaging_the_debug_info_for_all_os_profiles/src/out/ubuntu-22.04/22.04/build/rccl/hipify/src/init.cc:1954 NCCL WARN MSCCL++: Cannot enable MSCCL++; environment is not MSCCL compatible
mi300x-01:400:7362 [1] NCCL INFO ncclCommInitRank comm 0x6d1f1c00 rank 0 nranks 1 cudaDev 1 nvmlDev 1 busId 26000 commId 0x3610c197d9ae0e1f localSize 384 used 2213940062 bytes on core 0 - Init COMPLETE
mi300x-01:400:7362 [1] NCCL INFO Init timings: rank 0 nranks 1 total 0.06 (kernels 0.00, bootstrap 0.03, allgathers 0.00, topo 0.02, graphs 0.00, connections 0.01, rest 0.00)
mi300x-01:399:399 [0] NCCL INFO Kernel version: 5.15.0-113-generic
mi300x-01:399:399 [0] NCCL INFO Kernel version: 5.15.0-113-generic
mi300x-01:401:401 [2] NCCL INFO Kernel version: 5.15.0-113-generic
mi300x-01:399:399 [0] NCCL INFO Comm config Blocking set to 1
mi300x-01:401:401 [2] NCCL INFO Comm config Blocking set to 1
mi300x-01:401:7388 [2] NCCL INFO Using network Socket
mi300x-01:399:7389 [0] NCCL INFO Using network Socket
mi300x-01:401:7388 [2] NCCL INFO [node_id = 3; gpu_id = 23018; unique_id = 644790493291576379; location_id = 9728; bdf = 9728; domain = 0; partition = 0], 
mi300x-01:401:7388 [2] NCCL INFO [node_id = 4; gpu_id = 29122; unique_id = 3215663133726981328; location_id = 17920; bdf = 17920; domain = 0; partition = 0], 
mi300x-01:401:7388 [2] NCCL INFO [node_id = 5; gpu_id = 22683; unique_id = 8864042241711292136; location_id = 25856; bdf = 25856; domain = 0; partition = 0], 
mi300x-01:401:7388 [2] NCCL INFO [node_id = 2; gpu_id = 28851; unique_id = 11388078476087105620; location_id = 1280; bdf = 1280; domain = 0; partition = 0], 
mi300x-01:401:7388 [2] NCCL INFO [node_id = 8; gpu_id = 53667; unique_id = 12980883725215846229; location_id = 50688; bdf = 50688; domain = 0; partition = 0], 
mi300x-01:401:7388 [2] NCCL INFO [node_id = 6; gpu_id = 53458; unique_id = 14180679964433427195; location_id = 34048; bdf = 34048; domain = 0; partition = 0], 
mi300x-01:401:7388 [2] NCCL INFO [node_id = 9; gpu_id = 63738; unique_id = 14214011618938632570; location_id = 58624; bdf = 58624; domain = 0; partition = 0], 
mi300x-01:401:7388 [2] NCCL INFO [node_id = 7; gpu_id = 63883; unique_id = 15956530834995328450; location_id = 42496; bdf = 42496; domain = 0; partition = 0], 
mi300x-01:399:7389 [0] NCCL INFO [node_id = 3; gpu_id = 23018; unique_id = 644790493291576379; location_id = 9728; bdf = 9728; domain = 0; partition = 0], 
mi300x-01:399:7389 [0] NCCL INFO [node_id = 4; gpu_id = 29122; unique_id = 3215663133726981328; location_id = 17920; bdf = 17920; domain = 0; partition = 0], 
mi300x-01:399:7389 [0] NCCL INFO [node_id = 5; gpu_id = 22683; unique_id = 8864042241711292136; location_id = 25856; bdf = 25856; domain = 0; partition = 0], 
mi300x-01:399:7389 [0] NCCL INFO [node_id = 2; gpu_id = 28851; unique_id = 11388078476087105620; location_id = 1280; bdf = 1280; domain = 0; partition = 0], 
mi300x-01:399:7389 [0] NCCL INFO [node_id = 8; gpu_id = 53667; unique_id = 12980883725215846229; location_id = 50688; bdf = 50688; domain = 0; partition = 0], 
mi300x-01:399:7389 [0] NCCL INFO [node_id = 6; gpu_id = 53458; unique_id = 14180679964433427195; location_id = 34048; bdf = 34048; domain = 0; partition = 0], 
mi300x-01:399:7389 [0] NCCL INFO [node_id = 9; gpu_id = 63738; unique_id = 14214011618938632570; location_id = 58624; bdf = 58624; domain = 0; partition = 0], 
mi300x-01:399:7389 [0] NCCL INFO [node_id = 7; gpu_id = 63883; unique_id = 15956530834995328450; location_id = 42496; bdf = 42496; domain = 0; partition = 0], 
mi300x-01:403:403 [4] NCCL INFO Kernel version: 5.15.0-113-generic
mi300x-01:403:403 [4] NCCL INFO Comm config Blocking set to 1
mi300x-01:403:7390 [4] NCCL INFO Using network Socket
mi300x-01:403:7390 [4] NCCL INFO [node_id = 3; gpu_id = 23018; unique_id = 644790493291576379; location_id = 9728; bdf = 9728; domain = 0; partition = 0], 
mi300x-01:403:7390 [4] NCCL INFO [node_id = 4; gpu_id = 29122; unique_id = 3215663133726981328; location_id = 17920; bdf = 17920; domain = 0; partition = 0], 
mi300x-01:403:7390 [4] NCCL INFO [node_id = 5; gpu_id = 22683; unique_id = 8864042241711292136; location_id = 25856; bdf = 25856; domain = 0; partition = 0], 
mi300x-01:403:7390 [4] NCCL INFO [node_id = 2; gpu_id = 28851; unique_id = 11388078476087105620; location_id = 1280; bdf = 1280; domain = 0; partition = 0], 
mi300x-01:403:7390 [4] NCCL INFO [node_id = 8; gpu_id = 53667; unique_id = 12980883725215846229; location_id = 50688; bdf = 50688; domain = 0; partition = 0], 
mi300x-01:403:7390 [4] NCCL INFO [node_id = 6; gpu_id = 53458; unique_id = 14180679964433427195; location_id = 34048; bdf = 34048; domain = 0; partition = 0], 
mi300x-01:403:7390 [4] NCCL INFO [node_id = 9; gpu_id = 63738; unique_id = 14214011618938632570; location_id = 58624; bdf = 58624; domain = 0; partition = 0], 
mi300x-01:403:7390 [4] NCCL INFO [node_id = 7; gpu_id = 63883; unique_id = 15956530834995328450; location_id = 42496; bdf = 42496; domain = 0; partition = 0], 
mi300x-01:405:405 [6] NCCL INFO Kernel version: 5.15.0-113-generic
mi300x-01:405:405 [6] NCCL INFO Comm config Blocking set to 1
mi300x-01:405:7391 [6] NCCL INFO Using network Socket
mi300x-01:400:400 [1] NCCL INFO Kernel version: 5.15.0-113-generic
mi300x-01:400:400 [1] NCCL INFO Kernel version: 5.15.0-113-generic
mi300x-01:404:404 [5] NCCL INFO Kernel version: 5.15.0-113-generic
mi300x-01:402:402 [3] NCCL INFO Kernel version: 5.15.0-113-generic
mi300x-01:406:406 [7] NCCL INFO Kernel version: 5.15.0-113-generic
mi300x-01:400:400 [1] NCCL INFO Comm config Blocking set to 1
mi300x-01:405:7391 [6] NCCL INFO [node_id = 3; gpu_id = 23018; unique_id = 644790493291576379; location_id = 9728; bdf = 9728; domain = 0; partition = 0], 
mi300x-01:405:7391 [6] NCCL INFO [node_id = 4; gpu_id = 29122; unique_id = 3215663133726981328; location_id = 17920; bdf = 17920; domain = 0; partition = 0], 
mi300x-01:405:7391 [6] NCCL INFO [node_id = 5; gpu_id = 22683; unique_id = 8864042241711292136; location_id = 25856; bdf = 25856; domain = 0; partition = 0], 
mi300x-01:405:7391 [6] NCCL INFO [node_id = 2; gpu_id = 28851; unique_id = 11388078476087105620; location_id = 1280; bdf = 1280; domain = 0; partition = 0], 
mi300x-01:405:7391 [6] NCCL INFO [node_id = 8; gpu_id = 53667; unique_id = 12980883725215846229; location_id = 50688; bdf = 50688; domain = 0; partition = 0], 
mi300x-01:405:7391 [6] NCCL INFO [node_id = 6; gpu_id = 53458; unique_id = 14180679964433427195; location_id = 34048; bdf = 34048; domain = 0; partition = 0], 
mi300x-01:405:7391 [6] NCCL INFO [node_id = 9; gpu_id = 63738; unique_id = 14214011618938632570; location_id = 58624; bdf = 58624; domain = 0; partition = 0], 
mi300x-01:405:7391 [6] NCCL INFO [node_id = 7; gpu_id = 63883; unique_id = 15956530834995328450; location_id = 42496; bdf = 42496; domain = 0; partition = 0], 
mi300x-01:404:404 [5] NCCL INFO Comm config Blocking set to 1
mi300x-01:406:406 [7] NCCL INFO Comm config Blocking set to 1
mi300x-01:402:402 [3] NCCL INFO Comm config Blocking set to 1
mi300x-01:404:7394 [5] NCCL INFO Using network Socket
mi300x-01:406:7395 [7] NCCL INFO Using network Socket
mi300x-01:400:7393 [1] NCCL INFO Using network Socket
mi300x-01:402:7396 [3] NCCL INFO Using network Socket
mi300x-01:406:7395 [7] NCCL INFO [node_id = 3; gpu_id = 23018; unique_id = 644790493291576379; location_id = 9728; bdf = 9728; domain = 0; partition = 0], 
mi300x-01:404:7394 [5] NCCL INFO [node_id = 3; gpu_id = 23018; unique_id = 644790493291576379; location_id = 9728; bdf = 9728; domain = 0; partition = 0], 
mi300x-01:404:7394 [5] NCCL INFO [node_id = 4; gpu_id = 29122; unique_id = 3215663133726981328; location_id = 17920; bdf = 17920; domain = 0; partition = 0], 
mi300x-01:404:7394 [5] NCCL INFO [node_id = 5; gpu_id = 22683; unique_id = 8864042241711292136; location_id = 25856; bdf = 25856; domain = 0; partition = 0], 
mi300x-01:406:7395 [7] NCCL INFO [node_id = 4; gpu_id = 29122; unique_id = 3215663133726981328; location_id = 17920; bdf = 17920; domain = 0; partition = 0], 
mi300x-01:404:7394 [5] NCCL INFO [node_id = 2; gpu_id = 28851; unique_id = 11388078476087105620; location_id = 1280; bdf = 1280; domain = 0; partition = 0], 
mi300x-01:406:7395 [7] NCCL INFO [node_id = 5; gpu_id = 22683; unique_id = 8864042241711292136; location_id = 25856; bdf = 25856; domain = 0; partition = 0], 
mi300x-01:404:7394 [5] NCCL INFO [node_id = 8; gpu_id = 53667; unique_id = 12980883725215846229; location_id = 50688; bdf = 50688; domain = 0; partition = 0], 
mi300x-01:406:7395 [7] NCCL INFO [node_id = 2; gpu_id = 28851; unique_id = 11388078476087105620; location_id = 1280; bdf = 1280; domain = 0; partition = 0], 
mi300x-01:404:7394 [5] NCCL INFO [node_id = 6; gpu_id = 53458; unique_id = 14180679964433427195; location_id = 34048; bdf = 34048; domain = 0; partition = 0], 
mi300x-01:406:7395 [7] NCCL INFO [node_id = 8; gpu_id = 53667; unique_id = 12980883725215846229; location_id = 50688; bdf = 50688; domain = 0; partition = 0], 
mi300x-01:404:7394 [5] NCCL INFO [node_id = 9; gpu_id = 63738; unique_id = 14214011618938632570; location_id = 58624; bdf = 58624; domain = 0; partition = 0], 
mi300x-01:406:7395 [7] NCCL INFO [node_id = 6; gpu_id = 53458; unique_id = 14180679964433427195; location_id = 34048; bdf = 34048; domain = 0; partition = 0], 
mi300x-01:404:7394 [5] NCCL INFO [node_id = 7; gpu_id = 63883; unique_id = 15956530834995328450; location_id = 42496; bdf = 42496; domain = 0; partition = 0], 
mi300x-01:406:7395 [7] NCCL INFO [node_id = 9; gpu_id = 63738; unique_id = 14214011618938632570; location_id = 58624; bdf = 58624; domain = 0; partition = 0], 
mi300x-01:406:7395 [7] NCCL INFO [node_id = 7; gpu_id = 63883; unique_id = 15956530834995328450; location_id = 42496; bdf = 42496; domain = 0; partition = 0], 
mi300x-01:402:7396 [3] NCCL INFO [node_id = 3; gpu_id = 23018; unique_id = 644790493291576379; location_id = 9728; bdf = 9728; domain = 0; partition = 0], 
mi300x-01:402:7396 [3] NCCL INFO [node_id = 4; gpu_id = 29122; unique_id = 3215663133726981328; location_id = 17920; bdf = 17920; domain = 0; partition = 0], 
mi300x-01:402:7396 [3] NCCL INFO [node_id = 5; gpu_id = 22683; unique_id = 8864042241711292136; location_id = 25856; bdf = 25856; domain = 0; partition = 0], 
mi300x-01:402:7396 [3] NCCL INFO [node_id = 2; gpu_id = 28851; unique_id = 11388078476087105620; location_id = 1280; bdf = 1280; domain = 0; partition = 0], 
mi300x-01:402:7396 [3] NCCL INFO [node_id = 8; gpu_id = 53667; unique_id = 12980883725215846229; location_id = 50688; bdf = 50688; domain = 0; partition = 0], 
mi300x-01:402:7396 [3] NCCL INFO [node_id = 6; gpu_id = 53458; unique_id = 14180679964433427195; location_id = 34048; bdf = 34048; domain = 0; partition = 0], 
mi300x-01:402:7396 [3] NCCL INFO [node_id = 9; gpu_id = 63738; unique_id = 14214011618938632570; location_id = 58624; bdf = 58624; domain = 0; partition = 0], 
mi300x-01:402:7396 [3] NCCL INFO [node_id = 7; gpu_id = 63883; unique_id = 15956530834995328450; location_id = 42496; bdf = 42496; domain = 0; partition = 0], 
mi300x-01:400:7393 [1] NCCL INFO [node_id = 3; gpu_id = 23018; unique_id = 644790493291576379; location_id = 9728; bdf = 9728; domain = 0; partition = 0], 
mi300x-01:400:7393 [1] NCCL INFO [node_id = 4; gpu_id = 29122; unique_id = 3215663133726981328; location_id = 17920; bdf = 17920; domain = 0; partition = 0], 
mi300x-01:400:7393 [1] NCCL INFO [node_id = 5; gpu_id = 22683; unique_id = 8864042241711292136; location_id = 25856; bdf = 25856; domain = 0; partition = 0], 
mi300x-01:400:7393 [1] NCCL INFO [node_id = 2; gpu_id = 28851; unique_id = 11388078476087105620; location_id = 1280; bdf = 1280; domain = 0; partition = 0], 
mi300x-01:400:7393 [1] NCCL INFO [node_id = 8; gpu_id = 53667; unique_id = 12980883725215846229; location_id = 50688; bdf = 50688; domain = 0; partition = 0], 
mi300x-01:400:7393 [1] NCCL INFO [node_id = 6; gpu_id = 53458; unique_id = 14180679964433427195; location_id = 34048; bdf = 34048; domain = 0; partition = 0], 
mi300x-01:400:7393 [1] NCCL INFO [node_id = 9; gpu_id = 63738; unique_id = 14214011618938632570; location_id = 58624; bdf = 58624; domain = 0; partition = 0], 
mi300x-01:400:7393 [1] NCCL INFO [node_id = 7; gpu_id = 63883; unique_id = 15956530834995328450; location_id = 42496; bdf = 42496; domain = 0; partition = 0], 
mi300x-01:401:7388 [2] NCCL INFO initialized internal alternative rsmi functionality
mi300x-01:399:7389 [0] NCCL INFO initialized internal alternative rsmi functionality
mi300x-01:403:7390 [4] NCCL INFO initialized internal alternative rsmi functionality
mi300x-01:405:7391 [6] NCCL INFO initialized internal alternative rsmi functionality
mi300x-01:402:7396 [3] NCCL INFO initialized internal alternative rsmi functionality
mi300x-01:406:7395 [7] NCCL INFO initialized internal alternative rsmi functionality
mi300x-01:404:7394 [5] NCCL INFO initialized internal alternative rsmi functionality
mi300x-01:400:7393 [1] NCCL INFO initialized internal alternative rsmi functionality
mi300x-01:406:7395 [7] NCCL INFO ncclCommInitRank comm 0x6d743440 rank 3 nranks 8 cudaDev 7 nvmlDev 7 busId e5000 commId 0x3fe41a42e75a07a4 - Init START
mi300x-01:404:7394 [5] NCCL INFO ncclCommInitRank comm 0x6d534760 rank 2 nranks 8 cudaDev 5 nvmlDev 5 busId a6000 commId 0x3fe41a42e75a07a4 - Init START
mi300x-01:400:7393 [1] NCCL INFO ncclCommInitRank comm 0x6d50bea0 rank 0 nranks 8 cudaDev 1 nvmlDev 1 busId 26000 commId 0x3fe41a42e75a07a4 - Init START
mi300x-01:402:7396 [3] NCCL INFO ncclCommInitRank comm 0x6d573140 rank 1 nranks 8 cudaDev 3 nvmlDev 3 busId 65000 commId 0x3fe41a42e75a07a4 - Init START
mi300x-01:406:7395 [7] NCCL INFO initialized internal alternative rsmi functionality
mi300x-01:404:7394 [5] NCCL INFO initialized internal alternative rsmi functionality
mi300x-01:402:7396 [3] NCCL INFO initialized internal alternative rsmi functionality
mi300x-01:400:7393 [1] NCCL INFO initialized internal alternative rsmi functionality
mi300x-01:405:7391 [6] NCCL INFO ncclCommInitRank comm 0x6d30eac0 rank 3 nranks 8 cudaDev 6 nvmlDev 6 busId c6000 commId 0x1e32a2d5ac52eb2c - Init START
mi300x-01:403:7390 [4] NCCL INFO ncclCommInitRank comm 0x6d56f090 rank 2 nranks 8 cudaDev 4 nvmlDev 4 busId 85000 commId 0x1e32a2d5ac52eb2c - Init START
mi300x-01:401:7388 [2] NCCL INFO ncclCommInitRank comm 0x6d857a60 rank 1 nranks 8 cudaDev 2 nvmlDev 2 busId 46000 commId 0x1e32a2d5ac52eb2c - Init START
mi300x-01:399:7389 [0] NCCL INFO ncclCommInitRank comm 0x6d51e770 rank 0 nranks 8 cudaDev 0 nvmlDev 0 busId 5000 commId 0x1e32a2d5ac52eb2c - Init START
mi300x-01:405:7391 [6] NCCL INFO initialized internal alternative rsmi functionality
mi300x-01:399:7389 [0] NCCL INFO initialized internal alternative rsmi functionality
mi300x-01:401:7388 [2] NCCL INFO initialized internal alternative rsmi functionality
mi300x-01:403:7390 [4] NCCL INFO initialized internal alternative rsmi functionality
mi300x-01:406:7395 [7] NCCL INFO Setting affinity for GPU 7 to ffffffff,ffffffff,00000000,00000000,ffffffff,ffffffff,00000000,00000000
mi300x-01:404:7394 [5] NCCL INFO Setting affinity for GPU 5 to ffffffff,ffffffff,00000000,00000000,ffffffff,ffffffff,00000000,00000000
mi300x-01:400:7393 [1] NCCL INFO Setting affinity for GPU 1 to ffffffff,ffffffff,00000000,00000000,ffffffff,ffffffff
mi300x-01:402:7396 [3] NCCL INFO Setting affinity for GPU 3 to ffffffff,ffffffff,00000000,00000000,ffffffff,ffffffff
mi300x-01:403:7390 [4] NCCL INFO Setting affinity for GPU 4 to ffffffff,ffffffff,00000000,00000000,ffffffff,ffffffff,00000000,00000000
mi300x-01:401:7388 [2] NCCL INFO Setting affinity for GPU 2 to ffffffff,ffffffff,00000000,00000000,ffffffff,ffffffff
mi300x-01:399:7389 [0] NCCL INFO Setting affinity for GPU 0 to ffffffff,ffffffff,00000000,00000000,ffffffff,ffffffff
mi300x-01:405:7391 [6] NCCL INFO Setting affinity for GPU 6 to ffffffff,ffffffff,00000000,00000000,ffffffff,ffffffff,00000000,00000000
mi300x-01:405:7391 [6] NCCL INFO comm 0x6d30eac0 rank 3 nRanks 8 nNodes 2 localRanks 4 localRank 3 MNNVL 0
mi300x-01:403:7390 [4] NCCL INFO comm 0x6d56f090 rank 2 nRanks 8 nNodes 2 localRanks 4 localRank 2 MNNVL 0
mi300x-01:399:7389 [0] NCCL INFO comm 0x6d51e770 rank 0 nRanks 8 nNodes 2 localRanks 4 localRank 0 MNNVL 0
mi300x-01:401:7388 [2] NCCL INFO comm 0x6d857a60 rank 1 nRanks 8 nNodes 2 localRanks 4 localRank 1 MNNVL 0
mi300x-01:405:7391 [6] NCCL INFO Trees [0] -1/-1/-1->3->2 [1] -1/-1/-1->3->2 [2] -1/-1/-1->3->2 [3] 2/-1/-1->3->0 [4] 0/-1/-1->3->2 [5] 2/7/-1->3->-1 [6] 2/7/-1->3->-1 [7] -1/-1/-1->3->2 [8] -1/-1/-1->3->2 [9] -1/-1/-1->3->2 [10] 2/-1/-1->3->0 [11] 0/-1/-1->3->2 [12] 2/-1/-1->3->7 [13] 2/-1/-1->3->7 [14] -1/-1/-1->3->2 [15] -1/-1/-1->3->2 [16] -1/-1/-1->3->2 [17] 2/-1/-1->3->0 [18] 0/-1/-1->3->2 [19] 2/7/-1->3->-1 [20] 2/7/-1->3->-1 [21] -1/-1/-1->3->2 [22] -1/-1/-1->3->2 [23] -1/-1/-1->3->2 [24] 2/-1/-1->3->0 [25] 0/-1/-1->3->2 [26] 2/-1/-1->3->7 [27] 2/-1/-1->3->7 [28] -1/-1/-1->3->2 [29] -1/-1/-1->3->2 [30] -1/-1/-1->3->2 [31] 2/-1/-1->3->0 comm 0x6d30eac0 nRanks 08 busId c6000
mi300x-01:405:7391 [6] NCCL INFO P2P Chunksize set to 131072
mi300x-01:403:7390 [4] NCCL INFO Trees [0] 3/-1/-1->2->1 [1] 3/-1/-1->2->1 [2] 3/-1/-1->2->1 [3] -1/-1/-1->2->3 [4] 3/7/-1->2->-1 [5] 1/-1/-1->2->3 [6] 1/-1/-1->2->3 [7] 3/-1/-1->2->1 [8] 3/-1/-1->2->1 [9] 3/-1/-1->2->1 [10] -1/-1/-1->2->3 [11] 3/-1/-1->2->7 [12] 1/-1/-1->2->3 [13] 1/-1/-1->2->3 [14] 3/-1/-1->2->1 [15] 3/-1/-1->2->1 [16] 3/-1/-1->2->1 [17] -1/-1/-1->2->3 [18] 3/7/-1->2->-1 [19] 1/-1/-1->2->3 [20] 1/-1/-1->2->3 [21] 3/-1/-1->2->1 [22] 3/-1/-1->2->1 [23] 3/-1/-1->2->1 [24] -1/-1/-1->2->3 [25] 3/-1/-1->2->7 [26] 1/-1/-1->2->3 [27] 1/-1/-1->2->3 [28] 3/-1/-1->2->1 [29] 3/-1/-1->2->1 [30] 3/-1/-1->2->1 [31] -1/-1/-1->2->3 comm 0x6d56f090 nRanks 08 busId 85000
mi300x-01:403:7390 [4] NCCL INFO P2P Chunksize set to 131072
mi300x-01:399:7389 [0] NCCL INFO Channel 00/32 :    0   3   2   1   4   7   6   5
mi300x-01:401:7388 [2] NCCL INFO Trees [0] 2/-1/-1->1->0 [1] 2/-1/-1->1->0 [2] 2/-1/-1->1->0 [3] 0/5/-1->1->-1 [4] -1/-1/-1->1->0 [5] 0/-1/-1->1->2 [6] 0/-1/-1->1->2 [7] 2/-1/-1->1->0 [8] 2/-1/-1->1->0 [9] 2/-1/-1->1->0 [10] 0/-1/-1->1->5 [11] -1/-1/-1->1->0 [12] 0/-1/-1->1->2 [13] 0/-1/-1->1->2 [14] 2/-1/-1->1->0 [15] 2/-1/-1->1->0 [16] 2/-1/-1->1->0 [17] 0/5/-1->1->-1 [18] -1/-1/-1->1->0 [19] 0/-1/-1->1->2 [20] 0/-1/-1->1->2 [21] 2/-1/-1->1->0 [22] 2/-1/-1->1->0 [23] 2/-1/-1->1->0 [24] 0/-1/-1->1->5 [25] -1/-1/-1->1->0 [26] 0/-1/-1->1->2 [27] 0/-1/-1->1->2 [28] 2/-1/-1->1->0 [29] 2/-1/-1->1->0 [30] 2/-1/-1->1->0 [31] 0/5/-1->1->-1 comm 0x6d857a60 nRanks 08 busId 46000
mi300x-01:399:7389 [0] NCCL INFO Channel 01/32 :    0   3   2   1   4   7   6   5
mi300x-01:401:7388 [2] NCCL INFO P2P Chunksize set to 131072
mi300x-01:399:7389 [0] NCCL INFO Channel 02/32 :    0   3   2   1   4   7   6   5
mi300x-01:399:7389 [0] NCCL INFO Channel 03/32 :    0   5   7   6   4   1   3   2
mi300x-01:399:7389 [0] NCCL INFO Channel 04/32 :    0   3   6   5   4   7   2   1
mi300x-01:399:7389 [0] NCCL INFO Channel 05/32 :    0   1   3   6   4   5   7   2
mi300x-01:399:7389 [0] NCCL INFO Channel 06/32 :    0   1   3   6   4   5   7   2
mi300x-01:399:7389 [0] NCCL INFO Channel 07/32 :    0   3   2   1   4   7   6   5
mi300x-01:399:7389 [0] NCCL INFO Channel 08/32 :    0   3   2   1   4   7   6   5
mi300x-01:399:7389 [0] NCCL INFO Channel 09/32 :    0   3   2   1   4   7   6   5
mi300x-01:399:7389 [0] NCCL INFO Channel 10/32 :    0   5   7   6   4   1   3   2
mi300x-01:399:7389 [0] NCCL INFO Channel 11/32 :    0   3   6   5   4   7   2   1
mi300x-01:399:7389 [0] NCCL INFO Channel 12/32 :    0   1   3   6   4   5   7   2
mi300x-01:399:7389 [0] NCCL INFO Channel 13/32 :    0   1   3   6   4   5   7   2
mi300x-01:399:7389 [0] NCCL INFO Channel 14/32 :    0   3   2   1   4   7   6   5
mi300x-01:399:7389 [0] NCCL INFO Channel 15/32 :    0   3   2   1   4   7   6   5
mi300x-01:399:7389 [0] NCCL INFO Channel 16/32 :    0   3   2   1   4   7   6   5
mi300x-01:399:7389 [0] NCCL INFO Channel 17/32 :    0   5   7   6   4   1   3   2
mi300x-01:399:7389 [0] NCCL INFO Channel 18/32 :    0   3   6   5   4   7   2   1
mi300x-01:399:7389 [0] NCCL INFO Channel 19/32 :    0   1   3   6   4   5   7   2
mi300x-01:399:7389 [0] NCCL INFO Channel 20/32 :    0   1   3   6   4   5   7   2
mi300x-01:399:7389 [0] NCCL INFO Channel 21/32 :    0   3   2   1   4   7   6   5
mi300x-01:399:7389 [0] NCCL INFO Channel 22/32 :    0   3   2   1   4   7   6   5
mi300x-01:399:7389 [0] NCCL INFO Channel 23/32 :    0   3   2   1   4   7   6   5
mi300x-01:399:7389 [0] NCCL INFO Channel 24/32 :    0   5   7   6   4   1   3   2
mi300x-01:399:7389 [0] NCCL INFO Channel 25/32 :    0   3   6   5   4   7   2   1
mi300x-01:399:7389 [0] NCCL INFO Channel 26/32 :    0   1   3   6   4   5   7   2
mi300x-01:399:7389 [0] NCCL INFO Channel 27/32 :    0   1   3   6   4   5   7   2
mi300x-01:399:7389 [0] NCCL INFO Channel 28/32 :    0   3   2   1   4   7   6   5
mi300x-01:399:7389 [0] NCCL INFO Channel 29/32 :    0   3   2   1   4   7   6   5
mi300x-01:399:7389 [0] NCCL INFO Channel 30/32 :    0   3   2   1   4   7   6   5
mi300x-01:399:7389 [0] NCCL INFO Channel 31/32 :    0   5   7   6   4   1   3   2
mi300x-01:399:7389 [0] NCCL INFO Trees [0] 1/4/-1->0->-1 [1] 1/4/-1->0->-1 [2] 1/4/-1->0->-1 [3] 3/-1/-1->0->1 [4] 1/-1/-1->0->3 [5] -1/-1/-1->0->1 [6] -1/-1/-1->0->1 [7] 1/-1/-1->0->4 [8] 1/-1/-1->0->4 [9] 1/-1/-1->0->4 [10] 3/-1/-1->0->1 [11] 1/-1/-1->0->3 [12] -1/-1/-1->0->1 [13] -1/-1/-1->0->1 [14] 1/4/-1->0->-1 [15] 1/4/-1->0->-1 [16] 1/4/-1->0->-1 [17] 3/-1/-1->0->1 [18] 1/-1/-1->0->3 [19] -1/-1/-1->0->1 [20] -1/-1/-1->0->1 [21] 1/-1/-1->0->4 [22] 1/-1/-1->0->4 [23] 1/-1/-1->0->4 [24] 3/-1/-1->0->1 [25] 1/-1/-1->0->3 [26] -1/-1/-1->0->1 [27] -1/-1/-1->0->1 [28] 1/4/-1->0->-1 [29] 1/4/-1->0->-1 [30] 1/4/-1->0->-1 [31] 3/-1/-1->0->1 comm 0x6d51e770 nRanks 08 busId 5000
mi300x-01:399:7389 [0] NCCL INFO P2P Chunksize set to 131072
mi300x-01:399:7389 [0] NCCL INFO Channel 05/0 : 0[5000] -> 1[46000] via P2P/IPC comm 0x6d51e770 nRanks 08
mi300x-01:399:7389 [0] NCCL INFO Channel 06/0 : 0[5000] -> 1[46000] via P2P/IPC comm 0x6d51e770 nRanks 08
mi300x-01:403:7390 [4] NCCL INFO Channel 04/0 : 7[c6000] -> 2[85000] [receive] via NET/Socket/4 comm 0x6d56f090 nRanks 08
mi300x-01:403:7390 [4] NCCL INFO Channel 05/0 : 7[c6000] -> 2[85000] [receive] via NET/Socket/5 comm 0x6d56f090 nRanks 08
mi300x-01:403:7390 [4] NCCL INFO Channel 06/0 : 7[c6000] -> 2[85000] [receive] via NET/Socket/6 comm 0x6d56f090 nRanks 08
mi300x-01:399:7389 [0] NCCL INFO Channel 12/0 : 0[5000] -> 1[46000] via P2P/IPC comm 0x6d51e770 nRanks 08
mi300x-01:403:7390 [4] NCCL INFO Channel 11/0 : 7[c6000] -> 2[85000] [receive] via NET/Socket/4 comm 0x6d56f090 nRanks 08
mi300x-01:403:7390 [4] NCCL INFO Channel 12/0 : 7[c6000] -> 2[85000] [receive] via NET/Socket/5 comm 0x6d56f090 nRanks 08
mi300x-01:403:7390 [4] NCCL INFO Channel 13/0 : 7[c6000] -> 2[85000] [receive] via NET/Socket/6 comm 0x6d56f090 nRanks 08
mi300x-01:403:7390 [4] NCCL INFO Channel 18/0 : 7[c6000] -> 2[85000] [receive] via NET/Socket/4 comm 0x6d56f090 nRanks 08
mi300x-01:403:7390 [4] NCCL INFO Channel 19/0 : 7[c6000] -> 2[85000] [receive] via NET/Socket/5 comm 0x6d56f090 nRanks 08
mi300x-01:403:7390 [4] NCCL INFO Channel 20/0 : 7[c6000] -> 2[85000] [receive] via NET/Socket/6 comm 0x6d56f090 nRanks 08
mi300x-01:403:7390 [4] NCCL INFO Channel 25/0 : 7[c6000] -> 2[85000] [receive] via NET/Socket/4 comm 0x6d56f090 nRanks 08
mi300x-01:403:7390 [4] NCCL INFO Channel 26/0 : 7[c6000] -> 2[85000] [receive] via NET/Socket/5 comm 0x6d56f090 nRanks 08
mi300x-01:403:7390 [4] NCCL INFO Channel 27/0 : 7[c6000] -> 2[85000] [receive] via NET/Socket/6 comm 0x6d56f090 nRanks 08
mi300x-01:399:7389 [0] NCCL INFO Channel 13/0 : 0[5000] -> 1[46000] via P2P/IPC comm 0x6d51e770 nRanks 08
mi300x-01:399:7389 [0] NCCL INFO Channel 19/0 : 0[5000] -> 1[46000] via P2P/IPC comm 0x6d51e770 nRanks 08
mi300x-01:399:7389 [0] NCCL INFO Channel 20/0 : 0[5000] -> 1[46000] via P2P/IPC comm 0x6d51e770 nRanks 08
mi300x-01:399:7389 [0] NCCL INFO Channel 26/0 : 0[5000] -> 1[46000] via P2P/IPC comm 0x6d51e770 nRanks 08
mi300x-01:399:7389 [0] NCCL INFO Channel 27/0 : 0[5000] -> 1[46000] via P2P/IPC comm 0x6d51e770 nRanks 08
mi300x-01:401:7388 [2] NCCL INFO Channel 03/0 : 1[46000] -> 3[c6000] via P2P/IPC comm 0x6d857a60 nRanks 08
mi300x-01:402:7396 [3] NCCL INFO comm 0x6d573140 rank 1 nRanks 8 nNodes 2 localRanks 4 localRank 1 MNNVL 0
mi300x-01:404:7394 [5] NCCL INFO comm 0x6d534760 rank 2 nRanks 8 nNodes 2 localRanks 4 localRank 2 MNNVL 0
mi300x-01:400:7393 [1] NCCL INFO comm 0x6d50bea0 rank 0 nRanks 8 nNodes 2 localRanks 4 localRank 0 MNNVL 0
mi300x-01:406:7395 [7] NCCL INFO comm 0x6d743440 rank 3 nRanks 8 nNodes 2 localRanks 4 localRank 3 MNNVL 0
mi300x-01:402:7396 [3] NCCL INFO Trees [0] 2/-1/-1->1->0 [1] 2/-1/-1->1->0 [2] 2/-1/-1->1->0 [3] 0/5/-1->1->-1 [4] -1/-1/-1->1->0 [5] 0/-1/-1->1->2 [6] 0/-1/-1->1->2 [7] 2/-1/-1->1->0 [8] 2/-1/-1->1->0 [9] 2/-1/-1->1->0 [10] 0/-1/-1->1->5 [11] -1/-1/-1->1->0 [12] 0/-1/-1->1->2 [13] 0/-1/-1->1->2 [14] 2/-1/-1->1->0 [15] 2/-1/-1->1->0 [16] 2/-1/-1->1->0 [17] 0/5/-1->1->-1 [18] -1/-1/-1->1->0 [19] 0/-1/-1->1->2 [20] 0/-1/-1->1->2 [21] 2/-1/-1->1->0 [22] 2/-1/-1->1->0 [23] 2/-1/-1->1->0 [24] 0/-1/-1->1->5 [25] -1/-1/-1->1->0 [26] 0/-1/-1->1->2 [27] 0/-1/-1->1->2 [28] 2/-1/-1->1->0 [29] 2/-1/-1->1->0 [30] 2/-1/-1->1->0 [31] 0/5/-1->1->-1 comm 0x6d573140 nRanks 08 busId 65000
mi300x-01:402:7396 [3] NCCL INFO P2P Chunksize set to 131072
mi300x-01:400:7393 [1] NCCL INFO Channel 00/32 :    0   3   2   1   4   7   6   5
mi300x-01:404:7394 [5] NCCL INFO Trees [0] 3/-1/-1->2->1 [1] 3/-1/-1->2->1 [2] 3/-1/-1->2->1 [3] -1/-1/-1->2->3 [4] 3/7/-1->2->-1 [5] 1/-1/-1->2->3 [6] 1/-1/-1->2->3 [7] 3/-1/-1->2->1 [8] 3/-1/-1->2->1 [9] 3/-1/-1->2->1 [10] -1/-1/-1->2->3 [11] 3/-1/-1->2->7 [12] 1/-1/-1->2->3 [13] 1/-1/-1->2->3 [14] 3/-1/-1->2->1 [15] 3/-1/-1->2->1 [16] 3/-1/-1->2->1 [17] -1/-1/-1->2->3 [18] 3/7/-1->2->-1 [19] 1/-1/-1->2->3 [20] 1/-1/-1->2->3 [21] 3/-1/-1->2->1 [22] 3/-1/-1->2->1 [23] 3/-1/-1->2->1 [24] -1/-1/-1->2->3 [25] 3/-1/-1->2->7 [26] 1/-1/-1->2->3 [27] 1/-1/-1->2->3 [28] 3/-1/-1->2->1 [29] 3/-1/-1->2->1 [30] 3/-1/-1->2->1 [31] -1/-1/-1->2->3 comm 0x6d534760 nRanks 08 busId a6000
mi300x-01:400:7393 [1] NCCL INFO Channel 01/32 :    0   3   2   1   4   7   6   5
mi300x-01:404:7394 [5] NCCL INFO P2P Chunksize set to 131072
mi300x-01:400:7393 [1] NCCL INFO Channel 02/32 :    0   3   2   1   4   7   6   5
mi300x-01:400:7393 [1] NCCL INFO Channel 03/32 :    0   5   7   6   4   1   3   2
mi300x-01:400:7393 [1] NCCL INFO Channel 04/32 :    0   3   6   5   4   7   2   1
mi300x-01:400:7393 [1] NCCL INFO Channel 05/32 :    0   1   3   6   4   5   7   2
mi300x-01:400:7393 [1] NCCL INFO Channel 06/32 :    0   1   3   6   4   5   7   2
mi300x-01:400:7393 [1] NCCL INFO Channel 07/32 :    0   3   2   1   4   7   6   5
mi300x-01:400:7393 [1] NCCL INFO Channel 08/32 :    0   3   2   1   4   7   6   5
mi300x-01:400:7393 [1] NCCL INFO Channel 09/32 :    0   3   2   1   4   7   6   5
mi300x-01:400:7393 [1] NCCL INFO Channel 10/32 :    0   5   7   6   4   1   3   2
mi300x-01:400:7393 [1] NCCL INFO Channel 11/32 :    0   3   6   5   4   7   2   1
mi300x-01:406:7395 [7] NCCL INFO Trees [0] -1/-1/-1->3->2 [1] -1/-1/-1->3->2 [2] -1/-1/-1->3->2 [3] 2/-1/-1->3->0 [4] 0/-1/-1->3->2 [5] 2/7/-1->3->-1 [6] 2/7/-1->3->-1 [7] -1/-1/-1->3->2 [8] -1/-1/-1->3->2 [9] -1/-1/-1->3->2 [10] 2/-1/-1->3->0 [11] 0/-1/-1->3->2 [12] 2/-1/-1->3->7 [13] 2/-1/-1->3->7 [14] -1/-1/-1->3->2 [15] -1/-1/-1->3->2 [16] -1/-1/-1->3->2 [17] 2/-1/-1->3->0 [18] 0/-1/-1->3->2 [19] 2/7/-1->3->-1 [20] 2/7/-1->3->-1 [21] -1/-1/-1->3->2 [22] -1/-1/-1->3->2 [23] -1/-1/-1->3->2 [24] 2/-1/-1->3->0 [25] 0/-1/-1->3->2 [26] 2/-1/-1->3->7 [27] 2/-1/-1->3->7 [28] -1/-1/-1->3->2 [29] -1/-1/-1->3->2 [30] -1/-1/-1->3->2 [31] 2/-1/-1->3->0 comm 0x6d743440 nRanks 08 busId e5000
mi300x-01:400:7393 [1] NCCL INFO Channel 12/32 :    0   1   3   6   4   5   7   2
mi300x-01:406:7395 [7] NCCL INFO P2P Chunksize set to 131072
mi300x-01:400:7393 [1] NCCL INFO Channel 13/32 :    0   1   3   6   4   5   7   2
mi300x-01:400:7393 [1] NCCL INFO Channel 14/32 :    0   3   2   1   4   7   6   5
mi300x-01:400:7393 [1] NCCL INFO Channel 15/32 :    0   3   2   1   4   7   6   5
mi300x-01:400:7393 [1] NCCL INFO Channel 16/32 :    0   3   2   1   4   7   6   5
mi300x-01:400:7393 [1] NCCL INFO Channel 17/32 :    0   5   7   6   4   1   3   2
mi300x-01:400:7393 [1] NCCL INFO Channel 18/32 :    0   3   6   5   4   7   2   1
mi300x-01:400:7393 [1] NCCL INFO Channel 19/32 :    0   1   3   6   4   5   7   2
mi300x-01:400:7393 [1] NCCL INFO Channel 20/32 :    0   1   3   6   4   5   7   2
mi300x-01:400:7393 [1] NCCL INFO Channel 21/32 :    0   3   2   1   4   7   6   5
mi300x-01:400:7393 [1] NCCL INFO Channel 22/32 :    0   3   2   1   4   7   6   5
mi300x-01:400:7393 [1] NCCL INFO Channel 23/32 :    0   3   2   1   4   7   6   5
mi300x-01:400:7393 [1] NCCL INFO Channel 24/32 :    0   5   7   6   4   1   3   2
mi300x-01:400:7393 [1] NCCL INFO Channel 25/32 :    0   3   6   5   4   7   2   1
mi300x-01:400:7393 [1] NCCL INFO Channel 26/32 :    0   1   3   6   4   5   7   2
mi300x-01:400:7393 [1] NCCL INFO Channel 27/32 :    0   1   3   6   4   5   7   2
mi300x-01:400:7393 [1] NCCL INFO Channel 28/32 :    0   3   2   1   4   7   6   5
mi300x-01:400:7393 [1] NCCL INFO Channel 29/32 :    0   3   2   1   4   7   6   5
mi300x-01:400:7393 [1] NCCL INFO Channel 30/32 :    0   3   2   1   4   7   6   5
mi300x-01:400:7393 [1] NCCL INFO Channel 31/32 :    0   5   7   6   4   1   3   2
mi300x-01:400:7393 [1] NCCL INFO Trees [0] 1/4/-1->0->-1 [1] 1/4/-1->0->-1 [2] 1/4/-1->0->-1 [3] 3/-1/-1->0->1 [4] 1/-1/-1->0->3 [5] -1/-1/-1->0->1 [6] -1/-1/-1->0->1 [7] 1/-1/-1->0->4 [8] 1/-1/-1->0->4 [9] 1/-1/-1->0->4 [10] 3/-1/-1->0->1 [11] 1/-1/-1->0->3 [12] -1/-1/-1->0->1 [13] -1/-1/-1->0->1 [14] 1/4/-1->0->-1 [15] 1/4/-1->0->-1 [16] 1/4/-1->0->-1 [17] 3/-1/-1->0->1 [18] 1/-1/-1->0->3 [19] -1/-1/-1->0->1 [20] -1/-1/-1->0->1 [21] 1/-1/-1->0->4 [22] 1/-1/-1->0->4 [23] 1/-1/-1->0->4 [24] 3/-1/-1->0->1 [25] 1/-1/-1->0->3 [26] -1/-1/-1->0->1 [27] -1/-1/-1->0->1 [28] 1/4/-1->0->-1 [29] 1/4/-1->0->-1 [30] 1/4/-1->0->-1 [31] 3/-1/-1->0->1 comm 0x6d50bea0 nRanks 08 busId 26000
mi300x-01:400:7393 [1] NCCL INFO P2P Chunksize set to 131072
mi300x-01:401:7388 [2] NCCL INFO Channel 05/0 : 1[46000] -> 3[c6000] via P2P/IPC comm 0x6d857a60 nRanks 08
mi300x-01:399:7389 [0] NCCL INFO Channel 00/0 : 5[46000] -> 0[5000] [receive] via NET/Socket/0 comm 0x6d51e770 nRanks 08
mi300x-01:399:7389 [0] NCCL INFO Channel 01/0 : 5[46000] -> 0[5000] [receive] via NET/Socket/1 comm 0x6d51e770 nRanks 08
mi300x-01:399:7389 [0] NCCL INFO Channel 02/0 : 5[46000] -> 0[5000] [receive] via NET/Socket/2 comm 0x6d51e770 nRanks 08
mi300x-01:399:7389 [0] NCCL INFO Channel 07/0 : 5[46000] -> 0[5000] [receive] via NET/Socket/0 comm 0x6d51e770 nRanks 08
mi300x-01:399:7389 [0] NCCL INFO Channel 08/0 : 5[46000] -> 0[5000] [receive] via NET/Socket/1 comm 0x6d51e770 nRanks 08
mi300x-01:399:7389 [0] NCCL INFO Channel 09/0 : 5[46000] -> 0[5000] [receive] via NET/Socket/2 comm 0x6d51e770 nRanks 08
mi300x-01:401:7388 [2] NCCL INFO Channel 06/0 : 1[46000] -> 3[c6000] via P2P/IPC comm 0x6d857a60 nRanks 08
mi300x-01:399:7389 [0] NCCL INFO Channel 14/0 : 5[46000] -> 0[5000] [receive] via NET/Socket/0 comm 0x6d51e770 nRanks 08
mi300x-01:399:7389 [0] NCCL INFO Channel 15/0 : 5[46000] -> 0[5000] [receive] via NET/Socket/1 comm 0x6d51e770 nRanks 08
mi300x-01:399:7389 [0] NCCL INFO Channel 16/0 : 5[46000] -> 0[5000] [receive] via NET/Socket/2 comm 0x6d51e770 nRanks 08
mi300x-01:399:7389 [0] NCCL INFO Channel 21/0 : 5[46000] -> 0[5000] [receive] via NET/Socket/0 comm 0x6d51e770 nRanks 08
mi300x-01:399:7389 [0] NCCL INFO Channel 22/0 : 5[46000] -> 0[5000] [receive] via NET/Socket/1 comm 0x6d51e770 nRanks 08
mi300x-01:399:7389 [0] NCCL INFO Channel 23/0 : 5[46000] -> 0[5000] [receive] via NET/Socket/2 comm 0x6d51e770 nRanks 08
mi300x-01:399:7389 [0] NCCL INFO Channel 28/0 : 5[46000] -> 0[5000] [receive] via NET/Socket/0 comm 0x6d51e770 nRanks 08
mi300x-01:400:7393 [1] NCCL INFO Channel 05/0 : 0[26000] -> 1[65000] via P2P/IPC comm 0x6d50bea0 nRanks 08
mi300x-01:399:7389 [0] NCCL INFO Channel 29/0 : 5[46000] -> 0[5000] [receive] via NET/Socket/1 comm 0x6d51e770 nRanks 08
mi300x-01:399:7389 [0] NCCL INFO Channel 30/0 : 5[46000] -> 0[5000] [receive] via NET/Socket/2 comm 0x6d51e770 nRanks 08
mi300x-01:399:7389 [0] NCCL INFO Channel 00/0 : 0[5000] -> 3[c6000] via P2P/IPC comm 0x6d51e770 nRanks 08
mi300x-01:401:7388 [2] NCCL INFO Channel 10/0 : 1[46000] -> 3[c6000] via P2P/IPC comm 0x6d857a60 nRanks 08
mi300x-01:401:7388 [2] NCCL INFO Channel 12/0 : 1[46000] -> 3[c6000] via P2P/IPC comm 0x6d857a60 nRanks 08
mi300x-01:404:7394 [5] NCCL INFO Channel 04/0 : 7[e5000] -> 2[a6000] [receive] via NET/Socket/4 comm 0x6d534760 nRanks 08
mi300x-01:404:7394 [5] NCCL INFO Channel 05/0 : 7[e5000] -> 2[a6000] [receive] via NET/Socket/5 comm 0x6d534760 nRanks 08
mi300x-01:400:7393 [1] NCCL INFO Channel 06/0 : 0[26000] -> 1[65000] via P2P/IPC comm 0x6d50bea0 nRanks 08
mi300x-01:404:7394 [5] NCCL INFO Channel 06/0 : 7[e5000] -> 2[a6000] [receive] via NET/Socket/6 comm 0x6d534760 nRanks 08
mi300x-01:399:7389 [0] NCCL INFO Channel 01/0 : 0[5000] -> 3[c6000] via P2P/IPC comm 0x6d51e770 nRanks 08
mi300x-01:404:7394 [5] NCCL INFO Channel 11/0 : 7[e5000] -> 2[a6000] [receive] via NET/Socket/4 comm 0x6d534760 nRanks 08
mi300x-01:404:7394 [5] NCCL INFO Channel 12/0 : 7[e5000] -> 2[a6000] [receive] via NET/Socket/5 comm 0x6d534760 nRanks 08
mi300x-01:404:7394 [5] NCCL INFO Channel 13/0 : 7[e5000] -> 2[a6000] [receive] via NET/Socket/6 comm 0x6d534760 nRanks 08
mi300x-01:404:7394 [5] NCCL INFO Channel 18/0 : 7[e5000] -> 2[a6000] [receive] via NET/Socket/4 comm 0x6d534760 nRanks 08
mi300x-01:404:7394 [5] NCCL INFO Channel 19/0 : 7[e5000] -> 2[a6000] [receive] via NET/Socket/5 comm 0x6d534760 nRanks 08
mi300x-01:404:7394 [5] NCCL INFO Channel 20/0 : 7[e5000] -> 2[a6000] [receive] via NET/Socket/6 comm 0x6d534760 nRanks 08
mi300x-01:404:7394 [5] NCCL INFO Channel 25/0 : 7[e5000] -> 2[a6000] [receive] via NET/Socket/4 comm 0x6d534760 nRanks 08
mi300x-01:401:7388 [2] NCCL INFO Channel 13/0 : 1[46000] -> 3[c6000] via P2P/IPC comm 0x6d857a60 nRanks 08
mi300x-01:404:7394 [5] NCCL INFO Channel 26/0 : 7[e5000] -> 2[a6000] [receive] via NET/Socket/5 comm 0x6d534760 nRanks 08
mi300x-01:400:7393 [1] NCCL INFO Channel 12/0 : 0[26000] -> 1[65000] via P2P/IPC comm 0x6d50bea0 nRanks 08
mi300x-01:404:7394 [5] NCCL INFO Channel 27/0 : 7[e5000] -> 2[a6000] [receive] via NET/Socket/6 comm 0x6d534760 nRanks 08
mi300x-01:399:7389 [0] NCCL INFO Channel 02/0 : 0[5000] -> 3[c6000] via P2P/IPC comm 0x6d51e770 nRanks 08
mi300x-01:401:7388 [2] NCCL INFO Channel 17/0 : 1[46000] -> 3[c6000] via P2P/IPC comm 0x6d857a60 nRanks 08
mi300x-01:400:7393 [1] NCCL INFO Channel 13/0 : 0[26000] -> 1[65000] via P2P/IPC comm 0x6d50bea0 nRanks 08
mi300x-01:399:7389 [0] NCCL INFO Channel 04/0 : 0[5000] -> 3[c6000] via P2P/IPC comm 0x6d51e770 nRanks 08
mi300x-01:401:7388 [2] NCCL INFO Channel 19/0 : 1[46000] -> 3[c6000] via P2P/IPC comm 0x6d857a60 nRanks 08
mi300x-01:400:7393 [1] NCCL INFO Channel 19/0 : 0[26000] -> 1[65000] via P2P/IPC comm 0x6d50bea0 nRanks 08
mi300x-01:399:7389 [0] NCCL INFO Channel 07/0 : 0[5000] -> 3[c6000] via P2P/IPC comm 0x6d51e770 nRanks 08
mi300x-01:401:7388 [2] NCCL INFO Channel 20/0 : 1[46000] -> 3[c6000] via P2P/IPC comm 0x6d857a60 nRanks 08
mi300x-01:400:7393 [1] NCCL INFO Channel 20/0 : 0[26000] -> 1[65000] via P2P/IPC comm 0x6d50bea0 nRanks 08
mi300x-01:399:7389 [0] NCCL INFO Channel 08/0 : 0[5000] -> 3[c6000] via P2P/IPC comm 0x6d51e770 nRanks 08
mi300x-01:401:7388 [2] NCCL INFO Channel 24/0 : 1[46000] -> 3[c6000] via P2P/IPC comm 0x6d857a60 nRanks 08
mi300x-01:400:7393 [1] NCCL INFO Channel 26/0 : 0[26000] -> 1[65000] via P2P/IPC comm 0x6d50bea0 nRanks 08
mi300x-01:399:7389 [0] NCCL INFO Channel 09/0 : 0[5000] -> 3[c6000] via P2P/IPC comm 0x6d51e770 nRanks 08
mi300x-01:401:7388 [2] NCCL INFO Channel 26/0 : 1[46000] -> 3[c6000] via P2P/IPC comm 0x6d857a60 nRanks 08
mi300x-01:400:7393 [1] NCCL INFO Channel 27/0 : 0[26000] -> 1[65000] via P2P/IPC comm 0x6d50bea0 nRanks 08
mi300x-01:399:7389 [0] NCCL INFO Channel 11/0 : 0[5000] -> 3[c6000] via P2P/IPC comm 0x6d51e770 nRanks 08
mi300x-01:401:7388 [2] NCCL INFO Channel 27/0 : 1[46000] -> 3[c6000] via P2P/IPC comm 0x6d857a60 nRanks 08
mi300x-01:402:7396 [3] NCCL INFO Channel 03/0 : 1[65000] -> 3[e5000] via P2P/IPC comm 0x6d573140 nRanks 08
mi300x-01:399:7389 [0] NCCL INFO Channel 14/0 : 0[5000] -> 3[c6000] via P2P/IPC comm 0x6d51e770 nRanks 08
mi300x-01:401:7388 [2] NCCL INFO Channel 31/0 : 1[46000] -> 3[c6000] via P2P/IPC comm 0x6d857a60 nRanks 08
mi300x-01:402:7396 [3] NCCL INFO Channel 05/0 : 1[65000] -> 3[e5000] via P2P/IPC comm 0x6d573140 nRanks 08
mi300x-01:399:7389 [0] NCCL INFO Channel 15/0 : 0[5000] -> 3[c6000] via P2P/IPC comm 0x6d51e770 nRanks 08
mi300x-01:400:7393 [1] NCCL INFO Channel 00/0 : 5[65000] -> 0[26000] [receive] via NET/Socket/0 comm 0x6d50bea0 nRanks 08
mi300x-01:400:7393 [1] NCCL INFO Channel 01/0 : 5[65000] -> 0[26000] [receive] via NET/Socket/1 comm 0x6d50bea0 nRanks 08
mi300x-01:400:7393 [1] NCCL INFO Channel 02/0 : 5[65000] -> 0[26000] [receive] via NET/Socket/2 comm 0x6d50bea0 nRanks 08
mi300x-01:400:7393 [1] NCCL INFO Channel 07/0 : 5[65000] -> 0[26000] [receive] via NET/Socket/0 comm 0x6d50bea0 nRanks 08
mi300x-01:402:7396 [3] NCCL INFO Channel 06/0 : 1[65000] -> 3[e5000] via P2P/IPC comm 0x6d573140 nRanks 08
mi300x-01:400:7393 [1] NCCL INFO Channel 08/0 : 5[65000] -> 0[26000] [receive] via NET/Socket/1 comm 0x6d50bea0 nRanks 08
mi300x-01:399:7389 [0] NCCL INFO Channel 16/0 : 0[5000] -> 3[c6000] via P2P/IPC comm 0x6d51e770 nRanks 08
mi300x-01:400:7393 [1] NCCL INFO Channel 09/0 : 5[65000] -> 0[26000] [receive] via NET/Socket/2 comm 0x6d50bea0 nRanks 08
mi300x-01:400:7393 [1] NCCL INFO Channel 14/0 : 5[65000] -> 0[26000] [receive] via NET/Socket/0 comm 0x6d50bea0 nRanks 08
mi300x-01:400:7393 [1] NCCL INFO Channel 15/0 : 5[65000] -> 0[26000] [receive] via NET/Socket/1 comm 0x6d50bea0 nRanks 08
mi300x-01:400:7393 [1] NCCL INFO Channel 16/0 : 5[65000] -> 0[26000] [receive] via NET/Socket/2 comm 0x6d50bea0 nRanks 08
mi300x-01:400:7393 [1] NCCL INFO Channel 21/0 : 5[65000] -> 0[26000] [receive] via NET/Socket/0 comm 0x6d50bea0 nRanks 08
mi300x-01:400:7393 [1] NCCL INFO Channel 22/0 : 5[65000] -> 0[26000] [receive] via NET/Socket/1 comm 0x6d50bea0 nRanks 08
mi300x-01:400:7393 [1] NCCL INFO Channel 23/0 : 5[65000] -> 0[26000] [receive] via NET/Socket/2 comm 0x6d50bea0 nRanks 08
mi300x-01:400:7393 [1] NCCL INFO Channel 28/0 : 5[65000] -> 0[26000] [receive] via NET/Socket/0 comm 0x6d50bea0 nRanks 08
mi300x-01:400:7393 [1] NCCL INFO Channel 29/0 : 5[65000] -> 0[26000] [receive] via NET/Socket/1 comm 0x6d50bea0 nRanks 08
mi300x-01:402:7396 [3] NCCL INFO Channel 10/0 : 1[65000] -> 3[e5000] via P2P/IPC comm 0x6d573140 nRanks 08
mi300x-01:400:7393 [1] NCCL INFO Channel 30/0 : 5[65000] -> 0[26000] [receive] via NET/Socket/2 comm 0x6d50bea0 nRanks 08
mi300x-01:400:7393 [1] NCCL INFO Channel 00/0 : 0[26000] -> 3[e5000] via P2P/IPC comm 0x6d50bea0 nRanks 08
mi300x-01:399:7389 [0] NCCL INFO Channel 18/0 : 0[5000] -> 3[c6000] via P2P/IPC comm 0x6d51e770 nRanks 08
mi300x-01:401:7388 [2] NCCL INFO Channel 00/0 : 1[46000] -> 4[5000] [send] via NET/Socket/0 comm 0x6d857a60 nRanks 08
mi300x-01:401:7388 [2] NCCL INFO Channel 01/0 : 1[46000] -> 4[5000] [send] via NET/Socket/1 comm 0x6d857a60 nRanks 08
mi300x-01:401:7388 [2] NCCL INFO Channel 02/0 : 1[46000] -> 4[5000] [send] via NET/Socket/2 comm 0x6d857a60 nRanks 08
mi300x-01:401:7388 [2] NCCL INFO Channel 07/0 : 1[46000] -> 4[5000] [send] via NET/Socket/0 comm 0x6d857a60 nRanks 08
mi300x-01:401:7388 [2] NCCL INFO Channel 08/0 : 1[46000] -> 4[5000] [send] via NET/Socket/1 comm 0x6d857a60 nRanks 08
mi300x-01:401:7388 [2] NCCL INFO Channel 09/0 : 1[46000] -> 4[5000] [send] via NET/Socket/2 comm 0x6d857a60 nRanks 08
mi300x-01:401:7388 [2] NCCL INFO Channel 14/0 : 1[46000] -> 4[5000] [send] via NET/Socket/0 comm 0x6d857a60 nRanks 08
mi300x-01:402:7396 [3] NCCL INFO Channel 12/0 : 1[65000] -> 3[e5000] via P2P/IPC comm 0x6d573140 nRanks 08
