/workspace/deps/megatron_lm/megatron/core/rerun_state_machine.py:253: SyntaxWarning: assertion is always true, perhaps remove parentheses?
  assert (
/workspace/deps/megatron_lm/megatron/core/rerun_state_machine.py:264: SyntaxWarning: assertion is always true, perhaps remove parentheses?
  assert (
/workspace/deps/megatron_lm/megatron/core/rerun_state_machine.py:668: SyntaxWarning: assertion is always true, perhaps remove parentheses?
  assert (
/opt/conda/envs/py_3.10/lib/python3.10/site-packages/modelopt/torch/utils/import_utils.py:32: UserWarning: Failed to import peft plugin due to: ImportError("cannot import name 'LocalEntryNotFoundError' from 'huggingface_hub.errors' (/opt/conda/envs/py_3.10/lib/python3.10/site-packages/huggingface_hub/errors.py)"). You may ignore this warning if you do not need this plugin.
  warnings.warn(
Clearing cache on mi300x-01
vm.drop_caches = 3
3
modprobe: FATAL: Module amdgpu not found in directory /lib/modules/5.15.0-113-generic
gfx942
gfx942
gfx942
gfx942
gfx942
gfx942
gfx942
gfx942
sudo: cpupower: command not found
sudo: cpupower: command not found
0
0
0
always
always
STARTING TIMING RUN AT 2025-10-09 05:13:41 AM
W1009 05:13:43.266000 332 site-packages/torch/distributed/run.py:792] 
W1009 05:13:43.266000 332 site-packages/torch/distributed/run.py:792] *****************************************
W1009 05:13:43.266000 332 site-packages/torch/distributed/run.py:792] Setting OMP_NUM_THREADS environment variable for each process to be 1 in default, to avoid your system being overloaded, please further tune the variable for optimal performance in your application as needed. 
W1009 05:13:43.266000 332 site-packages/torch/distributed/run.py:792] *****************************************
[W1009 05:13:43.193642933 socket.cpp:759] [c10d] The client socket cannot be initialized to connect to [::ffff:10.32.1.1]:23456 (errno: 97 - Address family not supported by protocol).
[W1009 05:14:08.105263142 socket.cpp:759] [c10d] The client socket cannot be initialized to connect to [::ffff:10.32.1.1]:23456 (errno: 97 - Address family not supported by protocol).
[W1009 05:14:08.106728662 socket.cpp:759] [c10d] The client socket cannot be initialized to connect to [::ffff:10.32.1.1]:23456 (errno: 97 - Address family not supported by protocol).
[W1009 05:14:08.110677633 socket.cpp:759] [c10d] The client socket cannot be initialized to connect to [::ffff:10.32.1.1]:23456 (errno: 97 - Address family not supported by protocol).
[W1009 05:14:08.126299628 socket.cpp:759] [c10d] The client socket cannot be initialized to connect to [::ffff:10.32.1.1]:23456 (errno: 97 - Address family not supported by protocol).
[W1009 05:14:08.147089795 socket.cpp:759] [c10d] The client socket cannot be initialized to connect to [::ffff:10.32.1.1]:23456 (errno: 97 - Address family not supported by protocol).
[W1009 05:14:08.172323853 socket.cpp:759] [c10d] The client socket cannot be initialized to connect to [::ffff:10.32.1.1]:23456 (errno: 97 - Address family not supported by protocol).
[W1009 05:14:08.214095684 socket.cpp:759] [c10d] The client socket cannot be initialized to connect to [::ffff:10.32.1.1]:23456 (errno: 97 - Address family not supported by protocol).
[W1009 05:14:08.219110408 socket.cpp:759] [c10d] The client socket cannot be initialized to connect to [::ffff:10.32.1.1]:23456 (errno: 97 - Address family not supported by protocol).
mi300x-01:397:397 [0] NCCL INFO Kernel version: 5.15.0-113-generic
mi300x-01:397:397 [0] NCCL INFO Enabled GDRCopy equivalent memory allocation on gfx942
mi300x-01:397:397 [0] NCCL INFO NCCL_SOCKET_IFNAME set by environment to ens11np0,ens12np0,ens21np0,ens22np0,ens31np0,ens32np0,ens41np0,ens42np0
mi300x-01:397:397 [0] NCCL INFO Bootstrap : Using ens41np0:10.33.41.1<0>
mi300x-01:397:397 [0] NCCL INFO ROCr version 1.15
mi300x-01:397:397 [0] NCCL INFO Dmabuf feature disabled without NCCL_DMABUF_ENABLE=1
mi300x-01:399:399 [2] NCCL INFO ROCr version 1.15
mi300x-01:399:399 [2] NCCL INFO Dmabuf feature disabled without NCCL_DMABUF_ENABLE=1
mi300x-01:397:397 [0] NCCL INFO Kernel version: 5.15.0-113-generic
mi300x-01:399:399 [2] NCCL INFO Kernel version: 5.15.0-113-generic
mi300x-01:397:397 [0] NCCL INFO RCCL version : 2.22.3-HEAD:271856d
HIP version  : 6.4.43482-0f2d60242
ROCm version : 6.4.0.0-47-73dae9c
Hostname     : mi300x-01
Librccl path : /opt/rocm/lib/librccl.so.1
mi300x-01:399:399 [2] NCCL INFO Enabled GDRCopy equivalent memory allocation on gfx942
mi300x-01:399:399 [2] NCCL INFO NCCL_SOCKET_IFNAME set by environment to ens11np0,ens12np0,ens21np0,ens22np0,ens31np0,ens32np0,ens41np0,ens42np0
mi300x-01:397:397 [0] NCCL INFO Comm config Blocking set to 1
mi300x-01:397:397 [0] NCCL INFO NCCL_MIN_CTAS set by environment to 32.
mi300x-01:399:399 [2] NCCL INFO Bootstrap : Using ens41np0:10.33.41.1<0>
mi300x-01:399:399 [2] NCCL INFO RCCL version : 2.22.3-HEAD:271856d
HIP version  : 6.4.43482-0f2d60242
ROCm version : 6.4.0.0-47-73dae9c
Hostname     : mi300x-01
Librccl path : /opt/rocm/lib/librccl.so.1
mi300x-01:402:402 [5] NCCL INFO ROCr version 1.15
mi300x-01:402:402 [5] NCCL INFO Dmabuf feature disabled without NCCL_DMABUF_ENABLE=1
mi300x-01:398:398 [1] NCCL INFO ROCr version 1.15
mi300x-01:402:402 [5] NCCL INFO Kernel version: 5.15.0-113-generic
mi300x-01:398:398 [1] NCCL INFO Dmabuf feature disabled without NCCL_DMABUF_ENABLE=1
mi300x-01:398:398 [1] NCCL INFO Kernel version: 5.15.0-113-generic
mi300x-01:402:402 [5] NCCL INFO Enabled GDRCopy equivalent memory allocation on gfx942
mi300x-01:402:402 [5] NCCL INFO NCCL_SOCKET_IFNAME set by environment to ens11np0,ens12np0,ens21np0,ens22np0,ens31np0,ens32np0,ens41np0,ens42np0
mi300x-01:399:399 [2] NCCL INFO Comm config Blocking set to 1
mi300x-01:399:399 [2] NCCL INFO NCCL_MIN_CTAS set by environment to 32.
mi300x-01:398:398 [1] NCCL INFO Enabled GDRCopy equivalent memory allocation on gfx942
mi300x-01:398:398 [1] NCCL INFO NCCL_SOCKET_IFNAME set by environment to ens11np0,ens12np0,ens21np0,ens22np0,ens31np0,ens32np0,ens41np0,ens42np0
mi300x-01:401:401 [4] NCCL INFO ROCr version 1.15
mi300x-01:401:401 [4] NCCL INFO Dmabuf feature disabled without NCCL_DMABUF_ENABLE=1
mi300x-01:401:401 [4] NCCL INFO Kernel version: 5.15.0-113-generic
mi300x-01:402:402 [5] NCCL INFO Bootstrap : Using ens41np0:10.33.41.1<0>
mi300x-01:398:398 [1] NCCL INFO Bootstrap : Using ens41np0:10.33.41.1<0>
mi300x-01:402:402 [5] NCCL INFO RCCL version : 2.22.3-HEAD:271856d
HIP version  : 6.4.43482-0f2d60242
ROCm version : 6.4.0.0-47-73dae9c
Hostname     : mi300x-01
Librccl path : /opt/rocm/lib/librccl.so.1
mi300x-01:398:398 [1] NCCL INFO RCCL version : 2.22.3-HEAD:271856d
HIP version  : 6.4.43482-0f2d60242
ROCm version : 6.4.0.0-47-73dae9c
Hostname     : mi300x-01
Librccl path : /opt/rocm/lib/librccl.so.1
mi300x-01:401:401 [4] NCCL INFO Enabled GDRCopy equivalent memory allocation on gfx942
mi300x-01:401:401 [4] NCCL INFO NCCL_SOCKET_IFNAME set by environment to ens11np0,ens12np0,ens21np0,ens22np0,ens31np0,ens32np0,ens41np0,ens42np0
mi300x-01:401:401 [4] NCCL INFO Bootstrap : Using ens41np0:10.33.41.1<0>
mi300x-01:401:401 [4] NCCL INFO RCCL version : 2.22.3-HEAD:271856d
HIP version  : 6.4.43482-0f2d60242
ROCm version : 6.4.0.0-47-73dae9c
Hostname     : mi300x-01
Librccl path : /opt/rocm/lib/librccl.so.1
mi300x-01:402:402 [5] NCCL INFO Comm config Blocking set to 1
mi300x-01:402:402 [5] NCCL INFO NCCL_MIN_CTAS set by environment to 32.
mi300x-01:398:398 [1] NCCL INFO Comm config Blocking set to 1
mi300x-01:398:398 [1] NCCL INFO NCCL_MIN_CTAS set by environment to 32.
mi300x-01:401:401 [4] NCCL INFO Comm config Blocking set to 1
mi300x-01:401:401 [4] NCCL INFO NCCL_MIN_CTAS set by environment to 32.
mi300x-01:403:403 [6] NCCL INFO ROCr version 1.15
mi300x-01:403:403 [6] NCCL INFO Dmabuf feature disabled without NCCL_DMABUF_ENABLE=1
mi300x-01:403:403 [6] NCCL INFO Kernel version: 5.15.0-113-generic
mi300x-01:403:403 [6] NCCL INFO Enabled GDRCopy equivalent memory allocation on gfx942
mi300x-01:403:403 [6] NCCL INFO NCCL_SOCKET_IFNAME set by environment to ens11np0,ens12np0,ens21np0,ens22np0,ens31np0,ens32np0,ens41np0,ens42np0
mi300x-01:403:403 [6] NCCL INFO Bootstrap : Using ens41np0:10.33.41.1<0>
mi300x-01:403:403 [6] NCCL INFO RCCL version : 2.22.3-HEAD:271856d
HIP version  : 6.4.43482-0f2d60242
ROCm version : 6.4.0.0-47-73dae9c
Hostname     : mi300x-01
Librccl path : /opt/rocm/lib/librccl.so.1
mi300x-01:403:403 [6] NCCL INFO Comm config Blocking set to 1
mi300x-01:403:403 [6] NCCL INFO NCCL_MIN_CTAS set by environment to 32.
mi300x-01:400:400 [3] NCCL INFO ROCr version 1.15
mi300x-01:400:400 [3] NCCL INFO Dmabuf feature disabled without NCCL_DMABUF_ENABLE=1
mi300x-01:400:400 [3] NCCL INFO Kernel version: 5.15.0-113-generic
mi300x-01:400:400 [3] NCCL INFO Enabled GDRCopy equivalent memory allocation on gfx942
mi300x-01:400:400 [3] NCCL INFO NCCL_SOCKET_IFNAME set by environment to ens11np0,ens12np0,ens21np0,ens22np0,ens31np0,ens32np0,ens41np0,ens42np0
mi300x-01:400:400 [3] NCCL INFO Bootstrap : Using ens41np0:10.33.41.1<0>
mi300x-01:400:400 [3] NCCL INFO RCCL version : 2.22.3-HEAD:271856d
HIP version  : 6.4.43482-0f2d60242
ROCm version : 6.4.0.0-47-73dae9c
Hostname     : mi300x-01
Librccl path : /opt/rocm/lib/librccl.so.1
mi300x-01:400:400 [3] NCCL INFO Comm config Blocking set to 1
mi300x-01:400:400 [3] NCCL INFO NCCL_MIN_CTAS set by environment to 32.
mi300x-01:404:404 [7] NCCL INFO ROCr version 1.15
mi300x-01:404:404 [7] NCCL INFO Dmabuf feature disabled without NCCL_DMABUF_ENABLE=1
mi300x-01:404:404 [7] NCCL INFO Kernel version: 5.15.0-113-generic
mi300x-01:404:404 [7] NCCL INFO Enabled GDRCopy equivalent memory allocation on gfx942
mi300x-01:404:404 [7] NCCL INFO NCCL_SOCKET_IFNAME set by environment to ens11np0,ens12np0,ens21np0,ens22np0,ens31np0,ens32np0,ens41np0,ens42np0
mi300x-01:404:404 [7] NCCL INFO Bootstrap : Using ens41np0:10.33.41.1<0>
mi300x-01:404:404 [7] NCCL INFO RCCL version : 2.22.3-HEAD:271856d
HIP version  : 6.4.43482-0f2d60242
ROCm version : 6.4.0.0-47-73dae9c
Hostname     : mi300x-01
Librccl path : /opt/rocm/lib/librccl.so.1
mi300x-01:404:404 [7] NCCL INFO Comm config Blocking set to 1
mi300x-01:404:404 [7] NCCL INFO NCCL_MIN_CTAS set by environment to 32.
mi300x-01:404:1405 [7] NCCL INFO NET/Plugin: Could not find: librccl-net.so. Using internal network plugin.
mi300x-01:399:1399 [2] NCCL INFO NET/Plugin: Could not find: librccl-net.so. Using internal network plugin.
mi300x-01:402:1400 [5] NCCL INFO NET/Plugin: Could not find: librccl-net.so. Using internal network plugin.
mi300x-01:401:1402 [4] NCCL INFO NET/Plugin: Could not find: librccl-net.so. Using internal network plugin.
mi300x-01:400:1404 [3] NCCL INFO NET/Plugin: Could not find: librccl-net.so. Using internal network plugin.
mi300x-01:403:1403 [6] NCCL INFO NET/Plugin: Could not find: librccl-net.so. Using internal network plugin.
mi300x-01:404:1405 [7] NCCL INFO NCCL_SOCKET_IFNAME set by environment to ens11np0,ens12np0,ens21np0,ens22np0,ens31np0,ens32np0,ens41np0,ens42np0
mi300x-01:402:1400 [5] NCCL INFO NCCL_SOCKET_IFNAME set by environment to ens11np0,ens12np0,ens21np0,ens22np0,ens31np0,ens32np0,ens41np0,ens42np0
mi300x-01:399:1399 [2] NCCL INFO NCCL_SOCKET_IFNAME set by environment to ens11np0,ens12np0,ens21np0,ens22np0,ens31np0,ens32np0,ens41np0,ens42np0
mi300x-01:401:1402 [4] NCCL INFO NCCL_SOCKET_IFNAME set by environment to ens11np0,ens12np0,ens21np0,ens22np0,ens31np0,ens32np0,ens41np0,ens42np0
mi300x-01:400:1404 [3] NCCL INFO NCCL_SOCKET_IFNAME set by environment to ens11np0,ens12np0,ens21np0,ens22np0,ens31np0,ens32np0,ens41np0,ens42np0
mi300x-01:403:1403 [6] NCCL INFO NCCL_SOCKET_IFNAME set by environment to ens11np0,ens12np0,ens21np0,ens22np0,ens31np0,ens32np0,ens41np0,ens42np0
mi300x-01:398:1401 [1] NCCL INFO NET/Plugin: Could not find: librccl-net.so. Using internal network plugin.
mi300x-01:397:1398 [0] NCCL INFO NET/Plugin: Could not find: librccl-net.so. Using internal network plugin.
mi300x-01:397:1398 [0] NCCL INFO NCCL_SOCKET_IFNAME set by environment to ens11np0,ens12np0,ens21np0,ens22np0,ens31np0,ens32np0,ens41np0,ens42np0
mi300x-01:398:1401 [1] NCCL INFO NCCL_SOCKET_IFNAME set by environment to ens11np0,ens12np0,ens21np0,ens22np0,ens31np0,ens32np0,ens41np0,ens42np0
mi300x-01:397:1398 [0] NCCL INFO NET/IB : No device found.
mi300x-01:398:1401 [1] NCCL INFO NET/IB : No device found.
mi300x-01:397:1398 [0] NCCL INFO NCCL_SOCKET_IFNAME set by environment to ens11np0,ens12np0,ens21np0,ens22np0,ens31np0,ens32np0,ens41np0,ens42np0
mi300x-01:398:1401 [1] NCCL INFO NCCL_SOCKET_IFNAME set by environment to ens11np0,ens12np0,ens21np0,ens22np0,ens31np0,ens32np0,ens41np0,ens42np0
mi300x-01:399:1399 [2] NCCL INFO NET/IB : No device found.
mi300x-01:399:1399 [2] NCCL INFO NCCL_SOCKET_IFNAME set by environment to ens11np0,ens12np0,ens21np0,ens22np0,ens31np0,ens32np0,ens41np0,ens42np0
mi300x-01:402:1400 [5] NCCL INFO NET/IB : No device found.
mi300x-01:403:1403 [6] NCCL INFO NET/IB : No device found.
mi300x-01:402:1400 [5] NCCL INFO NCCL_SOCKET_IFNAME set by environment to ens11np0,ens12np0,ens21np0,ens22np0,ens31np0,ens32np0,ens41np0,ens42np0
mi300x-01:403:1403 [6] NCCL INFO NCCL_SOCKET_IFNAME set by environment to ens11np0,ens12np0,ens21np0,ens22np0,ens31np0,ens32np0,ens41np0,ens42np0
mi300x-01:401:1402 [4] NCCL INFO NET/IB : No device found.
mi300x-01:401:1402 [4] NCCL INFO NCCL_SOCKET_IFNAME set by environment to ens11np0,ens12np0,ens21np0,ens22np0,ens31np0,ens32np0,ens41np0,ens42np0
mi300x-01:400:1404 [3] NCCL INFO NET/IB : No device found.
mi300x-01:404:1405 [7] NCCL INFO NET/IB : No device found.
mi300x-01:400:1404 [3] NCCL INFO NCCL_SOCKET_IFNAME set by environment to ens11np0,ens12np0,ens21np0,ens22np0,ens31np0,ens32np0,ens41np0,ens42np0
mi300x-01:404:1405 [7] NCCL INFO NCCL_SOCKET_IFNAME set by environment to ens11np0,ens12np0,ens21np0,ens22np0,ens31np0,ens32np0,ens41np0,ens42np0
mi300x-01:398:1401 [1] NCCL INFO NET/Socket : Using [0]ens41np0:10.33.41.1<0> [1]ens42np0:10.33.42.1<0> [2]ens32np0:10.33.32.1<0> [3]ens31np0:10.33.31.1<0> [4]ens21np0:10.33.21.1<0> [5]ens22np0:10.33.22.1<0> [6]ens12np0:10.33.12.1<0> [7]ens11np0:10.33.11.1<0>
mi300x-01:397:1398 [0] NCCL INFO NET/Socket : Using [0]ens41np0:10.33.41.1<0> [1]ens42np0:10.33.42.1<0> [2]ens32np0:10.33.32.1<0> [3]ens31np0:10.33.31.1<0> [4]ens21np0:10.33.21.1<0> [5]ens22np0:10.33.22.1<0> [6]ens12np0:10.33.12.1<0> [7]ens11np0:10.33.11.1<0>
mi300x-01:398:1401 [1] NCCL INFO Using network Socket
mi300x-01:397:1398 [0] NCCL INFO Using network Socket
mi300x-01:399:1399 [2] NCCL INFO NET/Socket : Using [0]ens41np0:10.33.41.1<0> [1]ens42np0:10.33.42.1<0> [2]ens32np0:10.33.32.1<0> [3]ens31np0:10.33.31.1<0> [4]ens21np0:10.33.21.1<0> [5]ens22np0:10.33.22.1<0> [6]ens12np0:10.33.12.1<0> [7]ens11np0:10.33.11.1<0>
mi300x-01:399:1399 [2] NCCL INFO Using network Socket
mi300x-01:401:1402 [4] NCCL INFO NET/Socket : Using [0]ens41np0:10.33.41.1<0> [1]ens42np0:10.33.42.1<0> [2]ens32np0:10.33.32.1<0> [3]ens31np0:10.33.31.1<0> [4]ens21np0:10.33.21.1<0> [5]ens22np0:10.33.22.1<0> [6]ens12np0:10.33.12.1<0> [7]ens11np0:10.33.11.1<0>
mi300x-01:402:1400 [5] NCCL INFO NET/Socket : Using [0]ens41np0:10.33.41.1<0> [1]ens42np0:10.33.42.1<0> [2]ens32np0:10.33.32.1<0> [3]ens31np0:10.33.31.1<0> [4]ens21np0:10.33.21.1<0> [5]ens22np0:10.33.22.1<0> [6]ens12np0:10.33.12.1<0> [7]ens11np0:10.33.11.1<0>
mi300x-01:404:1405 [7] NCCL INFO NET/Socket : Using [0]ens41np0:10.33.41.1<0> [1]ens42np0:10.33.42.1<0> [2]ens32np0:10.33.32.1<0> [3]ens31np0:10.33.31.1<0> [4]ens21np0:10.33.21.1<0> [5]ens22np0:10.33.22.1<0> [6]ens12np0:10.33.12.1<0> [7]ens11np0:10.33.11.1<0>
mi300x-01:400:1404 [3] NCCL INFO NET/Socket : Using [0]ens41np0:10.33.41.1<0> [1]ens42np0:10.33.42.1<0> [2]ens32np0:10.33.32.1<0> [3]ens31np0:10.33.31.1<0> [4]ens21np0:10.33.21.1<0> [5]ens22np0:10.33.22.1<0> [6]ens12np0:10.33.12.1<0> [7]ens11np0:10.33.11.1<0>
mi300x-01:401:1402 [4] NCCL INFO Using network Socket
mi300x-01:403:1403 [6] NCCL INFO NET/Socket : Using [0]ens41np0:10.33.41.1<0> [1]ens42np0:10.33.42.1<0> [2]ens32np0:10.33.32.1<0> [3]ens31np0:10.33.31.1<0> [4]ens21np0:10.33.21.1<0> [5]ens22np0:10.33.22.1<0> [6]ens12np0:10.33.12.1<0> [7]ens11np0:10.33.11.1<0>
mi300x-01:402:1400 [5] NCCL INFO Using network Socket
mi300x-01:404:1405 [7] NCCL INFO Using network Socket
mi300x-01:400:1404 [3] NCCL INFO Using network Socket
mi300x-01:403:1403 [6] NCCL INFO Using network Socket
mi300x-01:397:1398 [0] NCCL INFO [node_id = 3; gpu_id = 23018; unique_id = 644790493291576379; location_id = 9728; bdf = 9728; domain = 0; partition = 0], 
mi300x-01:398:1401 [1] NCCL INFO [node_id = 3; gpu_id = 23018; unique_id = 644790493291576379; location_id = 9728; bdf = 9728; domain = 0; partition = 0], 
mi300x-01:398:1401 [1] NCCL INFO [node_id = 4; gpu_id = 29122; unique_id = 3215663133726981328; location_id = 17920; bdf = 17920; domain = 0; partition = 0], 
mi300x-01:397:1398 [0] NCCL INFO [node_id = 4; gpu_id = 29122; unique_id = 3215663133726981328; location_id = 17920; bdf = 17920; domain = 0; partition = 0], 
mi300x-01:398:1401 [1] NCCL INFO [node_id = 5; gpu_id = 22683; unique_id = 8864042241711292136; location_id = 25856; bdf = 25856; domain = 0; partition = 0], 
mi300x-01:397:1398 [0] NCCL INFO [node_id = 5; gpu_id = 22683; unique_id = 8864042241711292136; location_id = 25856; bdf = 25856; domain = 0; partition = 0], 
mi300x-01:398:1401 [1] NCCL INFO [node_id = 2; gpu_id = 28851; unique_id = 11388078476087105620; location_id = 1280; bdf = 1280; domain = 0; partition = 0], 
mi300x-01:397:1398 [0] NCCL INFO [node_id = 2; gpu_id = 28851; unique_id = 11388078476087105620; location_id = 1280; bdf = 1280; domain = 0; partition = 0], 
mi300x-01:398:1401 [1] NCCL INFO [node_id = 8; gpu_id = 53667; unique_id = 12980883725215846229; location_id = 50688; bdf = 50688; domain = 0; partition = 0], 
mi300x-01:397:1398 [0] NCCL INFO [node_id = 8; gpu_id = 53667; unique_id = 12980883725215846229; location_id = 50688; bdf = 50688; domain = 0; partition = 0], 
mi300x-01:398:1401 [1] NCCL INFO [node_id = 6; gpu_id = 53458; unique_id = 14180679964433427195; location_id = 34048; bdf = 34048; domain = 0; partition = 0], 
mi300x-01:397:1398 [0] NCCL INFO [node_id = 6; gpu_id = 53458; unique_id = 14180679964433427195; location_id = 34048; bdf = 34048; domain = 0; partition = 0], 
mi300x-01:398:1401 [1] NCCL INFO [node_id = 9; gpu_id = 63738; unique_id = 14214011618938632570; location_id = 58624; bdf = 58624; domain = 0; partition = 0], 
mi300x-01:397:1398 [0] NCCL INFO [node_id = 9; gpu_id = 63738; unique_id = 14214011618938632570; location_id = 58624; bdf = 58624; domain = 0; partition = 0], 
mi300x-01:398:1401 [1] NCCL INFO [node_id = 7; gpu_id = 63883; unique_id = 15956530834995328450; location_id = 42496; bdf = 42496; domain = 0; partition = 0], 
mi300x-01:397:1398 [0] NCCL INFO [node_id = 7; gpu_id = 63883; unique_id = 15956530834995328450; location_id = 42496; bdf = 42496; domain = 0; partition = 0], 
mi300x-01:399:1399 [2] NCCL INFO [node_id = 3; gpu_id = 23018; unique_id = 644790493291576379; location_id = 9728; bdf = 9728; domain = 0; partition = 0], 
mi300x-01:399:1399 [2] NCCL INFO [node_id = 4; gpu_id = 29122; unique_id = 3215663133726981328; location_id = 17920; bdf = 17920; domain = 0; partition = 0], 
mi300x-01:399:1399 [2] NCCL INFO [node_id = 5; gpu_id = 22683; unique_id = 8864042241711292136; location_id = 25856; bdf = 25856; domain = 0; partition = 0], 
mi300x-01:399:1399 [2] NCCL INFO [node_id = 2; gpu_id = 28851; unique_id = 11388078476087105620; location_id = 1280; bdf = 1280; domain = 0; partition = 0], 
mi300x-01:399:1399 [2] NCCL INFO [node_id = 8; gpu_id = 53667; unique_id = 12980883725215846229; location_id = 50688; bdf = 50688; domain = 0; partition = 0], 
mi300x-01:399:1399 [2] NCCL INFO [node_id = 6; gpu_id = 53458; unique_id = 14180679964433427195; location_id = 34048; bdf = 34048; domain = 0; partition = 0], 
mi300x-01:399:1399 [2] NCCL INFO [node_id = 9; gpu_id = 63738; unique_id = 14214011618938632570; location_id = 58624; bdf = 58624; domain = 0; partition = 0], 
mi300x-01:399:1399 [2] NCCL INFO [node_id = 7; gpu_id = 63883; unique_id = 15956530834995328450; location_id = 42496; bdf = 42496; domain = 0; partition = 0], 
mi300x-01:401:1402 [4] NCCL INFO [node_id = 3; gpu_id = 23018; unique_id = 644790493291576379; location_id = 9728; bdf = 9728; domain = 0; partition = 0], 
mi300x-01:401:1402 [4] NCCL INFO [node_id = 4; gpu_id = 29122; unique_id = 3215663133726981328; location_id = 17920; bdf = 17920; domain = 0; partition = 0], 
mi300x-01:401:1402 [4] NCCL INFO [node_id = 5; gpu_id = 22683; unique_id = 8864042241711292136; location_id = 25856; bdf = 25856; domain = 0; partition = 0], 
mi300x-01:401:1402 [4] NCCL INFO [node_id = 2; gpu_id = 28851; unique_id = 11388078476087105620; location_id = 1280; bdf = 1280; domain = 0; partition = 0], 
mi300x-01:401:1402 [4] NCCL INFO [node_id = 8; gpu_id = 53667; unique_id = 12980883725215846229; location_id = 50688; bdf = 50688; domain = 0; partition = 0], 
mi300x-01:401:1402 [4] NCCL INFO [node_id = 6; gpu_id = 53458; unique_id = 14180679964433427195; location_id = 34048; bdf = 34048; domain = 0; partition = 0], 
mi300x-01:401:1402 [4] NCCL INFO [node_id = 9; gpu_id = 63738; unique_id = 14214011618938632570; location_id = 58624; bdf = 58624; domain = 0; partition = 0], 
mi300x-01:401:1402 [4] NCCL INFO [node_id = 7; gpu_id = 63883; unique_id = 15956530834995328450; location_id = 42496; bdf = 42496; domain = 0; partition = 0], 
mi300x-01:402:1400 [5] NCCL INFO [node_id = 3; gpu_id = 23018; unique_id = 644790493291576379; location_id = 9728; bdf = 9728; domain = 0; partition = 0], 
mi300x-01:402:1400 [5] NCCL INFO [node_id = 4; gpu_id = 29122; unique_id = 3215663133726981328; location_id = 17920; bdf = 17920; domain = 0; partition = 0], 
mi300x-01:402:1400 [5] NCCL INFO [node_id = 5; gpu_id = 22683; unique_id = 8864042241711292136; location_id = 25856; bdf = 25856; domain = 0; partition = 0], 
mi300x-01:402:1400 [5] NCCL INFO [node_id = 2; gpu_id = 28851; unique_id = 11388078476087105620; location_id = 1280; bdf = 1280; domain = 0; partition = 0], 
mi300x-01:402:1400 [5] NCCL INFO [node_id = 8; gpu_id = 53667; unique_id = 12980883725215846229; location_id = 50688; bdf = 50688; domain = 0; partition = 0], 
mi300x-01:402:1400 [5] NCCL INFO [node_id = 6; gpu_id = 53458; unique_id = 14180679964433427195; location_id = 34048; bdf = 34048; domain = 0; partition = 0], 
mi300x-01:400:1404 [3] NCCL INFO [node_id = 3; gpu_id = 23018; unique_id = 644790493291576379; location_id = 9728; bdf = 9728; domain = 0; partition = 0], 
mi300x-01:402:1400 [5] NCCL INFO [node_id = 9; gpu_id = 63738; unique_id = 14214011618938632570; location_id = 58624; bdf = 58624; domain = 0; partition = 0], 
mi300x-01:400:1404 [3] NCCL INFO [node_id = 4; gpu_id = 29122; unique_id = 3215663133726981328; location_id = 17920; bdf = 17920; domain = 0; partition = 0], 
mi300x-01:402:1400 [5] NCCL INFO [node_id = 7; gpu_id = 63883; unique_id = 15956530834995328450; location_id = 42496; bdf = 42496; domain = 0; partition = 0], 
mi300x-01:400:1404 [3] NCCL INFO [node_id = 5; gpu_id = 22683; unique_id = 8864042241711292136; location_id = 25856; bdf = 25856; domain = 0; partition = 0], 
mi300x-01:400:1404 [3] NCCL INFO [node_id = 2; gpu_id = 28851; unique_id = 11388078476087105620; location_id = 1280; bdf = 1280; domain = 0; partition = 0], 
mi300x-01:400:1404 [3] NCCL INFO [node_id = 8; gpu_id = 53667; unique_id = 12980883725215846229; location_id = 50688; bdf = 50688; domain = 0; partition = 0], 
mi300x-01:400:1404 [3] NCCL INFO [node_id = 6; gpu_id = 53458; unique_id = 14180679964433427195; location_id = 34048; bdf = 34048; domain = 0; partition = 0], 
mi300x-01:400:1404 [3] NCCL INFO [node_id = 9; gpu_id = 63738; unique_id = 14214011618938632570; location_id = 58624; bdf = 58624; domain = 0; partition = 0], 
mi300x-01:400:1404 [3] NCCL INFO [node_id = 7; gpu_id = 63883; unique_id = 15956530834995328450; location_id = 42496; bdf = 42496; domain = 0; partition = 0], 
mi300x-01:404:1405 [7] NCCL INFO [node_id = 3; gpu_id = 23018; unique_id = 644790493291576379; location_id = 9728; bdf = 9728; domain = 0; partition = 0], 
mi300x-01:404:1405 [7] NCCL INFO [node_id = 4; gpu_id = 29122; unique_id = 3215663133726981328; location_id = 17920; bdf = 17920; domain = 0; partition = 0], 
mi300x-01:403:1403 [6] NCCL INFO [node_id = 3; gpu_id = 23018; unique_id = 644790493291576379; location_id = 9728; bdf = 9728; domain = 0; partition = 0], 
mi300x-01:404:1405 [7] NCCL INFO [node_id = 5; gpu_id = 22683; unique_id = 8864042241711292136; location_id = 25856; bdf = 25856; domain = 0; partition = 0], 
mi300x-01:404:1405 [7] NCCL INFO [node_id = 2; gpu_id = 28851; unique_id = 11388078476087105620; location_id = 1280; bdf = 1280; domain = 0; partition = 0], 
mi300x-01:403:1403 [6] NCCL INFO [node_id = 4; gpu_id = 29122; unique_id = 3215663133726981328; location_id = 17920; bdf = 17920; domain = 0; partition = 0], 
mi300x-01:404:1405 [7] NCCL INFO [node_id = 8; gpu_id = 53667; unique_id = 12980883725215846229; location_id = 50688; bdf = 50688; domain = 0; partition = 0], 
mi300x-01:403:1403 [6] NCCL INFO [node_id = 5; gpu_id = 22683; unique_id = 8864042241711292136; location_id = 25856; bdf = 25856; domain = 0; partition = 0], 
mi300x-01:404:1405 [7] NCCL INFO [node_id = 6; gpu_id = 53458; unique_id = 14180679964433427195; location_id = 34048; bdf = 34048; domain = 0; partition = 0], 
mi300x-01:403:1403 [6] NCCL INFO [node_id = 2; gpu_id = 28851; unique_id = 11388078476087105620; location_id = 1280; bdf = 1280; domain = 0; partition = 0], 
mi300x-01:404:1405 [7] NCCL INFO [node_id = 9; gpu_id = 63738; unique_id = 14214011618938632570; location_id = 58624; bdf = 58624; domain = 0; partition = 0], 
mi300x-01:403:1403 [6] NCCL INFO [node_id = 8; gpu_id = 53667; unique_id = 12980883725215846229; location_id = 50688; bdf = 50688; domain = 0; partition = 0], 
mi300x-01:404:1405 [7] NCCL INFO [node_id = 7; gpu_id = 63883; unique_id = 15956530834995328450; location_id = 42496; bdf = 42496; domain = 0; partition = 0], 
mi300x-01:403:1403 [6] NCCL INFO [node_id = 6; gpu_id = 53458; unique_id = 14180679964433427195; location_id = 34048; bdf = 34048; domain = 0; partition = 0], 
mi300x-01:403:1403 [6] NCCL INFO [node_id = 9; gpu_id = 63738; unique_id = 14214011618938632570; location_id = 58624; bdf = 58624; domain = 0; partition = 0], 
mi300x-01:403:1403 [6] NCCL INFO [node_id = 7; gpu_id = 63883; unique_id = 15956530834995328450; location_id = 42496; bdf = 42496; domain = 0; partition = 0], 
mi300x-01:397:1398 [0] NCCL INFO initialized internal alternative rsmi functionality
mi300x-01:398:1401 [1] NCCL INFO initialized internal alternative rsmi functionality
mi300x-01:399:1399 [2] NCCL INFO initialized internal alternative rsmi functionality
mi300x-01:403:1403 [6] NCCL INFO initialized internal alternative rsmi functionality
mi300x-01:402:1400 [5] NCCL INFO initialized internal alternative rsmi functionality
mi300x-01:401:1402 [4] NCCL INFO initialized internal alternative rsmi functionality
mi300x-01:400:1404 [3] NCCL INFO initialized internal alternative rsmi functionality
mi300x-01:404:1405 [7] NCCL INFO initialized internal alternative rsmi functionality
mi300x-01:403:1403 [6] NCCL INFO ncclCommInitRank comm 0x3cf8d7d0 rank 6 nranks 16 cudaDev 6 nvmlDev 6 busId c6000 commId 0xc8ca64ce8511a0ba - Init START
mi300x-01:404:1405 [7] NCCL INFO ncclCommInitRank comm 0x3cfa0c70 rank 7 nranks 16 cudaDev 7 nvmlDev 7 busId e5000 commId 0xc8ca64ce8511a0ba - Init START
mi300x-01:402:1400 [5] NCCL INFO ncclCommInitRank comm 0x3cfaa980 rank 5 nranks 16 cudaDev 5 nvmlDev 5 busId a6000 commId 0xc8ca64ce8511a0ba - Init START
mi300x-01:401:1402 [4] NCCL INFO ncclCommInitRank comm 0x3cfb3580 rank 4 nranks 16 cudaDev 4 nvmlDev 4 busId 85000 commId 0xc8ca64ce8511a0ba - Init START
mi300x-01:400:1404 [3] NCCL INFO ncclCommInitRank comm 0x3cf92390 rank 3 nranks 16 cudaDev 3 nvmlDev 3 busId 65000 commId 0xc8ca64ce8511a0ba - Init START
mi300x-01:399:1399 [2] NCCL INFO ncclCommInitRank comm 0x3cfa0510 rank 2 nranks 16 cudaDev 2 nvmlDev 2 busId 46000 commId 0xc8ca64ce8511a0ba - Init START
mi300x-01:398:1401 [1] NCCL INFO ncclCommInitRank comm 0x3cfb43a0 rank 1 nranks 16 cudaDev 1 nvmlDev 1 busId 26000 commId 0xc8ca64ce8511a0ba - Init START
mi300x-01:397:1398 [0] NCCL INFO ncclCommInitRank comm 0x3cfa57e0 rank 0 nranks 16 cudaDev 0 nvmlDev 0 busId 5000 commId 0xc8ca64ce8511a0ba - Init START
mi300x-01:403:1403 [6] NCCL INFO initialized internal alternative rsmi functionality
mi300x-01:401:1402 [4] NCCL INFO initialized internal alternative rsmi functionality
mi300x-01:398:1401 [1] NCCL INFO initialized internal alternative rsmi functionality
mi300x-01:399:1399 [2] NCCL INFO initialized internal alternative rsmi functionality
mi300x-01:400:1404 [3] NCCL INFO initialized internal alternative rsmi functionality
mi300x-01:404:1405 [7] NCCL INFO initialized internal alternative rsmi functionality
mi300x-01:402:1400 [5] NCCL INFO initialized internal alternative rsmi functionality
mi300x-01:397:1398 [0] NCCL INFO initialized internal alternative rsmi functionality
mi300x-01:401:1402 [4] NCCL INFO Setting affinity for GPU 4 to ffffffff,ffffffff,00000000,00000000,ffffffff,ffffffff,00000000,00000000
mi300x-01:400:1404 [3] NCCL INFO Setting affinity for GPU 3 to ffffffff,ffffffff,00000000,00000000,ffffffff,ffffffff
mi300x-01:402:1400 [5] NCCL INFO Setting affinity for GPU 5 to ffffffff,ffffffff,00000000,00000000,ffffffff,ffffffff,00000000,00000000
mi300x-01:399:1399 [2] NCCL INFO Setting affinity for GPU 2 to ffffffff,ffffffff,00000000,00000000,ffffffff,ffffffff
mi300x-01:403:1403 [6] NCCL INFO Setting affinity for GPU 6 to ffffffff,ffffffff,00000000,00000000,ffffffff,ffffffff,00000000,00000000
mi300x-01:398:1401 [1] NCCL INFO Setting affinity for GPU 1 to ffffffff,ffffffff,00000000,00000000,ffffffff,ffffffff
mi300x-01:404:1405 [7] NCCL INFO Setting affinity for GPU 7 to ffffffff,ffffffff,00000000,00000000,ffffffff,ffffffff,00000000,00000000
mi300x-01:397:1398 [0] NCCL INFO Setting affinity for GPU 0 to ffffffff,ffffffff,00000000,00000000,ffffffff,ffffffff
mi300x-01:404:1405 [7] NCCL INFO comm 0x3cfa0c70 rank 7 nRanks 16 nNodes 2 localRanks 8 localRank 7 MNNVL 0
mi300x-01:403:1403 [6] NCCL INFO comm 0x3cf8d7d0 rank 6 nRanks 16 nNodes 2 localRanks 8 localRank 6 MNNVL 0
mi300x-01:402:1400 [5] NCCL INFO comm 0x3cfaa980 rank 5 nRanks 16 nNodes 2 localRanks 8 localRank 5 MNNVL 0
mi300x-01:401:1402 [4] NCCL INFO comm 0x3cfb3580 rank 4 nRanks 16 nNodes 2 localRanks 8 localRank 4 MNNVL 0
mi300x-01:397:1398 [0] NCCL INFO comm 0x3cfa57e0 rank 0 nRanks 16 nNodes 2 localRanks 8 localRank 0 MNNVL 0
mi300x-01:400:1404 [3] NCCL INFO comm 0x3cf92390 rank 3 nRanks 16 nNodes 2 localRanks 8 localRank 3 MNNVL 0
mi300x-01:398:1401 [1] NCCL INFO comm 0x3cfb43a0 rank 1 nRanks 16 nNodes 2 localRanks 8 localRank 1 MNNVL 0
mi300x-01:399:1399 [2] NCCL INFO comm 0x3cfa0510 rank 2 nRanks 16 nNodes 2 localRanks 8 localRank 2 MNNVL 0
mi300x-01:404:1405 [7] NCCL INFO Trees [0] -1/-1/-1->7->6 [1] -1/-1/-1->7->6 [2] 0/-1/-1->7->5 [3] 0/-1/-1->7->5 [4] 1/-1/-1->7->4 [5] 1/-1/-1->7->4 [6] 2/-1/-1->7->3 [7] 2/-1/-1->7->3 [8] -1/-1/-1->7->6 [9] -1/-1/-1->7->6 [10] 0/-1/-1->7->5 [11] 0/-1/-1->7->5 [12] 1/-1/-1->7->4 [13] 1/-1/-1->7->4 [14] 2/-1/-1->7->3 [15] 2/-1/-1->7->3 [16] -1/-1/-1->7->6 [17] -1/-1/-1->7->6 [18] 0/-1/-1->7->5 [19] 0/-1/-1->7->5 [20] 1/-1/-1->7->4 [21] 1/-1/-1->7->4 [22] 2/-1/-1->7->3 [23] 2/-1/-1->7->3 [24] -1/-1/-1->7->6 [25] -1/-1/-1->7->6 [26] 0/-1/-1->7->5 [27] 0/-1/-1->7->5 [28] 1/-1/-1->7->4 [29] 1/-1/-1->7->4 [30] 2/-1/-1->7->3 [31] 2/-1/-1->7->3 comm 0x3cfa0c70 nRanks 16 busId e5000
mi300x-01:404:1405 [7] NCCL INFO P2P Chunksize set to 131072
mi300x-01:403:1403 [6] NCCL INFO Trees [0] 7/-1/-1->6->5 [1] 7/-1/-1->6->5 [2] -1/-1/-1->6->4 [3] -1/-1/-1->6->4 [4] 3/-1/-1->6->2 [5] 3/-1/-1->6->2 [6] 5/14/-1->6->-1 [7] 5/14/-1->6->-1 [8] 7/-1/-1->6->5 [9] 7/-1/-1->6->5 [10] -1/-1/-1->6->4 [11] -1/-1/-1->6->4 [12] 3/-1/-1->6->2 [13] 3/-1/-1->6->2 [14] 5/-1/-1->6->14 [15] 5/-1/-1->6->14 [16] 7/-1/-1->6->5 [17] 7/-1/-1->6->5 [18] -1/-1/-1->6->4 [19] -1/-1/-1->6->4 [20] 3/-1/-1->6->2 [21] 3/-1/-1->6->2 [22] 5/14/-1->6->-1 [23] 5/14/-1->6->-1 [24] 7/-1/-1->6->5 [25] 7/-1/-1->6->5 [26] -1/-1/-1->6->4 [27] -1/-1/-1->6->4 [28] 3/-1/-1->6->2 [29] 3/-1/-1->6->2 [30] 5/-1/-1->6->14 [31] 5/-1/-1->6->14 comm 0x3cf8d7d0 nRanks 16 busId c6000
mi300x-01:404:1405 [7] NCCL INFO NCCL_MIN_P2P_NCHANNELS set by environment to 32.
mi300x-01:403:1403 [6] NCCL INFO P2P Chunksize set to 131072
mi300x-01:404:1405 [7] NCCL INFO NCCL_NCHANNELS_PER_NET_PEER set by environment to 32.
mi300x-01:403:1403 [6] NCCL INFO NCCL_MIN_P2P_NCHANNELS set by environment to 32.
mi300x-01:402:1400 [5] NCCL INFO Trees [0] 6/-1/-1->5->4 [1] 6/-1/-1->5->4 [2] 7/-1/-1->5->3 [3] 7/-1/-1->5->3 [4] 0/-1/-1->5->1 [5] 0/-1/-1->5->1 [6] 1/-1/-1->5->6 [7] 1/-1/-1->5->6 [8] 6/-1/-1->5->4 [9] 6/-1/-1->5->4 [10] 7/-1/-1->5->3 [11] 7/-1/-1->5->3 [12] 0/-1/-1->5->1 [13] 0/-1/-1->5->1 [14] 1/-1/-1->5->6 [15] 1/-1/-1->5->6 [16] 6/-1/-1->5->4 [17] 6/-1/-1->5->4 [18] 7/-1/-1->5->3 [19] 7/-1/-1->5->3 [20] 0/-1/-1->5->1 [21] 0/-1/-1->5->1 [22] 1/-1/-1->5->6 [23] 1/-1/-1->5->6 [24] 6/-1/-1->5->4 [25] 6/-1/-1->5->4 [26] 7/-1/-1->5->3 [27] 7/-1/-1->5->3 [28] 0/-1/-1->5->1 [29] 0/-1/-1->5->1 [30] 1/-1/-1->5->6 [31] 1/-1/-1->5->6 comm 0x3cfaa980 nRanks 16 busId a6000
mi300x-01:403:1403 [6] NCCL INFO NCCL_NCHANNELS_PER_NET_PEER set by environment to 32.
mi300x-01:397:1398 [0] NCCL INFO Channel 00/32 :    0   7   6   5   4   3   2   1   8  15  14  13  12  11  10   9
mi300x-01:402:1400 [5] NCCL INFO P2P Chunksize set to 131072
mi300x-01:397:1398 [0] NCCL INFO Channel 01/32 :    0   7   6   5   4   3   2   1   8  15  14  13  12  11  10   9
mi300x-01:402:1400 [5] NCCL INFO NCCL_MIN_P2P_NCHANNELS set by environment to 32.
mi300x-01:397:1398 [0] NCCL INFO Channel 02/32 :    0   7   6   5   4   3   2   1   8  15  14  13  12  11  10   9
mi300x-01:402:1400 [5] NCCL INFO NCCL_NCHANNELS_PER_NET_PEER set by environment to 32.
mi300x-01:397:1398 [0] NCCL INFO Channel 03/32 :    0   7   6   5   4   2  11   9   8  15  14  13  12  10   3   1
mi300x-01:401:1402 [4] NCCL INFO Trees [0] 5/-1/-1->4->3 [1] 5/-1/-1->4->3 [2] 6/-1/-1->4->0 [3] 6/-1/-1->4->0 [4] 7/12/-1->4->-1 [5] 7/12/-1->4->-1 [6] 0/-1/-1->4->1 [7] 0/-1/-1->4->1 [8] 5/-1/-1->4->3 [9] 5/-1/-1->4->3 [10] 6/-1/-1->4->0 [11] 6/-1/-1->4->0 [12] 7/-1/-1->4->12 [13] 7/-1/-1->4->12 [14] 0/-1/-1->4->1 [15] 0/-1/-1->4->1 [16] 5/-1/-1->4->3 [17] 5/-1/-1->4->3 [18] 6/-1/-1->4->0 [19] 6/-1/-1->4->0 [20] 7/12/-1->4->-1 [21] 7/12/-1->4->-1 [22] 0/-1/-1->4->1 [23] 0/-1/-1->4->1 [24] 5/-1/-1->4->3 [25] 5/-1/-1->4->3 [26] 6/-1/-1->4->0 [27] 6/-1/-1->4->0 [28] 7/-1/-1->4->12 [29] 7/-1/-1->4->12 [30] 0/-1/-1->4->1 [31] 0/-1/-1->4->1 comm 0x3cfb3580 nRanks 16 busId 85000
mi300x-01:398:1401 [1] NCCL INFO Trees [0] 2/-1/-1->1->0 [1] 2/-1/-1->1->0 [2] 3/-1/-1->1->2 [3] 3/-1/-1->1->2 [4] 5/-1/-1->1->7 [5] 5/-1/-1->1->7 [6] 4/-1/-1->1->5 [7] 4/-1/-1->1->5 [8] 2/-1/-1->1->0 [9] 2/-1/-1->1->0 [10] 3/-1/-1->1->2 [11] 3/-1/-1->1->2 [12] 5/-1/-1->1->7 [13] 5/-1/-1->1->7 [14] 4/-1/-1->1->5 [15] 4/-1/-1->1->5 [16] 2/-1/-1->1->0 [17] 2/-1/-1->1->0 [18] 3/-1/-1->1->2 [19] 3/-1/-1->1->2 [20] 5/-1/-1->1->7 [21] 5/-1/-1->1->7 [22] 4/-1/-1->1->5 [23] 4/-1/-1->1->5 [24] 2/-1/-1->1->0 [25] 2/-1/-1->1->0 [26] 3/-1/-1->1->2 [27] 3/-1/-1->1->2 [28] 5/-1/-1->1->7 [29] 5/-1/-1->1->7 [30] 4/-1/-1->1->5 [31] 4/-1/-1->1->5 comm 0x3cfb43a0 nRanks 16 busId 26000
mi300x-01:400:1404 [3] NCCL INFO Trees [0] 4/-1/-1->3->2 [1] 4/-1/-1->3->2 [2] 5/-1/-1->3->1 [3] 5/-1/-1->3->1 [4] -1/-1/-1->3->6 [5] -1/-1/-1->3->6 [6] 7/-1/-1->3->0 [7] 7/-1/-1->3->0 [8] 4/-1/-1->3->2 [9] 4/-1/-1->3->2 [10] 5/-1/-1->3->1 [11] 5/-1/-1->3->1 [12] -1/-1/-1->3->6 [13] -1/-1/-1->3->6 [14] 7/-1/-1->3->0 [15] 7/-1/-1->3->0 [16] 4/-1/-1->3->2 [17] 4/-1/-1->3->2 [18] 5/-1/-1->3->1 [19] 5/-1/-1->3->1 [20] -1/-1/-1->3->6 [21] -1/-1/-1->3->6 [22] 7/-1/-1->3->0 [23] 7/-1/-1->3->0 [24] 4/-1/-1->3->2 [25] 4/-1/-1->3->2 [26] 5/-1/-1->3->1 [27] 5/-1/-1->3->1 [28] -1/-1/-1->3->6 [29] -1/-1/-1->3->6 [30] 7/-1/-1->3->0 [31] 7/-1/-1->3->0 comm 0x3cf92390 nRanks 16 busId 65000
mi300x-01:397:1398 [0] NCCL INFO Channel 04/32 :    0   3   2   7   5   6  12   9   8  11  10  15  13  14   4   1
mi300x-01:399:1399 [2] NCCL INFO Trees [0] 3/-1/-1->2->1 [1] 3/-1/-1->2->1 [2] 1/10/-1->2->-1 [3] 1/10/-1->2->-1 [4] 6/-1/-1->2->0 [5] 6/-1/-1->2->0 [6] -1/-1/-1->2->7 [7] -1/-1/-1->2->7 [8] 3/-1/-1->2->1 [9] 3/-1/-1->2->1 [10] 1/-1/-1->2->10 [11] 1/-1/-1->2->10 [12] 6/-1/-1->2->0 [13] 6/-1/-1->2->0 [14] -1/-1/-1->2->7 [15] -1/-1/-1->2->7 [16] 3/-1/-1->2->1 [17] 3/-1/-1->2->1 [18] 1/10/-1->2->-1 [19] 1/10/-1->2->-1 [20] 6/-1/-1->2->0 [21] 6/-1/-1->2->0 [22] -1/-1/-1->2->7 [23] -1/-1/-1->2->7 [24] 3/-1/-1->2->1 [25] 3/-1/-1->2->1 [26] 1/-1/-1->2->10 [27] 1/-1/-1->2->10 [28] 6/-1/-1->2->0 [29] 6/-1/-1->2->0 [30] -1/-1/-1->2->7 [31] -1/-1/-1->2->7 comm 0x3cfa0510 nRanks 16 busId 46000
mi300x-01:400:1404 [3] NCCL INFO P2P Chunksize set to 131072
mi300x-01:401:1402 [4] NCCL INFO P2P Chunksize set to 131072
mi300x-01:398:1401 [1] NCCL INFO P2P Chunksize set to 131072
mi300x-01:397:1398 [0] NCCL INFO Channel 05/32 :    0   3   6   2   4   7  13   9   8  11  14  10  12  15   5   1
mi300x-01:399:1399 [2] NCCL INFO P2P Chunksize set to 131072
mi300x-01:400:1404 [3] NCCL INFO NCCL_MIN_P2P_NCHANNELS set by environment to 32.
mi300x-01:398:1401 [1] NCCL INFO NCCL_MIN_P2P_NCHANNELS set by environment to 32.
mi300x-01:401:1402 [4] NCCL INFO NCCL_MIN_P2P_NCHANNELS set by environment to 32.
mi300x-01:397:1398 [0] NCCL INFO Channel 06/32 :    0   3   6   2   4   7  13   9   8  11  14  10  12  15   5   1
mi300x-01:399:1399 [2] NCCL INFO NCCL_MIN_P2P_NCHANNELS set by environment to 32.
mi300x-01:398:1401 [1] NCCL INFO NCCL_NCHANNELS_PER_NET_PEER set by environment to 32.
mi300x-01:400:1404 [3] NCCL INFO NCCL_NCHANNELS_PER_NET_PEER set by environment to 32.
mi300x-01:401:1402 [4] NCCL INFO NCCL_NCHANNELS_PER_NET_PEER set by environment to 32.
mi300x-01:397:1398 [0] NCCL INFO Channel 07/32 :    0   3   6   2   4  15   9  13   8  11  14  10  12   7   1   5
mi300x-01:399:1399 [2] NCCL INFO NCCL_NCHANNELS_PER_NET_PEER set by environment to 32.
mi300x-01:397:1398 [0] NCCL INFO Channel 08/32 :    0   7   6   5   4   3   2   1   8  15  14  13  12  11  10   9
mi300x-01:397:1398 [0] NCCL INFO Channel 09/32 :    0   7   6   5   4   3   2   1   8  15  14  13  12  11  10   9
mi300x-01:397:1398 [0] NCCL INFO Channel 10/32 :    0   7   6   5   4   3   2   1   8  15  14  13  12  11  10   9
mi300x-01:397:1398 [0] NCCL INFO Channel 11/32 :    0   7   6   5   4   2  11   9   8  15  14  13  12  10   3   1
mi300x-01:397:1398 [0] NCCL INFO Channel 12/32 :    0   3   2   7   5   6  12   9   8  11  10  15  13  14   4   1
mi300x-01:397:1398 [0] NCCL INFO Channel 13/32 :    0   3   6   2   4   7  13   9   8  11  14  10  12  15   5   1
mi300x-01:397:1398 [0] NCCL INFO Channel 14/32 :    0   3   6   2   4   7  13   9   8  11  14  10  12  15   5   1
mi300x-01:397:1398 [0] NCCL INFO Channel 15/32 :    0   3   6   2   4  15   9  13   8  11  14  10  12   7   1   5
mi300x-01:397:1398 [0] NCCL INFO Channel 16/32 :    0   7   6   5   4   3   2   1   8  15  14  13  12  11  10   9
mi300x-01:397:1398 [0] NCCL INFO Channel 17/32 :    0   7   6   5   4   3   2   1   8  15  14  13  12  11  10   9
mi300x-01:397:1398 [0] NCCL INFO Channel 18/32 :    0   7   6   5   4   3   2   1   8  15  14  13  12  11  10   9
mi300x-01:397:1398 [0] NCCL INFO Channel 19/32 :    0   7   6   5   4   2  11   9   8  15  14  13  12  10   3   1
mi300x-01:397:1398 [0] NCCL INFO Channel 20/32 :    0   3   2   7   5   6  12   9   8  11  10  15  13  14   4   1
mi300x-01:397:1398 [0] NCCL INFO Channel 21/32 :    0   3   6   2   4   7  13   9   8  11  14  10  12  15   5   1
mi300x-01:397:1398 [0] NCCL INFO Channel 22/32 :    0   3   6   2   4   7  13   9   8  11  14  10  12  15   5   1
mi300x-01:397:1398 [0] NCCL INFO Channel 23/32 :    0   3   6   2   4  15   9  13   8  11  14  10  12   7   1   5
mi300x-01:397:1398 [0] NCCL INFO Channel 24/32 :    0   7   6   5   4   3   2   1   8  15  14  13  12  11  10   9
mi300x-01:397:1398 [0] NCCL INFO Channel 25/32 :    0   7   6   5   4   3   2   1   8  15  14  13  12  11  10   9
mi300x-01:397:1398 [0] NCCL INFO Channel 26/32 :    0   7   6   5   4   3   2   1   8  15  14  13  12  11  10   9
mi300x-01:397:1398 [0] NCCL INFO Channel 27/32 :    0   7   6   5   4   2  11   9   8  15  14  13  12  10   3   1
mi300x-01:397:1398 [0] NCCL INFO Channel 28/32 :    0   3   2   7   5   6  12   9   8  11  10  15  13  14   4   1
mi300x-01:397:1398 [0] NCCL INFO Channel 29/32 :    0   3   6   2   4   7  13   9   8  11  14  10  12  15   5   1
mi300x-01:397:1398 [0] NCCL INFO Channel 30/32 :    0   3   6   2   4   7  13   9   8  11  14  10  12  15   5   1
mi300x-01:397:1398 [0] NCCL INFO Channel 31/32 :    0   3   6   2   4  15   9  13   8  11  14  10  12   7   1   5
mi300x-01:397:1398 [0] NCCL INFO Trees [0] 1/8/-1->0->-1 [1] 1/8/-1->0->-1 [2] 4/-1/-1->0->7 [3] 4/-1/-1->0->7 [4] 2/-1/-1->0->5 [5] 2/-1/-1->0->5 [6] 3/-1/-1->0->4 [7] 3/-1/-1->0->4 [8] 1/-1/-1->0->8 [9] 1/-1/-1->0->8 [10] 4/-1/-1->0->7 [11] 4/-1/-1->0->7 [12] 2/-1/-1->0->5 [13] 2/-1/-1->0->5 [14] 3/-1/-1->0->4 [15] 3/-1/-1->0->4 [16] 1/8/-1->0->-1 [17] 1/8/-1->0->-1 [18] 4/-1/-1->0->7 [19] 4/-1/-1->0->7 [20] 2/-1/-1->0->5 [21] 2/-1/-1->0->5 [22] 3/-1/-1->0->4 [23] 3/-1/-1->0->4 [24] 1/-1/-1->0->8 [25] 1/-1/-1->0->8 [26] 4/-1/-1->0->7 [27] 4/-1/-1->0->7 [28] 2/-1/-1->0->5 [29] 2/-1/-1->0->5 [30] 3/-1/-1->0->4 [31] 3/-1/-1->0->4 comm 0x3cfa57e0 nRanks 16 busId 5000
mi300x-01:397:1398 [0] NCCL INFO P2P Chunksize set to 131072
mi300x-01:397:1398 [0] NCCL INFO NCCL_MIN_P2P_NCHANNELS set by environment to 32.
mi300x-01:397:1398 [0] NCCL INFO NCCL_NCHANNELS_PER_NET_PEER set by environment to 32.
mi300x-01:402:1400 [5] NCCL INFO Channel 04/0 : 5[a6000] -> 6[c6000] via P2P/IPC comm 0x3cfaa980 nRanks 16
mi300x-01:397:1398 [0] NCCL INFO Channel 04/0 : 0[5000] -> 3[65000] via P2P/IPC comm 0x3cfa57e0 nRanks 16
mi300x-01:399:1399 [2] NCCL INFO Channel 05/0 : 2[46000] -> 4[85000] via P2P/IPC comm 0x3cfa0510 nRanks 16
mi300x-01:398:1401 [1] NCCL INFO Channel 07/0 : 1[26000] -> 5[a6000] via P2P/IPC comm 0x3cfb43a0 nRanks 16
mi300x-01:402:1400 [5] NCCL INFO Channel 12/0 : 5[a6000] -> 6[c6000] via P2P/IPC comm 0x3cfaa980 nRanks 16
mi300x-01:397:1398 [0] NCCL INFO Channel 05/0 : 0[5000] -> 3[65000] via P2P/IPC comm 0x3cfa57e0 nRanks 16
mi300x-01:398:1401 [1] NCCL INFO Channel 15/0 : 1[26000] -> 5[a6000] via P2P/IPC comm 0x3cfb43a0 nRanks 16
mi300x-01:399:1399 [2] NCCL INFO Channel 06/0 : 2[46000] -> 4[85000] via P2P/IPC comm 0x3cfa0510 nRanks 16
mi300x-01:402:1400 [5] NCCL INFO Channel 20/0 : 5[a6000] -> 6[c6000] via P2P/IPC comm 0x3cfaa980 nRanks 16
mi300x-01:397:1398 [0] NCCL INFO Channel 06/0 : 0[5000] -> 3[65000] via P2P/IPC comm 0x3cfa57e0 nRanks 16
mi300x-01:398:1401 [1] NCCL INFO Channel 23/0 : 1[26000] -> 5[a6000] via P2P/IPC comm 0x3cfb43a0 nRanks 16
mi300x-01:399:1399 [2] NCCL INFO Channel 07/0 : 2[46000] -> 4[85000] via P2P/IPC comm 0x3cfa0510 nRanks 16
mi300x-01:402:1400 [5] NCCL INFO Channel 28/0 : 5[a6000] -> 6[c6000] via P2P/IPC comm 0x3cfaa980 nRanks 16
mi300x-01:397:1398 [0] NCCL INFO Channel 07/0 : 0[5000] -> 3[65000] via P2P/IPC comm 0x3cfa57e0 nRanks 16
mi300x-01:398:1401 [1] NCCL INFO Channel 31/0 : 1[26000] -> 5[a6000] via P2P/IPC comm 0x3cfb43a0 nRanks 16
mi300x-01:399:1399 [2] NCCL INFO Channel 13/0 : 2[46000] -> 4[85000] via P2P/IPC comm 0x3cfa0510 nRanks 16
mi300x-01:397:1398 [0] NCCL INFO Channel 12/0 : 0[5000] -> 3[65000] via P2P/IPC comm 0x3cfa57e0 nRanks 16
mi300x-01:399:1399 [2] NCCL INFO Channel 14/0 : 2[46000] -> 4[85000] via P2P/IPC comm 0x3cfa0510 nRanks 16
mi300x-01:397:1398 [0] NCCL INFO Channel 13/0 : 0[5000] -> 3[65000] via P2P/IPC comm 0x3cfa57e0 nRanks 16
mi300x-01:399:1399 [2] NCCL INFO Channel 15/0 : 2[46000] -> 4[85000] via P2P/IPC comm 0x3cfa0510 nRanks 16
mi300x-01:397:1398 [0] NCCL INFO Channel 14/0 : 0[5000] -> 3[65000] via P2P/IPC comm 0x3cfa57e0 nRanks 16
mi300x-01:399:1399 [2] NCCL INFO Channel 21/0 : 2[46000] -> 4[85000] via P2P/IPC comm 0x3cfa0510 nRanks 16
mi300x-01:397:1398 [0] NCCL INFO Channel 15/0 : 0[5000] -> 3[65000] via P2P/IPC comm 0x3cfa57e0 nRanks 16
mi300x-01:399:1399 [2] NCCL INFO Channel 22/0 : 2[46000] -> 4[85000] via P2P/IPC comm 0x3cfa0510 nRanks 16
mi300x-01:397:1398 [0] NCCL INFO Channel 20/0 : 0[5000] -> 3[65000] via P2P/IPC comm 0x3cfa57e0 nRanks 16
mi300x-01:399:1399 [2] NCCL INFO Channel 23/0 : 2[46000] -> 4[85000] via P2P/IPC comm 0x3cfa0510 nRanks 16
mi300x-01:397:1398 [0] NCCL INFO Channel 21/0 : 0[5000] -> 3[65000] via P2P/IPC comm 0x3cfa57e0 nRanks 16
mi300x-01:399:1399 [2] NCCL INFO Channel 29/0 : 2[46000] -> 4[85000] via P2P/IPC comm 0x3cfa0510 nRanks 16
mi300x-01:397:1398 [0] NCCL INFO Channel 22/0 : 0[5000] -> 3[65000] via P2P/IPC comm 0x3cfa57e0 nRanks 16
mi300x-01:399:1399 [2] NCCL INFO Channel 30/0 : 2[46000] -> 4[85000] via P2P/IPC comm 0x3cfa0510 nRanks 16
mi300x-01:402:1400 [5] NCCL INFO Channel 05/0 : 15[e5000] -> 5[a6000] [receive] via NET/Socket/6 comm 0x3cfaa980 nRanks 16
mi300x-01:402:1400 [5] NCCL INFO Channel 06/0 : 15[e5000] -> 5[a6000] [receive] via NET/Socket/5 comm 0x3cfaa980 nRanks 16
mi300x-01:398:1401 [1] NCCL INFO Channel 00/0 : 1[26000] -> 8[5000] [send] via NET/Socket/0 comm 0x3cfb43a0 nRanks 16
mi300x-01:402:1400 [5] NCCL INFO Channel 13/0 : 15[e5000] -> 5[a6000] [receive] via NET/Socket/6 comm 0x3cfaa980 nRanks 16
mi300x-01:398:1401 [1] NCCL INFO Channel 01/0 : 1[26000] -> 8[5000] [send] via NET/Socket/2 comm 0x3cfb43a0 nRanks 16
mi300x-01:398:1401 [1] NCCL INFO Channel 02/0 : 1[26000] -> 8[5000] [send] via NET/Socket/1 comm 0x3cfb43a0 nRanks 16
mi300x-01:402:1400 [5] NCCL INFO Channel 14/0 : 15[e5000] -> 5[a6000] [receive] via NET/Socket/5 comm 0x3cfaa980 nRanks 16
mi300x-01:398:1401 [1] NCCL INFO Channel 08/0 : 1[26000] -> 8[5000] [send] via NET/Socket/0 comm 0x3cfb43a0 nRanks 16
mi300x-01:402:1400 [5] NCCL INFO Channel 21/0 : 15[e5000] -> 5[a6000] [receive] via NET/Socket/6 comm 0x3cfaa980 nRanks 16
mi300x-01:398:1401 [1] NCCL INFO Channel 09/0 : 1[26000] -> 8[5000] [send] via NET/Socket/2 comm 0x3cfb43a0 nRanks 16
mi300x-01:398:1401 [1] NCCL INFO Channel 10/0 : 1[26000] -> 8[5000] [send] via NET/Socket/1 comm 0x3cfb43a0 nRanks 16
mi300x-01:402:1400 [5] NCCL INFO Channel 22/0 : 15[e5000] -> 5[a6000] [receive] via NET/Socket/5 comm 0x3cfaa980 nRanks 16
mi300x-01:398:1401 [1] NCCL INFO Channel 16/0 : 1[26000] -> 8[5000] [send] via NET/Socket/0 comm 0x3cfb43a0 nRanks 16
mi300x-01:402:1400 [5] NCCL INFO Channel 29/0 : 15[e5000] -> 5[a6000] [receive] via NET/Socket/6 comm 0x3cfaa980 nRanks 16
mi300x-01:398:1401 [1] NCCL INFO Channel 17/0 : 1[26000] -> 8[5000] [send] via NET/Socket/2 comm 0x3cfb43a0 nRanks 16
mi300x-01:397:1398 [0] NCCL INFO Channel 23/0 : 0[5000] -> 3[65000] via P2P/IPC comm 0x3cfa57e0 nRanks 16
mi300x-01:398:1401 [1] NCCL INFO Channel 18/0 : 1[26000] -> 8[5000] [send] via NET/Socket/1 comm 0x3cfb43a0 nRanks 16
mi300x-01:402:1400 [5] NCCL INFO Channel 30/0 : 15[e5000] -> 5[a6000] [receive] via NET/Socket/5 comm 0x3cfaa980 nRanks 16
mi300x-01:398:1401 [1] NCCL INFO Channel 24/0 : 1[26000] -> 8[5000] [send] via NET/Socket/0 comm 0x3cfb43a0 nRanks 16
mi300x-01:398:1401 [1] NCCL INFO Channel 25/0 : 1[26000] -> 8[5000] [send] via NET/Socket/2 comm 0x3cfb43a0 nRanks 16
mi300x-01:399:1399 [2] NCCL INFO Channel 31/0 : 2[46000] -> 4[85000] via P2P/IPC comm 0x3cfa0510 nRanks 16
mi300x-01:398:1401 [1] NCCL INFO Channel 26/0 : 1[26000] -> 8[5000] [send] via NET/Socket/1 comm 0x3cfb43a0 nRanks 16
mi300x-01:397:1398 [0] NCCL INFO Channel 28/0 : 0[5000] -> 3[65000] via P2P/IPC comm 0x3cfa57e0 nRanks 16
mi300x-01:401:1402 [4] NCCL INFO Channel 05/0 : 4[85000] -> 7[e5000] via P2P/IPC comm 0x3cfb3580 nRanks 16
mi300x-01:399:1399 [2] NCCL INFO Channel 04/0 : 2[46000] -> 7[e5000] via P2P/IPC comm 0x3cfa0510 nRanks 16
mi300x-01:397:1398 [0] NCCL INFO Channel 29/0 : 0[5000] -> 3[65000] via P2P/IPC comm 0x3cfa57e0 nRanks 16
mi300x-01:399:1399 [2] NCCL INFO Channel 12/0 : 2[46000] -> 7[e5000] via P2P/IPC comm 0x3cfa0510 nRanks 16
mi300x-01:401:1402 [4] NCCL INFO Channel 06/0 : 4[85000] -> 7[e5000] via P2P/IPC comm 0x3cfb3580 nRanks 16
mi300x-01:397:1398 [0] NCCL INFO Channel 30/0 : 0[5000] -> 3[65000] via P2P/IPC comm 0x3cfa57e0 nRanks 16
mi300x-01:399:1399 [2] NCCL INFO Channel 20/0 : 2[46000] -> 7[e5000] via P2P/IPC comm 0x3cfa0510 nRanks 16
mi300x-01:401:1402 [4] NCCL INFO Channel 13/0 : 4[85000] -> 7[e5000] via P2P/IPC comm 0x3cfb3580 nRanks 16
mi300x-01:397:1398 [0] NCCL INFO Channel 31/0 : 0[5000] -> 3[65000] via P2P/IPC comm 0x3cfa57e0 nRanks 16
mi300x-01:399:1399 [2] NCCL INFO Channel 28/0 : 2[46000] -> 7[e5000] via P2P/IPC comm 0x3cfa0510 nRanks 16
mi300x-01:401:1402 [4] NCCL INFO Channel 14/0 : 4[85000] -> 7[e5000] via P2P/IPC comm 0x3cfb3580 nRanks 16
mi300x-01:400:1404 [3] NCCL INFO Channel 05/0 : 3[65000] -> 6[c6000] via P2P/IPC comm 0x3cf92390 nRanks 16
mi300x-01:401:1402 [4] NCCL INFO Channel 21/0 : 4[85000] -> 7[e5000] via P2P/IPC comm 0x3cfb3580 nRanks 16
mi300x-01:400:1404 [3] NCCL INFO Channel 06/0 : 3[65000] -> 6[c6000] via P2P/IPC comm 0x3cf92390 nRanks 16
mi300x-01:401:1402 [4] NCCL INFO Channel 22/0 : 4[85000] -> 7[e5000] via P2P/IPC comm 0x3cfb3580 nRanks 16
mi300x-01:400:1404 [3] NCCL INFO Channel 07/0 : 3[65000] -> 6[c6000] via P2P/IPC comm 0x3cf92390 nRanks 16
mi300x-01:401:1402 [4] NCCL INFO Channel 29/0 : 4[85000] -> 7[e5000] via P2P/IPC comm 0x3cfb3580 nRanks 16
mi300x-01:400:1404 [3] NCCL INFO Channel 13/0 : 3[65000] -> 6[c6000] via P2P/IPC comm 0x3cf92390 nRanks 16
mi300x-01:401:1402 [4] NCCL INFO Channel 30/0 : 4[85000] -> 7[e5000] via P2P/IPC comm 0x3cfb3580 nRanks 16
