mi325x-01:235:1305 [4] NCCL INFO Channel 03/0 : 4[f7000] -> 2[67000] via P2P/IPC comm 0x3d1df8a0 nRanks 16
mi325x-01:233:1303 [2] NCCL INFO Channel 60/0 : 2[67000] -> 0[77000] via P2P/IPC comm 0x3d1e5a60 nRanks 16
mi325x-01:234:1304 [3] NCCL INFO Channel 15/0 : 3[17000] -> 1[7000] via P2P/IPC comm 0x3d1dab00 nRanks 16
mi325x-01:238:1306 [7] NCCL INFO Channel 02/0 : 7[97000] -> 6[e7000] via P2P/IPC comm 0x3d1c6980 nRanks 16
mi325x-01:235:1305 [4] NCCL INFO Channel 04/0 : 4[f7000] -> 2[67000] via P2P/IPC comm 0x3d1df8a0 nRanks 16
mi325x-01:233:1303 [2] NCCL INFO Channel 61/0 : 2[67000] -> 0[77000] via P2P/IPC comm 0x3d1e5a60 nRanks 16
mi325x-01:234:1304 [3] NCCL INFO Channel 20/0 : 3[17000] -> 1[7000] via P2P/IPC comm 0x3d1dab00 nRanks 16
mi325x-01:238:1306 [7] NCCL INFO Channel 08/0 : 7[97000] -> 6[e7000] via P2P/IPC comm 0x3d1c6980 nRanks 16
mi325x-01:235:1305 [4] NCCL INFO Channel 09/0 : 4[f7000] -> 2[67000] via P2P/IPC comm 0x3d1df8a0 nRanks 16
mi325x-01:234:1304 [3] NCCL INFO Channel 21/0 : 3[17000] -> 1[7000] via P2P/IPC comm 0x3d1dab00 nRanks 16
mi325x-01:238:1306 [7] NCCL INFO Channel 14/0 : 7[97000] -> 6[e7000] via P2P/IPC comm 0x3d1c6980 nRanks 16
mi325x-01:235:1305 [4] NCCL INFO Channel 10/0 : 4[f7000] -> 2[67000] via P2P/IPC comm 0x3d1df8a0 nRanks 16
mi325x-01:234:1304 [3] NCCL INFO Channel 26/0 : 3[17000] -> 1[7000] via P2P/IPC comm 0x3d1dab00 nRanks 16
mi325x-01:238:1306 [7] NCCL INFO Channel 20/0 : 7[97000] -> 6[e7000] via P2P/IPC comm 0x3d1c6980 nRanks 16
mi325x-01:235:1305 [4] NCCL INFO Channel 16/0 : 4[f7000] -> 2[67000] via P2P/IPC comm 0x3d1df8a0 nRanks 16
mi325x-01:234:1304 [3] NCCL INFO Channel 27/0 : 3[17000] -> 1[7000] via P2P/IPC comm 0x3d1dab00 nRanks 16
mi325x-01:238:1306 [7] NCCL INFO Channel 26/0 : 7[97000] -> 6[e7000] via P2P/IPC comm 0x3d1c6980 nRanks 16
mi325x-01:235:1305 [4] NCCL INFO Channel 23/0 : 4[f7000] -> 2[67000] via P2P/IPC comm 0x3d1df8a0 nRanks 16
mi325x-01:234:1304 [3] NCCL INFO Channel 32/0 : 3[17000] -> 1[7000] via P2P/IPC comm 0x3d1dab00 nRanks 16
mi325x-01:238:1306 [7] NCCL INFO Channel 28/0 : 7[97000] -> 6[e7000] via P2P/IPC comm 0x3d1c6980 nRanks 16
mi325x-01:235:1305 [4] NCCL INFO Channel 29/0 : 4[f7000] -> 2[67000] via P2P/IPC comm 0x3d1df8a0 nRanks 16
mi325x-01:234:1304 [3] NCCL INFO Channel 33/0 : 3[17000] -> 1[7000] via P2P/IPC comm 0x3d1dab00 nRanks 16
mi325x-01:238:1306 [7] NCCL INFO Channel 33/0 : 7[97000] -> 6[e7000] via P2P/IPC comm 0x3d1c6980 nRanks 16
mi325x-01:235:1305 [4] NCCL INFO Channel 30/0 : 4[f7000] -> 2[67000] via P2P/IPC comm 0x3d1df8a0 nRanks 16
mi325x-01:234:1304 [3] NCCL INFO Channel 46/0 : 3[17000] -> 1[7000] via P2P/IPC comm 0x3d1dab00 nRanks 16
mi325x-01:238:1306 [7] NCCL INFO Channel 35/0 : 7[97000] -> 6[e7000] via P2P/IPC comm 0x3d1c6980 nRanks 16
mi325x-01:235:1305 [4] NCCL INFO Channel 34/0 : 4[f7000] -> 2[67000] via P2P/IPC comm 0x3d1df8a0 nRanks 16
mi325x-01:234:1304 [3] NCCL INFO Channel 47/0 : 3[17000] -> 1[7000] via P2P/IPC comm 0x3d1dab00 nRanks 16
mi325x-01:238:1306 [7] NCCL INFO Channel 41/0 : 7[97000] -> 6[e7000] via P2P/IPC comm 0x3d1c6980 nRanks 16
mi325x-01:235:1305 [4] NCCL INFO Channel 37/0 : 4[f7000] -> 2[67000] via P2P/IPC comm 0x3d1df8a0 nRanks 16
mi325x-01:234:1304 [3] NCCL INFO Channel 52/0 : 3[17000] -> 1[7000] via P2P/IPC comm 0x3d1dab00 nRanks 16
mi325x-01:238:1306 [7] NCCL INFO Channel 47/0 : 7[97000] -> 6[e7000] via P2P/IPC comm 0x3d1c6980 nRanks 16
mi325x-01:235:1305 [4] NCCL INFO Channel 40/0 : 4[f7000] -> 2[67000] via P2P/IPC comm 0x3d1df8a0 nRanks 16
mi325x-01:234:1304 [3] NCCL INFO Channel 53/0 : 3[17000] -> 1[7000] via P2P/IPC comm 0x3d1dab00 nRanks 16
mi325x-01:235:1305 [4] NCCL INFO Channel 43/0 : 4[f7000] -> 2[67000] via P2P/IPC comm 0x3d1df8a0 nRanks 16
mi325x-01:238:1306 [7] NCCL INFO Channel 53/0 : 7[97000] -> 6[e7000] via P2P/IPC comm 0x3d1c6980 nRanks 16
mi325x-01:234:1304 [3] NCCL INFO Channel 59/0 : 3[17000] -> 1[7000] via P2P/IPC comm 0x3d1dab00 nRanks 16
mi325x-01:235:1305 [4] NCCL INFO Channel 54/0 : 4[f7000] -> 2[67000] via P2P/IPC comm 0x3d1df8a0 nRanks 16
mi325x-01:238:1306 [7] NCCL INFO Channel 55/0 : 7[97000] -> 6[e7000] via P2P/IPC comm 0x3d1c6980 nRanks 16
mi325x-01:235:1305 [4] NCCL INFO Channel 60/0 : 4[f7000] -> 2[67000] via P2P/IPC comm 0x3d1df8a0 nRanks 16
mi325x-01:238:1306 [7] NCCL INFO Channel 59/0 : 7[97000] -> 6[e7000] via P2P/IPC comm 0x3d1c6980 nRanks 16
mi325x-01:235:1305 [4] NCCL INFO Channel 63/0 : 4[f7000] -> 2[67000] via P2P/IPC comm 0x3d1df8a0 nRanks 16
mi325x-01:238:1306 [7] NCCL INFO Channel 61/0 : 7[97000] -> 6[e7000] via P2P/IPC comm 0x3d1c6980 nRanks 16
mi325x-01:234:1304 [3] NCCL INFO Channel 06/0 : 3[17000] -> 2[67000] via P2P/IPC comm 0x3d1dab00 nRanks 16
mi325x-01:234:1304 [3] NCCL INFO Channel 12/0 : 3[17000] -> 2[67000] via P2P/IPC comm 0x3d1dab00 nRanks 16
mi325x-01:234:1304 [3] NCCL INFO Channel 14/0 : 3[17000] -> 2[67000] via P2P/IPC comm 0x3d1dab00 nRanks 16
mi325x-01:232:1301 [1] NCCL INFO Channel 04/0 : 1[7000] -> 0[77000] via P2P/IPC comm 0x3d19a0c0 nRanks 16
mi325x-01:236:1302 [5] NCCL INFO Channel 01/0 : 5[87000] -> 4[f7000] via P2P/IPC comm 0x3d1e28e0 nRanks 16
mi325x-01:234:1304 [3] NCCL INFO Channel 18/0 : 3[17000] -> 2[67000] via P2P/IPC comm 0x3d1dab00 nRanks 16
mi325x-01:232:1301 [1] NCCL INFO Channel 08/0 : 1[7000] -> 0[77000] via P2P/IPC comm 0x3d19a0c0 nRanks 16
mi325x-01:236:1302 [5] NCCL INFO Channel 02/0 : 5[87000] -> 4[f7000] via P2P/IPC comm 0x3d1e28e0 nRanks 16
mi325x-01:234:1304 [3] NCCL INFO Channel 20/0 : 3[17000] -> 2[67000] via P2P/IPC comm 0x3d1dab00 nRanks 16
mi325x-01:237:1300 [6] NCCL INFO Channel 03/0 : 6[e7000] -> 5[87000] via P2P/IPC comm 0x3d19a070 nRanks 16
mi325x-01:232:1301 [1] NCCL INFO Channel 10/0 : 1[7000] -> 0[77000] via P2P/IPC comm 0x3d19a0c0 nRanks 16
mi325x-01:235:1305 [4] NCCL INFO Channel 02/0 : 4[f7000] -> 3[17000] via P2P/IPC comm 0x3d1df8a0 nRanks 16
mi325x-01:236:1302 [5] NCCL INFO Channel 08/0 : 5[87000] -> 4[f7000] via P2P/IPC comm 0x3d1e28e0 nRanks 16
mi325x-01:233:1303 [2] NCCL INFO Channel 05/0 : 2[67000] -> 1[7000] via P2P/IPC comm 0x3d1e5a60 nRanks 16
mi325x-01:234:1304 [3] NCCL INFO Channel 24/0 : 3[17000] -> 2[67000] via P2P/IPC comm 0x3d1dab00 nRanks 16
mi325x-01:237:1300 [6] NCCL INFO Channel 05/0 : 6[e7000] -> 5[87000] via P2P/IPC comm 0x3d19a070 nRanks 16
mi325x-01:232:1301 [1] NCCL INFO Channel 22/0 : 1[7000] -> 0[77000] via P2P/IPC comm 0x3d19a0c0 nRanks 16
mi325x-01:235:1305 [4] NCCL INFO Channel 08/0 : 4[f7000] -> 3[17000] via P2P/IPC comm 0x3d1df8a0 nRanks 16
mi325x-01:236:1302 [5] NCCL INFO Channel 15/0 : 5[87000] -> 4[f7000] via P2P/IPC comm 0x3d1e28e0 nRanks 16
mi325x-01:233:1303 [2] NCCL INFO Channel 06/0 : 2[67000] -> 1[7000] via P2P/IPC comm 0x3d1e5a60 nRanks 16
mi325x-01:234:1304 [3] NCCL INFO Channel 26/0 : 3[17000] -> 2[67000] via P2P/IPC comm 0x3d1dab00 nRanks 16
mi325x-01:237:1300 [6] NCCL INFO Channel 09/0 : 6[e7000] -> 5[87000] via P2P/IPC comm 0x3d19a070 nRanks 16
mi325x-01:232:1301 [1] NCCL INFO Channel 28/0 : 1[7000] -> 0[77000] via P2P/IPC comm 0x3d19a0c0 nRanks 16
mi325x-01:235:1305 [4] NCCL INFO Channel 11/0 : 4[f7000] -> 3[17000] via P2P/IPC comm 0x3d1df8a0 nRanks 16
mi325x-01:236:1302 [5] NCCL INFO Channel 21/0 : 5[87000] -> 4[f7000] via P2P/IPC comm 0x3d1e28e0 nRanks 16
mi325x-01:233:1303 [2] NCCL INFO Channel 11/0 : 2[67000] -> 1[7000] via P2P/IPC comm 0x3d1e5a60 nRanks 16
mi325x-01:234:1304 [3] NCCL INFO Channel 33/0 : 3[17000] -> 2[67000] via P2P/IPC comm 0x3d1dab00 nRanks 16
mi325x-01:237:1300 [6] NCCL INFO Channel 11/0 : 6[e7000] -> 5[87000] via P2P/IPC comm 0x3d19a070 nRanks 16
mi325x-01:232:1301 [1] NCCL INFO Channel 30/0 : 1[7000] -> 0[77000] via P2P/IPC comm 0x3d19a0c0 nRanks 16
mi325x-01:235:1305 [4] NCCL INFO Channel 17/0 : 4[f7000] -> 3[17000] via P2P/IPC comm 0x3d1df8a0 nRanks 16
mi325x-01:236:1302 [5] NCCL INFO Channel 22/0 : 5[87000] -> 4[f7000] via P2P/IPC comm 0x3d1e28e0 nRanks 16
mi325x-01:233:1303 [2] NCCL INFO Channel 12/0 : 2[67000] -> 1[7000] via P2P/IPC comm 0x3d1e5a60 nRanks 16
mi325x-01:234:1304 [3] NCCL INFO Channel 39/0 : 3[17000] -> 2[67000] via P2P/IPC comm 0x3d1dab00 nRanks 16
mi325x-01:237:1300 [6] NCCL INFO Channel 17/0 : 6[e7000] -> 5[87000] via P2P/IPC comm 0x3d19a070 nRanks 16
mi325x-01:232:1301 [1] NCCL INFO Channel 35/0 : 1[7000] -> 0[77000] via P2P/IPC comm 0x3d19a0c0 nRanks 16
mi325x-01:235:1305 [4] NCCL INFO Channel 22/0 : 4[f7000] -> 3[17000] via P2P/IPC comm 0x3d1df8a0 nRanks 16
mi325x-01:236:1302 [5] NCCL INFO Channel 27/0 : 5[87000] -> 4[f7000] via P2P/IPC comm 0x3d1e28e0 nRanks 16
mi325x-01:233:1303 [2] NCCL INFO Channel 17/0 : 2[67000] -> 1[7000] via P2P/IPC comm 0x3d1e5a60 nRanks 16
mi325x-01:234:1304 [3] NCCL INFO Channel 45/0 : 3[17000] -> 2[67000] via P2P/IPC comm 0x3d1dab00 nRanks 16
mi325x-01:237:1300 [6] NCCL INFO Channel 23/0 : 6[e7000] -> 5[87000] via P2P/IPC comm 0x3d19a070 nRanks 16
mi325x-01:232:1301 [1] NCCL INFO Channel 37/0 : 1[7000] -> 0[77000] via P2P/IPC comm 0x3d19a0c0 nRanks 16
mi325x-01:235:1305 [4] NCCL INFO Channel 28/0 : 4[f7000] -> 3[17000] via P2P/IPC comm 0x3d1df8a0 nRanks 16
mi325x-01:236:1302 [5] NCCL INFO Channel 28/0 : 5[87000] -> 4[f7000] via P2P/IPC comm 0x3d1e28e0 nRanks 16
mi325x-01:233:1303 [2] NCCL INFO Channel 18/0 : 2[67000] -> 1[7000] via P2P/IPC comm 0x3d1e5a60 nRanks 16
mi325x-01:234:1304 [3] NCCL INFO Channel 47/0 : 3[17000] -> 2[67000] via P2P/IPC comm 0x3d1dab00 nRanks 16
mi325x-01:237:1300 [6] NCCL INFO Channel 29/0 : 6[e7000] -> 5[87000] via P2P/IPC comm 0x3d19a070 nRanks 16
mi325x-01:232:1301 [1] NCCL INFO Channel 41/0 : 1[7000] -> 0[77000] via P2P/IPC comm 0x3d19a0c0 nRanks 16
mi325x-01:235:1305 [4] NCCL INFO Channel 31/0 : 4[f7000] -> 3[17000] via P2P/IPC comm 0x3d1df8a0 nRanks 16
mi325x-01:236:1302 [5] NCCL INFO Channel 32/0 : 5[87000] -> 4[f7000] via P2P/IPC comm 0x3d1e28e0 nRanks 16
mi325x-01:233:1303 [2] NCCL INFO Channel 24/0 : 2[67000] -> 1[7000] via P2P/IPC comm 0x3d1e5a60 nRanks 16
mi325x-01:234:1304 [3] NCCL INFO Channel 51/0 : 3[17000] -> 2[67000] via P2P/IPC comm 0x3d1dab00 nRanks 16
mi325x-01:237:1300 [6] NCCL INFO Channel 31/0 : 6[e7000] -> 5[87000] via P2P/IPC comm 0x3d19a070 nRanks 16
mi325x-01:232:1301 [1] NCCL INFO Channel 43/0 : 1[7000] -> 0[77000] via P2P/IPC comm 0x3d19a0c0 nRanks 16
mi325x-01:235:1305 [4] NCCL INFO Channel 35/0 : 4[f7000] -> 3[17000] via P2P/IPC comm 0x3d1df8a0 nRanks 16
mi325x-01:236:1302 [5] NCCL INFO Channel 35/0 : 5[87000] -> 4[f7000] via P2P/IPC comm 0x3d1e28e0 nRanks 16
mi325x-01:233:1303 [2] NCCL INFO Channel 31/0 : 2[67000] -> 1[7000] via P2P/IPC comm 0x3d1e5a60 nRanks 16
mi325x-01:234:1304 [3] NCCL INFO Channel 53/0 : 3[17000] -> 2[67000] via P2P/IPC comm 0x3d1dab00 nRanks 16
mi325x-01:237:1300 [6] NCCL INFO Channel 34/0 : 6[e7000] -> 5[87000] via P2P/IPC comm 0x3d19a070 nRanks 16
mi325x-01:232:1301 [1] NCCL INFO Channel 49/0 : 1[7000] -> 0[77000] via P2P/IPC comm 0x3d19a0c0 nRanks 16
mi325x-01:235:1305 [4] NCCL INFO Channel 36/0 : 4[f7000] -> 3[17000] via P2P/IPC comm 0x3d1df8a0 nRanks 16
mi325x-01:236:1302 [5] NCCL INFO Channel 41/0 : 5[87000] -> 4[f7000] via P2P/IPC comm 0x3d1e28e0 nRanks 16
mi325x-01:233:1303 [2] NCCL INFO Channel 36/0 : 2[67000] -> 1[7000] via P2P/IPC comm 0x3d1e5a60 nRanks 16
mi325x-01:234:1304 [3] NCCL INFO Channel 59/0 : 3[17000] -> 2[67000] via P2P/IPC comm 0x3d1dab00 nRanks 16
mi325x-01:237:1300 [6] NCCL INFO Channel 36/0 : 6[e7000] -> 5[87000] via P2P/IPC comm 0x3d19a070 nRanks 16
mi325x-01:232:1301 [1] NCCL INFO Channel 55/0 : 1[7000] -> 0[77000] via P2P/IPC comm 0x3d19a0c0 nRanks 16
mi325x-01:235:1305 [4] NCCL INFO Channel 41/0 : 4[f7000] -> 3[17000] via P2P/IPC comm 0x3d1df8a0 nRanks 16
mi325x-01:236:1302 [5] NCCL INFO Channel 46/0 : 5[87000] -> 4[f7000] via P2P/IPC comm 0x3d1e28e0 nRanks 16
mi325x-01:233:1303 [2] NCCL INFO Channel 39/0 : 2[67000] -> 1[7000] via P2P/IPC comm 0x3d1e5a60 nRanks 16
mi325x-01:237:1300 [6] NCCL INFO Channel 40/0 : 6[e7000] -> 5[87000] via P2P/IPC comm 0x3d19a070 nRanks 16
mi325x-01:232:1301 [1] NCCL INFO Channel 61/0 : 1[7000] -> 0[77000] via P2P/IPC comm 0x3d19a0c0 nRanks 16
mi325x-01:235:1305 [4] NCCL INFO Channel 42/0 : 4[f7000] -> 3[17000] via P2P/IPC comm 0x3d1df8a0 nRanks 16
mi325x-01:236:1302 [5] NCCL INFO Channel 52/0 : 5[87000] -> 4[f7000] via P2P/IPC comm 0x3d1e28e0 nRanks 16
mi325x-01:233:1303 [2] NCCL INFO Channel 45/0 : 2[67000] -> 1[7000] via P2P/IPC comm 0x3d1e5a60 nRanks 16
mi325x-01:237:1300 [6] NCCL INFO Channel 48/0 : 6[e7000] -> 5[87000] via P2P/IPC comm 0x3d19a070 nRanks 16
mi325x-01:232:1301 [1] NCCL INFO Channel 63/0 : 1[7000] -> 0[77000] via P2P/IPC comm 0x3d19a0c0 nRanks 16
mi325x-01:235:1305 [4] NCCL INFO Channel 48/0 : 4[f7000] -> 3[17000] via P2P/IPC comm 0x3d1df8a0 nRanks 16
mi325x-01:236:1302 [5] NCCL INFO Channel 58/0 : 5[87000] -> 4[f7000] via P2P/IPC comm 0x3d1e28e0 nRanks 16
mi325x-01:233:1303 [2] NCCL INFO Channel 48/0 : 2[67000] -> 1[7000] via P2P/IPC comm 0x3d1e5a60 nRanks 16
mi325x-01:237:1300 [6] NCCL INFO Channel 54/0 : 6[e7000] -> 5[87000] via P2P/IPC comm 0x3d19a070 nRanks 16
mi325x-01:235:1305 [4] NCCL INFO Channel 61/0 : 4[f7000] -> 3[17000] via P2P/IPC comm 0x3d1df8a0 nRanks 16
mi325x-01:236:1302 [5] NCCL INFO Channel 61/0 : 5[87000] -> 4[f7000] via P2P/IPC comm 0x3d1e28e0 nRanks 16
mi325x-01:233:1303 [2] NCCL INFO Channel 51/0 : 2[67000] -> 1[7000] via P2P/IPC comm 0x3d1e5a60 nRanks 16
mi325x-01:237:1300 [6] NCCL INFO Channel 60/0 : 6[e7000] -> 5[87000] via P2P/IPC comm 0x3d19a070 nRanks 16
mi325x-01:233:1303 [2] NCCL INFO Channel 57/0 : 2[67000] -> 1[7000] via P2P/IPC comm 0x3d1e5a60 nRanks 16
mi325x-01:237:1300 [6] NCCL INFO Channel 62/0 : 6[e7000] -> 5[87000] via P2P/IPC comm 0x3d19a070 nRanks 16
mi325x-01:233:1303 [2] NCCL INFO Channel 62/0 : 2[67000] -> 1[7000] via P2P/IPC comm 0x3d1e5a60 nRanks 16
mi325x-01:238:1306 [7] NCCL INFO Connected all trees
mi325x-01:231:1299 [0] NCCL INFO Connected all trees
mi325x-01:232:1301 [1] NCCL INFO Connected all trees
mi325x-01:233:1303 [2] NCCL INFO Connected all trees
mi325x-01:237:1300 [6] NCCL INFO Connected all trees
mi325x-01:236:1302 [5] NCCL INFO Connected all trees
mi325x-01:235:1305 [4] NCCL INFO Connected all trees
mi325x-01:234:1304 [3] NCCL INFO Connected all trees
mi325x-01:238:1306 [7] NCCL INFO threadThresholds 8/8/64 | 128/8/64 | 256 | 256
mi325x-01:238:1306 [7] NCCL INFO 64 coll channels, 64 collnet channels, 0 nvls channels, 64 p2p channels, 4 p2p channels per peer
mi325x-01:236:1302 [5] NCCL INFO threadThresholds 8/8/64 | 128/8/64 | 256 | 256
mi325x-01:236:1302 [5] NCCL INFO 64 coll channels, 64 collnet channels, 0 nvls channels, 64 p2p channels, 4 p2p channels per peer
mi325x-01:237:1300 [6] NCCL INFO threadThresholds 8/8/64 | 128/8/64 | 256 | 256
mi325x-01:237:1300 [6] NCCL INFO 64 coll channels, 64 collnet channels, 0 nvls channels, 64 p2p channels, 4 p2p channels per peer
mi325x-01:231:1299 [0] NCCL INFO threadThresholds 8/8/64 | 128/8/64 | 256 | 256
mi325x-01:231:1299 [0] NCCL INFO 64 coll channels, 64 collnet channels, 0 nvls channels, 64 p2p channels, 4 p2p channels per peer
mi325x-01:231:1299 [0] NCCL INFO CC Off, Multi-GPU CC Off, workFifoBytes 1048576
mi325x-01:233:1303 [2] NCCL INFO threadThresholds 8/8/64 | 128/8/64 | 256 | 256
mi325x-01:233:1303 [2] NCCL INFO 64 coll channels, 64 collnet channels, 0 nvls channels, 64 p2p channels, 4 p2p channels per peer
mi325x-01:235:1305 [4] NCCL INFO threadThresholds 8/8/64 | 128/8/64 | 256 | 256
mi325x-01:235:1305 [4] NCCL INFO 64 coll channels, 64 collnet channels, 0 nvls channels, 64 p2p channels, 4 p2p channels per peer
mi325x-01:232:1301 [1] NCCL INFO threadThresholds 8/8/64 | 128/8/64 | 256 | 256
mi325x-01:232:1301 [1] NCCL INFO 64 coll channels, 64 collnet channels, 0 nvls channels, 64 p2p channels, 4 p2p channels per peer
mi325x-01:234:1304 [3] NCCL INFO threadThresholds 8/8/64 | 128/8/64 | 256 | 256
mi325x-01:234:1304 [3] NCCL INFO 64 coll channels, 64 collnet channels, 0 nvls channels, 64 p2p channels, 4 p2p channels per peer

mi325x-01:238:1306 [7] /longer_pathname_so_that_rpms_can_support_packaging_the_debug_info_for_all_os_profiles/src/out/ubuntu-22.04/22.04/build/rccl/hipify/src/init.cc:1954 NCCL WARN MSCCL++: Cannot enable MSCCL++; environment is not MSCCL compatible

mi325x-01:233:1303 [2] /longer_pathname_so_that_rpms_can_support_packaging_the_debug_info_for_all_os_profiles/src/out/ubuntu-22.04/22.04/build/rccl/hipify/src/init.cc:1954 NCCL WARN MSCCL++: Cannot enable MSCCL++; environment is not MSCCL compatible

mi325x-01:232:1301 [1] /longer_pathname_so_that_rpms_can_support_packaging_the_debug_info_for_all_os_profiles/src/out/ubuntu-22.04/22.04/build/rccl/hipify/src/init.cc:1954 NCCL WARN MSCCL++: Cannot enable MSCCL++; environment is not MSCCL compatible

mi325x-01:231:1299 [0] /longer_pathname_so_that_rpms_can_support_packaging_the_debug_info_for_all_os_profiles/src/out/ubuntu-22.04/22.04/build/rccl/hipify/src/init.cc:1954 NCCL WARN MSCCL++: Cannot enable MSCCL++; environment is not MSCCL compatible

mi325x-01:235:1305 [4] /longer_pathname_so_that_rpms_can_support_packaging_the_debug_info_for_all_os_profiles/src/out/ubuntu-22.04/22.04/build/rccl/hipify/src/init.cc:1954 NCCL WARN MSCCL++: Cannot enable MSCCL++; environment is not MSCCL compatible

mi325x-01:237:1300 [6] /longer_pathname_so_that_rpms_can_support_packaging_the_debug_info_for_all_os_profiles/src/out/ubuntu-22.04/22.04/build/rccl/hipify/src/init.cc:1954 NCCL WARN MSCCL++: Cannot enable MSCCL++; environment is not MSCCL compatible

mi325x-01:236:1302 [5] /longer_pathname_so_that_rpms_can_support_packaging_the_debug_info_for_all_os_profiles/src/out/ubuntu-22.04/22.04/build/rccl/hipify/src/init.cc:1954 NCCL WARN MSCCL++: Cannot enable MSCCL++; environment is not MSCCL compatible

mi325x-01:234:1304 [3] /longer_pathname_so_that_rpms_can_support_packaging_the_debug_info_for_all_os_profiles/src/out/ubuntu-22.04/22.04/build/rccl/hipify/src/init.cc:1954 NCCL WARN MSCCL++: Cannot enable MSCCL++; environment is not MSCCL compatible
mi325x-01:238:1306 [7] NCCL INFO TUNER/Plugin: Could not find: librccl-tuner.so librccl-net.so. Using internal tuner plugin.
mi325x-01:238:1306 [7] NCCL INFO ncclCommInitRank comm 0x3d1c6980 rank 7 nranks 16 cudaDev 7 nvmlDev 5 busId 97000 commId 0xa2dd221337f5793 localSize 384 used 1615249986 bytes on core 178 - Init COMPLETE
mi325x-01:238:1306 [7] NCCL INFO Init timings: rank 7 nranks 16 total 1.67 (kernels 0.05, bootstrap 0.25, allgathers 0.05, topo 0.24, graphs 0.00, connections 1.07, rest 0.00)
mi325x-01:235:1305 [4] NCCL INFO TUNER/Plugin: Could not find: librccl-tuner.so librccl-net.so. Using internal tuner plugin.
mi325x-01:235:1305 [4] NCCL INFO ncclCommInitRank comm 0x3d1df8a0 rank 4 nranks 16 cudaDev 4 nvmlDev 7 busId f7000 commId 0xa2dd221337f5793 localSize 384 used 1615249986 bytes on core 168 - Init COMPLETE
mi325x-01:233:1303 [2] NCCL INFO TUNER/Plugin: Could not find: librccl-tuner.so librccl-net.so. Using internal tuner plugin.
mi325x-01:235:1305 [4] NCCL INFO Init timings: rank 4 nranks 16 total 1.67 (kernels 0.05, bootstrap 0.25, allgathers 0.04, topo 0.25, graphs 0.00, connections 1.07, rest 0.00)
mi325x-01:232:1301 [1] NCCL INFO TUNER/Plugin: Could not find: librccl-tuner.so librccl-net.so. Using internal tuner plugin.
mi325x-01:233:1303 [2] NCCL INFO ncclCommInitRank comm 0x3d1e5a60 rank 2 nranks 16 cudaDev 2 nvmlDev 2 busId 67000 commId 0xa2dd221337f5793 localSize 384 used 1630782017 bytes on core 72 - Init COMPLETE
mi325x-01:232:1301 [1] NCCL INFO ncclCommInitRank comm 0x3d19a0c0 rank 1 nranks 16 cudaDev 1 nvmlDev 0 busId 7000 commId 0xa2dd221337f5793 localSize 384 used 1613414978 bytes on core 48 - Init COMPLETE
mi325x-01:234:1304 [3] NCCL INFO TUNER/Plugin: Could not find: librccl-tuner.so librccl-net.so. Using internal tuner plugin.
mi325x-01:234:1304 [3] NCCL INFO ncclCommInitRank comm 0x3d1dab00 rank 3 nranks 16 cudaDev 3 nvmlDev 1 busId 17000 commId 0xa2dd221337f5793 localSize 384 used 1594278466 bytes on core 11 - Init COMPLETE
mi325x-01:233:1303 [2] NCCL INFO Init timings: rank 2 nranks 16 total 1.67 (kernels 0.05, bootstrap 0.25, allgathers 0.04, topo 0.25, graphs 0.00, connections 1.07, rest 0.00)
mi325x-01:232:1301 [1] NCCL INFO Init timings: rank 1 nranks 16 total 1.67 (kernels 0.05, bootstrap 0.25, allgathers 0.05, topo 0.24, graphs 0.00, connections 1.07, rest 0.00)
mi325x-01:237:1300 [6] NCCL INFO TUNER/Plugin: Could not find: librccl-tuner.so librccl-net.so. Using internal tuner plugin.
mi325x-01:231:1299 [0] NCCL INFO TUNER/Plugin: Could not find: librccl-tuner.so librccl-net.so. Using internal tuner plugin.
mi325x-01:234:1304 [3] NCCL INFO Init timings: rank 3 nranks 16 total 1.67 (kernels 0.05, bootstrap 0.25, allgathers 0.04, topo 0.25, graphs 0.00, connections 1.07, rest 0.00)
mi325x-01:236:1302 [5] NCCL INFO TUNER/Plugin: Could not find: librccl-tuner.so librccl-net.so. Using internal tuner plugin.
mi325x-01:237:1300 [6] NCCL INFO ncclCommInitRank comm 0x3d19a070 rank 6 nranks 16 cudaDev 6 nvmlDev 6 busId e7000 commId 0xa2dd221337f5793 localSize 384 used 1628684865 bytes on core 128 - Init COMPLETE
mi325x-01:236:1302 [5] NCCL INFO ncclCommInitRank comm 0x3d1e28e0 rank 5 nranks 16 cudaDev 5 nvmlDev 4 busId 87000 commId 0xa2dd221337f5793 localSize 384 used 1622393409 bytes on core 102 - Init COMPLETE
mi325x-01:231:1299 [0] NCCL INFO ncclCommInitRank comm 0x3d1e0660 rank 0 nranks 16 cudaDev 0 nvmlDev 3 busId 77000 commId 0xa2dd221337f5793 localSize 384 used 1613742657 bytes on core 0 - Init COMPLETE
mi325x-01:231:1299 [0] NCCL INFO Init timings: rank 0 nranks 16 total 1.67 (kernels 0.05, bootstrap 0.25, allgathers 0.05, topo 0.24, graphs 0.00, connections 1.07, rest 0.00)
mi325x-01:237:1300 [6] NCCL INFO Init timings: rank 6 nranks 16 total 1.67 (kernels 0.05, bootstrap 0.25, allgathers 0.04, topo 0.24, graphs 0.00, connections 1.07, rest 0.00)
mi325x-01:236:1302 [5] NCCL INFO Init timings: rank 5 nranks 16 total 1.67 (kernels 0.05, bootstrap 0.25, allgathers 0.04, topo 0.25, graphs 0.00, connections 1.07, rest 0.00)
Loading distributed checkpoint with TensorStoreLoadShardedStrategy
Loading distributed checkpoint directly on the GPU
> building indices for blendable datasets ...
 > sample ratios:
   dataset 0, input: 1, achieved: 1
:::MLLOG {"namespace": "", "time_ms": 1760067401959, "event_type": "POINT_IN_TIME", "key": "cache_clear", "value": true, "metadata": {"file": "/workspace/src/callbacks/custom_callbacks.py", "lineno": 278}}
:::MLLOG {"namespace": "", "time_ms": 1760067401960, "event_type": "INTERVAL_START", "key": "init_start", "value": null, "metadata": {"file": "/workspace/src/callbacks/custom_callbacks.py", "lineno": 279}}
:::MLLOG {"namespace": "", "time_ms": 1760067401960, "event_type": "POINT_IN_TIME", "key": "submission_benchmark", "value": "llama2_70b_lora", "metadata": {"file": "/workspace/src/callbacks/custom_callbacks.py", "lineno": 280}}
:::MLLOG {"namespace": "", "time_ms": 1760067401960, "event_type": "POINT_IN_TIME", "key": "submission_org", "value": "MangoBoost", "metadata": {"file": "/workspace/src/callbacks/custom_callbacks.py", "lineno": 280}}
:::MLLOG {"namespace": "", "time_ms": 1760067401960, "event_type": "POINT_IN_TIME", "key": "submission_division", "value": "closed", "metadata": {"file": "/workspace/src/callbacks/custom_callbacks.py", "lineno": 280}}
:::MLLOG {"namespace": "", "time_ms": 1760067401960, "event_type": "POINT_IN_TIME", "key": "submission_status", "value": "onprem", "metadata": {"file": "/workspace/src/callbacks/custom_callbacks.py", "lineno": 280}}
:::MLLOG {"namespace": "", "time_ms": 1760067401960, "event_type": "POINT_IN_TIME", "key": "submission_platform", "value": "2xMI325X", "metadata": {"file": "/workspace/src/callbacks/custom_callbacks.py", "lineno": 280}}
:::MLLOG {"namespace": "", "time_ms": 1760067401960, "event_type": "POINT_IN_TIME", "key": "seed", "value": 27583, "metadata": {"file": "/workspace/src/callbacks/custom_callbacks.py", "lineno": 283}}
:::MLLOG {"namespace": "", "time_ms": 1760067401960, "event_type": "POINT_IN_TIME", "key": "global_batch_size", "value": 8, "metadata": {"file": "/workspace/src/callbacks/custom_callbacks.py", "lineno": 289}}
:::MLLOG {"namespace": "", "time_ms": 1760067402203, "event_type": "POINT_IN_TIME", "key": "train_samples", "value": 3901, "metadata": {"file": "/workspace/src/callbacks/custom_callbacks.py", "lineno": 294}}
:::MLLOG {"namespace": "", "time_ms": 1760067402214, "event_type": "POINT_IN_TIME", "key": "eval_samples", "value": 173, "metadata": {"file": "/workspace/src/callbacks/custom_callbacks.py", "lineno": 298}}
:::MLLOG {"namespace": "", "time_ms": 1760067402214, "event_type": "POINT_IN_TIME", "key": "opt_learning_rate_warmup_factor", "value": 0.0, "metadata": {"file": "/workspace/src/callbacks/custom_callbacks.py", "lineno": 302}}
:::MLLOG {"namespace": "", "time_ms": 1760067402214, "event_type": "POINT_IN_TIME", "key": "opt_adamw_weight_decay", "value": 0.0001, "metadata": {"file": "/workspace/src/callbacks/custom_callbacks.py", "lineno": 306}}
:::MLLOG {"namespace": "", "time_ms": 1760067402214, "event_type": "POINT_IN_TIME", "key": "opt_gradient_clip_norm", "value": 0.3, "metadata": {"file": "/workspace/src/callbacks/custom_callbacks.py", "lineno": 310}}
:::MLLOG {"namespace": "", "time_ms": 1760067402214, "event_type": "POINT_IN_TIME", "key": "gradient_accumulation_steps", "value": 1, "metadata": {"file": "/workspace/src/callbacks/custom_callbacks.py", "lineno": 315}}
:::MLLOG {"namespace": "", "time_ms": 1760067402214, "event_type": "POINT_IN_TIME", "key": "opt_learning_rate_training_steps", "value": 700, "metadata": {"file": "/workspace/src/callbacks/custom_callbacks.py", "lineno": 316}}
:::MLLOG {"namespace": "", "time_ms": 1760067402214, "event_type": "POINT_IN_TIME", "key": "opt_base_learning_rate", "value": 0.0005, "metadata": {"file": "/workspace/src/callbacks/custom_callbacks.py", "lineno": 319}}
:::MLLOG {"namespace": "", "time_ms": 1760067402214, "event_type": "POINT_IN_TIME", "key": "lora_rank", "value": 16, "metadata": {"file": "/workspace/src/callbacks/custom_callbacks.py", "lineno": 320}}
:::MLLOG {"namespace": "", "time_ms": 1760067402214, "event_type": "POINT_IN_TIME", "key": "lora_alpha", "value": 32, "metadata": {"file": "/workspace/src/callbacks/custom_callbacks.py", "lineno": 323}}
mi325x-01:237:237 [6] NCCL INFO Kernel version: 5.15.0-156-generic
mi325x-01:237:237 [6] NCCL INFO Kernel version: 5.15.0-156-generic
mi325x-01:237:237 [6] NCCL INFO Comm config Blocking set to 1
mi325x-01:237:3451 [6] NCCL INFO Using network IB
mi325x-01:237:3451 [6] NCCL INFO [node_id = 4; gpu_id = 11361; unique_id = 448672401060932618; location_id = 26368; bdf = 26368; domain = 0; partition = 0], 
mi325x-01:237:3451 [6] NCCL INFO [node_id = 5; gpu_id = 45771; unique_id = 872824741018515298; location_id = 5888; bdf = 5888; domain = 0; partition = 0], 
mi325x-01:237:3451 [6] NCCL INFO [node_id = 3; gpu_id = 55220; unique_id = 1461441251199714272; location_id = 1792; bdf = 1792; domain = 0; partition = 0], 
mi325x-01:237:3451 [6] NCCL INFO [node_id = 9; gpu_id = 54920; unique_id = 5296776579252993060; location_id = 38656; bdf = 38656; domain = 0; partition = 0], 
mi325x-01:237:3451 [6] NCCL INFO [node_id = 8; gpu_id = 16446; unique_id = 6688293190708379297; location_id = 59136; bdf = 59136; domain = 0; partition = 0], 
mi325x-01:237:3451 [6] NCCL INFO [node_id = 2; gpu_id = 4089; unique_id = 6710303323344658974; location_id = 30464; bdf = 30464; domain = 0; partition = 0], 
mi325x-01:237:3451 [6] NCCL INFO [node_id = 7; gpu_id = 60273; unique_id = 6813633161990451093; location_id = 34560; bdf = 34560; domain = 0; partition = 0], 
mi325x-01:237:3451 [6] NCCL INFO [node_id = 6; gpu_id = 9142; unique_id = 16942419349984955075; location_id = 63232; bdf = 63232; domain = 0; partition = 0], 
mi325x-01:237:3451 [6] NCCL INFO initialized internal alternative rsmi functionality
mi325x-01:238:238 [7] NCCL INFO Kernel version: 5.15.0-156-generic
mi325x-01:238:238 [7] NCCL INFO Comm config Blocking set to 1
mi325x-01:238:3452 [7] NCCL INFO Using network IB
mi325x-01:238:3452 [7] NCCL INFO [node_id = 4; gpu_id = 11361; unique_id = 448672401060932618; location_id = 26368; bdf = 26368; domain = 0; partition = 0], 
mi325x-01:238:3452 [7] NCCL INFO [node_id = 5; gpu_id = 45771; unique_id = 872824741018515298; location_id = 5888; bdf = 5888; domain = 0; partition = 0], 
mi325x-01:238:3452 [7] NCCL INFO [node_id = 3; gpu_id = 55220; unique_id = 1461441251199714272; location_id = 1792; bdf = 1792; domain = 0; partition = 0], 
mi325x-01:238:3452 [7] NCCL INFO [node_id = 9; gpu_id = 54920; unique_id = 5296776579252993060; location_id = 38656; bdf = 38656; domain = 0; partition = 0], 
mi325x-01:238:3452 [7] NCCL INFO [node_id = 8; gpu_id = 16446; unique_id = 6688293190708379297; location_id = 59136; bdf = 59136; domain = 0; partition = 0], 
mi325x-01:238:3452 [7] NCCL INFO [node_id = 2; gpu_id = 4089; unique_id = 6710303323344658974; location_id = 30464; bdf = 30464; domain = 0; partition = 0], 
mi325x-01:238:3452 [7] NCCL INFO [node_id = 7; gpu_id = 60273; unique_id = 6813633161990451093; location_id = 34560; bdf = 34560; domain = 0; partition = 0], 
mi325x-01:238:3452 [7] NCCL INFO [node_id = 6; gpu_id = 9142; unique_id = 16942419349984955075; location_id = 63232; bdf = 63232; domain = 0; partition = 0], 
mi325x-01:238:3452 [7] NCCL INFO initialized internal alternative rsmi functionality
mi325x-01:231:231 [0] NCCL INFO Kernel version: 5.15.0-156-generic
mi325x-01:231:231 [0] NCCL INFO Kernel version: 5.15.0-156-generic
mi325x-01:231:231 [0] NCCL INFO Comm config Blocking set to 1
mi325x-01:231:3454 [0] NCCL INFO Using network IB
mi325x-01:231:3454 [0] NCCL INFO [node_id = 4; gpu_id = 11361; unique_id = 448672401060932618; location_id = 26368; bdf = 26368; domain = 0; partition = 0], 
mi325x-01:231:3454 [0] NCCL INFO [node_id = 5; gpu_id = 45771; unique_id = 872824741018515298; location_id = 5888; bdf = 5888; domain = 0; partition = 0], 
mi325x-01:231:3454 [0] NCCL INFO [node_id = 3; gpu_id = 55220; unique_id = 1461441251199714272; location_id = 1792; bdf = 1792; domain = 0; partition = 0], 
mi325x-01:231:3454 [0] NCCL INFO [node_id = 9; gpu_id = 54920; unique_id = 5296776579252993060; location_id = 38656; bdf = 38656; domain = 0; partition = 0], 
mi325x-01:231:3454 [0] NCCL INFO [node_id = 8; gpu_id = 16446; unique_id = 6688293190708379297; location_id = 59136; bdf = 59136; domain = 0; partition = 0], 
mi325x-01:231:3454 [0] NCCL INFO [node_id = 2; gpu_id = 4089; unique_id = 6710303323344658974; location_id = 30464; bdf = 30464; domain = 0; partition = 0], 
mi325x-01:231:3454 [0] NCCL INFO [node_id = 7; gpu_id = 60273; unique_id = 6813633161990451093; location_id = 34560; bdf = 34560; domain = 0; partition = 0], 
mi325x-01:231:3454 [0] NCCL INFO [node_id = 6; gpu_id = 9142; unique_id = 16942419349984955075; location_id = 63232; bdf = 63232; domain = 0; partition = 0], 
mi325x-01:238:3452 [7] NCCL INFO ncclCommInitRank comm 0x6e18ead0 rank 1 nranks 2 cudaDev 7 nvmlDev 5 busId 97000 commId 0xcca803006506ccf8 - Init START
mi325x-01:237:3451 [6] NCCL INFO ncclCommInitRank comm 0x6e2dd1f0 rank 0 nranks 2 cudaDev 6 nvmlDev 6 busId e7000 commId 0xcca803006506ccf8 - Init START
mi325x-01:238:3452 [7] NCCL INFO initialized internal alternative rsmi functionality
mi325x-01:237:3451 [6] NCCL INFO initialized internal alternative rsmi functionality
mi325x-01:231:3454 [0] NCCL INFO initialized internal alternative rsmi functionality
mi325x-01:238:3452 [7] NCCL INFO Setting affinity for GPU 5 to ffffffff,ffffffff,ffffffff,00000000,00000000,00000000
mi325x-01:237:3451 [6] NCCL INFO Setting affinity for GPU 6 to ffffffff,ffffffff,ffffffff,00000000,00000000,00000000
mi325x-01:238:3452 [7] NCCL INFO comm 0x6e18ead0 rank 1 nRanks 2 nNodes 1 localRanks 2 localRank 1 MNNVL 0
mi325x-01:237:3451 [6] NCCL INFO comm 0x6e2dd1f0 rank 0 nRanks 2 nNodes 1 localRanks 2 localRank 0 MNNVL 0
mi325x-01:237:3451 [6] NCCL INFO Channel 00/32 :    0   1
mi325x-01:237:3451 [6] NCCL INFO Channel 01/32 :    0   1
mi325x-01:237:3451 [6] NCCL INFO Channel 02/32 :    0   1
mi325x-01:237:3451 [6] NCCL INFO Channel 03/32 :    0   1
mi325x-01:237:3451 [6] NCCL INFO Channel 04/32 :    0   1
mi325x-01:237:3451 [6] NCCL INFO Channel 05/32 :    0   1
mi325x-01:237:3451 [6] NCCL INFO Channel 06/32 :    0   1
mi325x-01:237:3451 [6] NCCL INFO Channel 07/32 :    0   1
mi325x-01:237:3451 [6] NCCL INFO Channel 08/32 :    0   1
mi325x-01:237:3451 [6] NCCL INFO Channel 09/32 :    0   1
mi325x-01:237:3451 [6] NCCL INFO Channel 10/32 :    0   1
mi325x-01:237:3451 [6] NCCL INFO Channel 11/32 :    0   1
mi325x-01:237:3451 [6] NCCL INFO Channel 12/32 :    0   1
mi325x-01:238:3452 [7] NCCL INFO Trees [0] 0/-1/-1->1->-1 [1] -1/-1/-1->1->0 [2] 0/-1/-1->1->-1 [3] -1/-1/-1->1->0 [4] 0/-1/-1->1->-1 [5] -1/-1/-1->1->0 [6] 0/-1/-1->1->-1 [7] -1/-1/-1->1->0 [8] 0/-1/-1->1->-1 [9] -1/-1/-1->1->0 [10] 0/-1/-1->1->-1 [11] -1/-1/-1->1->0 [12] 0/-1/-1->1->-1 [13] -1/-1/-1->1->0 [14] 0/-1/-1->1->-1 [15] -1/-1/-1->1->0 [16] 0/-1/-1->1->-1 [17] -1/-1/-1->1->0 [18] 0/-1/-1->1->-1 [19] -1/-1/-1->1->0 [20] 0/-1/-1->1->-1 [21] -1/-1/-1->1->0 [22] 0/-1/-1->1->-1 [23] -1/-1/-1->1->0 [24] 0/-1/-1->1->-1 [25] -1/-1/-1->1->0 [26] 0/-1/-1->1->-1 [27] -1/-1/-1->1->0 [28] 0/-1/-1->1->-1 [29] -1/-1/-1->1->0 [30] 0/-1/-1->1->-1 [31] -1/-1/-1->1->0 comm 0x6e18ead0 nRanks 02 busId 97000
mi325x-01:237:3451 [6] NCCL INFO Channel 13/32 :    0   1
mi325x-01:237:3451 [6] NCCL INFO Channel 14/32 :    0   1
mi325x-01:237:3451 [6] NCCL INFO Channel 15/32 :    0   1
mi325x-01:237:3451 [6] NCCL INFO Channel 16/32 :    0   1
mi325x-01:238:3452 [7] NCCL INFO P2P Chunksize set to 524288
mi325x-01:237:3451 [6] NCCL INFO Channel 17/32 :    0   1
mi325x-01:237:3451 [6] NCCL INFO Channel 18/32 :    0   1
mi325x-01:237:3451 [6] NCCL INFO Channel 19/32 :    0   1
mi325x-01:237:3451 [6] NCCL INFO Channel 20/32 :    0   1
mi325x-01:237:3451 [6] NCCL INFO Channel 21/32 :    0   1
mi325x-01:237:3451 [6] NCCL INFO Channel 22/32 :    0   1
mi325x-01:237:3451 [6] NCCL INFO Channel 23/32 :    0   1
mi325x-01:237:3451 [6] NCCL INFO Channel 24/32 :    0   1
mi325x-01:237:3451 [6] NCCL INFO Channel 25/32 :    0   1
mi325x-01:237:3451 [6] NCCL INFO Channel 26/32 :    0   1
mi325x-01:237:3451 [6] NCCL INFO Channel 27/32 :    0   1
mi325x-01:237:3451 [6] NCCL INFO Channel 28/32 :    0   1
mi325x-01:237:3451 [6] NCCL INFO Channel 29/32 :    0   1
mi325x-01:237:3451 [6] NCCL INFO Channel 30/32 :    0   1
mi325x-01:237:3451 [6] NCCL INFO Channel 31/32 :    0   1
mi325x-01:237:3451 [6] NCCL INFO Trees [0] -1/-1/-1->0->1 [1] 1/-1/-1->0->-1 [2] -1/-1/-1->0->1 [3] 1/-1/-1->0->-1 [4] -1/-1/-1->0->1 [5] 1/-1/-1->0->-1 [6] -1/-1/-1->0->1 [7] 1/-1/-1->0->-1 [8] -1/-1/-1->0->1 [9] 1/-1/-1->0->-1 [10] -1/-1/-1->0->1 [11] 1/-1/-1->0->-1 [12] -1/-1/-1->0->1 [13] 1/-1/-1->0->-1 [14] -1/-1/-1->0->1 [15] 1/-1/-1->0->-1 [16] -1/-1/-1->0->1 [17] 1/-1/-1->0->-1 [18] -1/-1/-1->0->1 [19] 1/-1/-1->0->-1 [20] -1/-1/-1->0->1 [21] 1/-1/-1->0->-1 [22] -1/-1/-1->0->1 [23] 1/-1/-1->0->-1 [24] -1/-1/-1->0->1 [25] 1/-1/-1->0->-1 [26] -1/-1/-1->0->1 [27] 1/-1/-1->0->-1 [28] -1/-1/-1->0->1 [29] 1/-1/-1->0->-1 [30] -1/-1/-1->0->1 [31] 1/-1/-1->0->-1 comm 0x6e2dd1f0 nRanks 02 busId e7000
mi325x-01:237:3451 [6] NCCL INFO P2P Chunksize set to 524288
mi325x-01:237:3451 [6] NCCL INFO Channel 00/0 : 0[e7000] -> 1[97000] via P2P/IPC comm 0x6e2dd1f0 nRanks 02
mi325x-01:238:3452 [7] NCCL INFO Channel 00/0 : 1[97000] -> 0[e7000] via P2P/IPC comm 0x6e18ead0 nRanks 02
mi325x-01:237:3451 [6] NCCL INFO Channel 01/0 : 0[e7000] -> 1[97000] via P2P/IPC comm 0x6e2dd1f0 nRanks 02
mi325x-01:238:3452 [7] NCCL INFO Channel 01/0 : 1[97000] -> 0[e7000] via P2P/IPC comm 0x6e18ead0 nRanks 02
mi325x-01:237:3451 [6] NCCL INFO Channel 02/0 : 0[e7000] -> 1[97000] via P2P/IPC comm 0x6e2dd1f0 nRanks 02
mi325x-01:238:3452 [7] NCCL INFO Channel 02/0 : 1[97000] -> 0[e7000] via P2P/IPC comm 0x6e18ead0 nRanks 02
mi325x-01:237:3451 [6] NCCL INFO Channel 03/0 : 0[e7000] -> 1[97000] via P2P/IPC comm 0x6e2dd1f0 nRanks 02
mi325x-01:238:3452 [7] NCCL INFO Channel 03/0 : 1[97000] -> 0[e7000] via P2P/IPC comm 0x6e18ead0 nRanks 02
mi325x-01:237:3451 [6] NCCL INFO Channel 04/0 : 0[e7000] -> 1[97000] via P2P/IPC comm 0x6e2dd1f0 nRanks 02
mi325x-01:238:3452 [7] NCCL INFO Channel 04/0 : 1[97000] -> 0[e7000] via P2P/IPC comm 0x6e18ead0 nRanks 02
mi325x-01:237:3451 [6] NCCL INFO Channel 05/0 : 0[e7000] -> 1[97000] via P2P/IPC comm 0x6e2dd1f0 nRanks 02
mi325x-01:238:3452 [7] NCCL INFO Channel 05/0 : 1[97000] -> 0[e7000] via P2P/IPC comm 0x6e18ead0 nRanks 02
mi325x-01:237:3451 [6] NCCL INFO Channel 06/0 : 0[e7000] -> 1[97000] via P2P/IPC comm 0x6e2dd1f0 nRanks 02
mi325x-01:238:3452 [7] NCCL INFO Channel 06/0 : 1[97000] -> 0[e7000] via P2P/IPC comm 0x6e18ead0 nRanks 02
mi325x-01:237:3451 [6] NCCL INFO Channel 07/0 : 0[e7000] -> 1[97000] via P2P/IPC comm 0x6e2dd1f0 nRanks 02
mi325x-01:238:3452 [7] NCCL INFO Channel 07/0 : 1[97000] -> 0[e7000] via P2P/IPC comm 0x6e18ead0 nRanks 02
mi325x-01:237:3451 [6] NCCL INFO Channel 08/0 : 0[e7000] -> 1[97000] via P2P/IPC comm 0x6e2dd1f0 nRanks 02
mi325x-01:238:3452 [7] NCCL INFO Channel 08/0 : 1[97000] -> 0[e7000] via P2P/IPC comm 0x6e18ead0 nRanks 02
mi325x-01:237:3451 [6] NCCL INFO Channel 09/0 : 0[e7000] -> 1[97000] via P2P/IPC comm 0x6e2dd1f0 nRanks 02
mi325x-01:238:3452 [7] NCCL INFO Channel 09/0 : 1[97000] -> 0[e7000] via P2P/IPC comm 0x6e18ead0 nRanks 02
mi325x-01:237:3451 [6] NCCL INFO Channel 10/0 : 0[e7000] -> 1[97000] via P2P/IPC comm 0x6e2dd1f0 nRanks 02
mi325x-01:238:3452 [7] NCCL INFO Channel 10/0 : 1[97000] -> 0[e7000] via P2P/IPC comm 0x6e18ead0 nRanks 02
mi325x-01:237:3451 [6] NCCL INFO Channel 11/0 : 0[e7000] -> 1[97000] via P2P/IPC comm 0x6e2dd1f0 nRanks 02
mi325x-01:238:3452 [7] NCCL INFO Channel 11/0 : 1[97000] -> 0[e7000] via P2P/IPC comm 0x6e18ead0 nRanks 02
mi325x-01:237:3451 [6] NCCL INFO Channel 12/0 : 0[e7000] -> 1[97000] via P2P/IPC comm 0x6e2dd1f0 nRanks 02
mi325x-01:238:3452 [7] NCCL INFO Channel 12/0 : 1[97000] -> 0[e7000] via P2P/IPC comm 0x6e18ead0 nRanks 02
mi325x-01:237:3451 [6] NCCL INFO Channel 13/0 : 0[e7000] -> 1[97000] via P2P/IPC comm 0x6e2dd1f0 nRanks 02
mi325x-01:238:3452 [7] NCCL INFO Channel 13/0 : 1[97000] -> 0[e7000] via P2P/IPC comm 0x6e18ead0 nRanks 02
mi325x-01:237:3451 [6] NCCL INFO Channel 14/0 : 0[e7000] -> 1[97000] via P2P/IPC comm 0x6e2dd1f0 nRanks 02
mi325x-01:238:3452 [7] NCCL INFO Channel 14/0 : 1[97000] -> 0[e7000] via P2P/IPC comm 0x6e18ead0 nRanks 02
mi325x-01:237:3451 [6] NCCL INFO Channel 15/0 : 0[e7000] -> 1[97000] via P2P/IPC comm 0x6e2dd1f0 nRanks 02
mi325x-01:238:3452 [7] NCCL INFO Channel 15/0 : 1[97000] -> 0[e7000] via P2P/IPC comm 0x6e18ead0 nRanks 02
mi325x-01:237:3451 [6] NCCL INFO Channel 16/0 : 0[e7000] -> 1[97000] via P2P/IPC comm 0x6e2dd1f0 nRanks 02
mi325x-01:238:3452 [7] NCCL INFO Channel 16/0 : 1[97000] -> 0[e7000] via P2P/IPC comm 0x6e18ead0 nRanks 02
mi325x-01:237:3451 [6] NCCL INFO Channel 17/0 : 0[e7000] -> 1[97000] via P2P/IPC comm 0x6e2dd1f0 nRanks 02
mi325x-01:238:3452 [7] NCCL INFO Channel 17/0 : 1[97000] -> 0[e7000] via P2P/IPC comm 0x6e18ead0 nRanks 02
mi325x-01:237:3451 [6] NCCL INFO Channel 18/0 : 0[e7000] -> 1[97000] via P2P/IPC comm 0x6e2dd1f0 nRanks 02
mi325x-01:238:3452 [7] NCCL INFO Channel 18/0 : 1[97000] -> 0[e7000] via P2P/IPC comm 0x6e18ead0 nRanks 02
mi325x-01:237:3451 [6] NCCL INFO Channel 19/0 : 0[e7000] -> 1[97000] via P2P/IPC comm 0x6e2dd1f0 nRanks 02
mi325x-01:238:3452 [7] NCCL INFO Channel 19/0 : 1[97000] -> 0[e7000] via P2P/IPC comm 0x6e18ead0 nRanks 02
mi325x-01:237:3451 [6] NCCL INFO Channel 20/0 : 0[e7000] -> 1[97000] via P2P/IPC comm 0x6e2dd1f0 nRanks 02
mi325x-01:238:3452 [7] NCCL INFO Channel 20/0 : 1[97000] -> 0[e7000] via P2P/IPC comm 0x6e18ead0 nRanks 02
mi325x-01:237:3451 [6] NCCL INFO Channel 21/0 : 0[e7000] -> 1[97000] via P2P/IPC comm 0x6e2dd1f0 nRanks 02
mi325x-01:238:3452 [7] NCCL INFO Channel 21/0 : 1[97000] -> 0[e7000] via P2P/IPC comm 0x6e18ead0 nRanks 02
mi325x-01:237:3451 [6] NCCL INFO Channel 22/0 : 0[e7000] -> 1[97000] via P2P/IPC comm 0x6e2dd1f0 nRanks 02
mi325x-01:238:3452 [7] NCCL INFO Channel 22/0 : 1[97000] -> 0[e7000] via P2P/IPC comm 0x6e18ead0 nRanks 02
mi325x-01:237:3451 [6] NCCL INFO Channel 23/0 : 0[e7000] -> 1[97000] via P2P/IPC comm 0x6e2dd1f0 nRanks 02
mi325x-01:238:3452 [7] NCCL INFO Channel 23/0 : 1[97000] -> 0[e7000] via P2P/IPC comm 0x6e18ead0 nRanks 02
mi325x-01:237:3451 [6] NCCL INFO Channel 24/0 : 0[e7000] -> 1[97000] via P2P/IPC comm 0x6e2dd1f0 nRanks 02
mi325x-01:238:3452 [7] NCCL INFO Channel 24/0 : 1[97000] -> 0[e7000] via P2P/IPC comm 0x6e18ead0 nRanks 02
mi325x-01:237:3451 [6] NCCL INFO Channel 25/0 : 0[e7000] -> 1[97000] via P2P/IPC comm 0x6e2dd1f0 nRanks 02
mi325x-01:238:3452 [7] NCCL INFO Channel 25/0 : 1[97000] -> 0[e7000] via P2P/IPC comm 0x6e18ead0 nRanks 02
mi325x-01:237:3451 [6] NCCL INFO Channel 26/0 : 0[e7000] -> 1[97000] via P2P/IPC comm 0x6e2dd1f0 nRanks 02
mi325x-01:238:3452 [7] NCCL INFO Channel 26/0 : 1[97000] -> 0[e7000] via P2P/IPC comm 0x6e18ead0 nRanks 02
mi325x-01:237:3451 [6] NCCL INFO Channel 27/0 : 0[e7000] -> 1[97000] via P2P/IPC comm 0x6e2dd1f0 nRanks 02
mi325x-01:238:3452 [7] NCCL INFO Channel 27/0 : 1[97000] -> 0[e7000] via P2P/IPC comm 0x6e18ead0 nRanks 02
mi325x-01:237:3451 [6] NCCL INFO Channel 28/0 : 0[e7000] -> 1[97000] via P2P/IPC comm 0x6e2dd1f0 nRanks 02
mi325x-01:238:3452 [7] NCCL INFO Channel 28/0 : 1[97000] -> 0[e7000] via P2P/IPC comm 0x6e18ead0 nRanks 02
mi325x-01:237:3451 [6] NCCL INFO Channel 29/0 : 0[e7000] -> 1[97000] via P2P/IPC comm 0x6e2dd1f0 nRanks 02
mi325x-01:238:3452 [7] NCCL INFO Channel 29/0 : 1[97000] -> 0[e7000] via P2P/IPC comm 0x6e18ead0 nRanks 02
mi325x-01:237:3451 [6] NCCL INFO Channel 30/0 : 0[e7000] -> 1[97000] via P2P/IPC comm 0x6e2dd1f0 nRanks 02
mi325x-01:238:3452 [7] NCCL INFO Channel 30/0 : 1[97000] -> 0[e7000] via P2P/IPC comm 0x6e18ead0 nRanks 02
mi325x-01:237:3451 [6] NCCL INFO Channel 31/0 : 0[e7000] -> 1[97000] via P2P/IPC comm 0x6e2dd1f0 nRanks 02
mi325x-01:238:3452 [7] NCCL INFO Channel 31/0 : 1[97000] -> 0[e7000] via P2P/IPC comm 0x6e18ead0 nRanks 02
mi325x-01:238:3452 [7] NCCL INFO Connected all rings
mi325x-01:237:3451 [6] NCCL INFO Connected all rings
mi325x-01:238:3452 [7] NCCL INFO Connected all trees
mi325x-01:237:3451 [6] NCCL INFO Connected all trees
mi325x-01:238:3452 [7] NCCL INFO threadThresholds 8/8/64 | 16/8/64 | 256 | 256
mi325x-01:238:3452 [7] NCCL INFO 32 coll channels, 32 collnet channels, 0 nvls channels, 32 p2p channels, 8 p2p channels per peer
mi325x-01:237:3451 [6] NCCL INFO threadThresholds 8/8/64 | 16/8/64 | 256 | 256
mi325x-01:237:3451 [6] NCCL INFO 32 coll channels, 32 collnet channels, 0 nvls channels, 32 p2p channels, 8 p2p channels per peer
mi325x-01:237:3451 [6] NCCL INFO CC Off, Multi-GPU CC Off, workFifoBytes 1048576

mi325x-01:238:3452 [7] /longer_pathname_so_that_rpms_can_support_packaging_the_debug_info_for_all_os_profiles/src/out/ubuntu-22.04/22.04/build/rccl/hipify/src/init.cc:1954 NCCL WARN MSCCL++: Cannot enable MSCCL++; environment is not MSCCL compatible
mi325x-01:238:3452 [7] NCCL INFO ncclCommInitRank comm 0x6e18ead0 rank 1 nranks 2 cudaDev 7 nvmlDev 5 busId 97000 commId 0xcca803006506ccf8 localSize 384 used 2187429025 bytes on core 100 - Init COMPLETE

mi325x-01:237:3451 [6] /longer_pathname_so_that_rpms_can_support_packaging_the_debug_info_for_all_os_profiles/src/out/ubuntu-22.04/22.04/build/rccl/hipify/src/init.cc:1954 NCCL WARN MSCCL++: Cannot enable MSCCL++; environment is not MSCCL compatible
mi325x-01:237:3451 [6] NCCL INFO ncclCommInitRank comm 0x6e2dd1f0 rank 0 nranks 2 cudaDev 6 nvmlDev 6 busId e7000 commId 0xcca803006506ccf8 localSize 384 used 2200863904 bytes on core 119 - Init COMPLETE
mi325x-01:238:3452 [7] NCCL INFO Init timings: rank 1 nranks 2 total 0.15 (kernels 0.00, bootstrap 0.01, allgathers 0.00, topo 0.05, graphs 0.00, connections 0.09, rest 0.00)
mi325x-01:237:3451 [6] NCCL INFO Init timings: rank 0 nranks 2 total 0.41 (kernels 0.00, bootstrap 0.27, allgathers 0.00, topo 0.05, graphs 0.00, connections 0.09, rest 0.00)
mi325x-01:238:3461 [7] NCCL INFO Channel 08/1 : 1[97000] -> 0[e7000] via P2P/IPC comm 0x6e18ead0 nRanks 02
mi325x-01:237:3462 [6] NCCL INFO Channel 08/1 : 0[e7000] -> 1[97000] via P2P/IPC comm 0x6e2dd1f0 nRanks 02
mi325x-01:238:3461 [7] NCCL INFO Channel 09/1 : 1[97000] -> 0[e7000] via P2P/IPC comm 0x6e18ead0 nRanks 02
mi325x-01:237:3462 [6] NCCL INFO Channel 09/1 : 0[e7000] -> 1[97000] via P2P/IPC comm 0x6e2dd1f0 nRanks 02
mi325x-01:238:3461 [7] NCCL INFO Channel 10/1 : 1[97000] -> 0[e7000] via P2P/IPC comm 0x6e18ead0 nRanks 02
mi325x-01:237:3462 [6] NCCL INFO Channel 10/1 : 0[e7000] -> 1[97000] via P2P/IPC comm 0x6e2dd1f0 nRanks 02
mi325x-01:238:3461 [7] NCCL INFO Channel 11/1 : 1[97000] -> 0[e7000] via P2P/IPC comm 0x6e18ead0 nRanks 02
mi325x-01:237:3462 [6] NCCL INFO Channel 11/1 : 0[e7000] -> 1[97000] via P2P/IPC comm 0x6e2dd1f0 nRanks 02
mi325x-01:238:3461 [7] NCCL INFO Channel 12/1 : 1[97000] -> 0[e7000] via P2P/IPC comm 0x6e18ead0 nRanks 02
mi325x-01:237:3462 [6] NCCL INFO Channel 12/1 : 0[e7000] -> 1[97000] via P2P/IPC comm 0x6e2dd1f0 nRanks 02
mi325x-01:238:3461 [7] NCCL INFO Channel 13/1 : 1[97000] -> 0[e7000] via P2P/IPC comm 0x6e18ead0 nRanks 02
mi325x-01:237:3462 [6] NCCL INFO Channel 13/1 : 0[e7000] -> 1[97000] via P2P/IPC comm 0x6e2dd1f0 nRanks 02
mi325x-01:238:3461 [7] NCCL INFO Channel 14/1 : 1[97000] -> 0[e7000] via P2P/IPC comm 0x6e18ead0 nRanks 02
mi325x-01:237:3462 [6] NCCL INFO Channel 14/1 : 0[e7000] -> 1[97000] via P2P/IPC comm 0x6e2dd1f0 nRanks 02
mi325x-01:238:3461 [7] NCCL INFO Channel 15/1 : 1[97000] -> 0[e7000] via P2P/IPC comm 0x6e18ead0 nRanks 02
mi325x-01:237:3462 [6] NCCL INFO Channel 15/1 : 0[e7000] -> 1[97000] via P2P/IPC comm 0x6e2dd1f0 nRanks 02
mi325x-01:233:233 [2] NCCL INFO Kernel version: 5.15.0-156-generic
mi325x-01:233:233 [2] NCCL INFO Kernel version: 5.15.0-156-generic
mi325x-01:233:233 [2] NCCL INFO Comm config Blocking set to 1
mi325x-01:234:234 [3] NCCL INFO Kernel version: 5.15.0-156-generic
mi325x-01:233:3466 [2] NCCL INFO Using network IB
mi325x-01:234:234 [3] NCCL INFO Comm config Blocking set to 1
mi325x-01:234:3467 [3] NCCL INFO Using network IB
mi325x-01:233:3466 [2] NCCL INFO [node_id = 4; gpu_id = 11361; unique_id = 448672401060932618; location_id = 26368; bdf = 26368; domain = 0; partition = 0], 
mi325x-01:233:3466 [2] NCCL INFO [node_id = 5; gpu_id = 45771; unique_id = 872824741018515298; location_id = 5888; bdf = 5888; domain = 0; partition = 0], 
mi325x-01:233:3466 [2] NCCL INFO [node_id = 3; gpu_id = 55220; unique_id = 1461441251199714272; location_id = 1792; bdf = 1792; domain = 0; partition = 0], 
mi325x-01:233:3466 [2] NCCL INFO [node_id = 9; gpu_id = 54920; unique_id = 5296776579252993060; location_id = 38656; bdf = 38656; domain = 0; partition = 0], 
mi325x-01:233:3466 [2] NCCL INFO [node_id = 8; gpu_id = 16446; unique_id = 6688293190708379297; location_id = 59136; bdf = 59136; domain = 0; partition = 0], 
mi325x-01:233:3466 [2] NCCL INFO [node_id = 2; gpu_id = 4089; unique_id = 6710303323344658974; location_id = 30464; bdf = 30464; domain = 0; partition = 0], 
mi325x-01:233:3466 [2] NCCL INFO [node_id = 7; gpu_id = 60273; unique_id = 6813633161990451093; location_id = 34560; bdf = 34560; domain = 0; partition = 0], 
mi325x-01:233:3466 [2] NCCL INFO [node_id = 6; gpu_id = 9142; unique_id = 16942419349984955075; location_id = 63232; bdf = 63232; domain = 0; partition = 0], 
mi325x-01:234:3467 [3] NCCL INFO [node_id = 4; gpu_id = 11361; unique_id = 448672401060932618; location_id = 26368; bdf = 26368; domain = 0; partition = 0], 
mi325x-01:234:3467 [3] NCCL INFO [node_id = 5; gpu_id = 45771; unique_id = 872824741018515298; location_id = 5888; bdf = 5888; domain = 0; partition = 0], 
mi325x-01:234:3467 [3] NCCL INFO [node_id = 3; gpu_id = 55220; unique_id = 1461441251199714272; location_id = 1792; bdf = 1792; domain = 0; partition = 0], 
mi325x-01:234:3467 [3] NCCL INFO [node_id = 9; gpu_id = 54920; unique_id = 5296776579252993060; location_id = 38656; bdf = 38656; domain = 0; partition = 0], 
mi325x-01:234:3467 [3] NCCL INFO [node_id = 8; gpu_id = 16446; unique_id = 6688293190708379297; location_id = 59136; bdf = 59136; domain = 0; partition = 0], 
mi325x-01:234:3467 [3] NCCL INFO [node_id = 2; gpu_id = 4089; unique_id = 6710303323344658974; location_id = 30464; bdf = 30464; domain = 0; partition = 0], 
mi325x-01:234:3467 [3] NCCL INFO [node_id = 7; gpu_id = 60273; unique_id = 6813633161990451093; location_id = 34560; bdf = 34560; domain = 0; partition = 0], 
mi325x-01:234:3467 [3] NCCL INFO [node_id = 6; gpu_id = 9142; unique_id = 16942419349984955075; location_id = 63232; bdf = 63232; domain = 0; partition = 0], 
mi325x-01:233:3466 [2] NCCL INFO initialized internal alternative rsmi functionality
mi325x-01:234:3467 [3] NCCL INFO initialized internal alternative rsmi functionality
mi325x-01:234:3467 [3] NCCL INFO ncclCommInitRank comm 0x6e18ca20 rank 1 nranks 2 cudaDev 3 nvmlDev 1 busId 17000 commId 0xe639e74e7753eeae - Init START
mi325x-01:233:3466 [2] NCCL INFO ncclCommInitRank comm 0x6e043a60 rank 0 nranks 2 cudaDev 2 nvmlDev 2 busId 67000 commId 0xe639e74e7753eeae - Init START
mi325x-01:234:3467 [3] NCCL INFO initialized internal alternative rsmi functionality
mi325x-01:233:3466 [2] NCCL INFO initialized internal alternative rsmi functionality
mi325x-01:232:232 [1] NCCL INFO Kernel version: 5.15.0-156-generic
mi325x-01:232:232 [1] NCCL INFO Comm config Blocking set to 1
mi325x-01:232:3471 [1] NCCL INFO Using network IB
mi325x-01:232:3471 [1] NCCL INFO [node_id = 4; gpu_id = 11361; unique_id = 448672401060932618; location_id = 26368; bdf = 26368; domain = 0; partition = 0], 
mi325x-01:232:3471 [1] NCCL INFO [node_id = 5; gpu_id = 45771; unique_id = 872824741018515298; location_id = 5888; bdf = 5888; domain = 0; partition = 0], 
