mi325x-01:232:3471 [1] NCCL INFO [node_id = 3; gpu_id = 55220; unique_id = 1461441251199714272; location_id = 1792; bdf = 1792; domain = 0; partition = 0], 
mi325x-01:232:3471 [1] NCCL INFO [node_id = 9; gpu_id = 54920; unique_id = 5296776579252993060; location_id = 38656; bdf = 38656; domain = 0; partition = 0], 
mi325x-01:232:3471 [1] NCCL INFO [node_id = 8; gpu_id = 16446; unique_id = 6688293190708379297; location_id = 59136; bdf = 59136; domain = 0; partition = 0], 
mi325x-01:232:3471 [1] NCCL INFO [node_id = 2; gpu_id = 4089; unique_id = 6710303323344658974; location_id = 30464; bdf = 30464; domain = 0; partition = 0], 
mi325x-01:232:3471 [1] NCCL INFO [node_id = 7; gpu_id = 60273; unique_id = 6813633161990451093; location_id = 34560; bdf = 34560; domain = 0; partition = 0], 
mi325x-01:232:3471 [1] NCCL INFO [node_id = 6; gpu_id = 9142; unique_id = 16942419349984955075; location_id = 63232; bdf = 63232; domain = 0; partition = 0], 
mi325x-01:232:3471 [1] NCCL INFO initialized internal alternative rsmi functionality
mi325x-01:232:3471 [1] NCCL INFO ncclCommInitRank comm 0x6e085d30 rank 1 nranks 2 cudaDev 1 nvmlDev 0 busId 7000 commId 0x4026f192c6c4baba - Init START
mi325x-01:231:3454 [0] NCCL INFO ncclCommInitRank comm 0x6e18c4a0 rank 0 nranks 2 cudaDev 0 nvmlDev 3 busId 77000 commId 0x4026f192c6c4baba - Init START
mi325x-01:232:3471 [1] NCCL INFO initialized internal alternative rsmi functionality
mi325x-01:231:3454 [0] NCCL INFO initialized internal alternative rsmi functionality
mi325x-01:234:3467 [3] NCCL INFO Setting affinity for GPU 1 to ffffffff,ffffffff,ffffffff
mi325x-01:233:3466 [2] NCCL INFO Setting affinity for GPU 2 to ffffffff,ffffffff,ffffffff
mi325x-01:233:3466 [2] NCCL INFO comm 0x6e043a60 rank 0 nRanks 2 nNodes 1 localRanks 2 localRank 0 MNNVL 0
mi325x-01:234:3467 [3] NCCL INFO comm 0x6e18ca20 rank 1 nRanks 2 nNodes 1 localRanks 2 localRank 1 MNNVL 0
mi325x-01:233:3466 [2] NCCL INFO Channel 00/32 :    0   1
mi325x-01:233:3466 [2] NCCL INFO Channel 01/32 :    0   1
mi325x-01:233:3466 [2] NCCL INFO Channel 02/32 :    0   1
mi325x-01:233:3466 [2] NCCL INFO Channel 03/32 :    0   1
mi325x-01:233:3466 [2] NCCL INFO Channel 04/32 :    0   1
mi325x-01:233:3466 [2] NCCL INFO Channel 05/32 :    0   1
mi325x-01:233:3466 [2] NCCL INFO Channel 06/32 :    0   1
mi325x-01:233:3466 [2] NCCL INFO Channel 07/32 :    0   1
mi325x-01:233:3466 [2] NCCL INFO Channel 08/32 :    0   1
mi325x-01:233:3466 [2] NCCL INFO Channel 09/32 :    0   1
mi325x-01:233:3466 [2] NCCL INFO Channel 10/32 :    0   1
mi325x-01:233:3466 [2] NCCL INFO Channel 11/32 :    0   1
mi325x-01:233:3466 [2] NCCL INFO Channel 12/32 :    0   1
mi325x-01:233:3466 [2] NCCL INFO Channel 13/32 :    0   1
mi325x-01:233:3466 [2] NCCL INFO Channel 14/32 :    0   1
mi325x-01:233:3466 [2] NCCL INFO Channel 15/32 :    0   1
mi325x-01:233:3466 [2] NCCL INFO Channel 16/32 :    0   1
mi325x-01:233:3466 [2] NCCL INFO Channel 17/32 :    0   1
mi325x-01:233:3466 [2] NCCL INFO Channel 18/32 :    0   1
mi325x-01:233:3466 [2] NCCL INFO Channel 19/32 :    0   1
mi325x-01:233:3466 [2] NCCL INFO Channel 20/32 :    0   1
mi325x-01:233:3466 [2] NCCL INFO Channel 21/32 :    0   1
mi325x-01:233:3466 [2] NCCL INFO Channel 22/32 :    0   1
mi325x-01:233:3466 [2] NCCL INFO Channel 23/32 :    0   1
mi325x-01:233:3466 [2] NCCL INFO Channel 24/32 :    0   1
mi325x-01:233:3466 [2] NCCL INFO Channel 25/32 :    0   1
mi325x-01:233:3466 [2] NCCL INFO Channel 26/32 :    0   1
mi325x-01:233:3466 [2] NCCL INFO Channel 27/32 :    0   1
mi325x-01:233:3466 [2] NCCL INFO Channel 28/32 :    0   1
mi325x-01:233:3466 [2] NCCL INFO Channel 29/32 :    0   1
mi325x-01:233:3466 [2] NCCL INFO Channel 30/32 :    0   1
mi325x-01:233:3466 [2] NCCL INFO Channel 31/32 :    0   1
mi325x-01:234:3467 [3] NCCL INFO Trees [0] 0/-1/-1->1->-1 [1] -1/-1/-1->1->0 [2] 0/-1/-1->1->-1 [3] -1/-1/-1->1->0 [4] 0/-1/-1->1->-1 [5] -1/-1/-1->1->0 [6] 0/-1/-1->1->-1 [7] -1/-1/-1->1->0 [8] 0/-1/-1->1->-1 [9] -1/-1/-1->1->0 [10] 0/-1/-1->1->-1 [11] -1/-1/-1->1->0 [12] 0/-1/-1->1->-1 [13] -1/-1/-1->1->0 [14] 0/-1/-1->1->-1 [15] -1/-1/-1->1->0 [16] 0/-1/-1->1->-1 [17] -1/-1/-1->1->0 [18] 0/-1/-1->1->-1 [19] -1/-1/-1->1->0 [20] 0/-1/-1->1->-1 [21] -1/-1/-1->1->0 [22] 0/-1/-1->1->-1 [23] -1/-1/-1->1->0 [24] 0/-1/-1->1->-1 [25] -1/-1/-1->1->0 [26] 0/-1/-1->1->-1 [27] -1/-1/-1->1->0 [28] 0/-1/-1->1->-1 [29] -1/-1/-1->1->0 [30] 0/-1/-1->1->-1 [31] -1/-1/-1->1->0 comm 0x6e18ca20 nRanks 02 busId 17000
mi325x-01:234:3467 [3] NCCL INFO P2P Chunksize set to 524288
mi325x-01:233:3466 [2] NCCL INFO Trees [0] -1/-1/-1->0->1 [1] 1/-1/-1->0->-1 [2] -1/-1/-1->0->1 [3] 1/-1/-1->0->-1 [4] -1/-1/-1->0->1 [5] 1/-1/-1->0->-1 [6] -1/-1/-1->0->1 [7] 1/-1/-1->0->-1 [8] -1/-1/-1->0->1 [9] 1/-1/-1->0->-1 [10] -1/-1/-1->0->1 [11] 1/-1/-1->0->-1 [12] -1/-1/-1->0->1 [13] 1/-1/-1->0->-1 [14] -1/-1/-1->0->1 [15] 1/-1/-1->0->-1 [16] -1/-1/-1->0->1 [17] 1/-1/-1->0->-1 [18] -1/-1/-1->0->1 [19] 1/-1/-1->0->-1 [20] -1/-1/-1->0->1 [21] 1/-1/-1->0->-1 [22] -1/-1/-1->0->1 [23] 1/-1/-1->0->-1 [24] -1/-1/-1->0->1 [25] 1/-1/-1->0->-1 [26] -1/-1/-1->0->1 [27] 1/-1/-1->0->-1 [28] -1/-1/-1->0->1 [29] 1/-1/-1->0->-1 [30] -1/-1/-1->0->1 [31] 1/-1/-1->0->-1 comm 0x6e043a60 nRanks 02 busId 67000
mi325x-01:233:3466 [2] NCCL INFO P2P Chunksize set to 524288
mi325x-01:235:235 [4] NCCL INFO Kernel version: 5.15.0-156-generic
mi325x-01:235:235 [4] NCCL INFO Kernel version: 5.15.0-156-generic
mi325x-01:235:235 [4] NCCL INFO Comm config Blocking set to 1
mi325x-01:236:236 [5] NCCL INFO Kernel version: 5.15.0-156-generic
mi325x-01:235:3480 [4] NCCL INFO Using network IB
mi325x-01:236:236 [5] NCCL INFO Comm config Blocking set to 1
mi325x-01:236:3481 [5] NCCL INFO Using network IB
mi325x-01:235:3480 [4] NCCL INFO [node_id = 4; gpu_id = 11361; unique_id = 448672401060932618; location_id = 26368; bdf = 26368; domain = 0; partition = 0], 
mi325x-01:235:3480 [4] NCCL INFO [node_id = 5; gpu_id = 45771; unique_id = 872824741018515298; location_id = 5888; bdf = 5888; domain = 0; partition = 0], 
mi325x-01:235:3480 [4] NCCL INFO [node_id = 3; gpu_id = 55220; unique_id = 1461441251199714272; location_id = 1792; bdf = 1792; domain = 0; partition = 0], 
mi325x-01:235:3480 [4] NCCL INFO [node_id = 9; gpu_id = 54920; unique_id = 5296776579252993060; location_id = 38656; bdf = 38656; domain = 0; partition = 0], 
mi325x-01:235:3480 [4] NCCL INFO [node_id = 8; gpu_id = 16446; unique_id = 6688293190708379297; location_id = 59136; bdf = 59136; domain = 0; partition = 0], 
mi325x-01:235:3480 [4] NCCL INFO [node_id = 2; gpu_id = 4089; unique_id = 6710303323344658974; location_id = 30464; bdf = 30464; domain = 0; partition = 0], 
mi325x-01:235:3480 [4] NCCL INFO [node_id = 7; gpu_id = 60273; unique_id = 6813633161990451093; location_id = 34560; bdf = 34560; domain = 0; partition = 0], 
mi325x-01:235:3480 [4] NCCL INFO [node_id = 6; gpu_id = 9142; unique_id = 16942419349984955075; location_id = 63232; bdf = 63232; domain = 0; partition = 0], 
mi325x-01:236:3481 [5] NCCL INFO [node_id = 4; gpu_id = 11361; unique_id = 448672401060932618; location_id = 26368; bdf = 26368; domain = 0; partition = 0], 
mi325x-01:236:3481 [5] NCCL INFO [node_id = 5; gpu_id = 45771; unique_id = 872824741018515298; location_id = 5888; bdf = 5888; domain = 0; partition = 0], 
mi325x-01:236:3481 [5] NCCL INFO [node_id = 3; gpu_id = 55220; unique_id = 1461441251199714272; location_id = 1792; bdf = 1792; domain = 0; partition = 0], 
mi325x-01:236:3481 [5] NCCL INFO [node_id = 9; gpu_id = 54920; unique_id = 5296776579252993060; location_id = 38656; bdf = 38656; domain = 0; partition = 0], 
mi325x-01:236:3481 [5] NCCL INFO [node_id = 8; gpu_id = 16446; unique_id = 6688293190708379297; location_id = 59136; bdf = 59136; domain = 0; partition = 0], 
mi325x-01:236:3481 [5] NCCL INFO [node_id = 2; gpu_id = 4089; unique_id = 6710303323344658974; location_id = 30464; bdf = 30464; domain = 0; partition = 0], 
mi325x-01:236:3481 [5] NCCL INFO [node_id = 7; gpu_id = 60273; unique_id = 6813633161990451093; location_id = 34560; bdf = 34560; domain = 0; partition = 0], 
mi325x-01:236:3481 [5] NCCL INFO [node_id = 6; gpu_id = 9142; unique_id = 16942419349984955075; location_id = 63232; bdf = 63232; domain = 0; partition = 0], 
mi325x-01:235:3480 [4] NCCL INFO initialized internal alternative rsmi functionality
mi325x-01:236:3481 [5] NCCL INFO initialized internal alternative rsmi functionality
mi325x-01:236:3481 [5] NCCL INFO ncclCommInitRank comm 0x6e18f5c0 rank 1 nranks 2 cudaDev 5 nvmlDev 4 busId 87000 commId 0x9e39c6b2e17df987 - Init START
mi325x-01:235:3480 [4] NCCL INFO ncclCommInitRank comm 0x6e06b260 rank 0 nranks 2 cudaDev 4 nvmlDev 7 busId f7000 commId 0x9e39c6b2e17df987 - Init START
mi325x-01:236:3481 [5] NCCL INFO initialized internal alternative rsmi functionality
mi325x-01:235:3480 [4] NCCL INFO initialized internal alternative rsmi functionality
mi325x-01:233:3466 [2] NCCL INFO Channel 00/0 : 0[67000] -> 1[17000] via P2P/IPC comm 0x6e043a60 nRanks 02
mi325x-01:234:3467 [3] NCCL INFO Channel 00/0 : 1[17000] -> 0[67000] via P2P/IPC comm 0x6e18ca20 nRanks 02
mi325x-01:233:3466 [2] NCCL INFO Channel 01/0 : 0[67000] -> 1[17000] via P2P/IPC comm 0x6e043a60 nRanks 02
mi325x-01:234:3467 [3] NCCL INFO Channel 01/0 : 1[17000] -> 0[67000] via P2P/IPC comm 0x6e18ca20 nRanks 02
mi325x-01:233:3466 [2] NCCL INFO Channel 02/0 : 0[67000] -> 1[17000] via P2P/IPC comm 0x6e043a60 nRanks 02
mi325x-01:234:3467 [3] NCCL INFO Channel 02/0 : 1[17000] -> 0[67000] via P2P/IPC comm 0x6e18ca20 nRanks 02
mi325x-01:233:3466 [2] NCCL INFO Channel 03/0 : 0[67000] -> 1[17000] via P2P/IPC comm 0x6e043a60 nRanks 02
mi325x-01:234:3467 [3] NCCL INFO Channel 03/0 : 1[17000] -> 0[67000] via P2P/IPC comm 0x6e18ca20 nRanks 02
mi325x-01:233:3466 [2] NCCL INFO Channel 04/0 : 0[67000] -> 1[17000] via P2P/IPC comm 0x6e043a60 nRanks 02
mi325x-01:234:3467 [3] NCCL INFO Channel 04/0 : 1[17000] -> 0[67000] via P2P/IPC comm 0x6e18ca20 nRanks 02
mi325x-01:233:3466 [2] NCCL INFO Channel 05/0 : 0[67000] -> 1[17000] via P2P/IPC comm 0x6e043a60 nRanks 02
mi325x-01:234:3467 [3] NCCL INFO Channel 05/0 : 1[17000] -> 0[67000] via P2P/IPC comm 0x6e18ca20 nRanks 02
mi325x-01:233:3466 [2] NCCL INFO Channel 06/0 : 0[67000] -> 1[17000] via P2P/IPC comm 0x6e043a60 nRanks 02
mi325x-01:234:3467 [3] NCCL INFO Channel 06/0 : 1[17000] -> 0[67000] via P2P/IPC comm 0x6e18ca20 nRanks 02
mi325x-01:233:3466 [2] NCCL INFO Channel 07/0 : 0[67000] -> 1[17000] via P2P/IPC comm 0x6e043a60 nRanks 02
mi325x-01:234:3467 [3] NCCL INFO Channel 07/0 : 1[17000] -> 0[67000] via P2P/IPC comm 0x6e18ca20 nRanks 02
mi325x-01:233:3466 [2] NCCL INFO Channel 08/0 : 0[67000] -> 1[17000] via P2P/IPC comm 0x6e043a60 nRanks 02
mi325x-01:234:3467 [3] NCCL INFO Channel 08/0 : 1[17000] -> 0[67000] via P2P/IPC comm 0x6e18ca20 nRanks 02
mi325x-01:233:3466 [2] NCCL INFO Channel 09/0 : 0[67000] -> 1[17000] via P2P/IPC comm 0x6e043a60 nRanks 02
mi325x-01:234:3467 [3] NCCL INFO Channel 09/0 : 1[17000] -> 0[67000] via P2P/IPC comm 0x6e18ca20 nRanks 02
mi325x-01:233:3466 [2] NCCL INFO Channel 10/0 : 0[67000] -> 1[17000] via P2P/IPC comm 0x6e043a60 nRanks 02
mi325x-01:234:3467 [3] NCCL INFO Channel 10/0 : 1[17000] -> 0[67000] via P2P/IPC comm 0x6e18ca20 nRanks 02
mi325x-01:233:3466 [2] NCCL INFO Channel 11/0 : 0[67000] -> 1[17000] via P2P/IPC comm 0x6e043a60 nRanks 02
mi325x-01:231:3454 [0] NCCL INFO Setting affinity for GPU 3 to ffffffff,ffffffff,ffffffff
mi325x-01:234:3467 [3] NCCL INFO Channel 11/0 : 1[17000] -> 0[67000] via P2P/IPC comm 0x6e18ca20 nRanks 02
mi325x-01:232:3471 [1] NCCL INFO Setting affinity for GPU 0 to ffffffff,ffffffff,ffffffff
mi325x-01:232:3471 [1] NCCL INFO comm 0x6e085d30 rank 1 nRanks 2 nNodes 1 localRanks 2 localRank 1 MNNVL 0
mi325x-01:231:3454 [0] NCCL INFO comm 0x6e18c4a0 rank 0 nRanks 2 nNodes 1 localRanks 2 localRank 0 MNNVL 0
mi325x-01:232:3471 [1] NCCL INFO Trees [0] 0/-1/-1->1->-1 [1] -1/-1/-1->1->0 [2] 0/-1/-1->1->-1 [3] -1/-1/-1->1->0 [4] 0/-1/-1->1->-1 [5] -1/-1/-1->1->0 [6] 0/-1/-1->1->-1 [7] -1/-1/-1->1->0 [8] 0/-1/-1->1->-1 [9] -1/-1/-1->1->0 [10] 0/-1/-1->1->-1 [11] -1/-1/-1->1->0 [12] 0/-1/-1->1->-1 [13] -1/-1/-1->1->0 [14] 0/-1/-1->1->-1 [15] -1/-1/-1->1->0 [16] 0/-1/-1->1->-1 [17] -1/-1/-1->1->0 [18] 0/-1/-1->1->-1 [19] -1/-1/-1->1->0 [20] 0/-1/-1->1->-1 [21] -1/-1/-1->1->0 [22] 0/-1/-1->1->-1 [23] -1/-1/-1->1->0 [24] 0/-1/-1->1->-1 [25] -1/-1/-1->1->0 [26] 0/-1/-1->1->-1 [27] -1/-1/-1->1->0 [28] 0/-1/-1->1->-1 [29] -1/-1/-1->1->0 [30] 0/-1/-1->1->-1 [31] -1/-1/-1->1->0 comm 0x6e085d30 nRanks 02 busId 7000
mi325x-01:231:3454 [0] NCCL INFO Channel 00/32 :    0   1
mi325x-01:232:3471 [1] NCCL INFO P2P Chunksize set to 524288
mi325x-01:231:3454 [0] NCCL INFO Channel 01/32 :    0   1
mi325x-01:231:3454 [0] NCCL INFO Channel 02/32 :    0   1
mi325x-01:231:3454 [0] NCCL INFO Channel 03/32 :    0   1
mi325x-01:231:3454 [0] NCCL INFO Channel 04/32 :    0   1
mi325x-01:231:3454 [0] NCCL INFO Channel 05/32 :    0   1
mi325x-01:231:3454 [0] NCCL INFO Channel 06/32 :    0   1
mi325x-01:231:3454 [0] NCCL INFO Channel 07/32 :    0   1
mi325x-01:231:3454 [0] NCCL INFO Channel 08/32 :    0   1
mi325x-01:231:3454 [0] NCCL INFO Channel 09/32 :    0   1
mi325x-01:231:3454 [0] NCCL INFO Channel 10/32 :    0   1
mi325x-01:231:3454 [0] NCCL INFO Channel 11/32 :    0   1
mi325x-01:231:3454 [0] NCCL INFO Channel 12/32 :    0   1
mi325x-01:231:3454 [0] NCCL INFO Channel 13/32 :    0   1
mi325x-01:231:3454 [0] NCCL INFO Channel 14/32 :    0   1
mi325x-01:231:3454 [0] NCCL INFO Channel 15/32 :    0   1
mi325x-01:231:3454 [0] NCCL INFO Channel 16/32 :    0   1
mi325x-01:231:3454 [0] NCCL INFO Channel 17/32 :    0   1
mi325x-01:231:3454 [0] NCCL INFO Channel 18/32 :    0   1
mi325x-01:231:3454 [0] NCCL INFO Channel 19/32 :    0   1
mi325x-01:231:3454 [0] NCCL INFO Channel 20/32 :    0   1
mi325x-01:231:3454 [0] NCCL INFO Channel 21/32 :    0   1
mi325x-01:231:3454 [0] NCCL INFO Channel 22/32 :    0   1
mi325x-01:231:3454 [0] NCCL INFO Channel 23/32 :    0   1
mi325x-01:231:3454 [0] NCCL INFO Channel 24/32 :    0   1
mi325x-01:231:3454 [0] NCCL INFO Channel 25/32 :    0   1
mi325x-01:231:3454 [0] NCCL INFO Channel 26/32 :    0   1
mi325x-01:231:3454 [0] NCCL INFO Channel 27/32 :    0   1
mi325x-01:231:3454 [0] NCCL INFO Channel 28/32 :    0   1
mi325x-01:231:3454 [0] NCCL INFO Channel 29/32 :    0   1
mi325x-01:231:3454 [0] NCCL INFO Channel 30/32 :    0   1
mi325x-01:231:3454 [0] NCCL INFO Channel 31/32 :    0   1
mi325x-01:231:3454 [0] NCCL INFO Trees [0] -1/-1/-1->0->1 [1] 1/-1/-1->0->-1 [2] -1/-1/-1->0->1 [3] 1/-1/-1->0->-1 [4] -1/-1/-1->0->1 [5] 1/-1/-1->0->-1 [6] -1/-1/-1->0->1 [7] 1/-1/-1->0->-1 [8] -1/-1/-1->0->1 [9] 1/-1/-1->0->-1 [10] -1/-1/-1->0->1 [11] 1/-1/-1->0->-1 [12] -1/-1/-1->0->1 [13] 1/-1/-1->0->-1 [14] -1/-1/-1->0->1 [15] 1/-1/-1->0->-1 [16] -1/-1/-1->0->1 [17] 1/-1/-1->0->-1 [18] -1/-1/-1->0->1 [19] 1/-1/-1->0->-1 [20] -1/-1/-1->0->1 [21] 1/-1/-1->0->-1 [22] -1/-1/-1->0->1 [23] 1/-1/-1->0->-1 [24] -1/-1/-1->0->1 [25] 1/-1/-1->0->-1 [26] -1/-1/-1->0->1 [27] 1/-1/-1->0->-1 [28] -1/-1/-1->0->1 [29] 1/-1/-1->0->-1 [30] -1/-1/-1->0->1 [31] 1/-1/-1->0->-1 comm 0x6e18c4a0 nRanks 02 busId 77000
mi325x-01:231:3454 [0] NCCL INFO P2P Chunksize set to 524288
mi325x-01:233:3466 [2] NCCL INFO Channel 12/0 : 0[67000] -> 1[17000] via P2P/IPC comm 0x6e043a60 nRanks 02
mi325x-01:234:3467 [3] NCCL INFO Channel 12/0 : 1[17000] -> 0[67000] via P2P/IPC comm 0x6e18ca20 nRanks 02
mi325x-01:233:3466 [2] NCCL INFO Channel 13/0 : 0[67000] -> 1[17000] via P2P/IPC comm 0x6e043a60 nRanks 02
mi325x-01:234:3467 [3] NCCL INFO Channel 13/0 : 1[17000] -> 0[67000] via P2P/IPC comm 0x6e18ca20 nRanks 02
mi325x-01:233:3466 [2] NCCL INFO Channel 14/0 : 0[67000] -> 1[17000] via P2P/IPC comm 0x6e043a60 nRanks 02
mi325x-01:234:3467 [3] NCCL INFO Channel 14/0 : 1[17000] -> 0[67000] via P2P/IPC comm 0x6e18ca20 nRanks 02
mi325x-01:233:3466 [2] NCCL INFO Channel 15/0 : 0[67000] -> 1[17000] via P2P/IPC comm 0x6e043a60 nRanks 02
mi325x-01:234:3467 [3] NCCL INFO Channel 15/0 : 1[17000] -> 0[67000] via P2P/IPC comm 0x6e18ca20 nRanks 02
mi325x-01:233:3466 [2] NCCL INFO Channel 16/0 : 0[67000] -> 1[17000] via P2P/IPC comm 0x6e043a60 nRanks 02
mi325x-01:234:3467 [3] NCCL INFO Channel 16/0 : 1[17000] -> 0[67000] via P2P/IPC comm 0x6e18ca20 nRanks 02
mi325x-01:233:3466 [2] NCCL INFO Channel 17/0 : 0[67000] -> 1[17000] via P2P/IPC comm 0x6e043a60 nRanks 02
mi325x-01:234:3467 [3] NCCL INFO Channel 17/0 : 1[17000] -> 0[67000] via P2P/IPC comm 0x6e18ca20 nRanks 02
mi325x-01:233:3466 [2] NCCL INFO Channel 18/0 : 0[67000] -> 1[17000] via P2P/IPC comm 0x6e043a60 nRanks 02
mi325x-01:234:3467 [3] NCCL INFO Channel 18/0 : 1[17000] -> 0[67000] via P2P/IPC comm 0x6e18ca20 nRanks 02
mi325x-01:233:3466 [2] NCCL INFO Channel 19/0 : 0[67000] -> 1[17000] via P2P/IPC comm 0x6e043a60 nRanks 02
mi325x-01:234:3467 [3] NCCL INFO Channel 19/0 : 1[17000] -> 0[67000] via P2P/IPC comm 0x6e18ca20 nRanks 02
mi325x-01:233:3466 [2] NCCL INFO Channel 20/0 : 0[67000] -> 1[17000] via P2P/IPC comm 0x6e043a60 nRanks 02
mi325x-01:234:3467 [3] NCCL INFO Channel 20/0 : 1[17000] -> 0[67000] via P2P/IPC comm 0x6e18ca20 nRanks 02
mi325x-01:233:3466 [2] NCCL INFO Channel 21/0 : 0[67000] -> 1[17000] via P2P/IPC comm 0x6e043a60 nRanks 02
mi325x-01:234:3467 [3] NCCL INFO Channel 21/0 : 1[17000] -> 0[67000] via P2P/IPC comm 0x6e18ca20 nRanks 02
mi325x-01:233:3466 [2] NCCL INFO Channel 22/0 : 0[67000] -> 1[17000] via P2P/IPC comm 0x6e043a60 nRanks 02
mi325x-01:234:3467 [3] NCCL INFO Channel 22/0 : 1[17000] -> 0[67000] via P2P/IPC comm 0x6e18ca20 nRanks 02
mi325x-01:234:3467 [3] NCCL INFO Channel 23/0 : 1[17000] -> 0[67000] via P2P/IPC comm 0x6e18ca20 nRanks 02
mi325x-01:233:3466 [2] NCCL INFO Channel 23/0 : 0[67000] -> 1[17000] via P2P/IPC comm 0x6e043a60 nRanks 02
mi325x-01:234:3467 [3] NCCL INFO Channel 24/0 : 1[17000] -> 0[67000] via P2P/IPC comm 0x6e18ca20 nRanks 02
mi325x-01:233:3466 [2] NCCL INFO Channel 24/0 : 0[67000] -> 1[17000] via P2P/IPC comm 0x6e043a60 nRanks 02
mi325x-01:234:3467 [3] NCCL INFO Channel 25/0 : 1[17000] -> 0[67000] via P2P/IPC comm 0x6e18ca20 nRanks 02
mi325x-01:233:3466 [2] NCCL INFO Channel 25/0 : 0[67000] -> 1[17000] via P2P/IPC comm 0x6e043a60 nRanks 02
mi325x-01:234:3467 [3] NCCL INFO Channel 26/0 : 1[17000] -> 0[67000] via P2P/IPC comm 0x6e18ca20 nRanks 02
mi325x-01:233:3466 [2] NCCL INFO Channel 26/0 : 0[67000] -> 1[17000] via P2P/IPC comm 0x6e043a60 nRanks 02
mi325x-01:233:3466 [2] NCCL INFO Channel 27/0 : 0[67000] -> 1[17000] via P2P/IPC comm 0x6e043a60 nRanks 02
mi325x-01:234:3467 [3] NCCL INFO Channel 27/0 : 1[17000] -> 0[67000] via P2P/IPC comm 0x6e18ca20 nRanks 02
mi325x-01:235:3480 [4] NCCL INFO Setting affinity for GPU 7 to ffffffff,ffffffff,ffffffff,00000000,00000000,00000000
mi325x-01:236:3481 [5] NCCL INFO Setting affinity for GPU 4 to ffffffff,ffffffff,ffffffff,00000000,00000000,00000000
mi325x-01:236:3481 [5] NCCL INFO comm 0x6e18f5c0 rank 1 nRanks 2 nNodes 1 localRanks 2 localRank 1 MNNVL 0
mi325x-01:235:3480 [4] NCCL INFO comm 0x6e06b260 rank 0 nRanks 2 nNodes 1 localRanks 2 localRank 0 MNNVL 0
mi325x-01:235:3480 [4] NCCL INFO Channel 00/32 :    0   1
mi325x-01:235:3480 [4] NCCL INFO Channel 01/32 :    0   1
mi325x-01:236:3481 [5] NCCL INFO Trees [0] 0/-1/-1->1->-1 [1] -1/-1/-1->1->0 [2] 0/-1/-1->1->-1 [3] -1/-1/-1->1->0 [4] 0/-1/-1->1->-1 [5] -1/-1/-1->1->0 [6] 0/-1/-1->1->-1 [7] -1/-1/-1->1->0 [8] 0/-1/-1->1->-1 [9] -1/-1/-1->1->0 [10] 0/-1/-1->1->-1 [11] -1/-1/-1->1->0 [12] 0/-1/-1->1->-1 [13] -1/-1/-1->1->0 [14] 0/-1/-1->1->-1 [15] -1/-1/-1->1->0 [16] 0/-1/-1->1->-1 [17] -1/-1/-1->1->0 [18] 0/-1/-1->1->-1 [19] -1/-1/-1->1->0 [20] 0/-1/-1->1->-1 [21] -1/-1/-1->1->0 [22] 0/-1/-1->1->-1 [23] -1/-1/-1->1->0 [24] 0/-1/-1->1->-1 [25] -1/-1/-1->1->0 [26] 0/-1/-1->1->-1 [27] -1/-1/-1->1->0 [28] 0/-1/-1->1->-1 [29] -1/-1/-1->1->0 [30] 0/-1/-1->1->-1 [31] -1/-1/-1->1->0 comm 0x6e18f5c0 nRanks 02 busId 87000
mi325x-01:235:3480 [4] NCCL INFO Channel 02/32 :    0   1
mi325x-01:235:3480 [4] NCCL INFO Channel 03/32 :    0   1
mi325x-01:235:3480 [4] NCCL INFO Channel 04/32 :    0   1
mi325x-01:235:3480 [4] NCCL INFO Channel 05/32 :    0   1
mi325x-01:236:3481 [5] NCCL INFO P2P Chunksize set to 524288
mi325x-01:235:3480 [4] NCCL INFO Channel 06/32 :    0   1
mi325x-01:235:3480 [4] NCCL INFO Channel 07/32 :    0   1
mi325x-01:235:3480 [4] NCCL INFO Channel 08/32 :    0   1
mi325x-01:235:3480 [4] NCCL INFO Channel 09/32 :    0   1
mi325x-01:235:3480 [4] NCCL INFO Channel 10/32 :    0   1
mi325x-01:235:3480 [4] NCCL INFO Channel 11/32 :    0   1
mi325x-01:235:3480 [4] NCCL INFO Channel 12/32 :    0   1
mi325x-01:235:3480 [4] NCCL INFO Channel 13/32 :    0   1
mi325x-01:235:3480 [4] NCCL INFO Channel 14/32 :    0   1
mi325x-01:235:3480 [4] NCCL INFO Channel 15/32 :    0   1
mi325x-01:235:3480 [4] NCCL INFO Channel 16/32 :    0   1
mi325x-01:235:3480 [4] NCCL INFO Channel 17/32 :    0   1
mi325x-01:235:3480 [4] NCCL INFO Channel 18/32 :    0   1
mi325x-01:235:3480 [4] NCCL INFO Channel 19/32 :    0   1
mi325x-01:235:3480 [4] NCCL INFO Channel 20/32 :    0   1
mi325x-01:235:3480 [4] NCCL INFO Channel 21/32 :    0   1
mi325x-01:235:3480 [4] NCCL INFO Channel 22/32 :    0   1
mi325x-01:235:3480 [4] NCCL INFO Channel 23/32 :    0   1
mi325x-01:235:3480 [4] NCCL INFO Channel 24/32 :    0   1
mi325x-01:235:3480 [4] NCCL INFO Channel 25/32 :    0   1
mi325x-01:235:3480 [4] NCCL INFO Channel 26/32 :    0   1
mi325x-01:235:3480 [4] NCCL INFO Channel 27/32 :    0   1
mi325x-01:235:3480 [4] NCCL INFO Channel 28/32 :    0   1
mi325x-01:235:3480 [4] NCCL INFO Channel 29/32 :    0   1
mi325x-01:235:3480 [4] NCCL INFO Channel 30/32 :    0   1
mi325x-01:235:3480 [4] NCCL INFO Channel 31/32 :    0   1
mi325x-01:235:3480 [4] NCCL INFO Trees [0] -1/-1/-1->0->1 [1] 1/-1/-1->0->-1 [2] -1/-1/-1->0->1 [3] 1/-1/-1->0->-1 [4] -1/-1/-1->0->1 [5] 1/-1/-1->0->-1 [6] -1/-1/-1->0->1 [7] 1/-1/-1->0->-1 [8] -1/-1/-1->0->1 [9] 1/-1/-1->0->-1 [10] -1/-1/-1->0->1 [11] 1/-1/-1->0->-1 [12] -1/-1/-1->0->1 [13] 1/-1/-1->0->-1 [14] -1/-1/-1->0->1 [15] 1/-1/-1->0->-1 [16] -1/-1/-1->0->1 [17] 1/-1/-1->0->-1 [18] -1/-1/-1->0->1 [19] 1/-1/-1->0->-1 [20] -1/-1/-1->0->1 [21] 1/-1/-1->0->-1 [22] -1/-1/-1->0->1 [23] 1/-1/-1->0->-1 [24] -1/-1/-1->0->1 [25] 1/-1/-1->0->-1 [26] -1/-1/-1->0->1 [27] 1/-1/-1->0->-1 [28] -1/-1/-1->0->1 [29] 1/-1/-1->0->-1 [30] -1/-1/-1->0->1 [31] 1/-1/-1->0->-1 comm 0x6e06b260 nRanks 02 busId f7000
mi325x-01:235:3480 [4] NCCL INFO P2P Chunksize set to 524288
mi325x-01:233:3466 [2] NCCL INFO Channel 28/0 : 0[67000] -> 1[17000] via P2P/IPC comm 0x6e043a60 nRanks 02
mi325x-01:234:3467 [3] NCCL INFO Channel 28/0 : 1[17000] -> 0[67000] via P2P/IPC comm 0x6e18ca20 nRanks 02
mi325x-01:233:3466 [2] NCCL INFO Channel 29/0 : 0[67000] -> 1[17000] via P2P/IPC comm 0x6e043a60 nRanks 02
mi325x-01:234:3467 [3] NCCL INFO Channel 29/0 : 1[17000] -> 0[67000] via P2P/IPC comm 0x6e18ca20 nRanks 02
mi325x-01:233:3466 [2] NCCL INFO Channel 30/0 : 0[67000] -> 1[17000] via P2P/IPC comm 0x6e043a60 nRanks 02
mi325x-01:234:3467 [3] NCCL INFO Channel 30/0 : 1[17000] -> 0[67000] via P2P/IPC comm 0x6e18ca20 nRanks 02
mi325x-01:233:3466 [2] NCCL INFO Channel 31/0 : 0[67000] -> 1[17000] via P2P/IPC comm 0x6e043a60 nRanks 02
mi325x-01:234:3467 [3] NCCL INFO Channel 31/0 : 1[17000] -> 0[67000] via P2P/IPC comm 0x6e18ca20 nRanks 02
mi325x-01:233:3466 [2] NCCL INFO Connected all rings
mi325x-01:234:3467 [3] NCCL INFO Connected all rings
mi325x-01:233:3466 [2] NCCL INFO Connected all trees
mi325x-01:234:3467 [3] NCCL INFO Connected all trees
mi325x-01:233:3466 [2] NCCL INFO threadThresholds 8/8/64 | 16/8/64 | 256 | 256
mi325x-01:233:3466 [2] NCCL INFO 32 coll channels, 32 collnet channels, 0 nvls channels, 32 p2p channels, 8 p2p channels per peer
mi325x-01:233:3466 [2] NCCL INFO CC Off, Multi-GPU CC Off, workFifoBytes 1048576
mi325x-01:234:3467 [3] NCCL INFO threadThresholds 8/8/64 | 16/8/64 | 256 | 256
mi325x-01:234:3467 [3] NCCL INFO 32 coll channels, 32 collnet channels, 0 nvls channels, 32 p2p channels, 8 p2p channels per peer

mi325x-01:233:3466 [2] /longer_pathname_so_that_rpms_can_support_packaging_the_debug_info_for_all_os_profiles/src/out/ubuntu-22.04/22.04/build/rccl/hipify/src/init.cc:1954 NCCL WARN MSCCL++: Cannot enable MSCCL++; environment is not MSCCL compatible

mi325x-01:234:3467 [3] /longer_pathname_so_that_rpms_can_support_packaging_the_debug_info_for_all_os_profiles/src/out/ubuntu-22.04/22.04/build/rccl/hipify/src/init.cc:1954 NCCL WARN MSCCL++: Cannot enable MSCCL++; environment is not MSCCL compatible
mi325x-01:234:3467 [3] NCCL INFO ncclCommInitRank comm 0x6e18ca20 rank 1 nranks 2 cudaDev 3 nvmlDev 1 busId 17000 commId 0xe639e74e7753eeae localSize 384 used 2166457505 bytes on core 0 - Init COMPLETE
mi325x-01:233:3466 [2] NCCL INFO ncclCommInitRank comm 0x6e043a60 rank 0 nranks 2 cudaDev 2 nvmlDev 2 busId 67000 commId 0xe639e74e7753eeae localSize 384 used 2202961056 bytes on core 1 - Init COMPLETE
mi325x-01:233:3466 [2] NCCL INFO Init timings: rank 0 nranks 2 total 0.15 (kernels 0.00, bootstrap 0.01, allgathers 0.00, topo 0.04, graphs 0.00, connections 0.10, rest 0.00)
mi325x-01:234:3467 [3] NCCL INFO Init timings: rank 1 nranks 2 total 0.15 (kernels 0.00, bootstrap 0.01, allgathers 0.00, topo 0.04, graphs 0.00, connections 0.10, rest 0.00)
mi325x-01:234:3507 [3] NCCL INFO Channel 08/1 : 1[17000] -> 0[67000] via P2P/IPC comm 0x6e18ca20 nRanks 02
mi325x-01:233:3506 [2] NCCL INFO Channel 08/1 : 0[67000] -> 1[17000] via P2P/IPC comm 0x6e043a60 nRanks 02
mi325x-01:231:3454 [0] NCCL INFO Channel 00/0 : 0[77000] -> 1[7000] via P2P/IPC comm 0x6e18c4a0 nRanks 02
mi325x-01:232:3471 [1] NCCL INFO Channel 00/0 : 1[7000] -> 0[77000] via P2P/IPC comm 0x6e085d30 nRanks 02
mi325x-01:234:3507 [3] NCCL INFO Channel 09/1 : 1[17000] -> 0[67000] via P2P/IPC comm 0x6e18ca20 nRanks 02
mi325x-01:233:3506 [2] NCCL INFO Channel 09/1 : 0[67000] -> 1[17000] via P2P/IPC comm 0x6e043a60 nRanks 02
mi325x-01:231:3454 [0] NCCL INFO Channel 01/0 : 0[77000] -> 1[7000] via P2P/IPC comm 0x6e18c4a0 nRanks 02
mi325x-01:232:3471 [1] NCCL INFO Channel 01/0 : 1[7000] -> 0[77000] via P2P/IPC comm 0x6e085d30 nRanks 02
mi325x-01:234:3507 [3] NCCL INFO Channel 10/1 : 1[17000] -> 0[67000] via P2P/IPC comm 0x6e18ca20 nRanks 02
mi325x-01:233:3506 [2] NCCL INFO Channel 10/1 : 0[67000] -> 1[17000] via P2P/IPC comm 0x6e043a60 nRanks 02
mi325x-01:231:3454 [0] NCCL INFO Channel 02/0 : 0[77000] -> 1[7000] via P2P/IPC comm 0x6e18c4a0 nRanks 02
mi325x-01:232:3471 [1] NCCL INFO Channel 02/0 : 1[7000] -> 0[77000] via P2P/IPC comm 0x6e085d30 nRanks 02
mi325x-01:234:3507 [3] NCCL INFO Channel 11/1 : 1[17000] -> 0[67000] via P2P/IPC comm 0x6e18ca20 nRanks 02
mi325x-01:233:3506 [2] NCCL INFO Channel 11/1 : 0[67000] -> 1[17000] via P2P/IPC comm 0x6e043a60 nRanks 02
mi325x-01:231:3454 [0] NCCL INFO Channel 03/0 : 0[77000] -> 1[7000] via P2P/IPC comm 0x6e18c4a0 nRanks 02
mi325x-01:232:3471 [1] NCCL INFO Channel 03/0 : 1[7000] -> 0[77000] via P2P/IPC comm 0x6e085d30 nRanks 02
mi325x-01:234:3507 [3] NCCL INFO Channel 12/1 : 1[17000] -> 0[67000] via P2P/IPC comm 0x6e18ca20 nRanks 02
mi325x-01:233:3506 [2] NCCL INFO Channel 12/1 : 0[67000] -> 1[17000] via P2P/IPC comm 0x6e043a60 nRanks 02
mi325x-01:231:3454 [0] NCCL INFO Channel 04/0 : 0[77000] -> 1[7000] via P2P/IPC comm 0x6e18c4a0 nRanks 02
mi325x-01:232:3471 [1] NCCL INFO Channel 04/0 : 1[7000] -> 0[77000] via P2P/IPC comm 0x6e085d30 nRanks 02
mi325x-01:234:3507 [3] NCCL INFO Channel 13/1 : 1[17000] -> 0[67000] via P2P/IPC comm 0x6e18ca20 nRanks 02
mi325x-01:233:3506 [2] NCCL INFO Channel 13/1 : 0[67000] -> 1[17000] via P2P/IPC comm 0x6e043a60 nRanks 02
mi325x-01:231:3454 [0] NCCL INFO Channel 05/0 : 0[77000] -> 1[7000] via P2P/IPC comm 0x6e18c4a0 nRanks 02
mi325x-01:232:3471 [1] NCCL INFO Channel 05/0 : 1[7000] -> 0[77000] via P2P/IPC comm 0x6e085d30 nRanks 02
mi325x-01:234:3507 [3] NCCL INFO Channel 14/1 : 1[17000] -> 0[67000] via P2P/IPC comm 0x6e18ca20 nRanks 02
mi325x-01:233:3506 [2] NCCL INFO Channel 14/1 : 0[67000] -> 1[17000] via P2P/IPC comm 0x6e043a60 nRanks 02
mi325x-01:231:3454 [0] NCCL INFO Channel 06/0 : 0[77000] -> 1[7000] via P2P/IPC comm 0x6e18c4a0 nRanks 02
mi325x-01:232:3471 [1] NCCL INFO Channel 06/0 : 1[7000] -> 0[77000] via P2P/IPC comm 0x6e085d30 nRanks 02
mi325x-01:234:3507 [3] NCCL INFO Channel 15/1 : 1[17000] -> 0[67000] via P2P/IPC comm 0x6e18ca20 nRanks 02
mi325x-01:233:3506 [2] NCCL INFO Channel 15/1 : 0[67000] -> 1[17000] via P2P/IPC comm 0x6e043a60 nRanks 02
mi325x-01:231:3454 [0] NCCL INFO Channel 07/0 : 0[77000] -> 1[7000] via P2P/IPC comm 0x6e18c4a0 nRanks 02
mi325x-01:232:3471 [1] NCCL INFO Channel 07/0 : 1[7000] -> 0[77000] via P2P/IPC comm 0x6e085d30 nRanks 02
mi325x-01:231:3454 [0] NCCL INFO Channel 08/0 : 0[77000] -> 1[7000] via P2P/IPC comm 0x6e18c4a0 nRanks 02
mi325x-01:232:3471 [1] NCCL INFO Channel 08/0 : 1[7000] -> 0[77000] via P2P/IPC comm 0x6e085d30 nRanks 02
mi325x-01:231:3454 [0] NCCL INFO Channel 09/0 : 0[77000] -> 1[7000] via P2P/IPC comm 0x6e18c4a0 nRanks 02
mi325x-01:232:3471 [1] NCCL INFO Channel 09/0 : 1[7000] -> 0[77000] via P2P/IPC comm 0x6e085d30 nRanks 02
mi325x-01:231:3454 [0] NCCL INFO Channel 10/0 : 0[77000] -> 1[7000] via P2P/IPC comm 0x6e18c4a0 nRanks 02
mi325x-01:232:3471 [1] NCCL INFO Channel 10/0 : 1[7000] -> 0[77000] via P2P/IPC comm 0x6e085d30 nRanks 02
mi325x-01:231:3454 [0] NCCL INFO Channel 11/0 : 0[77000] -> 1[7000] via P2P/IPC comm 0x6e18c4a0 nRanks 02
mi325x-01:232:3471 [1] NCCL INFO Channel 11/0 : 1[7000] -> 0[77000] via P2P/IPC comm 0x6e085d30 nRanks 02
mi325x-01:231:3454 [0] NCCL INFO Channel 12/0 : 0[77000] -> 1[7000] via P2P/IPC comm 0x6e18c4a0 nRanks 02
mi325x-01:232:3471 [1] NCCL INFO Channel 12/0 : 1[7000] -> 0[77000] via P2P/IPC comm 0x6e085d30 nRanks 02
mi325x-01:231:3454 [0] NCCL INFO Channel 13/0 : 0[77000] -> 1[7000] via P2P/IPC comm 0x6e18c4a0 nRanks 02
mi325x-01:232:3471 [1] NCCL INFO Channel 13/0 : 1[7000] -> 0[77000] via P2P/IPC comm 0x6e085d30 nRanks 02
mi325x-01:231:3454 [0] NCCL INFO Channel 14/0 : 0[77000] -> 1[7000] via P2P/IPC comm 0x6e18c4a0 nRanks 02
mi325x-01:232:3471 [1] NCCL INFO Channel 14/0 : 1[7000] -> 0[77000] via P2P/IPC comm 0x6e085d30 nRanks 02
mi325x-01:231:3454 [0] NCCL INFO Channel 15/0 : 0[77000] -> 1[7000] via P2P/IPC comm 0x6e18c4a0 nRanks 02
mi325x-01:232:3471 [1] NCCL INFO Channel 15/0 : 1[7000] -> 0[77000] via P2P/IPC comm 0x6e085d30 nRanks 02
mi325x-01:231:3454 [0] NCCL INFO Channel 16/0 : 0[77000] -> 1[7000] via P2P/IPC comm 0x6e18c4a0 nRanks 02
mi325x-01:232:3471 [1] NCCL INFO Channel 16/0 : 1[7000] -> 0[77000] via P2P/IPC comm 0x6e085d30 nRanks 02
mi325x-01:235:3480 [4] NCCL INFO Channel 00/0 : 0[f7000] -> 1[87000] via P2P/IPC comm 0x6e06b260 nRanks 02
mi325x-01:232:3471 [1] NCCL INFO Channel 17/0 : 1[7000] -> 0[77000] via P2P/IPC comm 0x6e085d30 nRanks 02
mi325x-01:236:3481 [5] NCCL INFO Channel 00/0 : 1[87000] -> 0[f7000] via P2P/IPC comm 0x6e18f5c0 nRanks 02
mi325x-01:231:3454 [0] NCCL INFO Channel 17/0 : 0[77000] -> 1[7000] via P2P/IPC comm 0x6e18c4a0 nRanks 02
mi325x-01:235:3480 [4] NCCL INFO Channel 01/0 : 0[f7000] -> 1[87000] via P2P/IPC comm 0x6e06b260 nRanks 02
mi325x-01:232:3471 [1] NCCL INFO Channel 18/0 : 1[7000] -> 0[77000] via P2P/IPC comm 0x6e085d30 nRanks 02
mi325x-01:236:3481 [5] NCCL INFO Channel 01/0 : 1[87000] -> 0[f7000] via P2P/IPC comm 0x6e18f5c0 nRanks 02
mi325x-01:235:3480 [4] NCCL INFO Channel 02/0 : 0[f7000] -> 1[87000] via P2P/IPC comm 0x6e06b260 nRanks 02
mi325x-01:231:3454 [0] NCCL INFO Channel 18/0 : 0[77000] -> 1[7000] via P2P/IPC comm 0x6e18c4a0 nRanks 02
mi325x-01:232:3471 [1] NCCL INFO Channel 19/0 : 1[7000] -> 0[77000] via P2P/IPC comm 0x6e085d30 nRanks 02
mi325x-01:236:3481 [5] NCCL INFO Channel 02/0 : 1[87000] -> 0[f7000] via P2P/IPC comm 0x6e18f5c0 nRanks 02
mi325x-01:235:3480 [4] NCCL INFO Channel 03/0 : 0[f7000] -> 1[87000] via P2P/IPC comm 0x6e06b260 nRanks 02
mi325x-01:231:3454 [0] NCCL INFO Channel 19/0 : 0[77000] -> 1[7000] via P2P/IPC comm 0x6e18c4a0 nRanks 02
mi325x-01:232:3471 [1] NCCL INFO Channel 20/0 : 1[7000] -> 0[77000] via P2P/IPC comm 0x6e085d30 nRanks 02
mi325x-01:236:3481 [5] NCCL INFO Channel 03/0 : 1[87000] -> 0[f7000] via P2P/IPC comm 0x6e18f5c0 nRanks 02
mi325x-01:235:3480 [4] NCCL INFO Channel 04/0 : 0[f7000] -> 1[87000] via P2P/IPC comm 0x6e06b260 nRanks 02
mi325x-01:231:3454 [0] NCCL INFO Channel 20/0 : 0[77000] -> 1[7000] via P2P/IPC comm 0x6e18c4a0 nRanks 02
mi325x-01:232:3471 [1] NCCL INFO Channel 21/0 : 1[7000] -> 0[77000] via P2P/IPC comm 0x6e085d30 nRanks 02
mi325x-01:236:3481 [5] NCCL INFO Channel 04/0 : 1[87000] -> 0[f7000] via P2P/IPC comm 0x6e18f5c0 nRanks 02
mi325x-01:235:3480 [4] NCCL INFO Channel 05/0 : 0[f7000] -> 1[87000] via P2P/IPC comm 0x6e06b260 nRanks 02
mi325x-01:231:3454 [0] NCCL INFO Channel 21/0 : 0[77000] -> 1[7000] via P2P/IPC comm 0x6e18c4a0 nRanks 02
mi325x-01:232:3471 [1] NCCL INFO Channel 22/0 : 1[7000] -> 0[77000] via P2P/IPC comm 0x6e085d30 nRanks 02
mi325x-01:236:3481 [5] NCCL INFO Channel 05/0 : 1[87000] -> 0[f7000] via P2P/IPC comm 0x6e18f5c0 nRanks 02
mi325x-01:235:3480 [4] NCCL INFO Channel 06/0 : 0[f7000] -> 1[87000] via P2P/IPC comm 0x6e06b260 nRanks 02
mi325x-01:231:3454 [0] NCCL INFO Channel 22/0 : 0[77000] -> 1[7000] via P2P/IPC comm 0x6e18c4a0 nRanks 02
mi325x-01:232:3471 [1] NCCL INFO Channel 23/0 : 1[7000] -> 0[77000] via P2P/IPC comm 0x6e085d30 nRanks 02
mi325x-01:236:3481 [5] NCCL INFO Channel 06/0 : 1[87000] -> 0[f7000] via P2P/IPC comm 0x6e18f5c0 nRanks 02
mi325x-01:235:3480 [4] NCCL INFO Channel 07/0 : 0[f7000] -> 1[87000] via P2P/IPC comm 0x6e06b260 nRanks 02
mi325x-01:231:3454 [0] NCCL INFO Channel 23/0 : 0[77000] -> 1[7000] via P2P/IPC comm 0x6e18c4a0 nRanks 02
mi325x-01:232:3471 [1] NCCL INFO Channel 24/0 : 1[7000] -> 0[77000] via P2P/IPC comm 0x6e085d30 nRanks 02
mi325x-01:236:3481 [5] NCCL INFO Channel 07/0 : 1[87000] -> 0[f7000] via P2P/IPC comm 0x6e18f5c0 nRanks 02
mi325x-01:235:3480 [4] NCCL INFO Channel 08/0 : 0[f7000] -> 1[87000] via P2P/IPC comm 0x6e06b260 nRanks 02
mi325x-01:231:3454 [0] NCCL INFO Channel 24/0 : 0[77000] -> 1[7000] via P2P/IPC comm 0x6e18c4a0 nRanks 02
mi325x-01:232:3471 [1] NCCL INFO Channel 25/0 : 1[7000] -> 0[77000] via P2P/IPC comm 0x6e085d30 nRanks 02
mi325x-01:236:3481 [5] NCCL INFO Channel 08/0 : 1[87000] -> 0[f7000] via P2P/IPC comm 0x6e18f5c0 nRanks 02
mi325x-01:235:3480 [4] NCCL INFO Channel 09/0 : 0[f7000] -> 1[87000] via P2P/IPC comm 0x6e06b260 nRanks 02
mi325x-01:231:3454 [0] NCCL INFO Channel 25/0 : 0[77000] -> 1[7000] via P2P/IPC comm 0x6e18c4a0 nRanks 02
mi325x-01:232:3471 [1] NCCL INFO Channel 26/0 : 1[7000] -> 0[77000] via P2P/IPC comm 0x6e085d30 nRanks 02
mi325x-01:236:3481 [5] NCCL INFO Channel 09/0 : 1[87000] -> 0[f7000] via P2P/IPC comm 0x6e18f5c0 nRanks 02
mi325x-01:235:3480 [4] NCCL INFO Channel 10/0 : 0[f7000] -> 1[87000] via P2P/IPC comm 0x6e06b260 nRanks 02
mi325x-01:231:3454 [0] NCCL INFO Channel 26/0 : 0[77000] -> 1[7000] via P2P/IPC comm 0x6e18c4a0 nRanks 02
mi325x-01:232:3471 [1] NCCL INFO Channel 27/0 : 1[7000] -> 0[77000] via P2P/IPC comm 0x6e085d30 nRanks 02
mi325x-01:236:3481 [5] NCCL INFO Channel 10/0 : 1[87000] -> 0[f7000] via P2P/IPC comm 0x6e18f5c0 nRanks 02
mi325x-01:235:3480 [4] NCCL INFO Channel 11/0 : 0[f7000] -> 1[87000] via P2P/IPC comm 0x6e06b260 nRanks 02
mi325x-01:231:3454 [0] NCCL INFO Channel 27/0 : 0[77000] -> 1[7000] via P2P/IPC comm 0x6e18c4a0 nRanks 02
mi325x-01:232:3471 [1] NCCL INFO Channel 28/0 : 1[7000] -> 0[77000] via P2P/IPC comm 0x6e085d30 nRanks 02
mi325x-01:236:3481 [5] NCCL INFO Channel 11/0 : 1[87000] -> 0[f7000] via P2P/IPC comm 0x6e18f5c0 nRanks 02
mi325x-01:235:3480 [4] NCCL INFO Channel 12/0 : 0[f7000] -> 1[87000] via P2P/IPC comm 0x6e06b260 nRanks 02
mi325x-01:231:3454 [0] NCCL INFO Channel 28/0 : 0[77000] -> 1[7000] via P2P/IPC comm 0x6e18c4a0 nRanks 02
mi325x-01:232:3471 [1] NCCL INFO Channel 29/0 : 1[7000] -> 0[77000] via P2P/IPC comm 0x6e085d30 nRanks 02
mi325x-01:236:3481 [5] NCCL INFO Channel 12/0 : 1[87000] -> 0[f7000] via P2P/IPC comm 0x6e18f5c0 nRanks 02
mi325x-01:235:3480 [4] NCCL INFO Channel 13/0 : 0[f7000] -> 1[87000] via P2P/IPC comm 0x6e06b260 nRanks 02
mi325x-01:231:3454 [0] NCCL INFO Channel 29/0 : 0[77000] -> 1[7000] via P2P/IPC comm 0x6e18c4a0 nRanks 02
mi325x-01:232:3471 [1] NCCL INFO Channel 30/0 : 1[7000] -> 0[77000] via P2P/IPC comm 0x6e085d30 nRanks 02
mi325x-01:236:3481 [5] NCCL INFO Channel 13/0 : 1[87000] -> 0[f7000] via P2P/IPC comm 0x6e18f5c0 nRanks 02
mi325x-01:235:3480 [4] NCCL INFO Channel 14/0 : 0[f7000] -> 1[87000] via P2P/IPC comm 0x6e06b260 nRanks 02
mi325x-01:231:3454 [0] NCCL INFO Channel 30/0 : 0[77000] -> 1[7000] via P2P/IPC comm 0x6e18c4a0 nRanks 02
mi325x-01:232:3471 [1] NCCL INFO Channel 31/0 : 1[7000] -> 0[77000] via P2P/IPC comm 0x6e085d30 nRanks 02
mi325x-01:236:3481 [5] NCCL INFO Channel 14/0 : 1[87000] -> 0[f7000] via P2P/IPC comm 0x6e18f5c0 nRanks 02
mi325x-01:235:3480 [4] NCCL INFO Channel 15/0 : 0[f7000] -> 1[87000] via P2P/IPC comm 0x6e06b260 nRanks 02
mi325x-01:231:3454 [0] NCCL INFO Channel 31/0 : 0[77000] -> 1[7000] via P2P/IPC comm 0x6e18c4a0 nRanks 02
mi325x-01:236:3481 [5] NCCL INFO Channel 15/0 : 1[87000] -> 0[f7000] via P2P/IPC comm 0x6e18f5c0 nRanks 02
mi325x-01:235:3480 [4] NCCL INFO Channel 16/0 : 0[f7000] -> 1[87000] via P2P/IPC comm 0x6e06b260 nRanks 02
mi325x-01:236:3481 [5] NCCL INFO Channel 16/0 : 1[87000] -> 0[f7000] via P2P/IPC comm 0x6e18f5c0 nRanks 02
mi325x-01:235:3480 [4] NCCL INFO Channel 17/0 : 0[f7000] -> 1[87000] via P2P/IPC comm 0x6e06b260 nRanks 02
mi325x-01:232:3471 [1] NCCL INFO Connected all rings
mi325x-01:231:3454 [0] NCCL INFO Connected all rings
mi325x-01:232:3471 [1] NCCL INFO Connected all trees
mi325x-01:231:3454 [0] NCCL INFO Connected all trees
mi325x-01:236:3481 [5] NCCL INFO Channel 17/0 : 1[87000] -> 0[f7000] via P2P/IPC comm 0x6e18f5c0 nRanks 02
mi325x-01:235:3480 [4] NCCL INFO Channel 18/0 : 0[f7000] -> 1[87000] via P2P/IPC comm 0x6e06b260 nRanks 02
mi325x-01:236:3481 [5] NCCL INFO Channel 18/0 : 1[87000] -> 0[f7000] via P2P/IPC comm 0x6e18f5c0 nRanks 02
mi325x-01:235:3480 [4] NCCL INFO Channel 19/0 : 0[f7000] -> 1[87000] via P2P/IPC comm 0x6e06b260 nRanks 02
mi325x-01:232:3471 [1] NCCL INFO threadThresholds 8/8/64 | 16/8/64 | 256 | 256
mi325x-01:232:3471 [1] NCCL INFO 32 coll channels, 32 collnet channels, 0 nvls channels, 32 p2p channels, 8 p2p channels per peer
mi325x-01:231:3454 [0] NCCL INFO threadThresholds 8/8/64 | 16/8/64 | 256 | 256
mi325x-01:231:3454 [0] NCCL INFO 32 coll channels, 32 collnet channels, 0 nvls channels, 32 p2p channels, 8 p2p channels per peer
mi325x-01:231:3454 [0] NCCL INFO CC Off, Multi-GPU CC Off, workFifoBytes 1048576
mi325x-01:236:3481 [5] NCCL INFO Channel 19/0 : 1[87000] -> 0[f7000] via P2P/IPC comm 0x6e18f5c0 nRanks 02

mi325x-01:232:3471 [1] /longer_pathname_so_that_rpms_can_support_packaging_the_debug_info_for_all_os_profiles/src/out/ubuntu-22.04/22.04/build/rccl/hipify/src/init.cc:1954 NCCL WARN MSCCL++: Cannot enable MSCCL++; environment is not MSCCL compatible

mi325x-01:231:3454 [0] /longer_pathname_so_that_rpms_can_support_packaging_the_debug_info_for_all_os_profiles/src/out/ubuntu-22.04/22.04/build/rccl/hipify/src/init.cc:1954 NCCL WARN MSCCL++: Cannot enable MSCCL++; environment is not MSCCL compatible
mi325x-01:232:3471 [1] NCCL INFO ncclCommInitRank comm 0x6e085d30 rank 1 nranks 2 cudaDev 1 nvmlDev 0 busId 7000 commId 0x4026f192c6c4baba localSize 384 used 2185594017 bytes on core 91 - Init COMPLETE
mi325x-01:231:3454 [0] NCCL INFO ncclCommInitRank comm 0x6e18c4a0 rank 0 nranks 2 cudaDev 0 nvmlDev 3 busId 77000 commId 0x4026f192c6c4baba localSize 384 used 2185921696 bytes on core 64 - Init COMPLETE
mi325x-01:232:3471 [1] NCCL INFO Init timings: rank 1 nranks 2 total 0.18 (kernels 0.00, bootstrap 0.01, allgathers 0.00, topo 0.07, graphs 0.00, connections 0.10, rest 0.00)
mi325x-01:231:3454 [0] NCCL INFO Init timings: rank 0 nranks 2 total 0.62 (kernels 0.00, bootstrap 0.45, allgathers 0.00, topo 0.07, graphs 0.00, connections 0.10, rest 0.00)
mi325x-01:235:3480 [4] NCCL INFO Channel 20/0 : 0[f7000] -> 1[87000] via P2P/IPC comm 0x6e06b260 nRanks 02
mi325x-01:236:3481 [5] NCCL INFO Channel 20/0 : 1[87000] -> 0[f7000] via P2P/IPC comm 0x6e18f5c0 nRanks 02
mi325x-01:235:3480 [4] NCCL INFO Channel 21/0 : 0[f7000] -> 1[87000] via P2P/IPC comm 0x6e06b260 nRanks 02
mi325x-01:236:3481 [5] NCCL INFO Channel 21/0 : 1[87000] -> 0[f7000] via P2P/IPC comm 0x6e18f5c0 nRanks 02
mi325x-01:235:3480 [4] NCCL INFO Channel 22/0 : 0[f7000] -> 1[87000] via P2P/IPC comm 0x6e06b260 nRanks 02
mi325x-01:236:3481 [5] NCCL INFO Channel 22/0 : 1[87000] -> 0[f7000] via P2P/IPC comm 0x6e18f5c0 nRanks 02
mi325x-01:235:3480 [4] NCCL INFO Channel 23/0 : 0[f7000] -> 1[87000] via P2P/IPC comm 0x6e06b260 nRanks 02
mi325x-01:236:3481 [5] NCCL INFO Channel 23/0 : 1[87000] -> 0[f7000] via P2P/IPC comm 0x6e18f5c0 nRanks 02
mi325x-01:235:3480 [4] NCCL INFO Channel 24/0 : 0[f7000] -> 1[87000] via P2P/IPC comm 0x6e06b260 nRanks 02
mi325x-01:236:3481 [5] NCCL INFO Channel 24/0 : 1[87000] -> 0[f7000] via P2P/IPC comm 0x6e18f5c0 nRanks 02
mi325x-01:235:3480 [4] NCCL INFO Channel 25/0 : 0[f7000] -> 1[87000] via P2P/IPC comm 0x6e06b260 nRanks 02
mi325x-01:236:3481 [5] NCCL INFO Channel 25/0 : 1[87000] -> 0[f7000] via P2P/IPC comm 0x6e18f5c0 nRanks 02
mi325x-01:235:3480 [4] NCCL INFO Channel 26/0 : 0[f7000] -> 1[87000] via P2P/IPC comm 0x6e06b260 nRanks 02
mi325x-01:236:3481 [5] NCCL INFO Channel 26/0 : 1[87000] -> 0[f7000] via P2P/IPC comm 0x6e18f5c0 nRanks 02
mi325x-01:235:3480 [4] NCCL INFO Channel 27/0 : 0[f7000] -> 1[87000] via P2P/IPC comm 0x6e06b260 nRanks 02
mi325x-01:236:3481 [5] NCCL INFO Channel 27/0 : 1[87000] -> 0[f7000] via P2P/IPC comm 0x6e18f5c0 nRanks 02
mi325x-01:235:3480 [4] NCCL INFO Channel 28/0 : 0[f7000] -> 1[87000] via P2P/IPC comm 0x6e06b260 nRanks 02
mi325x-01:236:3481 [5] NCCL INFO Channel 28/0 : 1[87000] -> 0[f7000] via P2P/IPC comm 0x6e18f5c0 nRanks 02
mi325x-01:232:3558 [1] NCCL INFO Channel 08/1 : 1[7000] -> 0[77000] via P2P/IPC comm 0x6e085d30 nRanks 02
mi325x-01:235:3480 [4] NCCL INFO Channel 29/0 : 0[f7000] -> 1[87000] via P2P/IPC comm 0x6e06b260 nRanks 02
mi325x-01:231:3559 [0] NCCL INFO Channel 08/1 : 0[77000] -> 1[7000] via P2P/IPC comm 0x6e18c4a0 nRanks 02
mi325x-01:236:3481 [5] NCCL INFO Channel 29/0 : 1[87000] -> 0[f7000] via P2P/IPC comm 0x6e18f5c0 nRanks 02
mi325x-01:232:3558 [1] NCCL INFO Channel 09/1 : 1[7000] -> 0[77000] via P2P/IPC comm 0x6e085d30 nRanks 02
mi325x-01:235:3480 [4] NCCL INFO Channel 30/0 : 0[f7000] -> 1[87000] via P2P/IPC comm 0x6e06b260 nRanks 02
mi325x-01:231:3559 [0] NCCL INFO Channel 09/1 : 0[77000] -> 1[7000] via P2P/IPC comm 0x6e18c4a0 nRanks 02
mi325x-01:236:3481 [5] NCCL INFO Channel 30/0 : 1[87000] -> 0[f7000] via P2P/IPC comm 0x6e18f5c0 nRanks 02
mi325x-01:232:3558 [1] NCCL INFO Channel 10/1 : 1[7000] -> 0[77000] via P2P/IPC comm 0x6e085d30 nRanks 02
mi325x-01:235:3480 [4] NCCL INFO Channel 31/0 : 0[f7000] -> 1[87000] via P2P/IPC comm 0x6e06b260 nRanks 02
mi325x-01:231:3559 [0] NCCL INFO Channel 10/1 : 0[77000] -> 1[7000] via P2P/IPC comm 0x6e18c4a0 nRanks 02
mi325x-01:236:3481 [5] NCCL INFO Channel 31/0 : 1[87000] -> 0[f7000] via P2P/IPC comm 0x6e18f5c0 nRanks 02
mi325x-01:232:3558 [1] NCCL INFO Channel 11/1 : 1[7000] -> 0[77000] via P2P/IPC comm 0x6e085d30 nRanks 02
mi325x-01:231:3559 [0] NCCL INFO Channel 11/1 : 0[77000] -> 1[7000] via P2P/IPC comm 0x6e18c4a0 nRanks 02
mi325x-01:232:3558 [1] NCCL INFO Channel 12/1 : 1[7000] -> 0[77000] via P2P/IPC comm 0x6e085d30 nRanks 02
mi325x-01:231:3559 [0] NCCL INFO Channel 12/1 : 0[77000] -> 1[7000] via P2P/IPC comm 0x6e18c4a0 nRanks 02
mi325x-01:232:3558 [1] NCCL INFO Channel 13/1 : 1[7000] -> 0[77000] via P2P/IPC comm 0x6e085d30 nRanks 02
mi325x-01:235:3480 [4] NCCL INFO Connected all rings
mi325x-01:236:3481 [5] NCCL INFO Connected all rings
mi325x-01:235:3480 [4] NCCL INFO Connected all trees
mi325x-01:236:3481 [5] NCCL INFO Connected all trees
mi325x-01:231:3559 [0] NCCL INFO Channel 13/1 : 0[77000] -> 1[7000] via P2P/IPC comm 0x6e18c4a0 nRanks 02
mi325x-01:232:3558 [1] NCCL INFO Channel 14/1 : 1[7000] -> 0[77000] via P2P/IPC comm 0x6e085d30 nRanks 02
mi325x-01:231:3559 [0] NCCL INFO Channel 14/1 : 0[77000] -> 1[7000] via P2P/IPC comm 0x6e18c4a0 nRanks 02
mi325x-01:236:3481 [5] NCCL INFO threadThresholds 8/8/64 | 16/8/64 | 256 | 256
mi325x-01:236:3481 [5] NCCL INFO 32 coll channels, 32 collnet channels, 0 nvls channels, 32 p2p channels, 8 p2p channels per peer
mi325x-01:232:3558 [1] NCCL INFO Channel 15/1 : 1[7000] -> 0[77000] via P2P/IPC comm 0x6e085d30 nRanks 02
mi325x-01:235:3480 [4] NCCL INFO threadThresholds 8/8/64 | 16/8/64 | 256 | 256
mi325x-01:235:3480 [4] NCCL INFO 32 coll channels, 32 collnet channels, 0 nvls channels, 32 p2p channels, 8 p2p channels per peer
mi325x-01:235:3480 [4] NCCL INFO CC Off, Multi-GPU CC Off, workFifoBytes 1048576
mi325x-01:231:3559 [0] NCCL INFO Channel 15/1 : 0[77000] -> 1[7000] via P2P/IPC comm 0x6e18c4a0 nRanks 02

mi325x-01:236:3481 [5] /longer_pathname_so_that_rpms_can_support_packaging_the_debug_info_for_all_os_profiles/src/out/ubuntu-22.04/22.04/build/rccl/hipify/src/init.cc:1954 NCCL WARN MSCCL++: Cannot enable MSCCL++; environment is not MSCCL compatible
mi325x-01:236:3481 [5] NCCL INFO ncclCommInitRank comm 0x6e18f5c0 rank 1 nranks 2 cudaDev 5 nvmlDev 4 busId 87000 commId 0x9e39c6b2e17df987 localSize 384 used 2194572448 bytes on core 129 - Init COMPLETE

mi325x-01:235:3480 [4] /longer_pathname_so_that_rpms_can_support_packaging_the_debug_info_for_all_os_profiles/src/out/ubuntu-22.04/22.04/build/rccl/hipify/src/init.cc:1954 NCCL WARN MSCCL++: Cannot enable MSCCL++; environment is not MSCCL compatible
mi325x-01:235:3480 [4] NCCL INFO ncclCommInitRank comm 0x6e06b260 rank 0 nranks 2 cudaDev 4 nvmlDev 7 busId f7000 commId 0x9e39c6b2e17df987 localSize 384 used 2187429025 bytes on core 96 - Init COMPLETE
mi325x-01:236:3481 [5] NCCL INFO Init timings: rank 1 nranks 2 total 0.16 (kernels 0.00, bootstrap 0.01, allgathers 0.00, topo 0.05, graphs 0.00, connections 0.10, rest 0.00)
mi325x-01:235:3480 [4] NCCL INFO Init timings: rank 0 nranks 2 total 0.16 (kernels 0.00, bootstrap 0.01, allgathers 0.00, topo 0.05, graphs 0.00, connections 0.10, rest 0.00)
mi325x-01:235:3586 [4] NCCL INFO Channel 08/1 : 0[f7000] -> 1[87000] via P2P/IPC comm 0x6e06b260 nRanks 02
mi325x-01:236:3587 [5] NCCL INFO Channel 08/1 : 1[87000] -> 0[f7000] via P2P/IPC comm 0x6e18f5c0 nRanks 02
mi325x-01:235:3586 [4] NCCL INFO Channel 09/1 : 0[f7000] -> 1[87000] via P2P/IPC comm 0x6e06b260 nRanks 02
mi325x-01:236:3587 [5] NCCL INFO Channel 09/1 : 1[87000] -> 0[f7000] via P2P/IPC comm 0x6e18f5c0 nRanks 02
mi325x-01:235:3586 [4] NCCL INFO Channel 10/1 : 0[f7000] -> 1[87000] via P2P/IPC comm 0x6e06b260 nRanks 02
mi325x-01:236:3587 [5] NCCL INFO Channel 10/1 : 1[87000] -> 0[f7000] via P2P/IPC comm 0x6e18f5c0 nRanks 02
mi325x-01:235:3586 [4] NCCL INFO Channel 11/1 : 0[f7000] -> 1[87000] via P2P/IPC comm 0x6e06b260 nRanks 02
mi325x-01:236:3587 [5] NCCL INFO Channel 11/1 : 1[87000] -> 0[f7000] via P2P/IPC comm 0x6e18f5c0 nRanks 02
mi325x-01:235:3586 [4] NCCL INFO Channel 12/1 : 0[f7000] -> 1[87000] via P2P/IPC comm 0x6e06b260 nRanks 02
mi325x-01:236:3587 [5] NCCL INFO Channel 12/1 : 1[87000] -> 0[f7000] via P2P/IPC comm 0x6e18f5c0 nRanks 02
mi325x-01:235:3586 [4] NCCL INFO Channel 13/1 : 0[f7000] -> 1[87000] via P2P/IPC comm 0x6e06b260 nRanks 02
mi325x-01:236:3587 [5] NCCL INFO Channel 13/1 : 1[87000] -> 0[f7000] via P2P/IPC comm 0x6e18f5c0 nRanks 02
mi325x-01:235:3586 [4] NCCL INFO Channel 14/1 : 0[f7000] -> 1[87000] via P2P/IPC comm 0x6e06b260 nRanks 02
mi325x-01:236:3587 [5] NCCL INFO Channel 14/1 : 1[87000] -> 0[f7000] via P2P/IPC comm 0x6e18f5c0 nRanks 02
mi325x-01:235:3586 [4] NCCL INFO Channel 15/1 : 0[f7000] -> 1[87000] via P2P/IPC comm 0x6e06b260 nRanks 02
mi325x-01:236:3587 [5] NCCL INFO Channel 15/1 : 1[87000] -> 0[f7000] via P2P/IPC comm 0x6e18f5c0 nRanks 02
mi325x-01:231:231 [0] NCCL INFO Kernel version: 5.15.0-156-generic
mi325x-01:231:231 [0] NCCL INFO Kernel version: 5.15.0-156-generic
mi325x-01:231:231 [0] NCCL INFO Comm config Blocking set to 1
mi325x-01:237:237 [6] NCCL INFO Kernel version: 5.15.0-156-generic
mi325x-01:231:7151 [0] NCCL INFO Using network IB
mi325x-01:238:238 [7] NCCL INFO Kernel version: 5.15.0-156-generic
mi325x-01:231:7151 [0] NCCL INFO [node_id = 4; gpu_id = 11361; unique_id = 448672401060932618; location_id = 26368; bdf = 26368; domain = 0; partition = 0], 
mi325x-01:231:7151 [0] NCCL INFO [node_id = 5; gpu_id = 45771; unique_id = 872824741018515298; location_id = 5888; bdf = 5888; domain = 0; partition = 0], 
mi325x-01:231:7151 [0] NCCL INFO [node_id = 3; gpu_id = 55220; unique_id = 1461441251199714272; location_id = 1792; bdf = 1792; domain = 0; partition = 0], 
mi325x-01:231:7151 [0] NCCL INFO [node_id = 9; gpu_id = 54920; unique_id = 5296776579252993060; location_id = 38656; bdf = 38656; domain = 0; partition = 0], 
mi325x-01:231:7151 [0] NCCL INFO [node_id = 8; gpu_id = 16446; unique_id = 6688293190708379297; location_id = 59136; bdf = 59136; domain = 0; partition = 0], 
mi325x-01:231:7151 [0] NCCL INFO [node_id = 2; gpu_id = 4089; unique_id = 6710303323344658974; location_id = 30464; bdf = 30464; domain = 0; partition = 0], 
mi325x-01:231:7151 [0] NCCL INFO [node_id = 7; gpu_id = 60273; unique_id = 6813633161990451093; location_id = 34560; bdf = 34560; domain = 0; partition = 0], 
mi325x-01:231:7151 [0] NCCL INFO [node_id = 6; gpu_id = 9142; unique_id = 16942419349984955075; location_id = 63232; bdf = 63232; domain = 0; partition = 0], 
mi325x-01:238:238 [7] NCCL INFO Comm config Blocking set to 1
mi325x-01:237:237 [6] NCCL INFO Comm config Blocking set to 1
mi325x-01:237:7152 [6] NCCL INFO Using network IB
mi325x-01:238:7153 [7] NCCL INFO Using network IB
